2017-08-08 20:31:48Hibernate 3.3.2.GA
 org.hibernate.cfg.Environment.<clinit>(Environment.java:560)2017-08-08 20:31:48hibernate.properties not found
 org.hibernate.cfg.Environment.<clinit>(Environment.java:593)2017-08-08 20:31:48Bytecode provider name : javassist
 org.hibernate.cfg.Environment.buildBytecodeProvider(Environment.java:771)2017-08-08 20:31:48using JDK 1.4 java.sql.Timestamp handling
 org.hibernate.cfg.Environment.<clinit>(Environment.java:652)2017-08-08 20:31:48configuring from resource: /hibernate.cfg.xml
 org.hibernate.cfg.Configuration.configure(Configuration.java:1474)2017-08-08 20:31:48Configuration resource: /hibernate.cfg.xml
 org.hibernate.cfg.Configuration.getConfigurationInputStream(Configuration.java:1451)2017-08-08 20:31:48trying to resolve system-id [http://hibernate.sourceforge.NET/hibernate-configuration-3.0.dtd]
 org.hibernate.util.DTDEntityResolver.resolveEntity(DTDEntityResolver.java:64)2017-08-08 20:31:50hibernate.dialect=org.hibernate.dialect.SQLServerDialect
 org.hibernate.cfg.Configuration.addProperties(Configuration.java:1435)2017-08-08 20:31:50hibernate.connection.username=sa
 org.hibernate.cfg.Configuration.addProperties(Configuration.java:1435)2017-08-08 20:31:50hibernate.connection.password=caijie
 org.hibernate.cfg.Configuration.addProperties(Configuration.java:1435)2017-08-08 20:31:50hibernate.connection.driver_class=com.microsoft.sqlserver.jdbc.SQLServerDriver
 org.hibernate.cfg.Configuration.addProperties(Configuration.java:1435)2017-08-08 20:31:50hibernate.connection.url=jdbc:sqlserver://localhost:1433;databaseName=account?characterEncoding=UTF-8
 org.hibernate.cfg.Configuration.addProperties(Configuration.java:1435)2017-08-08 20:31:50hibernate.show_sql=true
 org.hibernate.cfg.Configuration.addProperties(Configuration.java:1435)2017-08-08 20:31:50hibernate.hbm2ddl.auto=update
 org.hibernate.cfg.Configuration.addProperties(Configuration.java:1435)2017-08-08 20:31:50null<-org.dom4j.tree.DefaultAttribute@426295eb [Attribute: name resource value "com/xtkj/pojo/User.hbm.xml"]
 org.hibernate.cfg.Configuration.parseMappingElement(Configuration.java:1634)2017-08-08 20:31:50Reading mappings from resource : com/xtkj/pojo/User.hbm.xml
 org.hibernate.cfg.Configuration.addResource(Configuration.java:600)2017-08-08 20:31:50trying to resolve system-id [http://hibernate.sourceforge.net/hibernate-mapping-3.0.dtd]
 org.hibernate.util.DTDEntityResolver.resolveEntity(DTDEntityResolver.java:64)2017-08-08 20:31:50recognized hibernate namespace; attempting to resolve on classpath under org/hibernate/
 org.hibernate.util.DTDEntityResolver.resolveEntity(DTDEntityResolver.java:66)2017-08-08 20:31:50located [http://hibernate.sourceforge.net/hibernate-mapping-3.0.dtd] in classpath
 org.hibernate.util.DTDEntityResolver.resolveEntity(DTDEntityResolver.java:76)2017-08-08 20:31:50Mapping class: com.xtkj.pojo.User -> user
 org.hibernate.cfg.HbmBinder.bindRootPersistentClassCommonValues(HbmBinder.java:322)2017-08-08 20:31:50Mapped property: TId -> TId
 org.hibernate.cfg.HbmBinder.bindProperty(HbmBinder.java:1289)2017-08-08 20:31:50Mapped property: account -> account
 org.hibernate.cfg.HbmBinder.bindProperty(HbmBinder.java:1289)2017-08-08 20:31:50Mapped property: pwd -> pwd
 org.hibernate.cfg.HbmBinder.bindProperty(HbmBinder.java:1289)2017-08-08 20:31:50Configured SessionFactory: null
 org.hibernate.cfg.Configuration.doConfigure(Configuration.java:1589)2017-08-08 20:31:50properties: {hibernate.connection.password=caijie, java.runtime.name=Java(TM) SE Runtime Environment, sun.boot.library.path=D:\myeclipse\Common\binary\com.sun.java.jdk.win32.x86_64_1.6.0.013\jre\bin, java.vm.version=11.3-b02, hibernate.connection.username=sa, java.vm.vendor=Sun Microsystems Inc., java.vendor.url=http://java.sun.com/, path.separator=;, java.vm.name=Java HotSpot(TM) 64-Bit Server VM, file.encoding.pkg=sun.io, user.country=CN, sun.java.launcher=SUN_STANDARD, sun.os.patch.level=Service Pack 1, java.vm.specification.name=Java Virtual Machine Specification, user.dir=F:\myeclipse10.7.1workspace\hibernate, java.runtime.version=1.6.0_13-b03, java.awt.graphicsenv=sun.awt.Win32GraphicsEnvironment, java.endorsed.dirs=D:\myeclipse\Common\binary\com.sun.java.jdk.win32.x86_64_1.6.0.013\jre\lib\endorsed, os.arch=amd64, java.io.tmpdir=C:\Windows\TEMP\, line.separator=
, java.vm.specification.vendor=Sun Microsystems Inc., user.variant=, os.name=Windows Vista, sun.jnu.encoding=GBK, java.library.path=D:\myeclipse\Common\binary\com.sun.java.jdk.win32.x86_64_1.6.0.013\bin;.;C:\Windows\Sun\Java\bin;C:\Windows\system32;C:\Windows;C:\ProgramData\Oracle\Java\javapath;C:\Windows\system32;C:\Windows;C:\Windows\System32\Wbem;C:\Windows\System32\WindowsPowerShell\v1.0\;F:\JDK\bin;F:\SQL2008\100\Tools\Binn\;F:\SQLservice\100\Tools\Binn\;F:\SQLservice\100\DTS\Binn\;F:\SQL2008\100\Tools\Binn\VSShell\Common7\IDE\;F:\SQL2008\100\DTS\Binn\;F:\mysql\mysql5.6.31\bin, java.specification.name=Java Platform API Specification, java.class.version=50.0, sun.management.compiler=HotSpot 64-Bit Server Compiler, os.version=6.1, user.home=C:\Users\Administrator, user.timezone=Asia/Shanghai, java.awt.printerjob=sun.awt.windows.WPrinterJob, file.encoding=UTF-8, java.specification.version=1.6, hibernate.connection.driver_class=com.microsoft.sqlserver.jdbc.SQLServerDriver, user.name=Administrator, java.class.path=F:\myeclipse10.7.1workspace\hibernate\WebRoot\WEB-INF\classes;F:\myeclipse10.7.1workspace\hibernate\WebRoot\WEB-INF\lib\antlr-2.7.6.jar;F:\myeclipse10.7.1workspace\hibernate\WebRoot\WEB-INF\lib\cglib-2.2.jar;F:\myeclipse10.7.1workspace\hibernate\WebRoot\WEB-INF\lib\commons-collections-3.1.jar;F:\myeclipse10.7.1workspace\hibernate\WebRoot\WEB-INF\lib\dom4j-1.6.1.jar;F:\myeclipse10.7.1workspace\hibernate\WebRoot\WEB-INF\lib\ehcache-1.2.3.jar;F:\myeclipse10.7.1workspace\hibernate\WebRoot\WEB-INF\lib\ejb3-persistence.jar;F:\myeclipse10.7.1workspace\hibernate\WebRoot\WEB-INF\lib\hibernate-annotations.jar;F:\myeclipse10.7.1workspace\hibernate\WebRoot\WEB-INF\lib\hibernate-commons-annotations.jar;F:\myeclipse10.7.1workspace\hibernate\WebRoot\WEB-INF\lib\hibernate-entitymanager.jar;F:\myeclipse10.7.1workspace\hibernate\WebRoot\WEB-INF\lib\hibernate-validator.jar;F:\myeclipse10.7.1workspace\hibernate\WebRoot\WEB-INF\lib\hibernate3.jar;F:\myeclipse10.7.1workspace\hibernate\WebRoot\WEB-INF\lib\javassist-3.9.0.GA.jar;F:\myeclipse10.7.1workspace\hibernate\WebRoot\WEB-INF\lib\jta-1.1.jar;F:\myeclipse10.7.1workspace\hibernate\WebRoot\WEB-INF\lib\log4j-1.2.14.jar;F:\myeclipse10.7.1workspace\hibernate\WebRoot\WEB-INF\lib\slf4j-api-1.5.8.jar;F:\myeclipse10.7.1workspace\hibernate\WebRoot\WEB-INF\lib\slf4j-log4j12-1.5.8.jar;F:\myeclipse10.7.1workspace\hibernate\WebRoot\WEB-INF\lib\sqljdbc4.jar;D:\myeclipse\Common\plugins\com.genuitec.eclipse.lib.hibernate41_10.5.0.me201207241813\data\4.1\lib\optional\ehcache\slf4j-api-1.6.1.jar;D:\myeclipse\Common\plugins\com.genuitec.eclipse.lib.hibernate41_10.5.0.me201207241813\data\4.1\lib\required\antlr-2.7.7.jar;D:\myeclipse\Common\plugins\com.genuitec.eclipse.lib.hibernate41_10.5.0.me201207241813\data\4.1\lib\required\dom4j-1.6.1.jar;D:\myeclipse\Common\plugins\com.genuitec.eclipse.lib.hibernate41_10.5.0.me201207241813\data\4.1\lib\required\hibernate-commons-annotations-4.0.1.Final.jar;D:\myeclipse\Common\plugins\com.genuitec.eclipse.lib.hibernate41_10.5.0.me201207241813\data\4.1\lib\required\hibernate-core-4.1.4.Final.jar;D:\myeclipse\Common\plugins\com.genuitec.eclipse.lib.hibernate41_10.5.0.me201207241813\data\4.1\lib\required\hibernate-jpa-2.0-api-1.0.1.Final.jar;D:\myeclipse\Common\plugins\com.genuitec.eclipse.lib.hibernate41_10.5.0.me201207241813\data\4.1\lib\required\javassist-3.15.0-GA.jar;D:\myeclipse\Common\plugins\com.genuitec.eclipse.lib.hibernate41_10.5.0.me201207241813\data\4.1\lib\required\jboss-logging-3.1.0.GA.jar;D:\myeclipse\Common\plugins\com.genuitec.eclipse.lib.hibernate41_10.5.0.me201207241813\data\4.1\lib\required\jboss-transaction-api_1.1_spec-1.0.0.Final.jar;D:\myeclipse\Common\plugins\com.genuitec.eclipse.lib.hibernate41_10.5.0.me201207241813\data\4.1\lib\jpa\hibernate-entitymanager-4.1.4.Final.jar;D:\myeclipse\Common\plugins\org.junit_4.8.2.v4_8_2_v20110321-1705\junit.jar;D:\myeclipse\Common\plugins\org.hamcrest.core_1.1.0.v20090501071000.jar;/D:/myeclipse/MyEclipse 10/configuration/org.eclipse.osgi/bundles/704/1/.cp/;/D:/myeclipse/MyEclipse 10/configuration/org.eclipse.osgi/bundles/702/1/.cp/;/D:/myeclipse/MyEclipse 10/configuration/org.eclipse.osgi/bundles/703/1/.cp/, hibernate.bytecode.use_reflection_optimizer=false, hibernate.show_sql=true, java.vm.specification.version=1.0, java.home=D:\myeclipse\Common\binary\com.sun.java.jdk.win32.x86_64_1.6.0.013\jre, sun.arch.data.model=64, hibernate.connection.url=jdbc:sqlserver://localhost:1433;databaseName=account?characterEncoding=UTF-8, hibernate.dialect=org.hibernate.dialect.SQLServerDialect, user.language=zh, java.specification.vendor=Sun Microsystems Inc., awt.toolkit=sun.awt.windows.WToolkit, java.vm.info=mixed mode, java.version=1.6.0_13, java.ext.dirs=D:\myeclipse\Common\binary\com.sun.java.jdk.win32.x86_64_1.6.0.013\jre\lib\ext;C:\Windows\Sun\Java\lib\ext, sun.boot.class.path=D:\myeclipse\Common\binary\com.sun.java.jdk.win32.x86_64_1.6.0.013\jre\lib\resources.jar;D:\myeclipse\Common\binary\com.sun.java.jdk.win32.x86_64_1.6.0.013\jre\lib\rt.jar;D:\myeclipse\Common\binary\com.sun.java.jdk.win32.x86_64_1.6.0.013\jre\lib\sunrsasign.jar;D:\myeclipse\Common\binary\com.sun.java.jdk.win32.x86_64_1.6.0.013\jre\lib\jsse.jar;D:\myeclipse\Common\binary\com.sun.java.jdk.win32.x86_64_1.6.0.013\jre\lib\jce.jar;D:\myeclipse\Common\binary\com.sun.java.jdk.win32.x86_64_1.6.0.013\jre\lib\charsets.jar;D:\myeclipse\Common\binary\com.sun.java.jdk.win32.x86_64_1.6.0.013\jre\classes;D:\myeclipse\Common\plugins\com.genuitec.eclipse.j2eedt.core_10.5.0.me201207171805\data\libraryset\EE_5\javaee.jar;D:\myeclipse\Common\plugins\com.genuitec.eclipse.j2eedt.core_10.5.0.me201207171805\data\libraryset\EE_5\jsf-impl.jar;D:\myeclipse\Common\plugins\com.genuitec.eclipse.j2eedt.core_10.5.0.me201207171805\data\libraryset\EE_5\jsf-api.jar;D:\myeclipse\Common\plugins\com.genuitec.eclipse.j2eedt.core_10.5.0.me201207171805\data\libraryset\EE_5\jstl-1.2.jar, java.vendor=Sun Microsystems Inc., file.separator=\, hibernate.hbm2ddl.auto=update, java.vendor.url.bug=http://java.sun.com/cgi-bin/bugreport.cgi, sun.io.unicode.encoding=UnicodeLittle, sun.cpu.endian=little, sun.desktop=windows, sun.cpu.isalist=amd64}
 org.hibernate.cfg.Configuration.doConfigure(Configuration.java:1590)2017-08-08 20:31:50Preparing to build session factory with filters : {}
 org.hibernate.cfg.Configuration.buildSessionFactory(Configuration.java:1332)2017-08-08 20:31:50processing extends queue
 org.hibernate.cfg.Configuration.secondPassCompile(Configuration.java:1167)2017-08-08 20:31:50processing collection mappings
 org.hibernate.cfg.Configuration.secondPassCompile(Configuration.java:1171)2017-08-08 20:31:50processing native query and ResultSetMapping mappings
 org.hibernate.cfg.Configuration.secondPassCompile(Configuration.java:1182)2017-08-08 20:31:50processing association property references
 org.hibernate.cfg.Configuration.secondPassCompile(Configuration.java:1190)2017-08-08 20:31:50processing foreign key constraints
 org.hibernate.cfg.Configuration.secondPassCompile(Configuration.java:1212)2017-08-08 20:31:50Using Hibernate built-in connection pool (not for production use!)
 org.hibernate.connection.DriverManagerConnectionProvider.configure(DriverManagerConnectionProvider.java:64)2017-08-08 20:31:50Hibernate connection pool size: 20
 org.hibernate.connection.DriverManagerConnectionProvider.configure(DriverManagerConnectionProvider.java:65)2017-08-08 20:31:50autocommit mode: false
 org.hibernate.connection.DriverManagerConnectionProvider.configure(DriverManagerConnectionProvider.java:68)2017-08-08 20:31:50using driver: com.microsoft.sqlserver.jdbc.SQLServerDriver at URL: jdbc:sqlserver://localhost:1433;databaseName=account?characterEncoding=UTF-8
 org.hibernate.connection.DriverManagerConnectionProvider.configure(DriverManagerConnectionProvider.java:103)2017-08-08 20:31:50connection properties: {user=sa, password=caijie}
 org.hibernate.connection.DriverManagerConnectionProvider.configure(DriverManagerConnectionProvider.java:106)2017-08-08 20:31:50opening new JDBC connection
 org.hibernate.connection.DriverManagerConnectionProvider.getConnection(DriverManagerConnectionProvider.java:132)2017-08-08 20:31:50Could not obtain connection to query metadata
 org.hibernate.cfg.SettingsFactory.buildSettings(SettingsFactory.java:133)com.microsoft.sqlserver.jdbc.SQLServerException: 无法打开登录所请求的数据库 "account?characterEncoding=UTF-8"。登录失败。 ClientConnectionId:0b6c12f2-6fb1-49f0-9d81-66eb87459e28
	at com.microsoft.sqlserver.jdbc.SQLServerException.makeFromDatabaseError(SQLServerException.java:216)
	at com.microsoft.sqlserver.jdbc.TDSTokenHandler.onEOF(tdsparser.java:254)
	at com.microsoft.sqlserver.jdbc.TDSParser.parse(tdsparser.java:84)
	at com.microsoft.sqlserver.jdbc.SQLServerConnection.sendLogon(SQLServerConnection.java:2908)
	at com.microsoft.sqlserver.jdbc.SQLServerConnection.logon(SQLServerConnection.java:2234)
	at com.microsoft.sqlserver.jdbc.SQLServerConnection.access$000(SQLServerConnection.java:41)
	at com.microsoft.sqlserver.jdbc.SQLServerConnection$LogonCommand.doExecute(SQLServerConnection.java:2220)
	at com.microsoft.sqlserver.jdbc.TDSCommand.execute(IOBuffer.java:5696)
	at com.microsoft.sqlserver.jdbc.SQLServerConnection.executeCommand(SQLServerConnection.java:1715)
	at com.microsoft.sqlserver.jdbc.SQLServerConnection.connectHelper(SQLServerConnection.java:1326)
	at com.microsoft.sqlserver.jdbc.SQLServerConnection.login(SQLServerConnection.java:991)
	at com.microsoft.sqlserver.jdbc.SQLServerConnection.connect(SQLServerConnection.java:827)
	at com.microsoft.sqlserver.jdbc.SQLServerDriver.connect(SQLServerDriver.java:1012)
	at java.sql.DriverManager.getConnection(DriverManager.java:582)
	at java.sql.DriverManager.getConnection(DriverManager.java:154)
	at org.hibernate.connection.DriverManagerConnectionProvider.getConnection(DriverManagerConnectionProvider.java:133)
	at org.hibernate.cfg.SettingsFactory.buildSettings(SettingsFactory.java:111)
	at org.hibernate.cfg.Configuration.buildSettingsInternal(Configuration.java:2119)
	at org.hibernate.cfg.Configuration.buildSettings(Configuration.java:2115)
	at org.hibernate.cfg.Configuration.buildSessionFactory(Configuration.java:1339)
	at com.xtkj.test.HibernateTest.addT(HibernateTest.java:18)
	at sun.reflect.NativeMethodAccessorImpl.invoke0(Native Method)
	at sun.reflect.NativeMethodAccessorImpl.invoke(NativeMethodAccessorImpl.java:39)
	at sun.reflect.DelegatingMethodAccessorImpl.invoke(DelegatingMethodAccessorImpl.java:25)
	at java.lang.reflect.Method.invoke(Method.java:597)
	at org.junit.runners.model.FrameworkMethod$1.runReflectiveCall(FrameworkMethod.java:44)
	at org.junit.internal.runners.model.ReflectiveCallable.run(ReflectiveCallable.java:15)
	at org.junit.runners.model.FrameworkMethod.invokeExplosively(FrameworkMethod.java:41)
	at org.junit.internal.runners.statements.InvokeMethod.evaluate(InvokeMethod.java:20)
	at org.junit.runners.BlockJUnit4ClassRunner.runNotIgnored(BlockJUnit4ClassRunner.java:79)
	at org.junit.runners.BlockJUnit4ClassRunner.runChild(BlockJUnit4ClassRunner.java:71)
	at org.junit.runners.BlockJUnit4ClassRunner.runChild(BlockJUnit4ClassRunner.java:49)
	at org.junit.runners.ParentRunner$3.run(ParentRunner.java:193)
	at org.junit.runners.ParentRunner$1.schedule(ParentRunner.java:52)
	at org.junit.runners.ParentRunner.runChildren(ParentRunner.java:191)
	at org.junit.runners.ParentRunner.access$000(ParentRunner.java:42)
	at org.junit.runners.ParentRunner$2.evaluate(ParentRunner.java:184)
	at org.junit.runners.ParentRunner.run(ParentRunner.java:236)
	at org.eclipse.jdt.internal.junit4.runner.JUnit4TestReference.run(JUnit4TestReference.java:50)
	at org.eclipse.jdt.internal.junit.runner.TestExecution.run(TestExecution.java:38)
	at org.eclipse.jdt.internal.junit.runner.RemoteTestRunner.runTests(RemoteTestRunner.java:467)
	at org.eclipse.jdt.internal.junit.runner.RemoteTestRunner.runTests(RemoteTestRunner.java:683)
	at org.eclipse.jdt.internal.junit.runner.RemoteTestRunner.run(RemoteTestRunner.java:390)
	at org.eclipse.jdt.internal.junit.runner.RemoteTestRunner.main(RemoteTestRunner.java:197)
2017-08-08 20:31:50Using dialect: org.hibernate.dialect.SQLServerDialect
 org.hibernate.dialect.Dialect.<init>(Dialect.java:175)2017-08-08 20:31:50Using default transaction strategy (direct JDBC transactions)
 org.hibernate.transaction.TransactionFactoryFactory.buildTransactionFactory(TransactionFactoryFactory.java:59)2017-08-08 20:31:50No TransactionManagerLookup configured (in JTA environment, use of read-write or transactional second-level cache is not recommended)
 org.hibernate.transaction.TransactionManagerLookupFactory.getTransactionManagerLookup(TransactionManagerLookupFactory.java:80)2017-08-08 20:31:50Automatic flush during beforeCompletion(): disabled
 org.hibernate.cfg.SettingsFactory.buildSettings(SettingsFactory.java:161)2017-08-08 20:31:50Automatic session close at end of transaction: disabled
 org.hibernate.cfg.SettingsFactory.buildSettings(SettingsFactory.java:165)2017-08-08 20:31:50Scrollable result sets: disabled
 org.hibernate.cfg.SettingsFactory.buildSettings(SettingsFactory.java:180)2017-08-08 20:31:50Wrap result sets: disabled
 org.hibernate.cfg.SettingsFactory.buildSettings(SettingsFactory.java:184)2017-08-08 20:31:50JDBC3 getGeneratedKeys(): disabled
 org.hibernate.cfg.SettingsFactory.buildSettings(SettingsFactory.java:188)2017-08-08 20:31:50Connection release mode: auto
 org.hibernate.cfg.SettingsFactory.buildSettings(SettingsFactory.java:196)2017-08-08 20:31:50Default batch fetch size: 1
 org.hibernate.cfg.SettingsFactory.buildSettings(SettingsFactory.java:223)2017-08-08 20:31:50Generate SQL with comments: disabled
 org.hibernate.cfg.SettingsFactory.buildSettings(SettingsFactory.java:227)2017-08-08 20:31:50Order SQL updates by primary key: disabled
 org.hibernate.cfg.SettingsFactory.buildSettings(SettingsFactory.java:231)2017-08-08 20:31:50Order SQL inserts for batching: disabled
 org.hibernate.cfg.SettingsFactory.buildSettings(SettingsFactory.java:235)2017-08-08 20:31:50Query translator: org.hibernate.hql.ast.ASTQueryTranslatorFactory
 org.hibernate.cfg.SettingsFactory.createQueryTranslatorFactory(SettingsFactory.java:397)2017-08-08 20:31:50Using ASTQueryTranslatorFactory
 org.hibernate.hql.ast.ASTQueryTranslatorFactory.<init>(ASTQueryTranslatorFactory.java:47)2017-08-08 20:31:50Query language substitutions: {}
 org.hibernate.cfg.SettingsFactory.buildSettings(SettingsFactory.java:243)2017-08-08 20:31:50JPA-QL strict compliance: disabled
 org.hibernate.cfg.SettingsFactory.buildSettings(SettingsFactory.java:248)2017-08-08 20:31:50Second-level cache: enabled
 org.hibernate.cfg.SettingsFactory.buildSettings(SettingsFactory.java:253)2017-08-08 20:31:50Query cache: disabled
 org.hibernate.cfg.SettingsFactory.buildSettings(SettingsFactory.java:257)2017-08-08 20:31:50Cache region factory : org.hibernate.cache.impl.NoCachingRegionFactory
 org.hibernate.cfg.SettingsFactory.createRegionFactory(SettingsFactory.java:382)2017-08-08 20:31:50Optimize cache for minimal puts: disabled
 org.hibernate.cfg.SettingsFactory.buildSettings(SettingsFactory.java:267)2017-08-08 20:31:50Structured second-level cache entries: disabled
 org.hibernate.cfg.SettingsFactory.buildSettings(SettingsFactory.java:276)2017-08-08 20:31:50Echoing all SQL to stdout
 org.hibernate.cfg.SettingsFactory.buildSettings(SettingsFactory.java:296)2017-08-08 20:31:50Statistics: disabled
 org.hibernate.cfg.SettingsFactory.buildSettings(SettingsFactory.java:305)2017-08-08 20:31:50Deleted entity synthetic identifier rollback: disabled
 org.hibernate.cfg.SettingsFactory.buildSettings(SettingsFactory.java:309)2017-08-08 20:31:50Default entity-mode: pojo
 org.hibernate.cfg.SettingsFactory.buildSettings(SettingsFactory.java:324)2017-08-08 20:31:50Named query checking : enabled
 org.hibernate.cfg.SettingsFactory.buildSettings(SettingsFactory.java:328)2017-08-08 20:31:50building session factory
 org.hibernate.impl.SessionFactoryImpl.<init>(SessionFactoryImpl.java:193)2017-08-08 20:31:50Session factory constructed with filter configurations : {}
 org.hibernate.impl.SessionFactoryImpl.<init>(SessionFactoryImpl.java:211)2017-08-08 20:31:50instantiating session factory with properties: {java.runtime.name=Java(TM) SE Runtime Environment, hibernate.connection.password=caijie, sun.boot.library.path=D:\myeclipse\Common\binary\com.sun.java.jdk.win32.x86_64_1.6.0.013\jre\bin, java.vm.version=11.3-b02, hibernate.connection.username=sa, java.vm.vendor=Sun Microsystems Inc., java.vendor.url=http://java.sun.com/, path.separator=;, java.vm.name=Java HotSpot(TM) 64-Bit Server VM, file.encoding.pkg=sun.io, user.country=CN, sun.java.launcher=SUN_STANDARD, sun.os.patch.level=Service Pack 1, java.vm.specification.name=Java Virtual Machine Specification, user.dir=F:\myeclipse10.7.1workspace\hibernate, java.runtime.version=1.6.0_13-b03, java.awt.graphicsenv=sun.awt.Win32GraphicsEnvironment, java.endorsed.dirs=D:\myeclipse\Common\binary\com.sun.java.jdk.win32.x86_64_1.6.0.013\jre\lib\endorsed, os.arch=amd64, java.io.tmpdir=C:\Windows\TEMP\, line.separator=
, java.vm.specification.vendor=Sun Microsystems Inc., user.variant=, os.name=Windows Vista, sun.jnu.encoding=GBK, java.library.path=D:\myeclipse\Common\binary\com.sun.java.jdk.win32.x86_64_1.6.0.013\bin;.;C:\Windows\Sun\Java\bin;C:\Windows\system32;C:\Windows;C:\ProgramData\Oracle\Java\javapath;C:\Windows\system32;C:\Windows;C:\Windows\System32\Wbem;C:\Windows\System32\WindowsPowerShell\v1.0\;F:\JDK\bin;F:\SQL2008\100\Tools\Binn\;F:\SQLservice\100\Tools\Binn\;F:\SQLservice\100\DTS\Binn\;F:\SQL2008\100\Tools\Binn\VSShell\Common7\IDE\;F:\SQL2008\100\DTS\Binn\;F:\mysql\mysql5.6.31\bin, java.specification.name=Java Platform API Specification, java.class.version=50.0, sun.management.compiler=HotSpot 64-Bit Server Compiler, os.version=6.1, user.home=C:\Users\Administrator, user.timezone=Asia/Shanghai, java.awt.printerjob=sun.awt.windows.WPrinterJob, file.encoding=UTF-8, java.specification.version=1.6, hibernate.connection.driver_class=com.microsoft.sqlserver.jdbc.SQLServerDriver, java.class.path=F:\myeclipse10.7.1workspace\hibernate\WebRoot\WEB-INF\classes;F:\myeclipse10.7.1workspace\hibernate\WebRoot\WEB-INF\lib\antlr-2.7.6.jar;F:\myeclipse10.7.1workspace\hibernate\WebRoot\WEB-INF\lib\cglib-2.2.jar;F:\myeclipse10.7.1workspace\hibernate\WebRoot\WEB-INF\lib\commons-collections-3.1.jar;F:\myeclipse10.7.1workspace\hibernate\WebRoot\WEB-INF\lib\dom4j-1.6.1.jar;F:\myeclipse10.7.1workspace\hibernate\WebRoot\WEB-INF\lib\ehcache-1.2.3.jar;F:\myeclipse10.7.1workspace\hibernate\WebRoot\WEB-INF\lib\ejb3-persistence.jar;F:\myeclipse10.7.1workspace\hibernate\WebRoot\WEB-INF\lib\hibernate-annotations.jar;F:\myeclipse10.7.1workspace\hibernate\WebRoot\WEB-INF\lib\hibernate-commons-annotations.jar;F:\myeclipse10.7.1workspace\hibernate\WebRoot\WEB-INF\lib\hibernate-entitymanager.jar;F:\myeclipse10.7.1workspace\hibernate\WebRoot\WEB-INF\lib\hibernate-validator.jar;F:\myeclipse10.7.1workspace\hibernate\WebRoot\WEB-INF\lib\hibernate3.jar;F:\myeclipse10.7.1workspace\hibernate\WebRoot\WEB-INF\lib\javassist-3.9.0.GA.jar;F:\myeclipse10.7.1workspace\hibernate\WebRoot\WEB-INF\lib\jta-1.1.jar;F:\myeclipse10.7.1workspace\hibernate\WebRoot\WEB-INF\lib\log4j-1.2.14.jar;F:\myeclipse10.7.1workspace\hibernate\WebRoot\WEB-INF\lib\slf4j-api-1.5.8.jar;F:\myeclipse10.7.1workspace\hibernate\WebRoot\WEB-INF\lib\slf4j-log4j12-1.5.8.jar;F:\myeclipse10.7.1workspace\hibernate\WebRoot\WEB-INF\lib\sqljdbc4.jar;D:\myeclipse\Common\plugins\com.genuitec.eclipse.lib.hibernate41_10.5.0.me201207241813\data\4.1\lib\optional\ehcache\slf4j-api-1.6.1.jar;D:\myeclipse\Common\plugins\com.genuitec.eclipse.lib.hibernate41_10.5.0.me201207241813\data\4.1\lib\required\antlr-2.7.7.jar;D:\myeclipse\Common\plugins\com.genuitec.eclipse.lib.hibernate41_10.5.0.me201207241813\data\4.1\lib\required\dom4j-1.6.1.jar;D:\myeclipse\Common\plugins\com.genuitec.eclipse.lib.hibernate41_10.5.0.me201207241813\data\4.1\lib\required\hibernate-commons-annotations-4.0.1.Final.jar;D:\myeclipse\Common\plugins\com.genuitec.eclipse.lib.hibernate41_10.5.0.me201207241813\data\4.1\lib\required\hibernate-core-4.1.4.Final.jar;D:\myeclipse\Common\plugins\com.genuitec.eclipse.lib.hibernate41_10.5.0.me201207241813\data\4.1\lib\required\hibernate-jpa-2.0-api-1.0.1.Final.jar;D:\myeclipse\Common\plugins\com.genuitec.eclipse.lib.hibernate41_10.5.0.me201207241813\data\4.1\lib\required\javassist-3.15.0-GA.jar;D:\myeclipse\Common\plugins\com.genuitec.eclipse.lib.hibernate41_10.5.0.me201207241813\data\4.1\lib\required\jboss-logging-3.1.0.GA.jar;D:\myeclipse\Common\plugins\com.genuitec.eclipse.lib.hibernate41_10.5.0.me201207241813\data\4.1\lib\required\jboss-transaction-api_1.1_spec-1.0.0.Final.jar;D:\myeclipse\Common\plugins\com.genuitec.eclipse.lib.hibernate41_10.5.0.me201207241813\data\4.1\lib\jpa\hibernate-entitymanager-4.1.4.Final.jar;D:\myeclipse\Common\plugins\org.junit_4.8.2.v4_8_2_v20110321-1705\junit.jar;D:\myeclipse\Common\plugins\org.hamcrest.core_1.1.0.v20090501071000.jar;/D:/myeclipse/MyEclipse 10/configuration/org.eclipse.osgi/bundles/704/1/.cp/;/D:/myeclipse/MyEclipse 10/configuration/org.eclipse.osgi/bundles/702/1/.cp/;/D:/myeclipse/MyEclipse 10/configuration/org.eclipse.osgi/bundles/703/1/.cp/, user.name=Administrator, hibernate.bytecode.use_reflection_optimizer=false, hibernate.show_sql=true, java.vm.specification.version=1.0, sun.arch.data.model=64, java.home=D:\myeclipse\Common\binary\com.sun.java.jdk.win32.x86_64_1.6.0.013\jre, hibernate.dialect=org.hibernate.dialect.SQLServerDialect, hibernate.connection.url=jdbc:sqlserver://localhost:1433;databaseName=account?characterEncoding=UTF-8, java.specification.vendor=Sun Microsystems Inc., user.language=zh, awt.toolkit=sun.awt.windows.WToolkit, java.vm.info=mixed mode, java.version=1.6.0_13, java.ext.dirs=D:\myeclipse\Common\binary\com.sun.java.jdk.win32.x86_64_1.6.0.013\jre\lib\ext;C:\Windows\Sun\Java\lib\ext, sun.boot.class.path=D:\myeclipse\Common\binary\com.sun.java.jdk.win32.x86_64_1.6.0.013\jre\lib\resources.jar;D:\myeclipse\Common\binary\com.sun.java.jdk.win32.x86_64_1.6.0.013\jre\lib\rt.jar;D:\myeclipse\Common\binary\com.sun.java.jdk.win32.x86_64_1.6.0.013\jre\lib\sunrsasign.jar;D:\myeclipse\Common\binary\com.sun.java.jdk.win32.x86_64_1.6.0.013\jre\lib\jsse.jar;D:\myeclipse\Common\binary\com.sun.java.jdk.win32.x86_64_1.6.0.013\jre\lib\jce.jar;D:\myeclipse\Common\binary\com.sun.java.jdk.win32.x86_64_1.6.0.013\jre\lib\charsets.jar;D:\myeclipse\Common\binary\com.sun.java.jdk.win32.x86_64_1.6.0.013\jre\classes;D:\myeclipse\Common\plugins\com.genuitec.eclipse.j2eedt.core_10.5.0.me201207171805\data\libraryset\EE_5\javaee.jar;D:\myeclipse\Common\plugins\com.genuitec.eclipse.j2eedt.core_10.5.0.me201207171805\data\libraryset\EE_5\jsf-impl.jar;D:\myeclipse\Common\plugins\com.genuitec.eclipse.j2eedt.core_10.5.0.me201207171805\data\libraryset\EE_5\jsf-api.jar;D:\myeclipse\Common\plugins\com.genuitec.eclipse.j2eedt.core_10.5.0.me201207171805\data\libraryset\EE_5\jstl-1.2.jar, java.vendor=Sun Microsystems Inc., file.separator=\, java.vendor.url.bug=http://java.sun.com/cgi-bin/bugreport.cgi, hibernate.hbm2ddl.auto=update, sun.cpu.endian=little, sun.io.unicode.encoding=UnicodeLittle, sun.desktop=windows, sun.cpu.isalist=amd64}
 org.hibernate.impl.SessionFactoryImpl.<init>(SessionFactoryImpl.java:215)2017-08-08 20:31:50Static SQL for entity: com.xtkj.pojo.User
 org.hibernate.persister.entity.AbstractEntityPersister.logStaticSQL(AbstractEntityPersister.java:2756)2017-08-08 20:31:50 Version select: select TId from user where TId =?
 org.hibernate.persister.entity.AbstractEntityPersister.logStaticSQL(AbstractEntityPersister.java:2761)2017-08-08 20:31:50 Snapshot select: select user_.TId, user_.account as account0_, user_.pwd as pwd0_ from user user_ where user_.TId=?
 org.hibernate.persister.entity.AbstractEntityPersister.logStaticSQL(AbstractEntityPersister.java:2764)2017-08-08 20:31:50 Insert 0: insert into user (account, pwd, TId) values (?, ?, ?)
 org.hibernate.persister.entity.AbstractEntityPersister.logStaticSQL(AbstractEntityPersister.java:2767)2017-08-08 20:31:50 Update 0: update user set account=?, pwd=? where TId=?
 org.hibernate.persister.entity.AbstractEntityPersister.logStaticSQL(AbstractEntityPersister.java:2768)2017-08-08 20:31:50 Delete 0: delete from user where TId=?
 org.hibernate.persister.entity.AbstractEntityPersister.logStaticSQL(AbstractEntityPersister.java:2769)2017-08-08 20:31:50 Identity insert: insert into user (account, pwd) values (?, ?) select scope_identity()
 org.hibernate.persister.entity.AbstractEntityPersister.logStaticSQL(AbstractEntityPersister.java:2773)2017-08-08 20:31:50Static select for entity com.xtkj.pojo.User: select user0_.TId as TId0_0_, user0_.account as account0_0_, user0_.pwd as pwd0_0_ from user user0_ where user0_.TId=?
 org.hibernate.loader.entity.EntityLoader.<init>(EntityLoader.java:102)2017-08-08 20:31:50Static select for entity com.xtkj.pojo.User: select user0_.TId as TId0_0_, user0_.account as account0_0_, user0_.pwd as pwd0_0_ from user user0_ where user0_.TId=?
 org.hibernate.loader.entity.EntityLoader.<init>(EntityLoader.java:102)2017-08-08 20:31:50Static select for entity com.xtkj.pojo.User: select user0_.TId as TId0_0_, user0_.account as account0_0_, user0_.pwd as pwd0_0_ from user user0_ with (updlock, rowlock) where user0_.TId=?
 org.hibernate.loader.entity.EntityLoader.<init>(EntityLoader.java:102)2017-08-08 20:31:50Static select for entity com.xtkj.pojo.User: select user0_.TId as TId0_0_, user0_.account as account0_0_, user0_.pwd as pwd0_0_ from user user0_ with (updlock, rowlock) where user0_.TId=?
 org.hibernate.loader.entity.EntityLoader.<init>(EntityLoader.java:102)2017-08-08 20:31:50Static select for entity com.xtkj.pojo.User: select user0_.TId as TId0_0_, user0_.account as account0_0_, user0_.pwd as pwd0_0_ from user user0_ with (updlock, rowlock) where user0_.TId=?
 org.hibernate.loader.entity.EntityLoader.<init>(EntityLoader.java:102)2017-08-08 20:31:50Static select for action ACTION_MERGE on entity com.xtkj.pojo.User: select user0_.TId as TId0_0_, user0_.account as account0_0_, user0_.pwd as pwd0_0_ from user user0_ where user0_.TId=?
 org.hibernate.loader.entity.CascadeEntityLoader.<init>(CascadeEntityLoader.java:57)2017-08-08 20:31:50Static select for action ACTION_REFRESH on entity com.xtkj.pojo.User: select user0_.TId as TId0_0_, user0_.account as account0_0_, user0_.pwd as pwd0_0_ from user user0_ where user0_.TId=?
 org.hibernate.loader.entity.CascadeEntityLoader.<init>(CascadeEntityLoader.java:57)2017-08-08 20:31:50initializing class SessionFactoryObjectFactory
 org.hibernate.impl.SessionFactoryObjectFactory.<clinit>(SessionFactoryObjectFactory.java:62)2017-08-08 20:31:50registered: 402882145dc1d46d015dc1d46e900000 (unnamed)
 org.hibernate.impl.SessionFactoryObjectFactory.addInstance(SessionFactoryObjectFactory.java:99)2017-08-08 20:31:50Not binding factory to JNDI, no JNDI name configured
 org.hibernate.impl.SessionFactoryObjectFactory.addInstance(SessionFactoryObjectFactory.java:105)2017-08-08 20:31:50instantiated session factory
 org.hibernate.impl.SessionFactoryImpl.<init>(SessionFactoryImpl.java:350)2017-08-08 20:31:50Running hbm2ddl schema update
 org.hibernate.tool.hbm2ddl.SchemaUpdate.execute(SchemaUpdate.java:155)2017-08-08 20:31:50fetching database metadata
 org.hibernate.tool.hbm2ddl.SchemaUpdate.execute(SchemaUpdate.java:167)2017-08-08 20:31:50opening new JDBC connection
 org.hibernate.connection.DriverManagerConnectionProvider.getConnection(DriverManagerConnectionProvider.java:132)2017-08-08 20:31:50could not get database metadata
 org.hibernate.tool.hbm2ddl.SchemaUpdate.execute(SchemaUpdate.java:175)com.microsoft.sqlserver.jdbc.SQLServerException: 无法打开登录所请求的数据库 "account?characterEncoding=UTF-8"。登录失败。 ClientConnectionId:e0d2f8e3-6bc6-4663-acc7-bd144d9c3fb5
	at com.microsoft.sqlserver.jdbc.SQLServerException.makeFromDatabaseError(SQLServerException.java:216)
	at com.microsoft.sqlserver.jdbc.TDSTokenHandler.onEOF(tdsparser.java:254)
	at com.microsoft.sqlserver.jdbc.TDSParser.parse(tdsparser.java:84)
	at com.microsoft.sqlserver.jdbc.SQLServerConnection.sendLogon(SQLServerConnection.java:2908)
	at com.microsoft.sqlserver.jdbc.SQLServerConnection.logon(SQLServerConnection.java:2234)
	at com.microsoft.sqlserver.jdbc.SQLServerConnection.access$000(SQLServerConnection.java:41)
	at com.microsoft.sqlserver.jdbc.SQLServerConnection$LogonCommand.doExecute(SQLServerConnection.java:2220)
	at com.microsoft.sqlserver.jdbc.TDSCommand.execute(IOBuffer.java:5696)
	at com.microsoft.sqlserver.jdbc.SQLServerConnection.executeCommand(SQLServerConnection.java:1715)
	at com.microsoft.sqlserver.jdbc.SQLServerConnection.connectHelper(SQLServerConnection.java:1326)
	at com.microsoft.sqlserver.jdbc.SQLServerConnection.login(SQLServerConnection.java:991)
	at com.microsoft.sqlserver.jdbc.SQLServerConnection.connect(SQLServerConnection.java:827)
	at com.microsoft.sqlserver.jdbc.SQLServerDriver.connect(SQLServerDriver.java:1012)
	at java.sql.DriverManager.getConnection(DriverManager.java:582)
	at java.sql.DriverManager.getConnection(DriverManager.java:154)
	at org.hibernate.connection.DriverManagerConnectionProvider.getConnection(DriverManagerConnectionProvider.java:133)
	at org.hibernate.tool.hbm2ddl.SuppliedConnectionProviderConnectionHelper.prepare(SuppliedConnectionProviderConnectionHelper.java:51)
	at org.hibernate.tool.hbm2ddl.SchemaUpdate.execute(SchemaUpdate.java:168)
	at org.hibernate.impl.SessionFactoryImpl.<init>(SessionFactoryImpl.java:356)
	at org.hibernate.cfg.Configuration.buildSessionFactory(Configuration.java:1341)
	at com.xtkj.test.HibernateTest.addT(HibernateTest.java:18)
	at sun.reflect.NativeMethodAccessorImpl.invoke0(Native Method)
	at sun.reflect.NativeMethodAccessorImpl.invoke(NativeMethodAccessorImpl.java:39)
	at sun.reflect.DelegatingMethodAccessorImpl.invoke(DelegatingMethodAccessorImpl.java:25)
	at java.lang.reflect.Method.invoke(Method.java:597)
	at org.junit.runners.model.FrameworkMethod$1.runReflectiveCall(FrameworkMethod.java:44)
	at org.junit.internal.runners.model.ReflectiveCallable.run(ReflectiveCallable.java:15)
	at org.junit.runners.model.FrameworkMethod.invokeExplosively(FrameworkMethod.java:41)
	at org.junit.internal.runners.statements.InvokeMethod.evaluate(InvokeMethod.java:20)
	at org.junit.runners.BlockJUnit4ClassRunner.runNotIgnored(BlockJUnit4ClassRunner.java:79)
	at org.junit.runners.BlockJUnit4ClassRunner.runChild(BlockJUnit4ClassRunner.java:71)
	at org.junit.runners.BlockJUnit4ClassRunner.runChild(BlockJUnit4ClassRunner.java:49)
	at org.junit.runners.ParentRunner$3.run(ParentRunner.java:193)
	at org.junit.runners.ParentRunner$1.schedule(ParentRunner.java:52)
	at org.junit.runners.ParentRunner.runChildren(ParentRunner.java:191)
	at org.junit.runners.ParentRunner.access$000(ParentRunner.java:42)
	at org.junit.runners.ParentRunner$2.evaluate(ParentRunner.java:184)
	at org.junit.runners.ParentRunner.run(ParentRunner.java:236)
	at org.eclipse.jdt.internal.junit4.runner.JUnit4TestReference.run(JUnit4TestReference.java:50)
	at org.eclipse.jdt.internal.junit.runner.TestExecution.run(TestExecution.java:38)
	at org.eclipse.jdt.internal.junit.runner.RemoteTestRunner.runTests(RemoteTestRunner.java:467)
	at org.eclipse.jdt.internal.junit.runner.RemoteTestRunner.runTests(RemoteTestRunner.java:683)
	at org.eclipse.jdt.internal.junit.runner.RemoteTestRunner.run(RemoteTestRunner.java:390)
	at org.eclipse.jdt.internal.junit.runner.RemoteTestRunner.main(RemoteTestRunner.java:197)
2017-08-08 20:31:50could not complete schema update
 org.hibernate.tool.hbm2ddl.SchemaUpdate.execute(SchemaUpdate.java:222)com.microsoft.sqlserver.jdbc.SQLServerException: 无法打开登录所请求的数据库 "account?characterEncoding=UTF-8"。登录失败。 ClientConnectionId:e0d2f8e3-6bc6-4663-acc7-bd144d9c3fb5
	at com.microsoft.sqlserver.jdbc.SQLServerException.makeFromDatabaseError(SQLServerException.java:216)
	at com.microsoft.sqlserver.jdbc.TDSTokenHandler.onEOF(tdsparser.java:254)
	at com.microsoft.sqlserver.jdbc.TDSParser.parse(tdsparser.java:84)
	at com.microsoft.sqlserver.jdbc.SQLServerConnection.sendLogon(SQLServerConnection.java:2908)
	at com.microsoft.sqlserver.jdbc.SQLServerConnection.logon(SQLServerConnection.java:2234)
	at com.microsoft.sqlserver.jdbc.SQLServerConnection.access$000(SQLServerConnection.java:41)
	at com.microsoft.sqlserver.jdbc.SQLServerConnection$LogonCommand.doExecute(SQLServerConnection.java:2220)
	at com.microsoft.sqlserver.jdbc.TDSCommand.execute(IOBuffer.java:5696)
	at com.microsoft.sqlserver.jdbc.SQLServerConnection.executeCommand(SQLServerConnection.java:1715)
	at com.microsoft.sqlserver.jdbc.SQLServerConnection.connectHelper(SQLServerConnection.java:1326)
	at com.microsoft.sqlserver.jdbc.SQLServerConnection.login(SQLServerConnection.java:991)
	at com.microsoft.sqlserver.jdbc.SQLServerConnection.connect(SQLServerConnection.java:827)
	at com.microsoft.sqlserver.jdbc.SQLServerDriver.connect(SQLServerDriver.java:1012)
	at java.sql.DriverManager.getConnection(DriverManager.java:582)
	at java.sql.DriverManager.getConnection(DriverManager.java:154)
	at org.hibernate.connection.DriverManagerConnectionProvider.getConnection(DriverManagerConnectionProvider.java:133)
	at org.hibernate.tool.hbm2ddl.SuppliedConnectionProviderConnectionHelper.prepare(SuppliedConnectionProviderConnectionHelper.java:51)
	at org.hibernate.tool.hbm2ddl.SchemaUpdate.execute(SchemaUpdate.java:168)
	at org.hibernate.impl.SessionFactoryImpl.<init>(SessionFactoryImpl.java:356)
	at org.hibernate.cfg.Configuration.buildSessionFactory(Configuration.java:1341)
	at com.xtkj.test.HibernateTest.addT(HibernateTest.java:18)
	at sun.reflect.NativeMethodAccessorImpl.invoke0(Native Method)
	at sun.reflect.NativeMethodAccessorImpl.invoke(NativeMethodAccessorImpl.java:39)
	at sun.reflect.DelegatingMethodAccessorImpl.invoke(DelegatingMethodAccessorImpl.java:25)
	at java.lang.reflect.Method.invoke(Method.java:597)
	at org.junit.runners.model.FrameworkMethod$1.runReflectiveCall(FrameworkMethod.java:44)
	at org.junit.internal.runners.model.ReflectiveCallable.run(ReflectiveCallable.java:15)
	at org.junit.runners.model.FrameworkMethod.invokeExplosively(FrameworkMethod.java:41)
	at org.junit.internal.runners.statements.InvokeMethod.evaluate(InvokeMethod.java:20)
	at org.junit.runners.BlockJUnit4ClassRunner.runNotIgnored(BlockJUnit4ClassRunner.java:79)
	at org.junit.runners.BlockJUnit4ClassRunner.runChild(BlockJUnit4ClassRunner.java:71)
	at org.junit.runners.BlockJUnit4ClassRunner.runChild(BlockJUnit4ClassRunner.java:49)
	at org.junit.runners.ParentRunner$3.run(ParentRunner.java:193)
	at org.junit.runners.ParentRunner$1.schedule(ParentRunner.java:52)
	at org.junit.runners.ParentRunner.runChildren(ParentRunner.java:191)
	at org.junit.runners.ParentRunner.access$000(ParentRunner.java:42)
	at org.junit.runners.ParentRunner$2.evaluate(ParentRunner.java:184)
	at org.junit.runners.ParentRunner.run(ParentRunner.java:236)
	at org.eclipse.jdt.internal.junit4.runner.JUnit4TestReference.run(JUnit4TestReference.java:50)
	at org.eclipse.jdt.internal.junit.runner.TestExecution.run(TestExecution.java:38)
	at org.eclipse.jdt.internal.junit.runner.RemoteTestRunner.runTests(RemoteTestRunner.java:467)
	at org.eclipse.jdt.internal.junit.runner.RemoteTestRunner.runTests(RemoteTestRunner.java:683)
	at org.eclipse.jdt.internal.junit.runner.RemoteTestRunner.run(RemoteTestRunner.java:390)
	at org.eclipse.jdt.internal.junit.runner.RemoteTestRunner.main(RemoteTestRunner.java:197)
2017-08-08 20:31:50Checking 0 named HQL queries
 org.hibernate.impl.SessionFactoryImpl.checkNamedQueries(SessionFactoryImpl.java:474)2017-08-08 20:31:50Checking 0 named SQL queries
 org.hibernate.impl.SessionFactoryImpl.checkNamedQueries(SessionFactoryImpl.java:494)2017-08-08 20:31:51opened session at timestamp: 15021955109
 org.hibernate.impl.SessionImpl.<init>(SessionImpl.java:248)2017-08-08 20:31:51begin
 org.hibernate.transaction.JDBCTransaction.begin(JDBCTransaction.java:82)2017-08-08 20:31:51opening JDBC connection
 org.hibernate.jdbc.ConnectionManager.openConnection(ConnectionManager.java:444)2017-08-08 20:31:51opening new JDBC connection
 org.hibernate.connection.DriverManagerConnectionProvider.getConnection(DriverManagerConnectionProvider.java:132)2017-08-08 20:31:51Cannot open connection [???]
 org.hibernate.util.JDBCExceptionReporter.logExceptions(JDBCExceptionReporter.java:92)com.microsoft.sqlserver.jdbc.SQLServerException: 无法打开登录所请求的数据库 "account?characterEncoding=UTF-8"。登录失败。 ClientConnectionId:11b8171d-0c8f-4228-b069-5c7ebee28b34
	at com.microsoft.sqlserver.jdbc.SQLServerException.makeFromDatabaseError(SQLServerException.java:216)
	at com.microsoft.sqlserver.jdbc.TDSTokenHandler.onEOF(tdsparser.java:254)
	at com.microsoft.sqlserver.jdbc.TDSParser.parse(tdsparser.java:84)
	at com.microsoft.sqlserver.jdbc.SQLServerConnection.sendLogon(SQLServerConnection.java:2908)
	at com.microsoft.sqlserver.jdbc.SQLServerConnection.logon(SQLServerConnection.java:2234)
	at com.microsoft.sqlserver.jdbc.SQLServerConnection.access$000(SQLServerConnection.java:41)
	at com.microsoft.sqlserver.jdbc.SQLServerConnection$LogonCommand.doExecute(SQLServerConnection.java:2220)
	at com.microsoft.sqlserver.jdbc.TDSCommand.execute(IOBuffer.java:5696)
	at com.microsoft.sqlserver.jdbc.SQLServerConnection.executeCommand(SQLServerConnection.java:1715)
	at com.microsoft.sqlserver.jdbc.SQLServerConnection.connectHelper(SQLServerConnection.java:1326)
	at com.microsoft.sqlserver.jdbc.SQLServerConnection.login(SQLServerConnection.java:991)
	at com.microsoft.sqlserver.jdbc.SQLServerConnection.connect(SQLServerConnection.java:827)
	at com.microsoft.sqlserver.jdbc.SQLServerDriver.connect(SQLServerDriver.java:1012)
	at java.sql.DriverManager.getConnection(DriverManager.java:582)
	at java.sql.DriverManager.getConnection(DriverManager.java:154)
	at org.hibernate.connection.DriverManagerConnectionProvider.getConnection(DriverManagerConnectionProvider.java:133)
	at org.hibernate.jdbc.ConnectionManager.openConnection(ConnectionManager.java:446)
	at org.hibernate.jdbc.ConnectionManager.getConnection(ConnectionManager.java:167)
	at org.hibernate.jdbc.JDBCContext.connection(JDBCContext.java:142)
	at org.hibernate.transaction.JDBCTransaction.begin(JDBCTransaction.java:85)
	at org.hibernate.impl.SessionImpl.beginTransaction(SessionImpl.java:1354)
	at com.xtkj.test.HibernateTest.addT(HibernateTest.java:22)
	at sun.reflect.NativeMethodAccessorImpl.invoke0(Native Method)
	at sun.reflect.NativeMethodAccessorImpl.invoke(NativeMethodAccessorImpl.java:39)
	at sun.reflect.DelegatingMethodAccessorImpl.invoke(DelegatingMethodAccessorImpl.java:25)
	at java.lang.reflect.Method.invoke(Method.java:597)
	at org.junit.runners.model.FrameworkMethod$1.runReflectiveCall(FrameworkMethod.java:44)
	at org.junit.internal.runners.model.ReflectiveCallable.run(ReflectiveCallable.java:15)
	at org.junit.runners.model.FrameworkMethod.invokeExplosively(FrameworkMethod.java:41)
	at org.junit.internal.runners.statements.InvokeMethod.evaluate(InvokeMethod.java:20)
	at org.junit.runners.BlockJUnit4ClassRunner.runNotIgnored(BlockJUnit4ClassRunner.java:79)
	at org.junit.runners.BlockJUnit4ClassRunner.runChild(BlockJUnit4ClassRunner.java:71)
	at org.junit.runners.BlockJUnit4ClassRunner.runChild(BlockJUnit4ClassRunner.java:49)
	at org.junit.runners.ParentRunner$3.run(ParentRunner.java:193)
	at org.junit.runners.ParentRunner$1.schedule(ParentRunner.java:52)
	at org.junit.runners.ParentRunner.runChildren(ParentRunner.java:191)
	at org.junit.runners.ParentRunner.access$000(ParentRunner.java:42)
	at org.junit.runners.ParentRunner$2.evaluate(ParentRunner.java:184)
	at org.junit.runners.ParentRunner.run(ParentRunner.java:236)
	at org.eclipse.jdt.internal.junit4.runner.JUnit4TestReference.run(JUnit4TestReference.java:50)
	at org.eclipse.jdt.internal.junit.runner.TestExecution.run(TestExecution.java:38)
	at org.eclipse.jdt.internal.junit.runner.RemoteTestRunner.runTests(RemoteTestRunner.java:467)
	at org.eclipse.jdt.internal.junit.runner.RemoteTestRunner.runTests(RemoteTestRunner.java:683)
	at org.eclipse.jdt.internal.junit.runner.RemoteTestRunner.run(RemoteTestRunner.java:390)
	at org.eclipse.jdt.internal.junit.runner.RemoteTestRunner.main(RemoteTestRunner.java:197)
2017-08-08 20:31:51SQL Error: 4060, SQLState: S0001
 org.hibernate.util.JDBCExceptionReporter.logExceptions(JDBCExceptionReporter.java:100)2017-08-08 20:31:51无法打开登录所请求的数据库 "account?characterEncoding=UTF-8"。登录失败。 ClientConnectionId:11b8171d-0c8f-4228-b069-5c7ebee28b34
 org.hibernate.util.JDBCExceptionReporter.logExceptions(JDBCExceptionReporter.java:101)2017-08-08 20:32:43Hibernate 3.3.2.GA
 org.hibernate.cfg.Environment.<clinit>(Environment.java:560)2017-08-08 20:32:43hibernate.properties not found
 org.hibernate.cfg.Environment.<clinit>(Environment.java:593)2017-08-08 20:32:43Bytecode provider name : javassist
 org.hibernate.cfg.Environment.buildBytecodeProvider(Environment.java:771)2017-08-08 20:32:43using JDK 1.4 java.sql.Timestamp handling
 org.hibernate.cfg.Environment.<clinit>(Environment.java:652)2017-08-08 20:32:43configuring from resource: /hibernate.cfg.xml
 org.hibernate.cfg.Configuration.configure(Configuration.java:1474)2017-08-08 20:32:43Configuration resource: /hibernate.cfg.xml
 org.hibernate.cfg.Configuration.getConfigurationInputStream(Configuration.java:1451)2017-08-08 20:32:43trying to resolve system-id [http://hibernate.sourceforge.NET/hibernate-configuration-3.0.dtd]
 org.hibernate.util.DTDEntityResolver.resolveEntity(DTDEntityResolver.java:64)2017-08-08 20:32:44hibernate.dialect=org.hibernate.dialect.SQLServerDialect
 org.hibernate.cfg.Configuration.addProperties(Configuration.java:1435)2017-08-08 20:32:44hibernate.connection.username=sa
 org.hibernate.cfg.Configuration.addProperties(Configuration.java:1435)2017-08-08 20:32:44hibernate.connection.password=caijie
 org.hibernate.cfg.Configuration.addProperties(Configuration.java:1435)2017-08-08 20:32:44hibernate.connection.driver_class=com.microsoft.sqlserver.jdbc.SQLServerDriver
 org.hibernate.cfg.Configuration.addProperties(Configuration.java:1435)2017-08-08 20:32:44hibernate.connection.url=jdbc:sqlserver://localhost:1433;databaseName=account
 org.hibernate.cfg.Configuration.addProperties(Configuration.java:1435)2017-08-08 20:32:44hibernate.show_sql=true
 org.hibernate.cfg.Configuration.addProperties(Configuration.java:1435)2017-08-08 20:32:44hibernate.hbm2ddl.auto=update
 org.hibernate.cfg.Configuration.addProperties(Configuration.java:1435)2017-08-08 20:32:44null<-org.dom4j.tree.DefaultAttribute@360dc67e [Attribute: name resource value "com/xtkj/pojo/User.hbm.xml"]
 org.hibernate.cfg.Configuration.parseMappingElement(Configuration.java:1634)2017-08-08 20:32:44Reading mappings from resource : com/xtkj/pojo/User.hbm.xml
 org.hibernate.cfg.Configuration.addResource(Configuration.java:600)2017-08-08 20:32:44trying to resolve system-id [http://hibernate.sourceforge.net/hibernate-mapping-3.0.dtd]
 org.hibernate.util.DTDEntityResolver.resolveEntity(DTDEntityResolver.java:64)2017-08-08 20:32:44recognized hibernate namespace; attempting to resolve on classpath under org/hibernate/
 org.hibernate.util.DTDEntityResolver.resolveEntity(DTDEntityResolver.java:66)2017-08-08 20:32:44located [http://hibernate.sourceforge.net/hibernate-mapping-3.0.dtd] in classpath
 org.hibernate.util.DTDEntityResolver.resolveEntity(DTDEntityResolver.java:76)2017-08-08 20:32:44Mapping class: com.xtkj.pojo.User -> user
 org.hibernate.cfg.HbmBinder.bindRootPersistentClassCommonValues(HbmBinder.java:322)2017-08-08 20:32:44Mapped property: TId -> TId
 org.hibernate.cfg.HbmBinder.bindProperty(HbmBinder.java:1289)2017-08-08 20:32:44Mapped property: account -> account
 org.hibernate.cfg.HbmBinder.bindProperty(HbmBinder.java:1289)2017-08-08 20:32:44Mapped property: pwd -> pwd
 org.hibernate.cfg.HbmBinder.bindProperty(HbmBinder.java:1289)2017-08-08 20:32:44Configured SessionFactory: null
 org.hibernate.cfg.Configuration.doConfigure(Configuration.java:1589)2017-08-08 20:32:44properties: {hibernate.connection.password=caijie, java.runtime.name=Java(TM) SE Runtime Environment, sun.boot.library.path=D:\myeclipse\Common\binary\com.sun.java.jdk.win32.x86_64_1.6.0.013\jre\bin, java.vm.version=11.3-b02, hibernate.connection.username=sa, java.vm.vendor=Sun Microsystems Inc., java.vendor.url=http://java.sun.com/, path.separator=;, java.vm.name=Java HotSpot(TM) 64-Bit Server VM, file.encoding.pkg=sun.io, user.country=CN, sun.java.launcher=SUN_STANDARD, sun.os.patch.level=Service Pack 1, java.vm.specification.name=Java Virtual Machine Specification, user.dir=F:\myeclipse10.7.1workspace\hibernate, java.runtime.version=1.6.0_13-b03, java.awt.graphicsenv=sun.awt.Win32GraphicsEnvironment, java.endorsed.dirs=D:\myeclipse\Common\binary\com.sun.java.jdk.win32.x86_64_1.6.0.013\jre\lib\endorsed, os.arch=amd64, java.io.tmpdir=C:\Windows\TEMP\, line.separator=
, java.vm.specification.vendor=Sun Microsystems Inc., user.variant=, os.name=Windows Vista, sun.jnu.encoding=GBK, java.library.path=D:\myeclipse\Common\binary\com.sun.java.jdk.win32.x86_64_1.6.0.013\bin;.;C:\Windows\Sun\Java\bin;C:\Windows\system32;C:\Windows;C:\ProgramData\Oracle\Java\javapath;C:\Windows\system32;C:\Windows;C:\Windows\System32\Wbem;C:\Windows\System32\WindowsPowerShell\v1.0\;F:\JDK\bin;F:\SQL2008\100\Tools\Binn\;F:\SQLservice\100\Tools\Binn\;F:\SQLservice\100\DTS\Binn\;F:\SQL2008\100\Tools\Binn\VSShell\Common7\IDE\;F:\SQL2008\100\DTS\Binn\;F:\mysql\mysql5.6.31\bin, java.specification.name=Java Platform API Specification, java.class.version=50.0, sun.management.compiler=HotSpot 64-Bit Server Compiler, os.version=6.1, user.home=C:\Users\Administrator, user.timezone=Asia/Shanghai, java.awt.printerjob=sun.awt.windows.WPrinterJob, file.encoding=UTF-8, java.specification.version=1.6, hibernate.connection.driver_class=com.microsoft.sqlserver.jdbc.SQLServerDriver, user.name=Administrator, java.class.path=F:\myeclipse10.7.1workspace\hibernate\WebRoot\WEB-INF\classes;F:\myeclipse10.7.1workspace\hibernate\WebRoot\WEB-INF\lib\antlr-2.7.6.jar;F:\myeclipse10.7.1workspace\hibernate\WebRoot\WEB-INF\lib\cglib-2.2.jar;F:\myeclipse10.7.1workspace\hibernate\WebRoot\WEB-INF\lib\commons-collections-3.1.jar;F:\myeclipse10.7.1workspace\hibernate\WebRoot\WEB-INF\lib\dom4j-1.6.1.jar;F:\myeclipse10.7.1workspace\hibernate\WebRoot\WEB-INF\lib\ehcache-1.2.3.jar;F:\myeclipse10.7.1workspace\hibernate\WebRoot\WEB-INF\lib\ejb3-persistence.jar;F:\myeclipse10.7.1workspace\hibernate\WebRoot\WEB-INF\lib\hibernate-annotations.jar;F:\myeclipse10.7.1workspace\hibernate\WebRoot\WEB-INF\lib\hibernate-commons-annotations.jar;F:\myeclipse10.7.1workspace\hibernate\WebRoot\WEB-INF\lib\hibernate-entitymanager.jar;F:\myeclipse10.7.1workspace\hibernate\WebRoot\WEB-INF\lib\hibernate-validator.jar;F:\myeclipse10.7.1workspace\hibernate\WebRoot\WEB-INF\lib\hibernate3.jar;F:\myeclipse10.7.1workspace\hibernate\WebRoot\WEB-INF\lib\javassist-3.9.0.GA.jar;F:\myeclipse10.7.1workspace\hibernate\WebRoot\WEB-INF\lib\jta-1.1.jar;F:\myeclipse10.7.1workspace\hibernate\WebRoot\WEB-INF\lib\log4j-1.2.14.jar;F:\myeclipse10.7.1workspace\hibernate\WebRoot\WEB-INF\lib\slf4j-api-1.5.8.jar;F:\myeclipse10.7.1workspace\hibernate\WebRoot\WEB-INF\lib\slf4j-log4j12-1.5.8.jar;F:\myeclipse10.7.1workspace\hibernate\WebRoot\WEB-INF\lib\sqljdbc4.jar;D:\myeclipse\Common\plugins\com.genuitec.eclipse.lib.hibernate41_10.5.0.me201207241813\data\4.1\lib\optional\ehcache\slf4j-api-1.6.1.jar;D:\myeclipse\Common\plugins\com.genuitec.eclipse.lib.hibernate41_10.5.0.me201207241813\data\4.1\lib\required\antlr-2.7.7.jar;D:\myeclipse\Common\plugins\com.genuitec.eclipse.lib.hibernate41_10.5.0.me201207241813\data\4.1\lib\required\dom4j-1.6.1.jar;D:\myeclipse\Common\plugins\com.genuitec.eclipse.lib.hibernate41_10.5.0.me201207241813\data\4.1\lib\required\hibernate-commons-annotations-4.0.1.Final.jar;D:\myeclipse\Common\plugins\com.genuitec.eclipse.lib.hibernate41_10.5.0.me201207241813\data\4.1\lib\required\hibernate-core-4.1.4.Final.jar;D:\myeclipse\Common\plugins\com.genuitec.eclipse.lib.hibernate41_10.5.0.me201207241813\data\4.1\lib\required\hibernate-jpa-2.0-api-1.0.1.Final.jar;D:\myeclipse\Common\plugins\com.genuitec.eclipse.lib.hibernate41_10.5.0.me201207241813\data\4.1\lib\required\javassist-3.15.0-GA.jar;D:\myeclipse\Common\plugins\com.genuitec.eclipse.lib.hibernate41_10.5.0.me201207241813\data\4.1\lib\required\jboss-logging-3.1.0.GA.jar;D:\myeclipse\Common\plugins\com.genuitec.eclipse.lib.hibernate41_10.5.0.me201207241813\data\4.1\lib\required\jboss-transaction-api_1.1_spec-1.0.0.Final.jar;D:\myeclipse\Common\plugins\com.genuitec.eclipse.lib.hibernate41_10.5.0.me201207241813\data\4.1\lib\jpa\hibernate-entitymanager-4.1.4.Final.jar;D:\myeclipse\Common\plugins\org.junit_4.8.2.v4_8_2_v20110321-1705\junit.jar;D:\myeclipse\Common\plugins\org.hamcrest.core_1.1.0.v20090501071000.jar;/D:/myeclipse/MyEclipse 10/configuration/org.eclipse.osgi/bundles/704/1/.cp/;/D:/myeclipse/MyEclipse 10/configuration/org.eclipse.osgi/bundles/702/1/.cp/;/D:/myeclipse/MyEclipse 10/configuration/org.eclipse.osgi/bundles/703/1/.cp/, hibernate.bytecode.use_reflection_optimizer=false, hibernate.show_sql=true, java.vm.specification.version=1.0, java.home=D:\myeclipse\Common\binary\com.sun.java.jdk.win32.x86_64_1.6.0.013\jre, sun.arch.data.model=64, hibernate.connection.url=jdbc:sqlserver://localhost:1433;databaseName=account, hibernate.dialect=org.hibernate.dialect.SQLServerDialect, user.language=zh, java.specification.vendor=Sun Microsystems Inc., awt.toolkit=sun.awt.windows.WToolkit, java.vm.info=mixed mode, java.version=1.6.0_13, java.ext.dirs=D:\myeclipse\Common\binary\com.sun.java.jdk.win32.x86_64_1.6.0.013\jre\lib\ext;C:\Windows\Sun\Java\lib\ext, sun.boot.class.path=D:\myeclipse\Common\binary\com.sun.java.jdk.win32.x86_64_1.6.0.013\jre\lib\resources.jar;D:\myeclipse\Common\binary\com.sun.java.jdk.win32.x86_64_1.6.0.013\jre\lib\rt.jar;D:\myeclipse\Common\binary\com.sun.java.jdk.win32.x86_64_1.6.0.013\jre\lib\sunrsasign.jar;D:\myeclipse\Common\binary\com.sun.java.jdk.win32.x86_64_1.6.0.013\jre\lib\jsse.jar;D:\myeclipse\Common\binary\com.sun.java.jdk.win32.x86_64_1.6.0.013\jre\lib\jce.jar;D:\myeclipse\Common\binary\com.sun.java.jdk.win32.x86_64_1.6.0.013\jre\lib\charsets.jar;D:\myeclipse\Common\binary\com.sun.java.jdk.win32.x86_64_1.6.0.013\jre\classes;D:\myeclipse\Common\plugins\com.genuitec.eclipse.j2eedt.core_10.5.0.me201207171805\data\libraryset\EE_5\javaee.jar;D:\myeclipse\Common\plugins\com.genuitec.eclipse.j2eedt.core_10.5.0.me201207171805\data\libraryset\EE_5\jsf-impl.jar;D:\myeclipse\Common\plugins\com.genuitec.eclipse.j2eedt.core_10.5.0.me201207171805\data\libraryset\EE_5\jsf-api.jar;D:\myeclipse\Common\plugins\com.genuitec.eclipse.j2eedt.core_10.5.0.me201207171805\data\libraryset\EE_5\jstl-1.2.jar, java.vendor=Sun Microsystems Inc., file.separator=\, hibernate.hbm2ddl.auto=update, java.vendor.url.bug=http://java.sun.com/cgi-bin/bugreport.cgi, sun.io.unicode.encoding=UnicodeLittle, sun.cpu.endian=little, sun.desktop=windows, sun.cpu.isalist=amd64}
 org.hibernate.cfg.Configuration.doConfigure(Configuration.java:1590)2017-08-08 20:32:44Preparing to build session factory with filters : {}
 org.hibernate.cfg.Configuration.buildSessionFactory(Configuration.java:1332)2017-08-08 20:32:44processing extends queue
 org.hibernate.cfg.Configuration.secondPassCompile(Configuration.java:1167)2017-08-08 20:32:44processing collection mappings
 org.hibernate.cfg.Configuration.secondPassCompile(Configuration.java:1171)2017-08-08 20:32:44processing native query and ResultSetMapping mappings
 org.hibernate.cfg.Configuration.secondPassCompile(Configuration.java:1182)2017-08-08 20:32:44processing association property references
 org.hibernate.cfg.Configuration.secondPassCompile(Configuration.java:1190)2017-08-08 20:32:44processing foreign key constraints
 org.hibernate.cfg.Configuration.secondPassCompile(Configuration.java:1212)2017-08-08 20:32:45Using Hibernate built-in connection pool (not for production use!)
 org.hibernate.connection.DriverManagerConnectionProvider.configure(DriverManagerConnectionProvider.java:64)2017-08-08 20:32:45Hibernate connection pool size: 20
 org.hibernate.connection.DriverManagerConnectionProvider.configure(DriverManagerConnectionProvider.java:65)2017-08-08 20:32:45autocommit mode: false
 org.hibernate.connection.DriverManagerConnectionProvider.configure(DriverManagerConnectionProvider.java:68)2017-08-08 20:32:45using driver: com.microsoft.sqlserver.jdbc.SQLServerDriver at URL: jdbc:sqlserver://localhost:1433;databaseName=account
 org.hibernate.connection.DriverManagerConnectionProvider.configure(DriverManagerConnectionProvider.java:103)2017-08-08 20:32:45connection properties: {user=sa, password=caijie}
 org.hibernate.connection.DriverManagerConnectionProvider.configure(DriverManagerConnectionProvider.java:106)2017-08-08 20:32:45opening new JDBC connection
 org.hibernate.connection.DriverManagerConnectionProvider.getConnection(DriverManagerConnectionProvider.java:132)2017-08-08 20:32:45created connection to: jdbc:sqlserver://localhost:1433;databaseName=account, Isolation Level: 2
 org.hibernate.connection.DriverManagerConnectionProvider.getConnection(DriverManagerConnectionProvider.java:138)2017-08-08 20:32:45RDBMS: Microsoft SQL Server, version: 10.00.1600
 org.hibernate.cfg.SettingsFactory.buildSettings(SettingsFactory.java:114)2017-08-08 20:32:45JDBC driver: Microsoft JDBC Driver 4.0 for SQL Server, version: 4.0.2206.100
 org.hibernate.cfg.SettingsFactory.buildSettings(SettingsFactory.java:115)2017-08-08 20:32:45Using dialect: org.hibernate.dialect.SQLServerDialect
 org.hibernate.dialect.Dialect.<init>(Dialect.java:175)2017-08-08 20:32:45Using default transaction strategy (direct JDBC transactions)
 org.hibernate.transaction.TransactionFactoryFactory.buildTransactionFactory(TransactionFactoryFactory.java:59)2017-08-08 20:32:45No TransactionManagerLookup configured (in JTA environment, use of read-write or transactional second-level cache is not recommended)
 org.hibernate.transaction.TransactionManagerLookupFactory.getTransactionManagerLookup(TransactionManagerLookupFactory.java:80)2017-08-08 20:32:45Automatic flush during beforeCompletion(): disabled
 org.hibernate.cfg.SettingsFactory.buildSettings(SettingsFactory.java:161)2017-08-08 20:32:45Automatic session close at end of transaction: disabled
 org.hibernate.cfg.SettingsFactory.buildSettings(SettingsFactory.java:165)2017-08-08 20:32:45Scrollable result sets: enabled
 org.hibernate.cfg.SettingsFactory.buildSettings(SettingsFactory.java:180)2017-08-08 20:32:45Wrap result sets: disabled
 org.hibernate.cfg.SettingsFactory.buildSettings(SettingsFactory.java:184)2017-08-08 20:32:45JDBC3 getGeneratedKeys(): enabled
 org.hibernate.cfg.SettingsFactory.buildSettings(SettingsFactory.java:188)2017-08-08 20:32:45Connection release mode: auto
 org.hibernate.cfg.SettingsFactory.buildSettings(SettingsFactory.java:196)2017-08-08 20:32:45Default batch fetch size: 1
 org.hibernate.cfg.SettingsFactory.buildSettings(SettingsFactory.java:223)2017-08-08 20:32:45Generate SQL with comments: disabled
 org.hibernate.cfg.SettingsFactory.buildSettings(SettingsFactory.java:227)2017-08-08 20:32:45Order SQL updates by primary key: disabled
 org.hibernate.cfg.SettingsFactory.buildSettings(SettingsFactory.java:231)2017-08-08 20:32:45Order SQL inserts for batching: disabled
 org.hibernate.cfg.SettingsFactory.buildSettings(SettingsFactory.java:235)2017-08-08 20:32:45Query translator: org.hibernate.hql.ast.ASTQueryTranslatorFactory
 org.hibernate.cfg.SettingsFactory.createQueryTranslatorFactory(SettingsFactory.java:397)2017-08-08 20:32:45Using ASTQueryTranslatorFactory
 org.hibernate.hql.ast.ASTQueryTranslatorFactory.<init>(ASTQueryTranslatorFactory.java:47)2017-08-08 20:32:45Query language substitutions: {}
 org.hibernate.cfg.SettingsFactory.buildSettings(SettingsFactory.java:243)2017-08-08 20:32:45JPA-QL strict compliance: disabled
 org.hibernate.cfg.SettingsFactory.buildSettings(SettingsFactory.java:248)2017-08-08 20:32:45Second-level cache: enabled
 org.hibernate.cfg.SettingsFactory.buildSettings(SettingsFactory.java:253)2017-08-08 20:32:45Query cache: disabled
 org.hibernate.cfg.SettingsFactory.buildSettings(SettingsFactory.java:257)2017-08-08 20:32:45Cache region factory : org.hibernate.cache.impl.NoCachingRegionFactory
 org.hibernate.cfg.SettingsFactory.createRegionFactory(SettingsFactory.java:382)2017-08-08 20:32:45Optimize cache for minimal puts: disabled
 org.hibernate.cfg.SettingsFactory.buildSettings(SettingsFactory.java:267)2017-08-08 20:32:45Structured second-level cache entries: disabled
 org.hibernate.cfg.SettingsFactory.buildSettings(SettingsFactory.java:276)2017-08-08 20:32:45Echoing all SQL to stdout
 org.hibernate.cfg.SettingsFactory.buildSettings(SettingsFactory.java:296)2017-08-08 20:32:45Statistics: disabled
 org.hibernate.cfg.SettingsFactory.buildSettings(SettingsFactory.java:305)2017-08-08 20:32:45Deleted entity synthetic identifier rollback: disabled
 org.hibernate.cfg.SettingsFactory.buildSettings(SettingsFactory.java:309)2017-08-08 20:32:45Default entity-mode: pojo
 org.hibernate.cfg.SettingsFactory.buildSettings(SettingsFactory.java:324)2017-08-08 20:32:45Named query checking : enabled
 org.hibernate.cfg.SettingsFactory.buildSettings(SettingsFactory.java:328)2017-08-08 20:32:45building session factory
 org.hibernate.impl.SessionFactoryImpl.<init>(SessionFactoryImpl.java:193)2017-08-08 20:32:45Session factory constructed with filter configurations : {}
 org.hibernate.impl.SessionFactoryImpl.<init>(SessionFactoryImpl.java:211)2017-08-08 20:32:45instantiating session factory with properties: {java.runtime.name=Java(TM) SE Runtime Environment, hibernate.connection.password=caijie, sun.boot.library.path=D:\myeclipse\Common\binary\com.sun.java.jdk.win32.x86_64_1.6.0.013\jre\bin, java.vm.version=11.3-b02, hibernate.connection.username=sa, java.vm.vendor=Sun Microsystems Inc., java.vendor.url=http://java.sun.com/, path.separator=;, java.vm.name=Java HotSpot(TM) 64-Bit Server VM, file.encoding.pkg=sun.io, user.country=CN, sun.java.launcher=SUN_STANDARD, sun.os.patch.level=Service Pack 1, java.vm.specification.name=Java Virtual Machine Specification, user.dir=F:\myeclipse10.7.1workspace\hibernate, java.runtime.version=1.6.0_13-b03, java.awt.graphicsenv=sun.awt.Win32GraphicsEnvironment, java.endorsed.dirs=D:\myeclipse\Common\binary\com.sun.java.jdk.win32.x86_64_1.6.0.013\jre\lib\endorsed, os.arch=amd64, java.io.tmpdir=C:\Windows\TEMP\, line.separator=
, java.vm.specification.vendor=Sun Microsystems Inc., user.variant=, os.name=Windows Vista, sun.jnu.encoding=GBK, java.library.path=D:\myeclipse\Common\binary\com.sun.java.jdk.win32.x86_64_1.6.0.013\bin;.;C:\Windows\Sun\Java\bin;C:\Windows\system32;C:\Windows;C:\ProgramData\Oracle\Java\javapath;C:\Windows\system32;C:\Windows;C:\Windows\System32\Wbem;C:\Windows\System32\WindowsPowerShell\v1.0\;F:\JDK\bin;F:\SQL2008\100\Tools\Binn\;F:\SQLservice\100\Tools\Binn\;F:\SQLservice\100\DTS\Binn\;F:\SQL2008\100\Tools\Binn\VSShell\Common7\IDE\;F:\SQL2008\100\DTS\Binn\;F:\mysql\mysql5.6.31\bin, java.specification.name=Java Platform API Specification, java.class.version=50.0, sun.management.compiler=HotSpot 64-Bit Server Compiler, os.version=6.1, user.home=C:\Users\Administrator, user.timezone=Asia/Shanghai, java.awt.printerjob=sun.awt.windows.WPrinterJob, file.encoding=UTF-8, java.specification.version=1.6, hibernate.connection.driver_class=com.microsoft.sqlserver.jdbc.SQLServerDriver, java.class.path=F:\myeclipse10.7.1workspace\hibernate\WebRoot\WEB-INF\classes;F:\myeclipse10.7.1workspace\hibernate\WebRoot\WEB-INF\lib\antlr-2.7.6.jar;F:\myeclipse10.7.1workspace\hibernate\WebRoot\WEB-INF\lib\cglib-2.2.jar;F:\myeclipse10.7.1workspace\hibernate\WebRoot\WEB-INF\lib\commons-collections-3.1.jar;F:\myeclipse10.7.1workspace\hibernate\WebRoot\WEB-INF\lib\dom4j-1.6.1.jar;F:\myeclipse10.7.1workspace\hibernate\WebRoot\WEB-INF\lib\ehcache-1.2.3.jar;F:\myeclipse10.7.1workspace\hibernate\WebRoot\WEB-INF\lib\ejb3-persistence.jar;F:\myeclipse10.7.1workspace\hibernate\WebRoot\WEB-INF\lib\hibernate-annotations.jar;F:\myeclipse10.7.1workspace\hibernate\WebRoot\WEB-INF\lib\hibernate-commons-annotations.jar;F:\myeclipse10.7.1workspace\hibernate\WebRoot\WEB-INF\lib\hibernate-entitymanager.jar;F:\myeclipse10.7.1workspace\hibernate\WebRoot\WEB-INF\lib\hibernate-validator.jar;F:\myeclipse10.7.1workspace\hibernate\WebRoot\WEB-INF\lib\hibernate3.jar;F:\myeclipse10.7.1workspace\hibernate\WebRoot\WEB-INF\lib\javassist-3.9.0.GA.jar;F:\myeclipse10.7.1workspace\hibernate\WebRoot\WEB-INF\lib\jta-1.1.jar;F:\myeclipse10.7.1workspace\hibernate\WebRoot\WEB-INF\lib\log4j-1.2.14.jar;F:\myeclipse10.7.1workspace\hibernate\WebRoot\WEB-INF\lib\slf4j-api-1.5.8.jar;F:\myeclipse10.7.1workspace\hibernate\WebRoot\WEB-INF\lib\slf4j-log4j12-1.5.8.jar;F:\myeclipse10.7.1workspace\hibernate\WebRoot\WEB-INF\lib\sqljdbc4.jar;D:\myeclipse\Common\plugins\com.genuitec.eclipse.lib.hibernate41_10.5.0.me201207241813\data\4.1\lib\optional\ehcache\slf4j-api-1.6.1.jar;D:\myeclipse\Common\plugins\com.genuitec.eclipse.lib.hibernate41_10.5.0.me201207241813\data\4.1\lib\required\antlr-2.7.7.jar;D:\myeclipse\Common\plugins\com.genuitec.eclipse.lib.hibernate41_10.5.0.me201207241813\data\4.1\lib\required\dom4j-1.6.1.jar;D:\myeclipse\Common\plugins\com.genuitec.eclipse.lib.hibernate41_10.5.0.me201207241813\data\4.1\lib\required\hibernate-commons-annotations-4.0.1.Final.jar;D:\myeclipse\Common\plugins\com.genuitec.eclipse.lib.hibernate41_10.5.0.me201207241813\data\4.1\lib\required\hibernate-core-4.1.4.Final.jar;D:\myeclipse\Common\plugins\com.genuitec.eclipse.lib.hibernate41_10.5.0.me201207241813\data\4.1\lib\required\hibernate-jpa-2.0-api-1.0.1.Final.jar;D:\myeclipse\Common\plugins\com.genuitec.eclipse.lib.hibernate41_10.5.0.me201207241813\data\4.1\lib\required\javassist-3.15.0-GA.jar;D:\myeclipse\Common\plugins\com.genuitec.eclipse.lib.hibernate41_10.5.0.me201207241813\data\4.1\lib\required\jboss-logging-3.1.0.GA.jar;D:\myeclipse\Common\plugins\com.genuitec.eclipse.lib.hibernate41_10.5.0.me201207241813\data\4.1\lib\required\jboss-transaction-api_1.1_spec-1.0.0.Final.jar;D:\myeclipse\Common\plugins\com.genuitec.eclipse.lib.hibernate41_10.5.0.me201207241813\data\4.1\lib\jpa\hibernate-entitymanager-4.1.4.Final.jar;D:\myeclipse\Common\plugins\org.junit_4.8.2.v4_8_2_v20110321-1705\junit.jar;D:\myeclipse\Common\plugins\org.hamcrest.core_1.1.0.v20090501071000.jar;/D:/myeclipse/MyEclipse 10/configuration/org.eclipse.osgi/bundles/704/1/.cp/;/D:/myeclipse/MyEclipse 10/configuration/org.eclipse.osgi/bundles/702/1/.cp/;/D:/myeclipse/MyEclipse 10/configuration/org.eclipse.osgi/bundles/703/1/.cp/, user.name=Administrator, hibernate.bytecode.use_reflection_optimizer=false, hibernate.show_sql=true, java.vm.specification.version=1.0, sun.arch.data.model=64, java.home=D:\myeclipse\Common\binary\com.sun.java.jdk.win32.x86_64_1.6.0.013\jre, hibernate.dialect=org.hibernate.dialect.SQLServerDialect, hibernate.connection.url=jdbc:sqlserver://localhost:1433;databaseName=account, java.specification.vendor=Sun Microsystems Inc., user.language=zh, awt.toolkit=sun.awt.windows.WToolkit, java.vm.info=mixed mode, java.version=1.6.0_13, java.ext.dirs=D:\myeclipse\Common\binary\com.sun.java.jdk.win32.x86_64_1.6.0.013\jre\lib\ext;C:\Windows\Sun\Java\lib\ext, sun.boot.class.path=D:\myeclipse\Common\binary\com.sun.java.jdk.win32.x86_64_1.6.0.013\jre\lib\resources.jar;D:\myeclipse\Common\binary\com.sun.java.jdk.win32.x86_64_1.6.0.013\jre\lib\rt.jar;D:\myeclipse\Common\binary\com.sun.java.jdk.win32.x86_64_1.6.0.013\jre\lib\sunrsasign.jar;D:\myeclipse\Common\binary\com.sun.java.jdk.win32.x86_64_1.6.0.013\jre\lib\jsse.jar;D:\myeclipse\Common\binary\com.sun.java.jdk.win32.x86_64_1.6.0.013\jre\lib\jce.jar;D:\myeclipse\Common\binary\com.sun.java.jdk.win32.x86_64_1.6.0.013\jre\lib\charsets.jar;D:\myeclipse\Common\binary\com.sun.java.jdk.win32.x86_64_1.6.0.013\jre\classes;D:\myeclipse\Common\plugins\com.genuitec.eclipse.j2eedt.core_10.5.0.me201207171805\data\libraryset\EE_5\javaee.jar;D:\myeclipse\Common\plugins\com.genuitec.eclipse.j2eedt.core_10.5.0.me201207171805\data\libraryset\EE_5\jsf-impl.jar;D:\myeclipse\Common\plugins\com.genuitec.eclipse.j2eedt.core_10.5.0.me201207171805\data\libraryset\EE_5\jsf-api.jar;D:\myeclipse\Common\plugins\com.genuitec.eclipse.j2eedt.core_10.5.0.me201207171805\data\libraryset\EE_5\jstl-1.2.jar, java.vendor=Sun Microsystems Inc., file.separator=\, java.vendor.url.bug=http://java.sun.com/cgi-bin/bugreport.cgi, hibernate.hbm2ddl.auto=update, sun.cpu.endian=little, sun.io.unicode.encoding=UnicodeLittle, sun.desktop=windows, sun.cpu.isalist=amd64}
 org.hibernate.impl.SessionFactoryImpl.<init>(SessionFactoryImpl.java:215)2017-08-08 20:32:45Static SQL for entity: com.xtkj.pojo.User
 org.hibernate.persister.entity.AbstractEntityPersister.logStaticSQL(AbstractEntityPersister.java:2756)2017-08-08 20:32:45 Version select: select TId from user where TId =?
 org.hibernate.persister.entity.AbstractEntityPersister.logStaticSQL(AbstractEntityPersister.java:2761)2017-08-08 20:32:45 Snapshot select: select user_.TId, user_.account as account0_, user_.pwd as pwd0_ from user user_ where user_.TId=?
 org.hibernate.persister.entity.AbstractEntityPersister.logStaticSQL(AbstractEntityPersister.java:2764)2017-08-08 20:32:45 Insert 0: insert into user (account, pwd, TId) values (?, ?, ?)
 org.hibernate.persister.entity.AbstractEntityPersister.logStaticSQL(AbstractEntityPersister.java:2767)2017-08-08 20:32:45 Update 0: update user set account=?, pwd=? where TId=?
 org.hibernate.persister.entity.AbstractEntityPersister.logStaticSQL(AbstractEntityPersister.java:2768)2017-08-08 20:32:45 Delete 0: delete from user where TId=?
 org.hibernate.persister.entity.AbstractEntityPersister.logStaticSQL(AbstractEntityPersister.java:2769)2017-08-08 20:32:45 Identity insert: insert into user (account, pwd) values (?, ?)
 org.hibernate.persister.entity.AbstractEntityPersister.logStaticSQL(AbstractEntityPersister.java:2773)2017-08-08 20:32:45Static select for entity com.xtkj.pojo.User: select user0_.TId as TId0_0_, user0_.account as account0_0_, user0_.pwd as pwd0_0_ from user user0_ where user0_.TId=?
 org.hibernate.loader.entity.EntityLoader.<init>(EntityLoader.java:102)2017-08-08 20:32:45Static select for entity com.xtkj.pojo.User: select user0_.TId as TId0_0_, user0_.account as account0_0_, user0_.pwd as pwd0_0_ from user user0_ where user0_.TId=?
 org.hibernate.loader.entity.EntityLoader.<init>(EntityLoader.java:102)2017-08-08 20:32:45Static select for entity com.xtkj.pojo.User: select user0_.TId as TId0_0_, user0_.account as account0_0_, user0_.pwd as pwd0_0_ from user user0_ with (updlock, rowlock) where user0_.TId=?
 org.hibernate.loader.entity.EntityLoader.<init>(EntityLoader.java:102)2017-08-08 20:32:45Static select for entity com.xtkj.pojo.User: select user0_.TId as TId0_0_, user0_.account as account0_0_, user0_.pwd as pwd0_0_ from user user0_ with (updlock, rowlock) where user0_.TId=?
 org.hibernate.loader.entity.EntityLoader.<init>(EntityLoader.java:102)2017-08-08 20:32:45Static select for entity com.xtkj.pojo.User: select user0_.TId as TId0_0_, user0_.account as account0_0_, user0_.pwd as pwd0_0_ from user user0_ with (updlock, rowlock) where user0_.TId=?
 org.hibernate.loader.entity.EntityLoader.<init>(EntityLoader.java:102)2017-08-08 20:32:45Static select for action ACTION_MERGE on entity com.xtkj.pojo.User: select user0_.TId as TId0_0_, user0_.account as account0_0_, user0_.pwd as pwd0_0_ from user user0_ where user0_.TId=?
 org.hibernate.loader.entity.CascadeEntityLoader.<init>(CascadeEntityLoader.java:57)2017-08-08 20:32:45Static select for action ACTION_REFRESH on entity com.xtkj.pojo.User: select user0_.TId as TId0_0_, user0_.account as account0_0_, user0_.pwd as pwd0_0_ from user user0_ where user0_.TId=?
 org.hibernate.loader.entity.CascadeEntityLoader.<init>(CascadeEntityLoader.java:57)2017-08-08 20:32:45initializing class SessionFactoryObjectFactory
 org.hibernate.impl.SessionFactoryObjectFactory.<clinit>(SessionFactoryObjectFactory.java:62)2017-08-08 20:32:45registered: 402882145dc1d543015dc1d544590000 (unnamed)
 org.hibernate.impl.SessionFactoryObjectFactory.addInstance(SessionFactoryObjectFactory.java:99)2017-08-08 20:32:45Not binding factory to JNDI, no JNDI name configured
 org.hibernate.impl.SessionFactoryObjectFactory.addInstance(SessionFactoryObjectFactory.java:105)2017-08-08 20:32:45instantiated session factory
 org.hibernate.impl.SessionFactoryImpl.<init>(SessionFactoryImpl.java:350)2017-08-08 20:32:45Running hbm2ddl schema update
 org.hibernate.tool.hbm2ddl.SchemaUpdate.execute(SchemaUpdate.java:155)2017-08-08 20:32:45fetching database metadata
 org.hibernate.tool.hbm2ddl.SchemaUpdate.execute(SchemaUpdate.java:167)2017-08-08 20:32:45updating schema
 org.hibernate.tool.hbm2ddl.SchemaUpdate.execute(SchemaUpdate.java:179)2017-08-08 20:32:45processing extends queue
 org.hibernate.cfg.Configuration.secondPassCompile(Configuration.java:1167)2017-08-08 20:32:45processing collection mappings
 org.hibernate.cfg.Configuration.secondPassCompile(Configuration.java:1171)2017-08-08 20:32:45processing native query and ResultSetMapping mappings
 org.hibernate.cfg.Configuration.secondPassCompile(Configuration.java:1182)2017-08-08 20:32:45processing association property references
 org.hibernate.cfg.Configuration.secondPassCompile(Configuration.java:1190)2017-08-08 20:32:45processing foreign key constraints
 org.hibernate.cfg.Configuration.secondPassCompile(Configuration.java:1212)2017-08-08 20:32:45table not found: user
 org.hibernate.tool.hbm2ddl.DatabaseMetadata.getTableMetadata(DatabaseMetadata.java:119)2017-08-08 20:32:45table not found: user
 org.hibernate.tool.hbm2ddl.DatabaseMetadata.getTableMetadata(DatabaseMetadata.java:119)2017-08-08 20:32:45create table user (TId int identity not null, account varchar(255) null, pwd varchar(255) null, primary key (TId))
 org.hibernate.tool.hbm2ddl.SchemaUpdate.execute(SchemaUpdate.java:203)2017-08-08 20:32:45Unsuccessful: create table user (TId int identity not null, account varchar(255) null, pwd varchar(255) null, primary key (TId))
 org.hibernate.tool.hbm2ddl.SchemaUpdate.execute(SchemaUpdate.java:212)2017-08-08 20:32:45关键字 'user' 附近有语法错误。
 org.hibernate.tool.hbm2ddl.SchemaUpdate.execute(SchemaUpdate.java:213)2017-08-08 20:32:45schema update complete
 org.hibernate.tool.hbm2ddl.SchemaUpdate.execute(SchemaUpdate.java:217)2017-08-08 20:32:45Checking 0 named HQL queries
 org.hibernate.impl.SessionFactoryImpl.checkNamedQueries(SessionFactoryImpl.java:474)2017-08-08 20:32:45Checking 0 named SQL queries
 org.hibernate.impl.SessionFactoryImpl.checkNamedQueries(SessionFactoryImpl.java:494)2017-08-08 20:32:46opened session at timestamp: 15021955659
 org.hibernate.impl.SessionImpl.<init>(SessionImpl.java:248)2017-08-08 20:32:46begin
 org.hibernate.transaction.JDBCTransaction.begin(JDBCTransaction.java:82)2017-08-08 20:32:46opening JDBC connection
 org.hibernate.jdbc.ConnectionManager.openConnection(ConnectionManager.java:444)2017-08-08 20:32:46current autocommit status: false
 org.hibernate.transaction.JDBCTransaction.begin(JDBCTransaction.java:87)2017-08-08 20:32:46executing identity-insert immediately
 org.hibernate.event.def.AbstractSaveEventListener.performSaveOrReplicate(AbstractSaveEventListener.java:320)2017-08-08 20:32:46about to open PreparedStatement (open PreparedStatements: 0, globally: 0)
 org.hibernate.jdbc.AbstractBatcher.logOpenPreparedStatement(AbstractBatcher.java:410)2017-08-08 20:32:46insert into user (account, pwd) values (?, ?)
 org.hibernate.jdbc.util.SQLStatementLogger.logStatement(SQLStatementLogger.java:111)2017-08-08 20:32:46about to close PreparedStatement (open PreparedStatements: 1, globally: 1)
 org.hibernate.jdbc.AbstractBatcher.logClosePreparedStatement(AbstractBatcher.java:418)2017-08-08 20:32:46could not insert: [com.xtkj.pojo.User] [insert into user (account, pwd) values (?, ?)]
 org.hibernate.util.JDBCExceptionReporter.logExceptions(JDBCExceptionReporter.java:92)com.microsoft.sqlserver.jdbc.SQLServerException: 关键字 'user' 附近有语法错误。
	at com.microsoft.sqlserver.jdbc.SQLServerException.makeFromDatabaseError(SQLServerException.java:216)
	at com.microsoft.sqlserver.jdbc.SQLServerStatement.getNextResult(SQLServerStatement.java:1515)
	at com.microsoft.sqlserver.jdbc.SQLServerPreparedStatement.doExecutePreparedStatement(SQLServerPreparedStatement.java:404)
	at com.microsoft.sqlserver.jdbc.SQLServerPreparedStatement$PrepStmtExecCmd.doExecute(SQLServerPreparedStatement.java:350)
	at com.microsoft.sqlserver.jdbc.TDSCommand.execute(IOBuffer.java:5696)
	at com.microsoft.sqlserver.jdbc.SQLServerConnection.executeCommand(SQLServerConnection.java:1715)
	at com.microsoft.sqlserver.jdbc.SQLServerStatement.executeCommand(SQLServerStatement.java:180)
	at com.microsoft.sqlserver.jdbc.SQLServerStatement.executeStatement(SQLServerStatement.java:155)
	at com.microsoft.sqlserver.jdbc.SQLServerPreparedStatement.executeUpdate(SQLServerPreparedStatement.java:314)
	at org.hibernate.id.IdentityGenerator$GetGeneratedKeysDelegate.executeAndExtract(IdentityGenerator.java:94)
	at org.hibernate.id.insert.AbstractReturningDelegate.performInsert(AbstractReturningDelegate.java:57)
	at org.hibernate.persister.entity.AbstractEntityPersister.insert(AbstractEntityPersister.java:2176)
	at org.hibernate.persister.entity.AbstractEntityPersister.insert(AbstractEntityPersister.java:2656)
	at org.hibernate.action.EntityIdentityInsertAction.execute(EntityIdentityInsertAction.java:71)
	at org.hibernate.engine.ActionQueue.execute(ActionQueue.java:279)
	at org.hibernate.event.def.AbstractSaveEventListener.performSaveOrReplicate(AbstractSaveEventListener.java:321)
	at org.hibernate.event.def.AbstractSaveEventListener.performSave(AbstractSaveEventListener.java:204)
	at org.hibernate.event.def.AbstractSaveEventListener.saveWithGeneratedId(AbstractSaveEventListener.java:130)
	at org.hibernate.event.def.DefaultSaveOrUpdateEventListener.saveWithGeneratedOrRequestedId(DefaultSaveOrUpdateEventListener.java:210)
	at org.hibernate.event.def.DefaultSaveEventListener.saveWithGeneratedOrRequestedId(DefaultSaveEventListener.java:56)
	at org.hibernate.event.def.DefaultSaveOrUpdateEventListener.entityIsTransient(DefaultSaveOrUpdateEventListener.java:195)
	at org.hibernate.event.def.DefaultSaveEventListener.performSaveOrUpdate(DefaultSaveEventListener.java:50)
	at org.hibernate.event.def.DefaultSaveOrUpdateEventListener.onSaveOrUpdate(DefaultSaveOrUpdateEventListener.java:93)
	at org.hibernate.impl.SessionImpl.fireSave(SessionImpl.java:563)
	at org.hibernate.impl.SessionImpl.save(SessionImpl.java:551)
	at org.hibernate.impl.SessionImpl.save(SessionImpl.java:547)
	at com.xtkj.test.HibernateTest.addT(HibernateTest.java:27)
	at sun.reflect.NativeMethodAccessorImpl.invoke0(Native Method)
	at sun.reflect.NativeMethodAccessorImpl.invoke(NativeMethodAccessorImpl.java:39)
	at sun.reflect.DelegatingMethodAccessorImpl.invoke(DelegatingMethodAccessorImpl.java:25)
	at java.lang.reflect.Method.invoke(Method.java:597)
	at org.junit.runners.model.FrameworkMethod$1.runReflectiveCall(FrameworkMethod.java:44)
	at org.junit.internal.runners.model.ReflectiveCallable.run(ReflectiveCallable.java:15)
	at org.junit.runners.model.FrameworkMethod.invokeExplosively(FrameworkMethod.java:41)
	at org.junit.internal.runners.statements.InvokeMethod.evaluate(InvokeMethod.java:20)
	at org.junit.runners.BlockJUnit4ClassRunner.runNotIgnored(BlockJUnit4ClassRunner.java:79)
	at org.junit.runners.BlockJUnit4ClassRunner.runChild(BlockJUnit4ClassRunner.java:71)
	at org.junit.runners.BlockJUnit4ClassRunner.runChild(BlockJUnit4ClassRunner.java:49)
	at org.junit.runners.ParentRunner$3.run(ParentRunner.java:193)
	at org.junit.runners.ParentRunner$1.schedule(ParentRunner.java:52)
	at org.junit.runners.ParentRunner.runChildren(ParentRunner.java:191)
	at org.junit.runners.ParentRunner.access$000(ParentRunner.java:42)
	at org.junit.runners.ParentRunner$2.evaluate(ParentRunner.java:184)
	at org.junit.runners.ParentRunner.run(ParentRunner.java:236)
	at org.eclipse.jdt.internal.junit4.runner.JUnit4TestReference.run(JUnit4TestReference.java:50)
	at org.eclipse.jdt.internal.junit.runner.TestExecution.run(TestExecution.java:38)
	at org.eclipse.jdt.internal.junit.runner.RemoteTestRunner.runTests(RemoteTestRunner.java:467)
	at org.eclipse.jdt.internal.junit.runner.RemoteTestRunner.runTests(RemoteTestRunner.java:683)
	at org.eclipse.jdt.internal.junit.runner.RemoteTestRunner.run(RemoteTestRunner.java:390)
	at org.eclipse.jdt.internal.junit.runner.RemoteTestRunner.main(RemoteTestRunner.java:197)
2017-08-08 20:32:46SQL Error: 156, SQLState: S0001
 org.hibernate.util.JDBCExceptionReporter.logExceptions(JDBCExceptionReporter.java:100)2017-08-08 20:32:46关键字 'user' 附近有语法错误。
 org.hibernate.util.JDBCExceptionReporter.logExceptions(JDBCExceptionReporter.java:101)2017-08-08 20:37:12Hibernate 3.3.2.GA
 org.hibernate.cfg.Environment.<clinit>(Environment.java:560)2017-08-08 20:37:12hibernate.properties not found
 org.hibernate.cfg.Environment.<clinit>(Environment.java:593)2017-08-08 20:37:12Bytecode provider name : javassist
 org.hibernate.cfg.Environment.buildBytecodeProvider(Environment.java:771)2017-08-08 20:37:12using JDK 1.4 java.sql.Timestamp handling
 org.hibernate.cfg.Environment.<clinit>(Environment.java:652)2017-08-08 20:37:12configuring from resource: /hibernate.cfg.xml
 org.hibernate.cfg.Configuration.configure(Configuration.java:1474)2017-08-08 20:37:12Configuration resource: /hibernate.cfg.xml
 org.hibernate.cfg.Configuration.getConfigurationInputStream(Configuration.java:1451)2017-08-08 20:37:12trying to resolve system-id [http://hibernate.sourceforge.NET/hibernate-configuration-3.0.dtd]
 org.hibernate.util.DTDEntityResolver.resolveEntity(DTDEntityResolver.java:64)2017-08-08 20:37:13hibernate.dialect=org.hibernate.dialect.SQLServerDialect
 org.hibernate.cfg.Configuration.addProperties(Configuration.java:1435)2017-08-08 20:37:13hibernate.connection.username=sa
 org.hibernate.cfg.Configuration.addProperties(Configuration.java:1435)2017-08-08 20:37:13hibernate.connection.password=caijie
 org.hibernate.cfg.Configuration.addProperties(Configuration.java:1435)2017-08-08 20:37:13hibernate.connection.driver_class=com.microsoft.sqlserver.jdbc.SQLServerDriver
 org.hibernate.cfg.Configuration.addProperties(Configuration.java:1435)2017-08-08 20:37:13hibernate.connection.url=jdbc:sqlserver://localhost:1433;databaseName=account
 org.hibernate.cfg.Configuration.addProperties(Configuration.java:1435)2017-08-08 20:37:13hibernate.show_sql=true
 org.hibernate.cfg.Configuration.addProperties(Configuration.java:1435)2017-08-08 20:37:13hibernate.hbm2ddl.auto=update
 org.hibernate.cfg.Configuration.addProperties(Configuration.java:1435)2017-08-08 20:37:13null<-org.dom4j.tree.DefaultAttribute@426295eb [Attribute: name resource value "com/xtkj/pojo/User.hbm.xml"]
 org.hibernate.cfg.Configuration.parseMappingElement(Configuration.java:1634)2017-08-08 20:37:13Reading mappings from resource : com/xtkj/pojo/User.hbm.xml
 org.hibernate.cfg.Configuration.addResource(Configuration.java:600)2017-08-08 20:37:13trying to resolve system-id [http://hibernate.sourceforge.net/hibernate-mapping-3.0.dtd]
 org.hibernate.util.DTDEntityResolver.resolveEntity(DTDEntityResolver.java:64)2017-08-08 20:37:13recognized hibernate namespace; attempting to resolve on classpath under org/hibernate/
 org.hibernate.util.DTDEntityResolver.resolveEntity(DTDEntityResolver.java:66)2017-08-08 20:37:13located [http://hibernate.sourceforge.net/hibernate-mapping-3.0.dtd] in classpath
 org.hibernate.util.DTDEntityResolver.resolveEntity(DTDEntityResolver.java:76)2017-08-08 20:37:14Mapping class: com.xtkj.pojo.User -> user
 org.hibernate.cfg.HbmBinder.bindRootPersistentClassCommonValues(HbmBinder.java:322)2017-08-08 20:37:14Mapped property: TId -> TId
 org.hibernate.cfg.HbmBinder.bindProperty(HbmBinder.java:1289)2017-08-08 20:37:14Mapped property: account -> account
 org.hibernate.cfg.HbmBinder.bindProperty(HbmBinder.java:1289)2017-08-08 20:37:14Mapped property: pwd -> pwd
 org.hibernate.cfg.HbmBinder.bindProperty(HbmBinder.java:1289)2017-08-08 20:37:14Configured SessionFactory: null
 org.hibernate.cfg.Configuration.doConfigure(Configuration.java:1589)2017-08-08 20:37:14properties: {hibernate.connection.password=caijie, java.runtime.name=Java(TM) SE Runtime Environment, sun.boot.library.path=D:\myeclipse\Common\binary\com.sun.java.jdk.win32.x86_64_1.6.0.013\jre\bin, java.vm.version=11.3-b02, hibernate.connection.username=sa, java.vm.vendor=Sun Microsystems Inc., java.vendor.url=http://java.sun.com/, path.separator=;, java.vm.name=Java HotSpot(TM) 64-Bit Server VM, file.encoding.pkg=sun.io, user.country=CN, sun.java.launcher=SUN_STANDARD, sun.os.patch.level=Service Pack 1, java.vm.specification.name=Java Virtual Machine Specification, user.dir=F:\myeclipse10.7.1workspace\hibernate, java.runtime.version=1.6.0_13-b03, java.awt.graphicsenv=sun.awt.Win32GraphicsEnvironment, java.endorsed.dirs=D:\myeclipse\Common\binary\com.sun.java.jdk.win32.x86_64_1.6.0.013\jre\lib\endorsed, os.arch=amd64, java.io.tmpdir=C:\Windows\TEMP\, line.separator=
, java.vm.specification.vendor=Sun Microsystems Inc., user.variant=, os.name=Windows Vista, sun.jnu.encoding=GBK, java.library.path=D:\myeclipse\Common\binary\com.sun.java.jdk.win32.x86_64_1.6.0.013\bin;.;C:\Windows\Sun\Java\bin;C:\Windows\system32;C:\Windows;C:\ProgramData\Oracle\Java\javapath;C:\Windows\system32;C:\Windows;C:\Windows\System32\Wbem;C:\Windows\System32\WindowsPowerShell\v1.0\;F:\JDK\bin;F:\SQL2008\100\Tools\Binn\;F:\SQLservice\100\Tools\Binn\;F:\SQLservice\100\DTS\Binn\;F:\SQL2008\100\Tools\Binn\VSShell\Common7\IDE\;F:\SQL2008\100\DTS\Binn\;F:\mysql\mysql5.6.31\bin, java.specification.name=Java Platform API Specification, java.class.version=50.0, sun.management.compiler=HotSpot 64-Bit Server Compiler, os.version=6.1, user.home=C:\Users\Administrator, user.timezone=Asia/Shanghai, java.awt.printerjob=sun.awt.windows.WPrinterJob, file.encoding=UTF-8, java.specification.version=1.6, hibernate.connection.driver_class=com.microsoft.sqlserver.jdbc.SQLServerDriver, user.name=Administrator, java.class.path=F:\myeclipse10.7.1workspace\hibernate\WebRoot\WEB-INF\classes;F:\myeclipse10.7.1workspace\hibernate\WebRoot\WEB-INF\lib\antlr-2.7.6.jar;F:\myeclipse10.7.1workspace\hibernate\WebRoot\WEB-INF\lib\cglib-2.2.jar;F:\myeclipse10.7.1workspace\hibernate\WebRoot\WEB-INF\lib\commons-collections-3.1.jar;F:\myeclipse10.7.1workspace\hibernate\WebRoot\WEB-INF\lib\dom4j-1.6.1.jar;F:\myeclipse10.7.1workspace\hibernate\WebRoot\WEB-INF\lib\ehcache-1.2.3.jar;F:\myeclipse10.7.1workspace\hibernate\WebRoot\WEB-INF\lib\ejb3-persistence.jar;F:\myeclipse10.7.1workspace\hibernate\WebRoot\WEB-INF\lib\hibernate-annotations.jar;F:\myeclipse10.7.1workspace\hibernate\WebRoot\WEB-INF\lib\hibernate-commons-annotations.jar;F:\myeclipse10.7.1workspace\hibernate\WebRoot\WEB-INF\lib\hibernate-entitymanager.jar;F:\myeclipse10.7.1workspace\hibernate\WebRoot\WEB-INF\lib\hibernate-validator.jar;F:\myeclipse10.7.1workspace\hibernate\WebRoot\WEB-INF\lib\hibernate3.jar;F:\myeclipse10.7.1workspace\hibernate\WebRoot\WEB-INF\lib\javassist-3.9.0.GA.jar;F:\myeclipse10.7.1workspace\hibernate\WebRoot\WEB-INF\lib\jta-1.1.jar;F:\myeclipse10.7.1workspace\hibernate\WebRoot\WEB-INF\lib\log4j-1.2.14.jar;F:\myeclipse10.7.1workspace\hibernate\WebRoot\WEB-INF\lib\slf4j-api-1.5.8.jar;F:\myeclipse10.7.1workspace\hibernate\WebRoot\WEB-INF\lib\slf4j-log4j12-1.5.8.jar;F:\myeclipse10.7.1workspace\hibernate\WebRoot\WEB-INF\lib\sqljdbc4.jar;D:\myeclipse\Common\plugins\com.genuitec.eclipse.lib.hibernate41_10.5.0.me201207241813\data\4.1\lib\optional\ehcache\slf4j-api-1.6.1.jar;D:\myeclipse\Common\plugins\com.genuitec.eclipse.lib.hibernate41_10.5.0.me201207241813\data\4.1\lib\required\antlr-2.7.7.jar;D:\myeclipse\Common\plugins\com.genuitec.eclipse.lib.hibernate41_10.5.0.me201207241813\data\4.1\lib\required\dom4j-1.6.1.jar;D:\myeclipse\Common\plugins\com.genuitec.eclipse.lib.hibernate41_10.5.0.me201207241813\data\4.1\lib\required\hibernate-commons-annotations-4.0.1.Final.jar;D:\myeclipse\Common\plugins\com.genuitec.eclipse.lib.hibernate41_10.5.0.me201207241813\data\4.1\lib\required\hibernate-core-4.1.4.Final.jar;D:\myeclipse\Common\plugins\com.genuitec.eclipse.lib.hibernate41_10.5.0.me201207241813\data\4.1\lib\required\hibernate-jpa-2.0-api-1.0.1.Final.jar;D:\myeclipse\Common\plugins\com.genuitec.eclipse.lib.hibernate41_10.5.0.me201207241813\data\4.1\lib\required\javassist-3.15.0-GA.jar;D:\myeclipse\Common\plugins\com.genuitec.eclipse.lib.hibernate41_10.5.0.me201207241813\data\4.1\lib\required\jboss-logging-3.1.0.GA.jar;D:\myeclipse\Common\plugins\com.genuitec.eclipse.lib.hibernate41_10.5.0.me201207241813\data\4.1\lib\required\jboss-transaction-api_1.1_spec-1.0.0.Final.jar;D:\myeclipse\Common\plugins\com.genuitec.eclipse.lib.hibernate41_10.5.0.me201207241813\data\4.1\lib\jpa\hibernate-entitymanager-4.1.4.Final.jar;D:\myeclipse\Common\plugins\org.junit_4.8.2.v4_8_2_v20110321-1705\junit.jar;D:\myeclipse\Common\plugins\org.hamcrest.core_1.1.0.v20090501071000.jar;/D:/myeclipse/MyEclipse 10/configuration/org.eclipse.osgi/bundles/704/1/.cp/;/D:/myeclipse/MyEclipse 10/configuration/org.eclipse.osgi/bundles/702/1/.cp/;/D:/myeclipse/MyEclipse 10/configuration/org.eclipse.osgi/bundles/703/1/.cp/, hibernate.bytecode.use_reflection_optimizer=false, hibernate.show_sql=true, java.vm.specification.version=1.0, java.home=D:\myeclipse\Common\binary\com.sun.java.jdk.win32.x86_64_1.6.0.013\jre, sun.arch.data.model=64, hibernate.connection.url=jdbc:sqlserver://localhost:1433;databaseName=account, hibernate.dialect=org.hibernate.dialect.SQLServerDialect, user.language=zh, java.specification.vendor=Sun Microsystems Inc., awt.toolkit=sun.awt.windows.WToolkit, java.vm.info=mixed mode, java.version=1.6.0_13, java.ext.dirs=D:\myeclipse\Common\binary\com.sun.java.jdk.win32.x86_64_1.6.0.013\jre\lib\ext;C:\Windows\Sun\Java\lib\ext, sun.boot.class.path=D:\myeclipse\Common\binary\com.sun.java.jdk.win32.x86_64_1.6.0.013\jre\lib\resources.jar;D:\myeclipse\Common\binary\com.sun.java.jdk.win32.x86_64_1.6.0.013\jre\lib\rt.jar;D:\myeclipse\Common\binary\com.sun.java.jdk.win32.x86_64_1.6.0.013\jre\lib\sunrsasign.jar;D:\myeclipse\Common\binary\com.sun.java.jdk.win32.x86_64_1.6.0.013\jre\lib\jsse.jar;D:\myeclipse\Common\binary\com.sun.java.jdk.win32.x86_64_1.6.0.013\jre\lib\jce.jar;D:\myeclipse\Common\binary\com.sun.java.jdk.win32.x86_64_1.6.0.013\jre\lib\charsets.jar;D:\myeclipse\Common\binary\com.sun.java.jdk.win32.x86_64_1.6.0.013\jre\classes;D:\myeclipse\Common\plugins\com.genuitec.eclipse.j2eedt.core_10.5.0.me201207171805\data\libraryset\EE_5\javaee.jar;D:\myeclipse\Common\plugins\com.genuitec.eclipse.j2eedt.core_10.5.0.me201207171805\data\libraryset\EE_5\jsf-impl.jar;D:\myeclipse\Common\plugins\com.genuitec.eclipse.j2eedt.core_10.5.0.me201207171805\data\libraryset\EE_5\jsf-api.jar;D:\myeclipse\Common\plugins\com.genuitec.eclipse.j2eedt.core_10.5.0.me201207171805\data\libraryset\EE_5\jstl-1.2.jar, java.vendor=Sun Microsystems Inc., file.separator=\, hibernate.hbm2ddl.auto=update, java.vendor.url.bug=http://java.sun.com/cgi-bin/bugreport.cgi, sun.io.unicode.encoding=UnicodeLittle, sun.cpu.endian=little, sun.desktop=windows, sun.cpu.isalist=amd64}
 org.hibernate.cfg.Configuration.doConfigure(Configuration.java:1590)2017-08-08 20:37:14Preparing to build session factory with filters : {}
 org.hibernate.cfg.Configuration.buildSessionFactory(Configuration.java:1332)2017-08-08 20:37:14processing extends queue
 org.hibernate.cfg.Configuration.secondPassCompile(Configuration.java:1167)2017-08-08 20:37:14processing collection mappings
 org.hibernate.cfg.Configuration.secondPassCompile(Configuration.java:1171)2017-08-08 20:37:14processing native query and ResultSetMapping mappings
 org.hibernate.cfg.Configuration.secondPassCompile(Configuration.java:1182)2017-08-08 20:37:14processing association property references
 org.hibernate.cfg.Configuration.secondPassCompile(Configuration.java:1190)2017-08-08 20:37:14processing foreign key constraints
 org.hibernate.cfg.Configuration.secondPassCompile(Configuration.java:1212)2017-08-08 20:37:14Using Hibernate built-in connection pool (not for production use!)
 org.hibernate.connection.DriverManagerConnectionProvider.configure(DriverManagerConnectionProvider.java:64)2017-08-08 20:37:14Hibernate connection pool size: 20
 org.hibernate.connection.DriverManagerConnectionProvider.configure(DriverManagerConnectionProvider.java:65)2017-08-08 20:37:14autocommit mode: false
 org.hibernate.connection.DriverManagerConnectionProvider.configure(DriverManagerConnectionProvider.java:68)2017-08-08 20:37:14using driver: com.microsoft.sqlserver.jdbc.SQLServerDriver at URL: jdbc:sqlserver://localhost:1433;databaseName=account
 org.hibernate.connection.DriverManagerConnectionProvider.configure(DriverManagerConnectionProvider.java:103)2017-08-08 20:37:14connection properties: {user=sa, password=caijie}
 org.hibernate.connection.DriverManagerConnectionProvider.configure(DriverManagerConnectionProvider.java:106)2017-08-08 20:37:14opening new JDBC connection
 org.hibernate.connection.DriverManagerConnectionProvider.getConnection(DriverManagerConnectionProvider.java:132)2017-08-08 20:37:14created connection to: jdbc:sqlserver://localhost:1433;databaseName=account, Isolation Level: 2
 org.hibernate.connection.DriverManagerConnectionProvider.getConnection(DriverManagerConnectionProvider.java:138)2017-08-08 20:37:14RDBMS: Microsoft SQL Server, version: 10.00.1600
 org.hibernate.cfg.SettingsFactory.buildSettings(SettingsFactory.java:114)2017-08-08 20:37:14JDBC driver: Microsoft JDBC Driver 4.0 for SQL Server, version: 4.0.2206.100
 org.hibernate.cfg.SettingsFactory.buildSettings(SettingsFactory.java:115)2017-08-08 20:37:14Using dialect: org.hibernate.dialect.SQLServerDialect
 org.hibernate.dialect.Dialect.<init>(Dialect.java:175)2017-08-08 20:37:14Using default transaction strategy (direct JDBC transactions)
 org.hibernate.transaction.TransactionFactoryFactory.buildTransactionFactory(TransactionFactoryFactory.java:59)2017-08-08 20:37:14No TransactionManagerLookup configured (in JTA environment, use of read-write or transactional second-level cache is not recommended)
 org.hibernate.transaction.TransactionManagerLookupFactory.getTransactionManagerLookup(TransactionManagerLookupFactory.java:80)2017-08-08 20:37:14Automatic flush during beforeCompletion(): disabled
 org.hibernate.cfg.SettingsFactory.buildSettings(SettingsFactory.java:161)2017-08-08 20:37:14Automatic session close at end of transaction: disabled
 org.hibernate.cfg.SettingsFactory.buildSettings(SettingsFactory.java:165)2017-08-08 20:37:14Scrollable result sets: enabled
 org.hibernate.cfg.SettingsFactory.buildSettings(SettingsFactory.java:180)2017-08-08 20:37:14Wrap result sets: disabled
 org.hibernate.cfg.SettingsFactory.buildSettings(SettingsFactory.java:184)2017-08-08 20:37:14JDBC3 getGeneratedKeys(): enabled
 org.hibernate.cfg.SettingsFactory.buildSettings(SettingsFactory.java:188)2017-08-08 20:37:14Connection release mode: auto
 org.hibernate.cfg.SettingsFactory.buildSettings(SettingsFactory.java:196)2017-08-08 20:37:14Default batch fetch size: 1
 org.hibernate.cfg.SettingsFactory.buildSettings(SettingsFactory.java:223)2017-08-08 20:37:14Generate SQL with comments: disabled
 org.hibernate.cfg.SettingsFactory.buildSettings(SettingsFactory.java:227)2017-08-08 20:37:14Order SQL updates by primary key: disabled
 org.hibernate.cfg.SettingsFactory.buildSettings(SettingsFactory.java:231)2017-08-08 20:37:14Order SQL inserts for batching: disabled
 org.hibernate.cfg.SettingsFactory.buildSettings(SettingsFactory.java:235)2017-08-08 20:37:14Query translator: org.hibernate.hql.ast.ASTQueryTranslatorFactory
 org.hibernate.cfg.SettingsFactory.createQueryTranslatorFactory(SettingsFactory.java:397)2017-08-08 20:37:14Using ASTQueryTranslatorFactory
 org.hibernate.hql.ast.ASTQueryTranslatorFactory.<init>(ASTQueryTranslatorFactory.java:47)2017-08-08 20:37:14Query language substitutions: {}
 org.hibernate.cfg.SettingsFactory.buildSettings(SettingsFactory.java:243)2017-08-08 20:37:14JPA-QL strict compliance: disabled
 org.hibernate.cfg.SettingsFactory.buildSettings(SettingsFactory.java:248)2017-08-08 20:37:14Second-level cache: enabled
 org.hibernate.cfg.SettingsFactory.buildSettings(SettingsFactory.java:253)2017-08-08 20:37:14Query cache: disabled
 org.hibernate.cfg.SettingsFactory.buildSettings(SettingsFactory.java:257)2017-08-08 20:37:14Cache region factory : org.hibernate.cache.impl.NoCachingRegionFactory
 org.hibernate.cfg.SettingsFactory.createRegionFactory(SettingsFactory.java:382)2017-08-08 20:37:14Optimize cache for minimal puts: disabled
 org.hibernate.cfg.SettingsFactory.buildSettings(SettingsFactory.java:267)2017-08-08 20:37:14Structured second-level cache entries: disabled
 org.hibernate.cfg.SettingsFactory.buildSettings(SettingsFactory.java:276)2017-08-08 20:37:14Echoing all SQL to stdout
 org.hibernate.cfg.SettingsFactory.buildSettings(SettingsFactory.java:296)2017-08-08 20:37:14Statistics: disabled
 org.hibernate.cfg.SettingsFactory.buildSettings(SettingsFactory.java:305)2017-08-08 20:37:14Deleted entity synthetic identifier rollback: disabled
 org.hibernate.cfg.SettingsFactory.buildSettings(SettingsFactory.java:309)2017-08-08 20:37:14Default entity-mode: pojo
 org.hibernate.cfg.SettingsFactory.buildSettings(SettingsFactory.java:324)2017-08-08 20:37:14Named query checking : enabled
 org.hibernate.cfg.SettingsFactory.buildSettings(SettingsFactory.java:328)2017-08-08 20:37:14building session factory
 org.hibernate.impl.SessionFactoryImpl.<init>(SessionFactoryImpl.java:193)2017-08-08 20:37:14Session factory constructed with filter configurations : {}
 org.hibernate.impl.SessionFactoryImpl.<init>(SessionFactoryImpl.java:211)2017-08-08 20:37:14instantiating session factory with properties: {java.runtime.name=Java(TM) SE Runtime Environment, hibernate.connection.password=caijie, sun.boot.library.path=D:\myeclipse\Common\binary\com.sun.java.jdk.win32.x86_64_1.6.0.013\jre\bin, java.vm.version=11.3-b02, hibernate.connection.username=sa, java.vm.vendor=Sun Microsystems Inc., java.vendor.url=http://java.sun.com/, path.separator=;, java.vm.name=Java HotSpot(TM) 64-Bit Server VM, file.encoding.pkg=sun.io, user.country=CN, sun.java.launcher=SUN_STANDARD, sun.os.patch.level=Service Pack 1, java.vm.specification.name=Java Virtual Machine Specification, user.dir=F:\myeclipse10.7.1workspace\hibernate, java.runtime.version=1.6.0_13-b03, java.awt.graphicsenv=sun.awt.Win32GraphicsEnvironment, java.endorsed.dirs=D:\myeclipse\Common\binary\com.sun.java.jdk.win32.x86_64_1.6.0.013\jre\lib\endorsed, os.arch=amd64, java.io.tmpdir=C:\Windows\TEMP\, line.separator=
, java.vm.specification.vendor=Sun Microsystems Inc., user.variant=, os.name=Windows Vista, sun.jnu.encoding=GBK, java.library.path=D:\myeclipse\Common\binary\com.sun.java.jdk.win32.x86_64_1.6.0.013\bin;.;C:\Windows\Sun\Java\bin;C:\Windows\system32;C:\Windows;C:\ProgramData\Oracle\Java\javapath;C:\Windows\system32;C:\Windows;C:\Windows\System32\Wbem;C:\Windows\System32\WindowsPowerShell\v1.0\;F:\JDK\bin;F:\SQL2008\100\Tools\Binn\;F:\SQLservice\100\Tools\Binn\;F:\SQLservice\100\DTS\Binn\;F:\SQL2008\100\Tools\Binn\VSShell\Common7\IDE\;F:\SQL2008\100\DTS\Binn\;F:\mysql\mysql5.6.31\bin, java.specification.name=Java Platform API Specification, java.class.version=50.0, sun.management.compiler=HotSpot 64-Bit Server Compiler, os.version=6.1, user.home=C:\Users\Administrator, user.timezone=Asia/Shanghai, java.awt.printerjob=sun.awt.windows.WPrinterJob, file.encoding=UTF-8, java.specification.version=1.6, hibernate.connection.driver_class=com.microsoft.sqlserver.jdbc.SQLServerDriver, java.class.path=F:\myeclipse10.7.1workspace\hibernate\WebRoot\WEB-INF\classes;F:\myeclipse10.7.1workspace\hibernate\WebRoot\WEB-INF\lib\antlr-2.7.6.jar;F:\myeclipse10.7.1workspace\hibernate\WebRoot\WEB-INF\lib\cglib-2.2.jar;F:\myeclipse10.7.1workspace\hibernate\WebRoot\WEB-INF\lib\commons-collections-3.1.jar;F:\myeclipse10.7.1workspace\hibernate\WebRoot\WEB-INF\lib\dom4j-1.6.1.jar;F:\myeclipse10.7.1workspace\hibernate\WebRoot\WEB-INF\lib\ehcache-1.2.3.jar;F:\myeclipse10.7.1workspace\hibernate\WebRoot\WEB-INF\lib\ejb3-persistence.jar;F:\myeclipse10.7.1workspace\hibernate\WebRoot\WEB-INF\lib\hibernate-annotations.jar;F:\myeclipse10.7.1workspace\hibernate\WebRoot\WEB-INF\lib\hibernate-commons-annotations.jar;F:\myeclipse10.7.1workspace\hibernate\WebRoot\WEB-INF\lib\hibernate-entitymanager.jar;F:\myeclipse10.7.1workspace\hibernate\WebRoot\WEB-INF\lib\hibernate-validator.jar;F:\myeclipse10.7.1workspace\hibernate\WebRoot\WEB-INF\lib\hibernate3.jar;F:\myeclipse10.7.1workspace\hibernate\WebRoot\WEB-INF\lib\javassist-3.9.0.GA.jar;F:\myeclipse10.7.1workspace\hibernate\WebRoot\WEB-INF\lib\jta-1.1.jar;F:\myeclipse10.7.1workspace\hibernate\WebRoot\WEB-INF\lib\log4j-1.2.14.jar;F:\myeclipse10.7.1workspace\hibernate\WebRoot\WEB-INF\lib\slf4j-api-1.5.8.jar;F:\myeclipse10.7.1workspace\hibernate\WebRoot\WEB-INF\lib\slf4j-log4j12-1.5.8.jar;F:\myeclipse10.7.1workspace\hibernate\WebRoot\WEB-INF\lib\sqljdbc4.jar;D:\myeclipse\Common\plugins\com.genuitec.eclipse.lib.hibernate41_10.5.0.me201207241813\data\4.1\lib\optional\ehcache\slf4j-api-1.6.1.jar;D:\myeclipse\Common\plugins\com.genuitec.eclipse.lib.hibernate41_10.5.0.me201207241813\data\4.1\lib\required\antlr-2.7.7.jar;D:\myeclipse\Common\plugins\com.genuitec.eclipse.lib.hibernate41_10.5.0.me201207241813\data\4.1\lib\required\dom4j-1.6.1.jar;D:\myeclipse\Common\plugins\com.genuitec.eclipse.lib.hibernate41_10.5.0.me201207241813\data\4.1\lib\required\hibernate-commons-annotations-4.0.1.Final.jar;D:\myeclipse\Common\plugins\com.genuitec.eclipse.lib.hibernate41_10.5.0.me201207241813\data\4.1\lib\required\hibernate-core-4.1.4.Final.jar;D:\myeclipse\Common\plugins\com.genuitec.eclipse.lib.hibernate41_10.5.0.me201207241813\data\4.1\lib\required\hibernate-jpa-2.0-api-1.0.1.Final.jar;D:\myeclipse\Common\plugins\com.genuitec.eclipse.lib.hibernate41_10.5.0.me201207241813\data\4.1\lib\required\javassist-3.15.0-GA.jar;D:\myeclipse\Common\plugins\com.genuitec.eclipse.lib.hibernate41_10.5.0.me201207241813\data\4.1\lib\required\jboss-logging-3.1.0.GA.jar;D:\myeclipse\Common\plugins\com.genuitec.eclipse.lib.hibernate41_10.5.0.me201207241813\data\4.1\lib\required\jboss-transaction-api_1.1_spec-1.0.0.Final.jar;D:\myeclipse\Common\plugins\com.genuitec.eclipse.lib.hibernate41_10.5.0.me201207241813\data\4.1\lib\jpa\hibernate-entitymanager-4.1.4.Final.jar;D:\myeclipse\Common\plugins\org.junit_4.8.2.v4_8_2_v20110321-1705\junit.jar;D:\myeclipse\Common\plugins\org.hamcrest.core_1.1.0.v20090501071000.jar;/D:/myeclipse/MyEclipse 10/configuration/org.eclipse.osgi/bundles/704/1/.cp/;/D:/myeclipse/MyEclipse 10/configuration/org.eclipse.osgi/bundles/702/1/.cp/;/D:/myeclipse/MyEclipse 10/configuration/org.eclipse.osgi/bundles/703/1/.cp/, user.name=Administrator, hibernate.bytecode.use_reflection_optimizer=false, hibernate.show_sql=true, java.vm.specification.version=1.0, sun.arch.data.model=64, java.home=D:\myeclipse\Common\binary\com.sun.java.jdk.win32.x86_64_1.6.0.013\jre, hibernate.dialect=org.hibernate.dialect.SQLServerDialect, hibernate.connection.url=jdbc:sqlserver://localhost:1433;databaseName=account, java.specification.vendor=Sun Microsystems Inc., user.language=zh, awt.toolkit=sun.awt.windows.WToolkit, java.vm.info=mixed mode, java.version=1.6.0_13, java.ext.dirs=D:\myeclipse\Common\binary\com.sun.java.jdk.win32.x86_64_1.6.0.013\jre\lib\ext;C:\Windows\Sun\Java\lib\ext, sun.boot.class.path=D:\myeclipse\Common\binary\com.sun.java.jdk.win32.x86_64_1.6.0.013\jre\lib\resources.jar;D:\myeclipse\Common\binary\com.sun.java.jdk.win32.x86_64_1.6.0.013\jre\lib\rt.jar;D:\myeclipse\Common\binary\com.sun.java.jdk.win32.x86_64_1.6.0.013\jre\lib\sunrsasign.jar;D:\myeclipse\Common\binary\com.sun.java.jdk.win32.x86_64_1.6.0.013\jre\lib\jsse.jar;D:\myeclipse\Common\binary\com.sun.java.jdk.win32.x86_64_1.6.0.013\jre\lib\jce.jar;D:\myeclipse\Common\binary\com.sun.java.jdk.win32.x86_64_1.6.0.013\jre\lib\charsets.jar;D:\myeclipse\Common\binary\com.sun.java.jdk.win32.x86_64_1.6.0.013\jre\classes;D:\myeclipse\Common\plugins\com.genuitec.eclipse.j2eedt.core_10.5.0.me201207171805\data\libraryset\EE_5\javaee.jar;D:\myeclipse\Common\plugins\com.genuitec.eclipse.j2eedt.core_10.5.0.me201207171805\data\libraryset\EE_5\jsf-impl.jar;D:\myeclipse\Common\plugins\com.genuitec.eclipse.j2eedt.core_10.5.0.me201207171805\data\libraryset\EE_5\jsf-api.jar;D:\myeclipse\Common\plugins\com.genuitec.eclipse.j2eedt.core_10.5.0.me201207171805\data\libraryset\EE_5\jstl-1.2.jar, java.vendor=Sun Microsystems Inc., file.separator=\, java.vendor.url.bug=http://java.sun.com/cgi-bin/bugreport.cgi, hibernate.hbm2ddl.auto=update, sun.cpu.endian=little, sun.io.unicode.encoding=UnicodeLittle, sun.desktop=windows, sun.cpu.isalist=amd64}
 org.hibernate.impl.SessionFactoryImpl.<init>(SessionFactoryImpl.java:215)2017-08-08 20:37:14Static SQL for entity: com.xtkj.pojo.User
 org.hibernate.persister.entity.AbstractEntityPersister.logStaticSQL(AbstractEntityPersister.java:2756)2017-08-08 20:37:14 Version select: select TId from user where TId =?
 org.hibernate.persister.entity.AbstractEntityPersister.logStaticSQL(AbstractEntityPersister.java:2761)2017-08-08 20:37:14 Snapshot select: select user_.TId, user_.account as account0_, user_.pwd as pwd0_ from user user_ where user_.TId=?
 org.hibernate.persister.entity.AbstractEntityPersister.logStaticSQL(AbstractEntityPersister.java:2764)2017-08-08 20:37:14 Insert 0: insert into user (account, pwd, TId) values (?, ?, ?)
 org.hibernate.persister.entity.AbstractEntityPersister.logStaticSQL(AbstractEntityPersister.java:2767)2017-08-08 20:37:14 Update 0: update user set account=?, pwd=? where TId=?
 org.hibernate.persister.entity.AbstractEntityPersister.logStaticSQL(AbstractEntityPersister.java:2768)2017-08-08 20:37:14 Delete 0: delete from user where TId=?
 org.hibernate.persister.entity.AbstractEntityPersister.logStaticSQL(AbstractEntityPersister.java:2769)2017-08-08 20:37:14 Identity insert: insert into user (account, pwd) values (?, ?)
 org.hibernate.persister.entity.AbstractEntityPersister.logStaticSQL(AbstractEntityPersister.java:2773)2017-08-08 20:37:14Static select for entity com.xtkj.pojo.User: select user0_.TId as TId0_0_, user0_.account as account0_0_, user0_.pwd as pwd0_0_ from user user0_ where user0_.TId=?
 org.hibernate.loader.entity.EntityLoader.<init>(EntityLoader.java:102)2017-08-08 20:37:14Static select for entity com.xtkj.pojo.User: select user0_.TId as TId0_0_, user0_.account as account0_0_, user0_.pwd as pwd0_0_ from user user0_ where user0_.TId=?
 org.hibernate.loader.entity.EntityLoader.<init>(EntityLoader.java:102)2017-08-08 20:37:14Static select for entity com.xtkj.pojo.User: select user0_.TId as TId0_0_, user0_.account as account0_0_, user0_.pwd as pwd0_0_ from user user0_ with (updlock, rowlock) where user0_.TId=?
 org.hibernate.loader.entity.EntityLoader.<init>(EntityLoader.java:102)2017-08-08 20:37:14Static select for entity com.xtkj.pojo.User: select user0_.TId as TId0_0_, user0_.account as account0_0_, user0_.pwd as pwd0_0_ from user user0_ with (updlock, rowlock) where user0_.TId=?
 org.hibernate.loader.entity.EntityLoader.<init>(EntityLoader.java:102)2017-08-08 20:37:14Static select for entity com.xtkj.pojo.User: select user0_.TId as TId0_0_, user0_.account as account0_0_, user0_.pwd as pwd0_0_ from user user0_ with (updlock, rowlock) where user0_.TId=?
 org.hibernate.loader.entity.EntityLoader.<init>(EntityLoader.java:102)2017-08-08 20:37:14Static select for action ACTION_MERGE on entity com.xtkj.pojo.User: select user0_.TId as TId0_0_, user0_.account as account0_0_, user0_.pwd as pwd0_0_ from user user0_ where user0_.TId=?
 org.hibernate.loader.entity.CascadeEntityLoader.<init>(CascadeEntityLoader.java:57)2017-08-08 20:37:14Static select for action ACTION_REFRESH on entity com.xtkj.pojo.User: select user0_.TId as TId0_0_, user0_.account as account0_0_, user0_.pwd as pwd0_0_ from user user0_ where user0_.TId=?
 org.hibernate.loader.entity.CascadeEntityLoader.<init>(CascadeEntityLoader.java:57)2017-08-08 20:37:15initializing class SessionFactoryObjectFactory
 org.hibernate.impl.SessionFactoryObjectFactory.<clinit>(SessionFactoryObjectFactory.java:62)2017-08-08 20:37:15registered: 402882145dc1d95f015dc1d9607b0000 (unnamed)
 org.hibernate.impl.SessionFactoryObjectFactory.addInstance(SessionFactoryObjectFactory.java:99)2017-08-08 20:37:15Not binding factory to JNDI, no JNDI name configured
 org.hibernate.impl.SessionFactoryObjectFactory.addInstance(SessionFactoryObjectFactory.java:105)2017-08-08 20:37:15instantiated session factory
 org.hibernate.impl.SessionFactoryImpl.<init>(SessionFactoryImpl.java:350)2017-08-08 20:37:15Running hbm2ddl schema update
 org.hibernate.tool.hbm2ddl.SchemaUpdate.execute(SchemaUpdate.java:155)2017-08-08 20:37:15fetching database metadata
 org.hibernate.tool.hbm2ddl.SchemaUpdate.execute(SchemaUpdate.java:167)2017-08-08 20:37:15updating schema
 org.hibernate.tool.hbm2ddl.SchemaUpdate.execute(SchemaUpdate.java:179)2017-08-08 20:37:15processing extends queue
 org.hibernate.cfg.Configuration.secondPassCompile(Configuration.java:1167)2017-08-08 20:37:15processing collection mappings
 org.hibernate.cfg.Configuration.secondPassCompile(Configuration.java:1171)2017-08-08 20:37:15processing native query and ResultSetMapping mappings
 org.hibernate.cfg.Configuration.secondPassCompile(Configuration.java:1182)2017-08-08 20:37:15processing association property references
 org.hibernate.cfg.Configuration.secondPassCompile(Configuration.java:1190)2017-08-08 20:37:15processing foreign key constraints
 org.hibernate.cfg.Configuration.secondPassCompile(Configuration.java:1212)2017-08-08 20:37:15table not found: user
 org.hibernate.tool.hbm2ddl.DatabaseMetadata.getTableMetadata(DatabaseMetadata.java:119)2017-08-08 20:37:15table not found: user
 org.hibernate.tool.hbm2ddl.DatabaseMetadata.getTableMetadata(DatabaseMetadata.java:119)2017-08-08 20:37:15create table user (TId int identity not null, account varchar(255) null, pwd varchar(255) null, primary key (TId))
 org.hibernate.tool.hbm2ddl.SchemaUpdate.execute(SchemaUpdate.java:203)2017-08-08 20:37:15Unsuccessful: create table user (TId int identity not null, account varchar(255) null, pwd varchar(255) null, primary key (TId))
 org.hibernate.tool.hbm2ddl.SchemaUpdate.execute(SchemaUpdate.java:212)2017-08-08 20:37:15关键字 'user' 附近有语法错误。
 org.hibernate.tool.hbm2ddl.SchemaUpdate.execute(SchemaUpdate.java:213)2017-08-08 20:37:15schema update complete
 org.hibernate.tool.hbm2ddl.SchemaUpdate.execute(SchemaUpdate.java:217)2017-08-08 20:37:15Checking 0 named HQL queries
 org.hibernate.impl.SessionFactoryImpl.checkNamedQueries(SessionFactoryImpl.java:474)2017-08-08 20:37:15Checking 0 named SQL queries
 org.hibernate.impl.SessionFactoryImpl.checkNamedQueries(SessionFactoryImpl.java:494)2017-08-08 20:37:15opened session at timestamp: 15021958351
 org.hibernate.impl.SessionImpl.<init>(SessionImpl.java:248)2017-08-08 20:37:15begin
 org.hibernate.transaction.JDBCTransaction.begin(JDBCTransaction.java:82)2017-08-08 20:37:15opening JDBC connection
 org.hibernate.jdbc.ConnectionManager.openConnection(ConnectionManager.java:444)2017-08-08 20:37:15current autocommit status: false
 org.hibernate.transaction.JDBCTransaction.begin(JDBCTransaction.java:87)2017-08-08 20:37:15executing identity-insert immediately
 org.hibernate.event.def.AbstractSaveEventListener.performSaveOrReplicate(AbstractSaveEventListener.java:320)2017-08-08 20:37:15about to open PreparedStatement (open PreparedStatements: 0, globally: 0)
 org.hibernate.jdbc.AbstractBatcher.logOpenPreparedStatement(AbstractBatcher.java:410)2017-08-08 20:37:15insert into user (account, pwd) values (?, ?)
 org.hibernate.jdbc.util.SQLStatementLogger.logStatement(SQLStatementLogger.java:111)2017-08-08 20:37:15about to close PreparedStatement (open PreparedStatements: 1, globally: 1)
 org.hibernate.jdbc.AbstractBatcher.logClosePreparedStatement(AbstractBatcher.java:418)2017-08-08 20:37:15could not insert: [com.xtkj.pojo.User] [insert into user (account, pwd) values (?, ?)]
 org.hibernate.util.JDBCExceptionReporter.logExceptions(JDBCExceptionReporter.java:92)com.microsoft.sqlserver.jdbc.SQLServerException: 关键字 'user' 附近有语法错误。
	at com.microsoft.sqlserver.jdbc.SQLServerException.makeFromDatabaseError(SQLServerException.java:216)
	at com.microsoft.sqlserver.jdbc.SQLServerStatement.getNextResult(SQLServerStatement.java:1515)
	at com.microsoft.sqlserver.jdbc.SQLServerPreparedStatement.doExecutePreparedStatement(SQLServerPreparedStatement.java:404)
	at com.microsoft.sqlserver.jdbc.SQLServerPreparedStatement$PrepStmtExecCmd.doExecute(SQLServerPreparedStatement.java:350)
	at com.microsoft.sqlserver.jdbc.TDSCommand.execute(IOBuffer.java:5696)
	at com.microsoft.sqlserver.jdbc.SQLServerConnection.executeCommand(SQLServerConnection.java:1715)
	at com.microsoft.sqlserver.jdbc.SQLServerStatement.executeCommand(SQLServerStatement.java:180)
	at com.microsoft.sqlserver.jdbc.SQLServerStatement.executeStatement(SQLServerStatement.java:155)
	at com.microsoft.sqlserver.jdbc.SQLServerPreparedStatement.executeUpdate(SQLServerPreparedStatement.java:314)
	at org.hibernate.id.IdentityGenerator$GetGeneratedKeysDelegate.executeAndExtract(IdentityGenerator.java:94)
	at org.hibernate.id.insert.AbstractReturningDelegate.performInsert(AbstractReturningDelegate.java:57)
	at org.hibernate.persister.entity.AbstractEntityPersister.insert(AbstractEntityPersister.java:2176)
	at org.hibernate.persister.entity.AbstractEntityPersister.insert(AbstractEntityPersister.java:2656)
	at org.hibernate.action.EntityIdentityInsertAction.execute(EntityIdentityInsertAction.java:71)
	at org.hibernate.engine.ActionQueue.execute(ActionQueue.java:279)
	at org.hibernate.event.def.AbstractSaveEventListener.performSaveOrReplicate(AbstractSaveEventListener.java:321)
	at org.hibernate.event.def.AbstractSaveEventListener.performSave(AbstractSaveEventListener.java:204)
	at org.hibernate.event.def.AbstractSaveEventListener.saveWithGeneratedId(AbstractSaveEventListener.java:130)
	at org.hibernate.event.def.DefaultSaveOrUpdateEventListener.saveWithGeneratedOrRequestedId(DefaultSaveOrUpdateEventListener.java:210)
	at org.hibernate.event.def.DefaultSaveEventListener.saveWithGeneratedOrRequestedId(DefaultSaveEventListener.java:56)
	at org.hibernate.event.def.DefaultSaveOrUpdateEventListener.entityIsTransient(DefaultSaveOrUpdateEventListener.java:195)
	at org.hibernate.event.def.DefaultSaveEventListener.performSaveOrUpdate(DefaultSaveEventListener.java:50)
	at org.hibernate.event.def.DefaultSaveOrUpdateEventListener.onSaveOrUpdate(DefaultSaveOrUpdateEventListener.java:93)
	at org.hibernate.impl.SessionImpl.fireSave(SessionImpl.java:563)
	at org.hibernate.impl.SessionImpl.save(SessionImpl.java:551)
	at org.hibernate.impl.SessionImpl.save(SessionImpl.java:547)
	at com.xtkj.test.HibernateTest.addT(HibernateTest.java:27)
	at sun.reflect.NativeMethodAccessorImpl.invoke0(Native Method)
	at sun.reflect.NativeMethodAccessorImpl.invoke(NativeMethodAccessorImpl.java:39)
	at sun.reflect.DelegatingMethodAccessorImpl.invoke(DelegatingMethodAccessorImpl.java:25)
	at java.lang.reflect.Method.invoke(Method.java:597)
	at org.junit.runners.model.FrameworkMethod$1.runReflectiveCall(FrameworkMethod.java:44)
	at org.junit.internal.runners.model.ReflectiveCallable.run(ReflectiveCallable.java:15)
	at org.junit.runners.model.FrameworkMethod.invokeExplosively(FrameworkMethod.java:41)
	at org.junit.internal.runners.statements.InvokeMethod.evaluate(InvokeMethod.java:20)
	at org.junit.runners.BlockJUnit4ClassRunner.runNotIgnored(BlockJUnit4ClassRunner.java:79)
	at org.junit.runners.BlockJUnit4ClassRunner.runChild(BlockJUnit4ClassRunner.java:71)
	at org.junit.runners.BlockJUnit4ClassRunner.runChild(BlockJUnit4ClassRunner.java:49)
	at org.junit.runners.ParentRunner$3.run(ParentRunner.java:193)
	at org.junit.runners.ParentRunner$1.schedule(ParentRunner.java:52)
	at org.junit.runners.ParentRunner.runChildren(ParentRunner.java:191)
	at org.junit.runners.ParentRunner.access$000(ParentRunner.java:42)
	at org.junit.runners.ParentRunner$2.evaluate(ParentRunner.java:184)
	at org.junit.runners.ParentRunner.run(ParentRunner.java:236)
	at org.eclipse.jdt.internal.junit4.runner.JUnit4TestReference.run(JUnit4TestReference.java:50)
	at org.eclipse.jdt.internal.junit.runner.TestExecution.run(TestExecution.java:38)
	at org.eclipse.jdt.internal.junit.runner.RemoteTestRunner.runTests(RemoteTestRunner.java:467)
	at org.eclipse.jdt.internal.junit.runner.RemoteTestRunner.runTests(RemoteTestRunner.java:683)
	at org.eclipse.jdt.internal.junit.runner.RemoteTestRunner.run(RemoteTestRunner.java:390)
	at org.eclipse.jdt.internal.junit.runner.RemoteTestRunner.main(RemoteTestRunner.java:197)
2017-08-08 20:37:15SQL Error: 156, SQLState: S0001
 org.hibernate.util.JDBCExceptionReporter.logExceptions(JDBCExceptionReporter.java:100)2017-08-08 20:37:15关键字 'user' 附近有语法错误。
 org.hibernate.util.JDBCExceptionReporter.logExceptions(JDBCExceptionReporter.java:101)2017-08-08 20:40:28Hibernate 3.3.2.GA
 org.hibernate.cfg.Environment.<clinit>(Environment.java:560)2017-08-08 20:40:28hibernate.properties not found
 org.hibernate.cfg.Environment.<clinit>(Environment.java:593)2017-08-08 20:40:28Bytecode provider name : javassist
 org.hibernate.cfg.Environment.buildBytecodeProvider(Environment.java:771)2017-08-08 20:40:28using JDK 1.4 java.sql.Timestamp handling
 org.hibernate.cfg.Environment.<clinit>(Environment.java:652)2017-08-08 20:40:28configuring from resource: /hibernate.cfg.xml
 org.hibernate.cfg.Configuration.configure(Configuration.java:1474)2017-08-08 20:40:28Configuration resource: /hibernate.cfg.xml
 org.hibernate.cfg.Configuration.getConfigurationInputStream(Configuration.java:1451)2017-08-08 20:40:28trying to resolve system-id [http://hibernate.sourceforge.NET/hibernate-configuration-3.0.dtd]
 org.hibernate.util.DTDEntityResolver.resolveEntity(DTDEntityResolver.java:64)2017-08-08 20:40:30hibernate.dialect=org.hibernate.dialect.SQLServerDialect
 org.hibernate.cfg.Configuration.addProperties(Configuration.java:1435)2017-08-08 20:40:30hibernate.connection.username=sa
 org.hibernate.cfg.Configuration.addProperties(Configuration.java:1435)2017-08-08 20:40:30hibernate.connection.password=caijie
 org.hibernate.cfg.Configuration.addProperties(Configuration.java:1435)2017-08-08 20:40:30hibernate.connection.driver_class=com.microsoft.sqlserver.jdbc.SQLServerDriver
 org.hibernate.cfg.Configuration.addProperties(Configuration.java:1435)2017-08-08 20:40:30hibernate.connection.url=jdbc:sqlserver://localhost:1433;databaseName=account
 org.hibernate.cfg.Configuration.addProperties(Configuration.java:1435)2017-08-08 20:40:30hibernate.show_sql=true
 org.hibernate.cfg.Configuration.addProperties(Configuration.java:1435)2017-08-08 20:40:30hibernate.hbm2ddl.auto=update
 org.hibernate.cfg.Configuration.addProperties(Configuration.java:1435)2017-08-08 20:40:30null<-org.dom4j.tree.DefaultAttribute@426295eb [Attribute: name resource value "com/xtkj/pojo/User.hbm.xml"]
 org.hibernate.cfg.Configuration.parseMappingElement(Configuration.java:1634)2017-08-08 20:40:30Reading mappings from resource : com/xtkj/pojo/User.hbm.xml
 org.hibernate.cfg.Configuration.addResource(Configuration.java:600)2017-08-08 20:40:30trying to resolve system-id [http://hibernate.sourceforge.net/hibernate-mapping-3.0.dtd]
 org.hibernate.util.DTDEntityResolver.resolveEntity(DTDEntityResolver.java:64)2017-08-08 20:40:30recognized hibernate namespace; attempting to resolve on classpath under org/hibernate/
 org.hibernate.util.DTDEntityResolver.resolveEntity(DTDEntityResolver.java:66)2017-08-08 20:40:30located [http://hibernate.sourceforge.net/hibernate-mapping-3.0.dtd] in classpath
 org.hibernate.util.DTDEntityResolver.resolveEntity(DTDEntityResolver.java:76)2017-08-08 20:40:30Mapping class: com.xtkj.pojo.User -> user
 org.hibernate.cfg.HbmBinder.bindRootPersistentClassCommonValues(HbmBinder.java:322)2017-08-08 20:40:30Mapped property: TId -> TId
 org.hibernate.cfg.HbmBinder.bindProperty(HbmBinder.java:1289)2017-08-08 20:40:30Mapped property: account -> account
 org.hibernate.cfg.HbmBinder.bindProperty(HbmBinder.java:1289)2017-08-08 20:40:30Mapped property: pwd -> pwd
 org.hibernate.cfg.HbmBinder.bindProperty(HbmBinder.java:1289)2017-08-08 20:40:30Configured SessionFactory: null
 org.hibernate.cfg.Configuration.doConfigure(Configuration.java:1589)2017-08-08 20:40:30properties: {hibernate.connection.password=caijie, java.runtime.name=Java(TM) SE Runtime Environment, sun.boot.library.path=D:\myeclipse\Common\binary\com.sun.java.jdk.win32.x86_64_1.6.0.013\jre\bin, java.vm.version=11.3-b02, hibernate.connection.username=sa, java.vm.vendor=Sun Microsystems Inc., java.vendor.url=http://java.sun.com/, path.separator=;, java.vm.name=Java HotSpot(TM) 64-Bit Server VM, file.encoding.pkg=sun.io, user.country=CN, sun.java.launcher=SUN_STANDARD, sun.os.patch.level=Service Pack 1, java.vm.specification.name=Java Virtual Machine Specification, user.dir=F:\myeclipse10.7.1workspace\hibernate, java.runtime.version=1.6.0_13-b03, java.awt.graphicsenv=sun.awt.Win32GraphicsEnvironment, java.endorsed.dirs=D:\myeclipse\Common\binary\com.sun.java.jdk.win32.x86_64_1.6.0.013\jre\lib\endorsed, os.arch=amd64, java.io.tmpdir=C:\Windows\TEMP\, line.separator=
, java.vm.specification.vendor=Sun Microsystems Inc., user.variant=, os.name=Windows Vista, sun.jnu.encoding=GBK, java.library.path=D:\myeclipse\Common\binary\com.sun.java.jdk.win32.x86_64_1.6.0.013\bin;.;C:\Windows\Sun\Java\bin;C:\Windows\system32;C:\Windows;C:\ProgramData\Oracle\Java\javapath;C:\Windows\system32;C:\Windows;C:\Windows\System32\Wbem;C:\Windows\System32\WindowsPowerShell\v1.0\;F:\JDK\bin;F:\SQL2008\100\Tools\Binn\;F:\SQLservice\100\Tools\Binn\;F:\SQLservice\100\DTS\Binn\;F:\SQL2008\100\Tools\Binn\VSShell\Common7\IDE\;F:\SQL2008\100\DTS\Binn\;F:\mysql\mysql5.6.31\bin, java.specification.name=Java Platform API Specification, java.class.version=50.0, sun.management.compiler=HotSpot 64-Bit Server Compiler, os.version=6.1, user.home=C:\Users\Administrator, user.timezone=Asia/Shanghai, java.awt.printerjob=sun.awt.windows.WPrinterJob, file.encoding=UTF-8, java.specification.version=1.6, hibernate.connection.driver_class=com.microsoft.sqlserver.jdbc.SQLServerDriver, user.name=Administrator, java.class.path=F:\myeclipse10.7.1workspace\hibernate\WebRoot\WEB-INF\classes;F:\myeclipse10.7.1workspace\hibernate\WebRoot\WEB-INF\lib\antlr-2.7.6.jar;F:\myeclipse10.7.1workspace\hibernate\WebRoot\WEB-INF\lib\cglib-2.2.jar;F:\myeclipse10.7.1workspace\hibernate\WebRoot\WEB-INF\lib\commons-collections-3.1.jar;F:\myeclipse10.7.1workspace\hibernate\WebRoot\WEB-INF\lib\dom4j-1.6.1.jar;F:\myeclipse10.7.1workspace\hibernate\WebRoot\WEB-INF\lib\ehcache-1.2.3.jar;F:\myeclipse10.7.1workspace\hibernate\WebRoot\WEB-INF\lib\ejb3-persistence.jar;F:\myeclipse10.7.1workspace\hibernate\WebRoot\WEB-INF\lib\hibernate-annotations.jar;F:\myeclipse10.7.1workspace\hibernate\WebRoot\WEB-INF\lib\hibernate-commons-annotations.jar;F:\myeclipse10.7.1workspace\hibernate\WebRoot\WEB-INF\lib\hibernate-entitymanager.jar;F:\myeclipse10.7.1workspace\hibernate\WebRoot\WEB-INF\lib\hibernate-validator.jar;F:\myeclipse10.7.1workspace\hibernate\WebRoot\WEB-INF\lib\hibernate3.jar;F:\myeclipse10.7.1workspace\hibernate\WebRoot\WEB-INF\lib\javassist-3.9.0.GA.jar;F:\myeclipse10.7.1workspace\hibernate\WebRoot\WEB-INF\lib\jta-1.1.jar;F:\myeclipse10.7.1workspace\hibernate\WebRoot\WEB-INF\lib\log4j-1.2.14.jar;F:\myeclipse10.7.1workspace\hibernate\WebRoot\WEB-INF\lib\slf4j-api-1.5.8.jar;F:\myeclipse10.7.1workspace\hibernate\WebRoot\WEB-INF\lib\slf4j-log4j12-1.5.8.jar;F:\myeclipse10.7.1workspace\hibernate\WebRoot\WEB-INF\lib\sqljdbc4.jar;D:\myeclipse\Common\plugins\com.genuitec.eclipse.lib.hibernate41_10.5.0.me201207241813\data\4.1\lib\optional\ehcache\slf4j-api-1.6.1.jar;D:\myeclipse\Common\plugins\com.genuitec.eclipse.lib.hibernate41_10.5.0.me201207241813\data\4.1\lib\required\antlr-2.7.7.jar;D:\myeclipse\Common\plugins\com.genuitec.eclipse.lib.hibernate41_10.5.0.me201207241813\data\4.1\lib\required\dom4j-1.6.1.jar;D:\myeclipse\Common\plugins\com.genuitec.eclipse.lib.hibernate41_10.5.0.me201207241813\data\4.1\lib\required\hibernate-commons-annotations-4.0.1.Final.jar;D:\myeclipse\Common\plugins\com.genuitec.eclipse.lib.hibernate41_10.5.0.me201207241813\data\4.1\lib\required\hibernate-core-4.1.4.Final.jar;D:\myeclipse\Common\plugins\com.genuitec.eclipse.lib.hibernate41_10.5.0.me201207241813\data\4.1\lib\required\hibernate-jpa-2.0-api-1.0.1.Final.jar;D:\myeclipse\Common\plugins\com.genuitec.eclipse.lib.hibernate41_10.5.0.me201207241813\data\4.1\lib\required\javassist-3.15.0-GA.jar;D:\myeclipse\Common\plugins\com.genuitec.eclipse.lib.hibernate41_10.5.0.me201207241813\data\4.1\lib\required\jboss-logging-3.1.0.GA.jar;D:\myeclipse\Common\plugins\com.genuitec.eclipse.lib.hibernate41_10.5.0.me201207241813\data\4.1\lib\required\jboss-transaction-api_1.1_spec-1.0.0.Final.jar;D:\myeclipse\Common\plugins\com.genuitec.eclipse.lib.hibernate41_10.5.0.me201207241813\data\4.1\lib\jpa\hibernate-entitymanager-4.1.4.Final.jar;D:\myeclipse\Common\plugins\org.junit_4.8.2.v4_8_2_v20110321-1705\junit.jar;D:\myeclipse\Common\plugins\org.hamcrest.core_1.1.0.v20090501071000.jar;/D:/myeclipse/MyEclipse 10/configuration/org.eclipse.osgi/bundles/704/1/.cp/;/D:/myeclipse/MyEclipse 10/configuration/org.eclipse.osgi/bundles/702/1/.cp/;/D:/myeclipse/MyEclipse 10/configuration/org.eclipse.osgi/bundles/703/1/.cp/, hibernate.bytecode.use_reflection_optimizer=false, hibernate.show_sql=true, java.vm.specification.version=1.0, java.home=D:\myeclipse\Common\binary\com.sun.java.jdk.win32.x86_64_1.6.0.013\jre, sun.arch.data.model=64, hibernate.connection.url=jdbc:sqlserver://localhost:1433;databaseName=account, hibernate.dialect=org.hibernate.dialect.SQLServerDialect, user.language=zh, java.specification.vendor=Sun Microsystems Inc., awt.toolkit=sun.awt.windows.WToolkit, java.vm.info=mixed mode, java.version=1.6.0_13, java.ext.dirs=D:\myeclipse\Common\binary\com.sun.java.jdk.win32.x86_64_1.6.0.013\jre\lib\ext;C:\Windows\Sun\Java\lib\ext, sun.boot.class.path=D:\myeclipse\Common\binary\com.sun.java.jdk.win32.x86_64_1.6.0.013\jre\lib\resources.jar;D:\myeclipse\Common\binary\com.sun.java.jdk.win32.x86_64_1.6.0.013\jre\lib\rt.jar;D:\myeclipse\Common\binary\com.sun.java.jdk.win32.x86_64_1.6.0.013\jre\lib\sunrsasign.jar;D:\myeclipse\Common\binary\com.sun.java.jdk.win32.x86_64_1.6.0.013\jre\lib\jsse.jar;D:\myeclipse\Common\binary\com.sun.java.jdk.win32.x86_64_1.6.0.013\jre\lib\jce.jar;D:\myeclipse\Common\binary\com.sun.java.jdk.win32.x86_64_1.6.0.013\jre\lib\charsets.jar;D:\myeclipse\Common\binary\com.sun.java.jdk.win32.x86_64_1.6.0.013\jre\classes;D:\myeclipse\Common\plugins\com.genuitec.eclipse.j2eedt.core_10.5.0.me201207171805\data\libraryset\EE_5\javaee.jar;D:\myeclipse\Common\plugins\com.genuitec.eclipse.j2eedt.core_10.5.0.me201207171805\data\libraryset\EE_5\jsf-impl.jar;D:\myeclipse\Common\plugins\com.genuitec.eclipse.j2eedt.core_10.5.0.me201207171805\data\libraryset\EE_5\jsf-api.jar;D:\myeclipse\Common\plugins\com.genuitec.eclipse.j2eedt.core_10.5.0.me201207171805\data\libraryset\EE_5\jstl-1.2.jar, java.vendor=Sun Microsystems Inc., file.separator=\, hibernate.hbm2ddl.auto=update, java.vendor.url.bug=http://java.sun.com/cgi-bin/bugreport.cgi, sun.io.unicode.encoding=UnicodeLittle, sun.cpu.endian=little, sun.desktop=windows, sun.cpu.isalist=amd64}
 org.hibernate.cfg.Configuration.doConfigure(Configuration.java:1590)2017-08-08 20:40:30Preparing to build session factory with filters : {}
 org.hibernate.cfg.Configuration.buildSessionFactory(Configuration.java:1332)2017-08-08 20:40:30processing extends queue
 org.hibernate.cfg.Configuration.secondPassCompile(Configuration.java:1167)2017-08-08 20:40:30processing collection mappings
 org.hibernate.cfg.Configuration.secondPassCompile(Configuration.java:1171)2017-08-08 20:40:30processing native query and ResultSetMapping mappings
 org.hibernate.cfg.Configuration.secondPassCompile(Configuration.java:1182)2017-08-08 20:40:30processing association property references
 org.hibernate.cfg.Configuration.secondPassCompile(Configuration.java:1190)2017-08-08 20:40:30processing foreign key constraints
 org.hibernate.cfg.Configuration.secondPassCompile(Configuration.java:1212)2017-08-08 20:40:30Using Hibernate built-in connection pool (not for production use!)
 org.hibernate.connection.DriverManagerConnectionProvider.configure(DriverManagerConnectionProvider.java:64)2017-08-08 20:40:30Hibernate connection pool size: 20
 org.hibernate.connection.DriverManagerConnectionProvider.configure(DriverManagerConnectionProvider.java:65)2017-08-08 20:40:30autocommit mode: false
 org.hibernate.connection.DriverManagerConnectionProvider.configure(DriverManagerConnectionProvider.java:68)2017-08-08 20:40:30using driver: com.microsoft.sqlserver.jdbc.SQLServerDriver at URL: jdbc:sqlserver://localhost:1433;databaseName=account
 org.hibernate.connection.DriverManagerConnectionProvider.configure(DriverManagerConnectionProvider.java:103)2017-08-08 20:40:30connection properties: {user=sa, password=caijie}
 org.hibernate.connection.DriverManagerConnectionProvider.configure(DriverManagerConnectionProvider.java:106)2017-08-08 20:40:30opening new JDBC connection
 org.hibernate.connection.DriverManagerConnectionProvider.getConnection(DriverManagerConnectionProvider.java:132)2017-08-08 20:40:30created connection to: jdbc:sqlserver://localhost:1433;databaseName=account, Isolation Level: 2
 org.hibernate.connection.DriverManagerConnectionProvider.getConnection(DriverManagerConnectionProvider.java:138)2017-08-08 20:40:30RDBMS: Microsoft SQL Server, version: 10.00.1600
 org.hibernate.cfg.SettingsFactory.buildSettings(SettingsFactory.java:114)2017-08-08 20:40:30JDBC driver: Microsoft JDBC Driver 4.0 for SQL Server, version: 4.0.2206.100
 org.hibernate.cfg.SettingsFactory.buildSettings(SettingsFactory.java:115)2017-08-08 20:40:30Using dialect: org.hibernate.dialect.SQLServerDialect
 org.hibernate.dialect.Dialect.<init>(Dialect.java:175)2017-08-08 20:40:30Using default transaction strategy (direct JDBC transactions)
 org.hibernate.transaction.TransactionFactoryFactory.buildTransactionFactory(TransactionFactoryFactory.java:59)2017-08-08 20:40:30No TransactionManagerLookup configured (in JTA environment, use of read-write or transactional second-level cache is not recommended)
 org.hibernate.transaction.TransactionManagerLookupFactory.getTransactionManagerLookup(TransactionManagerLookupFactory.java:80)2017-08-08 20:40:30Automatic flush during beforeCompletion(): disabled
 org.hibernate.cfg.SettingsFactory.buildSettings(SettingsFactory.java:161)2017-08-08 20:40:30Automatic session close at end of transaction: disabled
 org.hibernate.cfg.SettingsFactory.buildSettings(SettingsFactory.java:165)2017-08-08 20:40:30Scrollable result sets: enabled
 org.hibernate.cfg.SettingsFactory.buildSettings(SettingsFactory.java:180)2017-08-08 20:40:30Wrap result sets: disabled
 org.hibernate.cfg.SettingsFactory.buildSettings(SettingsFactory.java:184)2017-08-08 20:40:30JDBC3 getGeneratedKeys(): enabled
 org.hibernate.cfg.SettingsFactory.buildSettings(SettingsFactory.java:188)2017-08-08 20:40:30Connection release mode: auto
 org.hibernate.cfg.SettingsFactory.buildSettings(SettingsFactory.java:196)2017-08-08 20:40:30Default batch fetch size: 1
 org.hibernate.cfg.SettingsFactory.buildSettings(SettingsFactory.java:223)2017-08-08 20:40:30Generate SQL with comments: disabled
 org.hibernate.cfg.SettingsFactory.buildSettings(SettingsFactory.java:227)2017-08-08 20:40:30Order SQL updates by primary key: disabled
 org.hibernate.cfg.SettingsFactory.buildSettings(SettingsFactory.java:231)2017-08-08 20:40:30Order SQL inserts for batching: disabled
 org.hibernate.cfg.SettingsFactory.buildSettings(SettingsFactory.java:235)2017-08-08 20:40:30Query translator: org.hibernate.hql.ast.ASTQueryTranslatorFactory
 org.hibernate.cfg.SettingsFactory.createQueryTranslatorFactory(SettingsFactory.java:397)2017-08-08 20:40:30Using ASTQueryTranslatorFactory
 org.hibernate.hql.ast.ASTQueryTranslatorFactory.<init>(ASTQueryTranslatorFactory.java:47)2017-08-08 20:40:30Query language substitutions: {}
 org.hibernate.cfg.SettingsFactory.buildSettings(SettingsFactory.java:243)2017-08-08 20:40:30JPA-QL strict compliance: disabled
 org.hibernate.cfg.SettingsFactory.buildSettings(SettingsFactory.java:248)2017-08-08 20:40:30Second-level cache: enabled
 org.hibernate.cfg.SettingsFactory.buildSettings(SettingsFactory.java:253)2017-08-08 20:40:30Query cache: disabled
 org.hibernate.cfg.SettingsFactory.buildSettings(SettingsFactory.java:257)2017-08-08 20:40:30Cache region factory : org.hibernate.cache.impl.NoCachingRegionFactory
 org.hibernate.cfg.SettingsFactory.createRegionFactory(SettingsFactory.java:382)2017-08-08 20:40:30Optimize cache for minimal puts: disabled
 org.hibernate.cfg.SettingsFactory.buildSettings(SettingsFactory.java:267)2017-08-08 20:40:30Structured second-level cache entries: disabled
 org.hibernate.cfg.SettingsFactory.buildSettings(SettingsFactory.java:276)2017-08-08 20:40:30Echoing all SQL to stdout
 org.hibernate.cfg.SettingsFactory.buildSettings(SettingsFactory.java:296)2017-08-08 20:40:30Statistics: disabled
 org.hibernate.cfg.SettingsFactory.buildSettings(SettingsFactory.java:305)2017-08-08 20:40:30Deleted entity synthetic identifier rollback: disabled
 org.hibernate.cfg.SettingsFactory.buildSettings(SettingsFactory.java:309)2017-08-08 20:40:30Default entity-mode: pojo
 org.hibernate.cfg.SettingsFactory.buildSettings(SettingsFactory.java:324)2017-08-08 20:40:30Named query checking : enabled
 org.hibernate.cfg.SettingsFactory.buildSettings(SettingsFactory.java:328)2017-08-08 20:40:30building session factory
 org.hibernate.impl.SessionFactoryImpl.<init>(SessionFactoryImpl.java:193)2017-08-08 20:40:30Session factory constructed with filter configurations : {}
 org.hibernate.impl.SessionFactoryImpl.<init>(SessionFactoryImpl.java:211)2017-08-08 20:40:30instantiating session factory with properties: {java.runtime.name=Java(TM) SE Runtime Environment, hibernate.connection.password=caijie, sun.boot.library.path=D:\myeclipse\Common\binary\com.sun.java.jdk.win32.x86_64_1.6.0.013\jre\bin, java.vm.version=11.3-b02, hibernate.connection.username=sa, java.vm.vendor=Sun Microsystems Inc., java.vendor.url=http://java.sun.com/, path.separator=;, java.vm.name=Java HotSpot(TM) 64-Bit Server VM, file.encoding.pkg=sun.io, user.country=CN, sun.java.launcher=SUN_STANDARD, sun.os.patch.level=Service Pack 1, java.vm.specification.name=Java Virtual Machine Specification, user.dir=F:\myeclipse10.7.1workspace\hibernate, java.runtime.version=1.6.0_13-b03, java.awt.graphicsenv=sun.awt.Win32GraphicsEnvironment, java.endorsed.dirs=D:\myeclipse\Common\binary\com.sun.java.jdk.win32.x86_64_1.6.0.013\jre\lib\endorsed, os.arch=amd64, java.io.tmpdir=C:\Windows\TEMP\, line.separator=
, java.vm.specification.vendor=Sun Microsystems Inc., user.variant=, os.name=Windows Vista, sun.jnu.encoding=GBK, java.library.path=D:\myeclipse\Common\binary\com.sun.java.jdk.win32.x86_64_1.6.0.013\bin;.;C:\Windows\Sun\Java\bin;C:\Windows\system32;C:\Windows;C:\ProgramData\Oracle\Java\javapath;C:\Windows\system32;C:\Windows;C:\Windows\System32\Wbem;C:\Windows\System32\WindowsPowerShell\v1.0\;F:\JDK\bin;F:\SQL2008\100\Tools\Binn\;F:\SQLservice\100\Tools\Binn\;F:\SQLservice\100\DTS\Binn\;F:\SQL2008\100\Tools\Binn\VSShell\Common7\IDE\;F:\SQL2008\100\DTS\Binn\;F:\mysql\mysql5.6.31\bin, java.specification.name=Java Platform API Specification, java.class.version=50.0, sun.management.compiler=HotSpot 64-Bit Server Compiler, os.version=6.1, user.home=C:\Users\Administrator, user.timezone=Asia/Shanghai, java.awt.printerjob=sun.awt.windows.WPrinterJob, file.encoding=UTF-8, java.specification.version=1.6, hibernate.connection.driver_class=com.microsoft.sqlserver.jdbc.SQLServerDriver, java.class.path=F:\myeclipse10.7.1workspace\hibernate\WebRoot\WEB-INF\classes;F:\myeclipse10.7.1workspace\hibernate\WebRoot\WEB-INF\lib\antlr-2.7.6.jar;F:\myeclipse10.7.1workspace\hibernate\WebRoot\WEB-INF\lib\cglib-2.2.jar;F:\myeclipse10.7.1workspace\hibernate\WebRoot\WEB-INF\lib\commons-collections-3.1.jar;F:\myeclipse10.7.1workspace\hibernate\WebRoot\WEB-INF\lib\dom4j-1.6.1.jar;F:\myeclipse10.7.1workspace\hibernate\WebRoot\WEB-INF\lib\ehcache-1.2.3.jar;F:\myeclipse10.7.1workspace\hibernate\WebRoot\WEB-INF\lib\ejb3-persistence.jar;F:\myeclipse10.7.1workspace\hibernate\WebRoot\WEB-INF\lib\hibernate-annotations.jar;F:\myeclipse10.7.1workspace\hibernate\WebRoot\WEB-INF\lib\hibernate-commons-annotations.jar;F:\myeclipse10.7.1workspace\hibernate\WebRoot\WEB-INF\lib\hibernate-entitymanager.jar;F:\myeclipse10.7.1workspace\hibernate\WebRoot\WEB-INF\lib\hibernate-validator.jar;F:\myeclipse10.7.1workspace\hibernate\WebRoot\WEB-INF\lib\hibernate3.jar;F:\myeclipse10.7.1workspace\hibernate\WebRoot\WEB-INF\lib\javassist-3.9.0.GA.jar;F:\myeclipse10.7.1workspace\hibernate\WebRoot\WEB-INF\lib\jta-1.1.jar;F:\myeclipse10.7.1workspace\hibernate\WebRoot\WEB-INF\lib\log4j-1.2.14.jar;F:\myeclipse10.7.1workspace\hibernate\WebRoot\WEB-INF\lib\slf4j-api-1.5.8.jar;F:\myeclipse10.7.1workspace\hibernate\WebRoot\WEB-INF\lib\slf4j-log4j12-1.5.8.jar;F:\myeclipse10.7.1workspace\hibernate\WebRoot\WEB-INF\lib\sqljdbc4.jar;D:\myeclipse\Common\plugins\com.genuitec.eclipse.lib.hibernate41_10.5.0.me201207241813\data\4.1\lib\optional\ehcache\slf4j-api-1.6.1.jar;D:\myeclipse\Common\plugins\com.genuitec.eclipse.lib.hibernate41_10.5.0.me201207241813\data\4.1\lib\required\antlr-2.7.7.jar;D:\myeclipse\Common\plugins\com.genuitec.eclipse.lib.hibernate41_10.5.0.me201207241813\data\4.1\lib\required\dom4j-1.6.1.jar;D:\myeclipse\Common\plugins\com.genuitec.eclipse.lib.hibernate41_10.5.0.me201207241813\data\4.1\lib\required\hibernate-commons-annotations-4.0.1.Final.jar;D:\myeclipse\Common\plugins\com.genuitec.eclipse.lib.hibernate41_10.5.0.me201207241813\data\4.1\lib\required\hibernate-core-4.1.4.Final.jar;D:\myeclipse\Common\plugins\com.genuitec.eclipse.lib.hibernate41_10.5.0.me201207241813\data\4.1\lib\required\hibernate-jpa-2.0-api-1.0.1.Final.jar;D:\myeclipse\Common\plugins\com.genuitec.eclipse.lib.hibernate41_10.5.0.me201207241813\data\4.1\lib\required\javassist-3.15.0-GA.jar;D:\myeclipse\Common\plugins\com.genuitec.eclipse.lib.hibernate41_10.5.0.me201207241813\data\4.1\lib\required\jboss-logging-3.1.0.GA.jar;D:\myeclipse\Common\plugins\com.genuitec.eclipse.lib.hibernate41_10.5.0.me201207241813\data\4.1\lib\required\jboss-transaction-api_1.1_spec-1.0.0.Final.jar;D:\myeclipse\Common\plugins\com.genuitec.eclipse.lib.hibernate41_10.5.0.me201207241813\data\4.1\lib\jpa\hibernate-entitymanager-4.1.4.Final.jar;D:\myeclipse\Common\plugins\org.junit_4.8.2.v4_8_2_v20110321-1705\junit.jar;D:\myeclipse\Common\plugins\org.hamcrest.core_1.1.0.v20090501071000.jar;/D:/myeclipse/MyEclipse 10/configuration/org.eclipse.osgi/bundles/704/1/.cp/;/D:/myeclipse/MyEclipse 10/configuration/org.eclipse.osgi/bundles/702/1/.cp/;/D:/myeclipse/MyEclipse 10/configuration/org.eclipse.osgi/bundles/703/1/.cp/, user.name=Administrator, hibernate.bytecode.use_reflection_optimizer=false, hibernate.show_sql=true, java.vm.specification.version=1.0, sun.arch.data.model=64, java.home=D:\myeclipse\Common\binary\com.sun.java.jdk.win32.x86_64_1.6.0.013\jre, hibernate.dialect=org.hibernate.dialect.SQLServerDialect, hibernate.connection.url=jdbc:sqlserver://localhost:1433;databaseName=account, java.specification.vendor=Sun Microsystems Inc., user.language=zh, awt.toolkit=sun.awt.windows.WToolkit, java.vm.info=mixed mode, java.version=1.6.0_13, java.ext.dirs=D:\myeclipse\Common\binary\com.sun.java.jdk.win32.x86_64_1.6.0.013\jre\lib\ext;C:\Windows\Sun\Java\lib\ext, sun.boot.class.path=D:\myeclipse\Common\binary\com.sun.java.jdk.win32.x86_64_1.6.0.013\jre\lib\resources.jar;D:\myeclipse\Common\binary\com.sun.java.jdk.win32.x86_64_1.6.0.013\jre\lib\rt.jar;D:\myeclipse\Common\binary\com.sun.java.jdk.win32.x86_64_1.6.0.013\jre\lib\sunrsasign.jar;D:\myeclipse\Common\binary\com.sun.java.jdk.win32.x86_64_1.6.0.013\jre\lib\jsse.jar;D:\myeclipse\Common\binary\com.sun.java.jdk.win32.x86_64_1.6.0.013\jre\lib\jce.jar;D:\myeclipse\Common\binary\com.sun.java.jdk.win32.x86_64_1.6.0.013\jre\lib\charsets.jar;D:\myeclipse\Common\binary\com.sun.java.jdk.win32.x86_64_1.6.0.013\jre\classes;D:\myeclipse\Common\plugins\com.genuitec.eclipse.j2eedt.core_10.5.0.me201207171805\data\libraryset\EE_5\javaee.jar;D:\myeclipse\Common\plugins\com.genuitec.eclipse.j2eedt.core_10.5.0.me201207171805\data\libraryset\EE_5\jsf-impl.jar;D:\myeclipse\Common\plugins\com.genuitec.eclipse.j2eedt.core_10.5.0.me201207171805\data\libraryset\EE_5\jsf-api.jar;D:\myeclipse\Common\plugins\com.genuitec.eclipse.j2eedt.core_10.5.0.me201207171805\data\libraryset\EE_5\jstl-1.2.jar, java.vendor=Sun Microsystems Inc., file.separator=\, java.vendor.url.bug=http://java.sun.com/cgi-bin/bugreport.cgi, hibernate.hbm2ddl.auto=update, sun.cpu.endian=little, sun.io.unicode.encoding=UnicodeLittle, sun.desktop=windows, sun.cpu.isalist=amd64}
 org.hibernate.impl.SessionFactoryImpl.<init>(SessionFactoryImpl.java:215)2017-08-08 20:40:30Static SQL for entity: com.xtkj.pojo.User
 org.hibernate.persister.entity.AbstractEntityPersister.logStaticSQL(AbstractEntityPersister.java:2756)2017-08-08 20:40:30 Version select: select TId from user where TId =?
 org.hibernate.persister.entity.AbstractEntityPersister.logStaticSQL(AbstractEntityPersister.java:2761)2017-08-08 20:40:30 Snapshot select: select user_.TId, user_.account as account0_, user_.pwd as pwd0_ from user user_ where user_.TId=?
 org.hibernate.persister.entity.AbstractEntityPersister.logStaticSQL(AbstractEntityPersister.java:2764)2017-08-08 20:40:30 Insert 0: insert into user (account, pwd, TId) values (?, ?, ?)
 org.hibernate.persister.entity.AbstractEntityPersister.logStaticSQL(AbstractEntityPersister.java:2767)2017-08-08 20:40:30 Update 0: update user set account=?, pwd=? where TId=?
 org.hibernate.persister.entity.AbstractEntityPersister.logStaticSQL(AbstractEntityPersister.java:2768)2017-08-08 20:40:30 Delete 0: delete from user where TId=?
 org.hibernate.persister.entity.AbstractEntityPersister.logStaticSQL(AbstractEntityPersister.java:2769)2017-08-08 20:40:30 Identity insert: insert into user (account, pwd) values (?, ?)
 org.hibernate.persister.entity.AbstractEntityPersister.logStaticSQL(AbstractEntityPersister.java:2773)2017-08-08 20:40:30Static select for entity com.xtkj.pojo.User: select user0_.TId as TId0_0_, user0_.account as account0_0_, user0_.pwd as pwd0_0_ from user user0_ where user0_.TId=?
 org.hibernate.loader.entity.EntityLoader.<init>(EntityLoader.java:102)2017-08-08 20:40:30Static select for entity com.xtkj.pojo.User: select user0_.TId as TId0_0_, user0_.account as account0_0_, user0_.pwd as pwd0_0_ from user user0_ where user0_.TId=?
 org.hibernate.loader.entity.EntityLoader.<init>(EntityLoader.java:102)2017-08-08 20:40:30Static select for entity com.xtkj.pojo.User: select user0_.TId as TId0_0_, user0_.account as account0_0_, user0_.pwd as pwd0_0_ from user user0_ with (updlock, rowlock) where user0_.TId=?
 org.hibernate.loader.entity.EntityLoader.<init>(EntityLoader.java:102)2017-08-08 20:40:30Static select for entity com.xtkj.pojo.User: select user0_.TId as TId0_0_, user0_.account as account0_0_, user0_.pwd as pwd0_0_ from user user0_ with (updlock, rowlock) where user0_.TId=?
 org.hibernate.loader.entity.EntityLoader.<init>(EntityLoader.java:102)2017-08-08 20:40:30Static select for entity com.xtkj.pojo.User: select user0_.TId as TId0_0_, user0_.account as account0_0_, user0_.pwd as pwd0_0_ from user user0_ with (updlock, rowlock) where user0_.TId=?
 org.hibernate.loader.entity.EntityLoader.<init>(EntityLoader.java:102)2017-08-08 20:40:30Static select for action ACTION_MERGE on entity com.xtkj.pojo.User: select user0_.TId as TId0_0_, user0_.account as account0_0_, user0_.pwd as pwd0_0_ from user user0_ where user0_.TId=?
 org.hibernate.loader.entity.CascadeEntityLoader.<init>(CascadeEntityLoader.java:57)2017-08-08 20:40:30Static select for action ACTION_REFRESH on entity com.xtkj.pojo.User: select user0_.TId as TId0_0_, user0_.account as account0_0_, user0_.pwd as pwd0_0_ from user user0_ where user0_.TId=?
 org.hibernate.loader.entity.CascadeEntityLoader.<init>(CascadeEntityLoader.java:57)2017-08-08 20:40:30initializing class SessionFactoryObjectFactory
 org.hibernate.impl.SessionFactoryObjectFactory.<clinit>(SessionFactoryObjectFactory.java:62)2017-08-08 20:40:30registered: 402882145dc1dc5c015dc1dc5d940000 (unnamed)
 org.hibernate.impl.SessionFactoryObjectFactory.addInstance(SessionFactoryObjectFactory.java:99)2017-08-08 20:40:30Not binding factory to JNDI, no JNDI name configured
 org.hibernate.impl.SessionFactoryObjectFactory.addInstance(SessionFactoryObjectFactory.java:105)2017-08-08 20:40:30instantiated session factory
 org.hibernate.impl.SessionFactoryImpl.<init>(SessionFactoryImpl.java:350)2017-08-08 20:40:30Running hbm2ddl schema update
 org.hibernate.tool.hbm2ddl.SchemaUpdate.execute(SchemaUpdate.java:155)2017-08-08 20:40:30fetching database metadata
 org.hibernate.tool.hbm2ddl.SchemaUpdate.execute(SchemaUpdate.java:167)2017-08-08 20:40:30updating schema
 org.hibernate.tool.hbm2ddl.SchemaUpdate.execute(SchemaUpdate.java:179)2017-08-08 20:40:30processing extends queue
 org.hibernate.cfg.Configuration.secondPassCompile(Configuration.java:1167)2017-08-08 20:40:30processing collection mappings
 org.hibernate.cfg.Configuration.secondPassCompile(Configuration.java:1171)2017-08-08 20:40:30processing native query and ResultSetMapping mappings
 org.hibernate.cfg.Configuration.secondPassCompile(Configuration.java:1182)2017-08-08 20:40:30processing association property references
 org.hibernate.cfg.Configuration.secondPassCompile(Configuration.java:1190)2017-08-08 20:40:30processing foreign key constraints
 org.hibernate.cfg.Configuration.secondPassCompile(Configuration.java:1212)2017-08-08 20:40:30table not found: user
 org.hibernate.tool.hbm2ddl.DatabaseMetadata.getTableMetadata(DatabaseMetadata.java:119)2017-08-08 20:40:31table not found: user
 org.hibernate.tool.hbm2ddl.DatabaseMetadata.getTableMetadata(DatabaseMetadata.java:119)2017-08-08 20:40:31create table user (TId int identity not null, account varchar(255) null, pwd varchar(255) null, primary key (TId))
 org.hibernate.tool.hbm2ddl.SchemaUpdate.execute(SchemaUpdate.java:203)2017-08-08 20:40:31Unsuccessful: create table user (TId int identity not null, account varchar(255) null, pwd varchar(255) null, primary key (TId))
 org.hibernate.tool.hbm2ddl.SchemaUpdate.execute(SchemaUpdate.java:212)2017-08-08 20:40:31关键字 'user' 附近有语法错误。
 org.hibernate.tool.hbm2ddl.SchemaUpdate.execute(SchemaUpdate.java:213)2017-08-08 20:40:31schema update complete
 org.hibernate.tool.hbm2ddl.SchemaUpdate.execute(SchemaUpdate.java:217)2017-08-08 20:40:31Checking 0 named HQL queries
 org.hibernate.impl.SessionFactoryImpl.checkNamedQueries(SessionFactoryImpl.java:474)2017-08-08 20:40:31Checking 0 named SQL queries
 org.hibernate.impl.SessionFactoryImpl.checkNamedQueries(SessionFactoryImpl.java:494)2017-08-08 20:40:31opened session at timestamp: 15021960310
 org.hibernate.impl.SessionImpl.<init>(SessionImpl.java:248)2017-08-08 20:40:31begin
 org.hibernate.transaction.JDBCTransaction.begin(JDBCTransaction.java:82)2017-08-08 20:40:31opening JDBC connection
 org.hibernate.jdbc.ConnectionManager.openConnection(ConnectionManager.java:444)2017-08-08 20:40:31current autocommit status: false
 org.hibernate.transaction.JDBCTransaction.begin(JDBCTransaction.java:87)2017-08-08 20:40:31executing identity-insert immediately
 org.hibernate.event.def.AbstractSaveEventListener.performSaveOrReplicate(AbstractSaveEventListener.java:320)2017-08-08 20:40:31about to open PreparedStatement (open PreparedStatements: 0, globally: 0)
 org.hibernate.jdbc.AbstractBatcher.logOpenPreparedStatement(AbstractBatcher.java:410)2017-08-08 20:40:31insert into user (account, pwd) values (?, ?)
 org.hibernate.jdbc.util.SQLStatementLogger.logStatement(SQLStatementLogger.java:111)2017-08-08 20:40:31about to close PreparedStatement (open PreparedStatements: 1, globally: 1)
 org.hibernate.jdbc.AbstractBatcher.logClosePreparedStatement(AbstractBatcher.java:418)2017-08-08 20:40:31could not insert: [com.xtkj.pojo.User] [insert into user (account, pwd) values (?, ?)]
 org.hibernate.util.JDBCExceptionReporter.logExceptions(JDBCExceptionReporter.java:92)com.microsoft.sqlserver.jdbc.SQLServerException: 关键字 'user' 附近有语法错误。
	at com.microsoft.sqlserver.jdbc.SQLServerException.makeFromDatabaseError(SQLServerException.java:216)
	at com.microsoft.sqlserver.jdbc.SQLServerStatement.getNextResult(SQLServerStatement.java:1515)
	at com.microsoft.sqlserver.jdbc.SQLServerPreparedStatement.doExecutePreparedStatement(SQLServerPreparedStatement.java:404)
	at com.microsoft.sqlserver.jdbc.SQLServerPreparedStatement$PrepStmtExecCmd.doExecute(SQLServerPreparedStatement.java:350)
	at com.microsoft.sqlserver.jdbc.TDSCommand.execute(IOBuffer.java:5696)
	at com.microsoft.sqlserver.jdbc.SQLServerConnection.executeCommand(SQLServerConnection.java:1715)
	at com.microsoft.sqlserver.jdbc.SQLServerStatement.executeCommand(SQLServerStatement.java:180)
	at com.microsoft.sqlserver.jdbc.SQLServerStatement.executeStatement(SQLServerStatement.java:155)
	at com.microsoft.sqlserver.jdbc.SQLServerPreparedStatement.executeUpdate(SQLServerPreparedStatement.java:314)
	at org.hibernate.id.IdentityGenerator$GetGeneratedKeysDelegate.executeAndExtract(IdentityGenerator.java:94)
	at org.hibernate.id.insert.AbstractReturningDelegate.performInsert(AbstractReturningDelegate.java:57)
	at org.hibernate.persister.entity.AbstractEntityPersister.insert(AbstractEntityPersister.java:2176)
	at org.hibernate.persister.entity.AbstractEntityPersister.insert(AbstractEntityPersister.java:2656)
	at org.hibernate.action.EntityIdentityInsertAction.execute(EntityIdentityInsertAction.java:71)
	at org.hibernate.engine.ActionQueue.execute(ActionQueue.java:279)
	at org.hibernate.event.def.AbstractSaveEventListener.performSaveOrReplicate(AbstractSaveEventListener.java:321)
	at org.hibernate.event.def.AbstractSaveEventListener.performSave(AbstractSaveEventListener.java:204)
	at org.hibernate.event.def.AbstractSaveEventListener.saveWithGeneratedId(AbstractSaveEventListener.java:130)
	at org.hibernate.event.def.DefaultSaveOrUpdateEventListener.saveWithGeneratedOrRequestedId(DefaultSaveOrUpdateEventListener.java:210)
	at org.hibernate.event.def.DefaultSaveEventListener.saveWithGeneratedOrRequestedId(DefaultSaveEventListener.java:56)
	at org.hibernate.event.def.DefaultSaveOrUpdateEventListener.entityIsTransient(DefaultSaveOrUpdateEventListener.java:195)
	at org.hibernate.event.def.DefaultSaveEventListener.performSaveOrUpdate(DefaultSaveEventListener.java:50)
	at org.hibernate.event.def.DefaultSaveOrUpdateEventListener.onSaveOrUpdate(DefaultSaveOrUpdateEventListener.java:93)
	at org.hibernate.impl.SessionImpl.fireSave(SessionImpl.java:563)
	at org.hibernate.impl.SessionImpl.save(SessionImpl.java:551)
	at org.hibernate.impl.SessionImpl.save(SessionImpl.java:547)
	at com.xtkj.test.HibernateTest.addT(HibernateTest.java:27)
	at sun.reflect.NativeMethodAccessorImpl.invoke0(Native Method)
	at sun.reflect.NativeMethodAccessorImpl.invoke(NativeMethodAccessorImpl.java:39)
	at sun.reflect.DelegatingMethodAccessorImpl.invoke(DelegatingMethodAccessorImpl.java:25)
	at java.lang.reflect.Method.invoke(Method.java:597)
	at org.junit.runners.model.FrameworkMethod$1.runReflectiveCall(FrameworkMethod.java:44)
	at org.junit.internal.runners.model.ReflectiveCallable.run(ReflectiveCallable.java:15)
	at org.junit.runners.model.FrameworkMethod.invokeExplosively(FrameworkMethod.java:41)
	at org.junit.internal.runners.statements.InvokeMethod.evaluate(InvokeMethod.java:20)
	at org.junit.runners.BlockJUnit4ClassRunner.runNotIgnored(BlockJUnit4ClassRunner.java:79)
	at org.junit.runners.BlockJUnit4ClassRunner.runChild(BlockJUnit4ClassRunner.java:71)
	at org.junit.runners.BlockJUnit4ClassRunner.runChild(BlockJUnit4ClassRunner.java:49)
	at org.junit.runners.ParentRunner$3.run(ParentRunner.java:193)
	at org.junit.runners.ParentRunner$1.schedule(ParentRunner.java:52)
	at org.junit.runners.ParentRunner.runChildren(ParentRunner.java:191)
	at org.junit.runners.ParentRunner.access$000(ParentRunner.java:42)
	at org.junit.runners.ParentRunner$2.evaluate(ParentRunner.java:184)
	at org.junit.runners.ParentRunner.run(ParentRunner.java:236)
	at org.eclipse.jdt.internal.junit4.runner.JUnit4TestReference.run(JUnit4TestReference.java:50)
	at org.eclipse.jdt.internal.junit.runner.TestExecution.run(TestExecution.java:38)
	at org.eclipse.jdt.internal.junit.runner.RemoteTestRunner.runTests(RemoteTestRunner.java:467)
	at org.eclipse.jdt.internal.junit.runner.RemoteTestRunner.runTests(RemoteTestRunner.java:683)
	at org.eclipse.jdt.internal.junit.runner.RemoteTestRunner.run(RemoteTestRunner.java:390)
	at org.eclipse.jdt.internal.junit.runner.RemoteTestRunner.main(RemoteTestRunner.java:197)
2017-08-08 20:40:31SQL Error: 156, SQLState: S0001
 org.hibernate.util.JDBCExceptionReporter.logExceptions(JDBCExceptionReporter.java:100)2017-08-08 20:40:31关键字 'user' 附近有语法错误。
 org.hibernate.util.JDBCExceptionReporter.logExceptions(JDBCExceptionReporter.java:101)2017-08-08 20:41:35Hibernate 3.3.2.GA
 org.hibernate.cfg.Environment.<clinit>(Environment.java:560)2017-08-08 20:41:35hibernate.properties not found
 org.hibernate.cfg.Environment.<clinit>(Environment.java:593)2017-08-08 20:41:35Bytecode provider name : javassist
 org.hibernate.cfg.Environment.buildBytecodeProvider(Environment.java:771)2017-08-08 20:41:35using JDK 1.4 java.sql.Timestamp handling
 org.hibernate.cfg.Environment.<clinit>(Environment.java:652)2017-08-08 20:41:35configuring from resource: /hibernate.cfg.xml
 org.hibernate.cfg.Configuration.configure(Configuration.java:1474)2017-08-08 20:41:35Configuration resource: /hibernate.cfg.xml
 org.hibernate.cfg.Configuration.getConfigurationInputStream(Configuration.java:1451)2017-08-08 20:41:35trying to resolve system-id [http://hibernate.sourceforge.NET/hibernate-configuration-3.0.dtd]
 org.hibernate.util.DTDEntityResolver.resolveEntity(DTDEntityResolver.java:64)2017-08-08 20:41:36hibernate.dialect=org.hibernate.dialect.SQLServerDialect
 org.hibernate.cfg.Configuration.addProperties(Configuration.java:1435)2017-08-08 20:41:36hibernate.connection.username=sa
 org.hibernate.cfg.Configuration.addProperties(Configuration.java:1435)2017-08-08 20:41:36hibernate.connection.password=caijie
 org.hibernate.cfg.Configuration.addProperties(Configuration.java:1435)2017-08-08 20:41:36hibernate.connection.driver_class=com.microsoft.sqlserver.jdbc.SQLServerDriver
 org.hibernate.cfg.Configuration.addProperties(Configuration.java:1435)2017-08-08 20:41:36hibernate.connection.url=jdbc:sqlserver://localhost:1433;databaseName=userInfo
 org.hibernate.cfg.Configuration.addProperties(Configuration.java:1435)2017-08-08 20:41:36hibernate.show_sql=true
 org.hibernate.cfg.Configuration.addProperties(Configuration.java:1435)2017-08-08 20:41:36hibernate.hbm2ddl.auto=update
 org.hibernate.cfg.Configuration.addProperties(Configuration.java:1435)2017-08-08 20:41:36null<-org.dom4j.tree.DefaultAttribute@426295eb [Attribute: name resource value "com/xtkj/pojo/User.hbm.xml"]
 org.hibernate.cfg.Configuration.parseMappingElement(Configuration.java:1634)2017-08-08 20:41:36Reading mappings from resource : com/xtkj/pojo/User.hbm.xml
 org.hibernate.cfg.Configuration.addResource(Configuration.java:600)2017-08-08 20:41:36trying to resolve system-id [http://hibernate.sourceforge.net/hibernate-mapping-3.0.dtd]
 org.hibernate.util.DTDEntityResolver.resolveEntity(DTDEntityResolver.java:64)2017-08-08 20:41:36recognized hibernate namespace; attempting to resolve on classpath under org/hibernate/
 org.hibernate.util.DTDEntityResolver.resolveEntity(DTDEntityResolver.java:66)2017-08-08 20:41:36located [http://hibernate.sourceforge.net/hibernate-mapping-3.0.dtd] in classpath
 org.hibernate.util.DTDEntityResolver.resolveEntity(DTDEntityResolver.java:76)2017-08-08 20:41:36Mapping class: com.xtkj.pojo.User -> user
 org.hibernate.cfg.HbmBinder.bindRootPersistentClassCommonValues(HbmBinder.java:322)2017-08-08 20:41:36Mapped property: TId -> TId
 org.hibernate.cfg.HbmBinder.bindProperty(HbmBinder.java:1289)2017-08-08 20:41:37Mapped property: account -> account
 org.hibernate.cfg.HbmBinder.bindProperty(HbmBinder.java:1289)2017-08-08 20:41:37Mapped property: pwd -> pwd
 org.hibernate.cfg.HbmBinder.bindProperty(HbmBinder.java:1289)2017-08-08 20:41:37Configured SessionFactory: null
 org.hibernate.cfg.Configuration.doConfigure(Configuration.java:1589)2017-08-08 20:41:37properties: {hibernate.connection.password=caijie, java.runtime.name=Java(TM) SE Runtime Environment, sun.boot.library.path=D:\myeclipse\Common\binary\com.sun.java.jdk.win32.x86_64_1.6.0.013\jre\bin, java.vm.version=11.3-b02, hibernate.connection.username=sa, java.vm.vendor=Sun Microsystems Inc., java.vendor.url=http://java.sun.com/, path.separator=;, java.vm.name=Java HotSpot(TM) 64-Bit Server VM, file.encoding.pkg=sun.io, user.country=CN, sun.java.launcher=SUN_STANDARD, sun.os.patch.level=Service Pack 1, java.vm.specification.name=Java Virtual Machine Specification, user.dir=F:\myeclipse10.7.1workspace\hibernate, java.runtime.version=1.6.0_13-b03, java.awt.graphicsenv=sun.awt.Win32GraphicsEnvironment, java.endorsed.dirs=D:\myeclipse\Common\binary\com.sun.java.jdk.win32.x86_64_1.6.0.013\jre\lib\endorsed, os.arch=amd64, java.io.tmpdir=C:\Windows\TEMP\, line.separator=
, java.vm.specification.vendor=Sun Microsystems Inc., user.variant=, os.name=Windows Vista, sun.jnu.encoding=GBK, java.library.path=D:\myeclipse\Common\binary\com.sun.java.jdk.win32.x86_64_1.6.0.013\bin;.;C:\Windows\Sun\Java\bin;C:\Windows\system32;C:\Windows;C:\ProgramData\Oracle\Java\javapath;C:\Windows\system32;C:\Windows;C:\Windows\System32\Wbem;C:\Windows\System32\WindowsPowerShell\v1.0\;F:\JDK\bin;F:\SQL2008\100\Tools\Binn\;F:\SQLservice\100\Tools\Binn\;F:\SQLservice\100\DTS\Binn\;F:\SQL2008\100\Tools\Binn\VSShell\Common7\IDE\;F:\SQL2008\100\DTS\Binn\;F:\mysql\mysql5.6.31\bin, java.specification.name=Java Platform API Specification, java.class.version=50.0, sun.management.compiler=HotSpot 64-Bit Server Compiler, os.version=6.1, user.home=C:\Users\Administrator, user.timezone=Asia/Shanghai, java.awt.printerjob=sun.awt.windows.WPrinterJob, file.encoding=UTF-8, java.specification.version=1.6, hibernate.connection.driver_class=com.microsoft.sqlserver.jdbc.SQLServerDriver, user.name=Administrator, java.class.path=F:\myeclipse10.7.1workspace\hibernate\WebRoot\WEB-INF\classes;F:\myeclipse10.7.1workspace\hibernate\WebRoot\WEB-INF\lib\antlr-2.7.6.jar;F:\myeclipse10.7.1workspace\hibernate\WebRoot\WEB-INF\lib\cglib-2.2.jar;F:\myeclipse10.7.1workspace\hibernate\WebRoot\WEB-INF\lib\commons-collections-3.1.jar;F:\myeclipse10.7.1workspace\hibernate\WebRoot\WEB-INF\lib\dom4j-1.6.1.jar;F:\myeclipse10.7.1workspace\hibernate\WebRoot\WEB-INF\lib\ehcache-1.2.3.jar;F:\myeclipse10.7.1workspace\hibernate\WebRoot\WEB-INF\lib\ejb3-persistence.jar;F:\myeclipse10.7.1workspace\hibernate\WebRoot\WEB-INF\lib\hibernate-annotations.jar;F:\myeclipse10.7.1workspace\hibernate\WebRoot\WEB-INF\lib\hibernate-commons-annotations.jar;F:\myeclipse10.7.1workspace\hibernate\WebRoot\WEB-INF\lib\hibernate-entitymanager.jar;F:\myeclipse10.7.1workspace\hibernate\WebRoot\WEB-INF\lib\hibernate-validator.jar;F:\myeclipse10.7.1workspace\hibernate\WebRoot\WEB-INF\lib\hibernate3.jar;F:\myeclipse10.7.1workspace\hibernate\WebRoot\WEB-INF\lib\javassist-3.9.0.GA.jar;F:\myeclipse10.7.1workspace\hibernate\WebRoot\WEB-INF\lib\jta-1.1.jar;F:\myeclipse10.7.1workspace\hibernate\WebRoot\WEB-INF\lib\log4j-1.2.14.jar;F:\myeclipse10.7.1workspace\hibernate\WebRoot\WEB-INF\lib\slf4j-api-1.5.8.jar;F:\myeclipse10.7.1workspace\hibernate\WebRoot\WEB-INF\lib\slf4j-log4j12-1.5.8.jar;F:\myeclipse10.7.1workspace\hibernate\WebRoot\WEB-INF\lib\sqljdbc4.jar;D:\myeclipse\Common\plugins\com.genuitec.eclipse.lib.hibernate41_10.5.0.me201207241813\data\4.1\lib\optional\ehcache\slf4j-api-1.6.1.jar;D:\myeclipse\Common\plugins\com.genuitec.eclipse.lib.hibernate41_10.5.0.me201207241813\data\4.1\lib\required\antlr-2.7.7.jar;D:\myeclipse\Common\plugins\com.genuitec.eclipse.lib.hibernate41_10.5.0.me201207241813\data\4.1\lib\required\dom4j-1.6.1.jar;D:\myeclipse\Common\plugins\com.genuitec.eclipse.lib.hibernate41_10.5.0.me201207241813\data\4.1\lib\required\hibernate-commons-annotations-4.0.1.Final.jar;D:\myeclipse\Common\plugins\com.genuitec.eclipse.lib.hibernate41_10.5.0.me201207241813\data\4.1\lib\required\hibernate-core-4.1.4.Final.jar;D:\myeclipse\Common\plugins\com.genuitec.eclipse.lib.hibernate41_10.5.0.me201207241813\data\4.1\lib\required\hibernate-jpa-2.0-api-1.0.1.Final.jar;D:\myeclipse\Common\plugins\com.genuitec.eclipse.lib.hibernate41_10.5.0.me201207241813\data\4.1\lib\required\javassist-3.15.0-GA.jar;D:\myeclipse\Common\plugins\com.genuitec.eclipse.lib.hibernate41_10.5.0.me201207241813\data\4.1\lib\required\jboss-logging-3.1.0.GA.jar;D:\myeclipse\Common\plugins\com.genuitec.eclipse.lib.hibernate41_10.5.0.me201207241813\data\4.1\lib\required\jboss-transaction-api_1.1_spec-1.0.0.Final.jar;D:\myeclipse\Common\plugins\com.genuitec.eclipse.lib.hibernate41_10.5.0.me201207241813\data\4.1\lib\jpa\hibernate-entitymanager-4.1.4.Final.jar;D:\myeclipse\Common\plugins\org.junit_4.8.2.v4_8_2_v20110321-1705\junit.jar;D:\myeclipse\Common\plugins\org.hamcrest.core_1.1.0.v20090501071000.jar;/D:/myeclipse/MyEclipse 10/configuration/org.eclipse.osgi/bundles/704/1/.cp/;/D:/myeclipse/MyEclipse 10/configuration/org.eclipse.osgi/bundles/702/1/.cp/;/D:/myeclipse/MyEclipse 10/configuration/org.eclipse.osgi/bundles/703/1/.cp/, hibernate.bytecode.use_reflection_optimizer=false, hibernate.show_sql=true, java.vm.specification.version=1.0, java.home=D:\myeclipse\Common\binary\com.sun.java.jdk.win32.x86_64_1.6.0.013\jre, sun.arch.data.model=64, hibernate.connection.url=jdbc:sqlserver://localhost:1433;databaseName=userInfo, hibernate.dialect=org.hibernate.dialect.SQLServerDialect, user.language=zh, java.specification.vendor=Sun Microsystems Inc., awt.toolkit=sun.awt.windows.WToolkit, java.vm.info=mixed mode, java.version=1.6.0_13, java.ext.dirs=D:\myeclipse\Common\binary\com.sun.java.jdk.win32.x86_64_1.6.0.013\jre\lib\ext;C:\Windows\Sun\Java\lib\ext, sun.boot.class.path=D:\myeclipse\Common\binary\com.sun.java.jdk.win32.x86_64_1.6.0.013\jre\lib\resources.jar;D:\myeclipse\Common\binary\com.sun.java.jdk.win32.x86_64_1.6.0.013\jre\lib\rt.jar;D:\myeclipse\Common\binary\com.sun.java.jdk.win32.x86_64_1.6.0.013\jre\lib\sunrsasign.jar;D:\myeclipse\Common\binary\com.sun.java.jdk.win32.x86_64_1.6.0.013\jre\lib\jsse.jar;D:\myeclipse\Common\binary\com.sun.java.jdk.win32.x86_64_1.6.0.013\jre\lib\jce.jar;D:\myeclipse\Common\binary\com.sun.java.jdk.win32.x86_64_1.6.0.013\jre\lib\charsets.jar;D:\myeclipse\Common\binary\com.sun.java.jdk.win32.x86_64_1.6.0.013\jre\classes;D:\myeclipse\Common\plugins\com.genuitec.eclipse.j2eedt.core_10.5.0.me201207171805\data\libraryset\EE_5\javaee.jar;D:\myeclipse\Common\plugins\com.genuitec.eclipse.j2eedt.core_10.5.0.me201207171805\data\libraryset\EE_5\jsf-impl.jar;D:\myeclipse\Common\plugins\com.genuitec.eclipse.j2eedt.core_10.5.0.me201207171805\data\libraryset\EE_5\jsf-api.jar;D:\myeclipse\Common\plugins\com.genuitec.eclipse.j2eedt.core_10.5.0.me201207171805\data\libraryset\EE_5\jstl-1.2.jar, java.vendor=Sun Microsystems Inc., file.separator=\, hibernate.hbm2ddl.auto=update, java.vendor.url.bug=http://java.sun.com/cgi-bin/bugreport.cgi, sun.io.unicode.encoding=UnicodeLittle, sun.cpu.endian=little, sun.desktop=windows, sun.cpu.isalist=amd64}
 org.hibernate.cfg.Configuration.doConfigure(Configuration.java:1590)2017-08-08 20:41:37Preparing to build session factory with filters : {}
 org.hibernate.cfg.Configuration.buildSessionFactory(Configuration.java:1332)2017-08-08 20:41:37processing extends queue
 org.hibernate.cfg.Configuration.secondPassCompile(Configuration.java:1167)2017-08-08 20:41:37processing collection mappings
 org.hibernate.cfg.Configuration.secondPassCompile(Configuration.java:1171)2017-08-08 20:41:37processing native query and ResultSetMapping mappings
 org.hibernate.cfg.Configuration.secondPassCompile(Configuration.java:1182)2017-08-08 20:41:37processing association property references
 org.hibernate.cfg.Configuration.secondPassCompile(Configuration.java:1190)2017-08-08 20:41:37processing foreign key constraints
 org.hibernate.cfg.Configuration.secondPassCompile(Configuration.java:1212)2017-08-08 20:41:37Using Hibernate built-in connection pool (not for production use!)
 org.hibernate.connection.DriverManagerConnectionProvider.configure(DriverManagerConnectionProvider.java:64)2017-08-08 20:41:37Hibernate connection pool size: 20
 org.hibernate.connection.DriverManagerConnectionProvider.configure(DriverManagerConnectionProvider.java:65)2017-08-08 20:41:37autocommit mode: false
 org.hibernate.connection.DriverManagerConnectionProvider.configure(DriverManagerConnectionProvider.java:68)2017-08-08 20:41:37using driver: com.microsoft.sqlserver.jdbc.SQLServerDriver at URL: jdbc:sqlserver://localhost:1433;databaseName=userInfo
 org.hibernate.connection.DriverManagerConnectionProvider.configure(DriverManagerConnectionProvider.java:103)2017-08-08 20:41:37connection properties: {user=sa, password=caijie}
 org.hibernate.connection.DriverManagerConnectionProvider.configure(DriverManagerConnectionProvider.java:106)2017-08-08 20:41:37opening new JDBC connection
 org.hibernate.connection.DriverManagerConnectionProvider.getConnection(DriverManagerConnectionProvider.java:132)2017-08-08 20:41:37created connection to: jdbc:sqlserver://localhost:1433;databaseName=userInfo, Isolation Level: 2
 org.hibernate.connection.DriverManagerConnectionProvider.getConnection(DriverManagerConnectionProvider.java:138)2017-08-08 20:41:37RDBMS: Microsoft SQL Server, version: 10.00.1600
 org.hibernate.cfg.SettingsFactory.buildSettings(SettingsFactory.java:114)2017-08-08 20:41:37JDBC driver: Microsoft JDBC Driver 4.0 for SQL Server, version: 4.0.2206.100
 org.hibernate.cfg.SettingsFactory.buildSettings(SettingsFactory.java:115)2017-08-08 20:41:37Using dialect: org.hibernate.dialect.SQLServerDialect
 org.hibernate.dialect.Dialect.<init>(Dialect.java:175)2017-08-08 20:41:37Using default transaction strategy (direct JDBC transactions)
 org.hibernate.transaction.TransactionFactoryFactory.buildTransactionFactory(TransactionFactoryFactory.java:59)2017-08-08 20:41:37No TransactionManagerLookup configured (in JTA environment, use of read-write or transactional second-level cache is not recommended)
 org.hibernate.transaction.TransactionManagerLookupFactory.getTransactionManagerLookup(TransactionManagerLookupFactory.java:80)2017-08-08 20:41:37Automatic flush during beforeCompletion(): disabled
 org.hibernate.cfg.SettingsFactory.buildSettings(SettingsFactory.java:161)2017-08-08 20:41:37Automatic session close at end of transaction: disabled
 org.hibernate.cfg.SettingsFactory.buildSettings(SettingsFactory.java:165)2017-08-08 20:41:37Scrollable result sets: enabled
 org.hibernate.cfg.SettingsFactory.buildSettings(SettingsFactory.java:180)2017-08-08 20:41:37Wrap result sets: disabled
 org.hibernate.cfg.SettingsFactory.buildSettings(SettingsFactory.java:184)2017-08-08 20:41:37JDBC3 getGeneratedKeys(): enabled
 org.hibernate.cfg.SettingsFactory.buildSettings(SettingsFactory.java:188)2017-08-08 20:41:37Connection release mode: auto
 org.hibernate.cfg.SettingsFactory.buildSettings(SettingsFactory.java:196)2017-08-08 20:41:37Default batch fetch size: 1
 org.hibernate.cfg.SettingsFactory.buildSettings(SettingsFactory.java:223)2017-08-08 20:41:37Generate SQL with comments: disabled
 org.hibernate.cfg.SettingsFactory.buildSettings(SettingsFactory.java:227)2017-08-08 20:41:37Order SQL updates by primary key: disabled
 org.hibernate.cfg.SettingsFactory.buildSettings(SettingsFactory.java:231)2017-08-08 20:41:37Order SQL inserts for batching: disabled
 org.hibernate.cfg.SettingsFactory.buildSettings(SettingsFactory.java:235)2017-08-08 20:41:37Query translator: org.hibernate.hql.ast.ASTQueryTranslatorFactory
 org.hibernate.cfg.SettingsFactory.createQueryTranslatorFactory(SettingsFactory.java:397)2017-08-08 20:41:37Using ASTQueryTranslatorFactory
 org.hibernate.hql.ast.ASTQueryTranslatorFactory.<init>(ASTQueryTranslatorFactory.java:47)2017-08-08 20:41:37Query language substitutions: {}
 org.hibernate.cfg.SettingsFactory.buildSettings(SettingsFactory.java:243)2017-08-08 20:41:37JPA-QL strict compliance: disabled
 org.hibernate.cfg.SettingsFactory.buildSettings(SettingsFactory.java:248)2017-08-08 20:41:37Second-level cache: enabled
 org.hibernate.cfg.SettingsFactory.buildSettings(SettingsFactory.java:253)2017-08-08 20:41:37Query cache: disabled
 org.hibernate.cfg.SettingsFactory.buildSettings(SettingsFactory.java:257)2017-08-08 20:41:37Cache region factory : org.hibernate.cache.impl.NoCachingRegionFactory
 org.hibernate.cfg.SettingsFactory.createRegionFactory(SettingsFactory.java:382)2017-08-08 20:41:37Optimize cache for minimal puts: disabled
 org.hibernate.cfg.SettingsFactory.buildSettings(SettingsFactory.java:267)2017-08-08 20:41:37Structured second-level cache entries: disabled
 org.hibernate.cfg.SettingsFactory.buildSettings(SettingsFactory.java:276)2017-08-08 20:41:37Echoing all SQL to stdout
 org.hibernate.cfg.SettingsFactory.buildSettings(SettingsFactory.java:296)2017-08-08 20:41:37Statistics: disabled
 org.hibernate.cfg.SettingsFactory.buildSettings(SettingsFactory.java:305)2017-08-08 20:41:37Deleted entity synthetic identifier rollback: disabled
 org.hibernate.cfg.SettingsFactory.buildSettings(SettingsFactory.java:309)2017-08-08 20:41:37Default entity-mode: pojo
 org.hibernate.cfg.SettingsFactory.buildSettings(SettingsFactory.java:324)2017-08-08 20:41:37Named query checking : enabled
 org.hibernate.cfg.SettingsFactory.buildSettings(SettingsFactory.java:328)2017-08-08 20:41:37building session factory
 org.hibernate.impl.SessionFactoryImpl.<init>(SessionFactoryImpl.java:193)2017-08-08 20:41:37Session factory constructed with filter configurations : {}
 org.hibernate.impl.SessionFactoryImpl.<init>(SessionFactoryImpl.java:211)2017-08-08 20:41:37instantiating session factory with properties: {java.runtime.name=Java(TM) SE Runtime Environment, hibernate.connection.password=caijie, sun.boot.library.path=D:\myeclipse\Common\binary\com.sun.java.jdk.win32.x86_64_1.6.0.013\jre\bin, java.vm.version=11.3-b02, hibernate.connection.username=sa, java.vm.vendor=Sun Microsystems Inc., java.vendor.url=http://java.sun.com/, path.separator=;, java.vm.name=Java HotSpot(TM) 64-Bit Server VM, file.encoding.pkg=sun.io, user.country=CN, sun.java.launcher=SUN_STANDARD, sun.os.patch.level=Service Pack 1, java.vm.specification.name=Java Virtual Machine Specification, user.dir=F:\myeclipse10.7.1workspace\hibernate, java.runtime.version=1.6.0_13-b03, java.awt.graphicsenv=sun.awt.Win32GraphicsEnvironment, java.endorsed.dirs=D:\myeclipse\Common\binary\com.sun.java.jdk.win32.x86_64_1.6.0.013\jre\lib\endorsed, os.arch=amd64, java.io.tmpdir=C:\Windows\TEMP\, line.separator=
, java.vm.specification.vendor=Sun Microsystems Inc., user.variant=, os.name=Windows Vista, sun.jnu.encoding=GBK, java.library.path=D:\myeclipse\Common\binary\com.sun.java.jdk.win32.x86_64_1.6.0.013\bin;.;C:\Windows\Sun\Java\bin;C:\Windows\system32;C:\Windows;C:\ProgramData\Oracle\Java\javapath;C:\Windows\system32;C:\Windows;C:\Windows\System32\Wbem;C:\Windows\System32\WindowsPowerShell\v1.0\;F:\JDK\bin;F:\SQL2008\100\Tools\Binn\;F:\SQLservice\100\Tools\Binn\;F:\SQLservice\100\DTS\Binn\;F:\SQL2008\100\Tools\Binn\VSShell\Common7\IDE\;F:\SQL2008\100\DTS\Binn\;F:\mysql\mysql5.6.31\bin, java.specification.name=Java Platform API Specification, java.class.version=50.0, sun.management.compiler=HotSpot 64-Bit Server Compiler, os.version=6.1, user.home=C:\Users\Administrator, user.timezone=Asia/Shanghai, java.awt.printerjob=sun.awt.windows.WPrinterJob, file.encoding=UTF-8, java.specification.version=1.6, hibernate.connection.driver_class=com.microsoft.sqlserver.jdbc.SQLServerDriver, java.class.path=F:\myeclipse10.7.1workspace\hibernate\WebRoot\WEB-INF\classes;F:\myeclipse10.7.1workspace\hibernate\WebRoot\WEB-INF\lib\antlr-2.7.6.jar;F:\myeclipse10.7.1workspace\hibernate\WebRoot\WEB-INF\lib\cglib-2.2.jar;F:\myeclipse10.7.1workspace\hibernate\WebRoot\WEB-INF\lib\commons-collections-3.1.jar;F:\myeclipse10.7.1workspace\hibernate\WebRoot\WEB-INF\lib\dom4j-1.6.1.jar;F:\myeclipse10.7.1workspace\hibernate\WebRoot\WEB-INF\lib\ehcache-1.2.3.jar;F:\myeclipse10.7.1workspace\hibernate\WebRoot\WEB-INF\lib\ejb3-persistence.jar;F:\myeclipse10.7.1workspace\hibernate\WebRoot\WEB-INF\lib\hibernate-annotations.jar;F:\myeclipse10.7.1workspace\hibernate\WebRoot\WEB-INF\lib\hibernate-commons-annotations.jar;F:\myeclipse10.7.1workspace\hibernate\WebRoot\WEB-INF\lib\hibernate-entitymanager.jar;F:\myeclipse10.7.1workspace\hibernate\WebRoot\WEB-INF\lib\hibernate-validator.jar;F:\myeclipse10.7.1workspace\hibernate\WebRoot\WEB-INF\lib\hibernate3.jar;F:\myeclipse10.7.1workspace\hibernate\WebRoot\WEB-INF\lib\javassist-3.9.0.GA.jar;F:\myeclipse10.7.1workspace\hibernate\WebRoot\WEB-INF\lib\jta-1.1.jar;F:\myeclipse10.7.1workspace\hibernate\WebRoot\WEB-INF\lib\log4j-1.2.14.jar;F:\myeclipse10.7.1workspace\hibernate\WebRoot\WEB-INF\lib\slf4j-api-1.5.8.jar;F:\myeclipse10.7.1workspace\hibernate\WebRoot\WEB-INF\lib\slf4j-log4j12-1.5.8.jar;F:\myeclipse10.7.1workspace\hibernate\WebRoot\WEB-INF\lib\sqljdbc4.jar;D:\myeclipse\Common\plugins\com.genuitec.eclipse.lib.hibernate41_10.5.0.me201207241813\data\4.1\lib\optional\ehcache\slf4j-api-1.6.1.jar;D:\myeclipse\Common\plugins\com.genuitec.eclipse.lib.hibernate41_10.5.0.me201207241813\data\4.1\lib\required\antlr-2.7.7.jar;D:\myeclipse\Common\plugins\com.genuitec.eclipse.lib.hibernate41_10.5.0.me201207241813\data\4.1\lib\required\dom4j-1.6.1.jar;D:\myeclipse\Common\plugins\com.genuitec.eclipse.lib.hibernate41_10.5.0.me201207241813\data\4.1\lib\required\hibernate-commons-annotations-4.0.1.Final.jar;D:\myeclipse\Common\plugins\com.genuitec.eclipse.lib.hibernate41_10.5.0.me201207241813\data\4.1\lib\required\hibernate-core-4.1.4.Final.jar;D:\myeclipse\Common\plugins\com.genuitec.eclipse.lib.hibernate41_10.5.0.me201207241813\data\4.1\lib\required\hibernate-jpa-2.0-api-1.0.1.Final.jar;D:\myeclipse\Common\plugins\com.genuitec.eclipse.lib.hibernate41_10.5.0.me201207241813\data\4.1\lib\required\javassist-3.15.0-GA.jar;D:\myeclipse\Common\plugins\com.genuitec.eclipse.lib.hibernate41_10.5.0.me201207241813\data\4.1\lib\required\jboss-logging-3.1.0.GA.jar;D:\myeclipse\Common\plugins\com.genuitec.eclipse.lib.hibernate41_10.5.0.me201207241813\data\4.1\lib\required\jboss-transaction-api_1.1_spec-1.0.0.Final.jar;D:\myeclipse\Common\plugins\com.genuitec.eclipse.lib.hibernate41_10.5.0.me201207241813\data\4.1\lib\jpa\hibernate-entitymanager-4.1.4.Final.jar;D:\myeclipse\Common\plugins\org.junit_4.8.2.v4_8_2_v20110321-1705\junit.jar;D:\myeclipse\Common\plugins\org.hamcrest.core_1.1.0.v20090501071000.jar;/D:/myeclipse/MyEclipse 10/configuration/org.eclipse.osgi/bundles/704/1/.cp/;/D:/myeclipse/MyEclipse 10/configuration/org.eclipse.osgi/bundles/702/1/.cp/;/D:/myeclipse/MyEclipse 10/configuration/org.eclipse.osgi/bundles/703/1/.cp/, user.name=Administrator, hibernate.bytecode.use_reflection_optimizer=false, hibernate.show_sql=true, java.vm.specification.version=1.0, sun.arch.data.model=64, java.home=D:\myeclipse\Common\binary\com.sun.java.jdk.win32.x86_64_1.6.0.013\jre, hibernate.dialect=org.hibernate.dialect.SQLServerDialect, hibernate.connection.url=jdbc:sqlserver://localhost:1433;databaseName=userInfo, java.specification.vendor=Sun Microsystems Inc., user.language=zh, awt.toolkit=sun.awt.windows.WToolkit, java.vm.info=mixed mode, java.version=1.6.0_13, java.ext.dirs=D:\myeclipse\Common\binary\com.sun.java.jdk.win32.x86_64_1.6.0.013\jre\lib\ext;C:\Windows\Sun\Java\lib\ext, sun.boot.class.path=D:\myeclipse\Common\binary\com.sun.java.jdk.win32.x86_64_1.6.0.013\jre\lib\resources.jar;D:\myeclipse\Common\binary\com.sun.java.jdk.win32.x86_64_1.6.0.013\jre\lib\rt.jar;D:\myeclipse\Common\binary\com.sun.java.jdk.win32.x86_64_1.6.0.013\jre\lib\sunrsasign.jar;D:\myeclipse\Common\binary\com.sun.java.jdk.win32.x86_64_1.6.0.013\jre\lib\jsse.jar;D:\myeclipse\Common\binary\com.sun.java.jdk.win32.x86_64_1.6.0.013\jre\lib\jce.jar;D:\myeclipse\Common\binary\com.sun.java.jdk.win32.x86_64_1.6.0.013\jre\lib\charsets.jar;D:\myeclipse\Common\binary\com.sun.java.jdk.win32.x86_64_1.6.0.013\jre\classes;D:\myeclipse\Common\plugins\com.genuitec.eclipse.j2eedt.core_10.5.0.me201207171805\data\libraryset\EE_5\javaee.jar;D:\myeclipse\Common\plugins\com.genuitec.eclipse.j2eedt.core_10.5.0.me201207171805\data\libraryset\EE_5\jsf-impl.jar;D:\myeclipse\Common\plugins\com.genuitec.eclipse.j2eedt.core_10.5.0.me201207171805\data\libraryset\EE_5\jsf-api.jar;D:\myeclipse\Common\plugins\com.genuitec.eclipse.j2eedt.core_10.5.0.me201207171805\data\libraryset\EE_5\jstl-1.2.jar, java.vendor=Sun Microsystems Inc., file.separator=\, java.vendor.url.bug=http://java.sun.com/cgi-bin/bugreport.cgi, hibernate.hbm2ddl.auto=update, sun.cpu.endian=little, sun.io.unicode.encoding=UnicodeLittle, sun.desktop=windows, sun.cpu.isalist=amd64}
 org.hibernate.impl.SessionFactoryImpl.<init>(SessionFactoryImpl.java:215)2017-08-08 20:41:37Static SQL for entity: com.xtkj.pojo.User
 org.hibernate.persister.entity.AbstractEntityPersister.logStaticSQL(AbstractEntityPersister.java:2756)2017-08-08 20:41:37 Version select: select TId from user where TId =?
 org.hibernate.persister.entity.AbstractEntityPersister.logStaticSQL(AbstractEntityPersister.java:2761)2017-08-08 20:41:37 Snapshot select: select user_.TId, user_.account as account0_, user_.pwd as pwd0_ from user user_ where user_.TId=?
 org.hibernate.persister.entity.AbstractEntityPersister.logStaticSQL(AbstractEntityPersister.java:2764)2017-08-08 20:41:37 Insert 0: insert into user (account, pwd, TId) values (?, ?, ?)
 org.hibernate.persister.entity.AbstractEntityPersister.logStaticSQL(AbstractEntityPersister.java:2767)2017-08-08 20:41:37 Update 0: update user set account=?, pwd=? where TId=?
 org.hibernate.persister.entity.AbstractEntityPersister.logStaticSQL(AbstractEntityPersister.java:2768)2017-08-08 20:41:37 Delete 0: delete from user where TId=?
 org.hibernate.persister.entity.AbstractEntityPersister.logStaticSQL(AbstractEntityPersister.java:2769)2017-08-08 20:41:37 Identity insert: insert into user (account, pwd) values (?, ?)
 org.hibernate.persister.entity.AbstractEntityPersister.logStaticSQL(AbstractEntityPersister.java:2773)2017-08-08 20:41:37Static select for entity com.xtkj.pojo.User: select user0_.TId as TId0_0_, user0_.account as account0_0_, user0_.pwd as pwd0_0_ from user user0_ where user0_.TId=?
 org.hibernate.loader.entity.EntityLoader.<init>(EntityLoader.java:102)2017-08-08 20:41:37Static select for entity com.xtkj.pojo.User: select user0_.TId as TId0_0_, user0_.account as account0_0_, user0_.pwd as pwd0_0_ from user user0_ where user0_.TId=?
 org.hibernate.loader.entity.EntityLoader.<init>(EntityLoader.java:102)2017-08-08 20:41:37Static select for entity com.xtkj.pojo.User: select user0_.TId as TId0_0_, user0_.account as account0_0_, user0_.pwd as pwd0_0_ from user user0_ with (updlock, rowlock) where user0_.TId=?
 org.hibernate.loader.entity.EntityLoader.<init>(EntityLoader.java:102)2017-08-08 20:41:37Static select for entity com.xtkj.pojo.User: select user0_.TId as TId0_0_, user0_.account as account0_0_, user0_.pwd as pwd0_0_ from user user0_ with (updlock, rowlock) where user0_.TId=?
 org.hibernate.loader.entity.EntityLoader.<init>(EntityLoader.java:102)2017-08-08 20:41:37Static select for entity com.xtkj.pojo.User: select user0_.TId as TId0_0_, user0_.account as account0_0_, user0_.pwd as pwd0_0_ from user user0_ with (updlock, rowlock) where user0_.TId=?
 org.hibernate.loader.entity.EntityLoader.<init>(EntityLoader.java:102)2017-08-08 20:41:37Static select for action ACTION_MERGE on entity com.xtkj.pojo.User: select user0_.TId as TId0_0_, user0_.account as account0_0_, user0_.pwd as pwd0_0_ from user user0_ where user0_.TId=?
 org.hibernate.loader.entity.CascadeEntityLoader.<init>(CascadeEntityLoader.java:57)2017-08-08 20:41:37Static select for action ACTION_REFRESH on entity com.xtkj.pojo.User: select user0_.TId as TId0_0_, user0_.account as account0_0_, user0_.pwd as pwd0_0_ from user user0_ where user0_.TId=?
 org.hibernate.loader.entity.CascadeEntityLoader.<init>(CascadeEntityLoader.java:57)2017-08-08 20:41:37initializing class SessionFactoryObjectFactory
 org.hibernate.impl.SessionFactoryObjectFactory.<clinit>(SessionFactoryObjectFactory.java:62)2017-08-08 20:41:37registered: 402882145dc1dd61015dc1dd62410000 (unnamed)
 org.hibernate.impl.SessionFactoryObjectFactory.addInstance(SessionFactoryObjectFactory.java:99)2017-08-08 20:41:37Not binding factory to JNDI, no JNDI name configured
 org.hibernate.impl.SessionFactoryObjectFactory.addInstance(SessionFactoryObjectFactory.java:105)2017-08-08 20:41:37instantiated session factory
 org.hibernate.impl.SessionFactoryImpl.<init>(SessionFactoryImpl.java:350)2017-08-08 20:41:37Running hbm2ddl schema update
 org.hibernate.tool.hbm2ddl.SchemaUpdate.execute(SchemaUpdate.java:155)2017-08-08 20:41:37fetching database metadata
 org.hibernate.tool.hbm2ddl.SchemaUpdate.execute(SchemaUpdate.java:167)2017-08-08 20:41:37updating schema
 org.hibernate.tool.hbm2ddl.SchemaUpdate.execute(SchemaUpdate.java:179)2017-08-08 20:41:37processing extends queue
 org.hibernate.cfg.Configuration.secondPassCompile(Configuration.java:1167)2017-08-08 20:41:37processing collection mappings
 org.hibernate.cfg.Configuration.secondPassCompile(Configuration.java:1171)2017-08-08 20:41:37processing native query and ResultSetMapping mappings
 org.hibernate.cfg.Configuration.secondPassCompile(Configuration.java:1182)2017-08-08 20:41:37processing association property references
 org.hibernate.cfg.Configuration.secondPassCompile(Configuration.java:1190)2017-08-08 20:41:37processing foreign key constraints
 org.hibernate.cfg.Configuration.secondPassCompile(Configuration.java:1212)2017-08-08 20:41:37table not found: user
 org.hibernate.tool.hbm2ddl.DatabaseMetadata.getTableMetadata(DatabaseMetadata.java:119)2017-08-08 20:41:37table not found: user
 org.hibernate.tool.hbm2ddl.DatabaseMetadata.getTableMetadata(DatabaseMetadata.java:119)2017-08-08 20:41:37create table user (TId int identity not null, account varchar(255) null, pwd varchar(255) null, primary key (TId))
 org.hibernate.tool.hbm2ddl.SchemaUpdate.execute(SchemaUpdate.java:203)2017-08-08 20:41:37Unsuccessful: create table user (TId int identity not null, account varchar(255) null, pwd varchar(255) null, primary key (TId))
 org.hibernate.tool.hbm2ddl.SchemaUpdate.execute(SchemaUpdate.java:212)2017-08-08 20:41:37关键字 'user' 附近有语法错误。
 org.hibernate.tool.hbm2ddl.SchemaUpdate.execute(SchemaUpdate.java:213)2017-08-08 20:41:37schema update complete
 org.hibernate.tool.hbm2ddl.SchemaUpdate.execute(SchemaUpdate.java:217)2017-08-08 20:41:37Checking 0 named HQL queries
 org.hibernate.impl.SessionFactoryImpl.checkNamedQueries(SessionFactoryImpl.java:474)2017-08-08 20:41:37Checking 0 named SQL queries
 org.hibernate.impl.SessionFactoryImpl.checkNamedQueries(SessionFactoryImpl.java:494)2017-08-08 20:41:37opened session at timestamp: 15021960978
 org.hibernate.impl.SessionImpl.<init>(SessionImpl.java:248)2017-08-08 20:41:37begin
 org.hibernate.transaction.JDBCTransaction.begin(JDBCTransaction.java:82)2017-08-08 20:41:37opening JDBC connection
 org.hibernate.jdbc.ConnectionManager.openConnection(ConnectionManager.java:444)2017-08-08 20:41:37current autocommit status: false
 org.hibernate.transaction.JDBCTransaction.begin(JDBCTransaction.java:87)2017-08-08 20:41:37executing identity-insert immediately
 org.hibernate.event.def.AbstractSaveEventListener.performSaveOrReplicate(AbstractSaveEventListener.java:320)2017-08-08 20:41:37about to open PreparedStatement (open PreparedStatements: 0, globally: 0)
 org.hibernate.jdbc.AbstractBatcher.logOpenPreparedStatement(AbstractBatcher.java:410)2017-08-08 20:41:37insert into user (account, pwd) values (?, ?)
 org.hibernate.jdbc.util.SQLStatementLogger.logStatement(SQLStatementLogger.java:111)2017-08-08 20:41:37about to close PreparedStatement (open PreparedStatements: 1, globally: 1)
 org.hibernate.jdbc.AbstractBatcher.logClosePreparedStatement(AbstractBatcher.java:418)2017-08-08 20:41:37could not insert: [com.xtkj.pojo.User] [insert into user (account, pwd) values (?, ?)]
 org.hibernate.util.JDBCExceptionReporter.logExceptions(JDBCExceptionReporter.java:92)com.microsoft.sqlserver.jdbc.SQLServerException: 关键字 'user' 附近有语法错误。
	at com.microsoft.sqlserver.jdbc.SQLServerException.makeFromDatabaseError(SQLServerException.java:216)
	at com.microsoft.sqlserver.jdbc.SQLServerStatement.getNextResult(SQLServerStatement.java:1515)
	at com.microsoft.sqlserver.jdbc.SQLServerPreparedStatement.doExecutePreparedStatement(SQLServerPreparedStatement.java:404)
	at com.microsoft.sqlserver.jdbc.SQLServerPreparedStatement$PrepStmtExecCmd.doExecute(SQLServerPreparedStatement.java:350)
	at com.microsoft.sqlserver.jdbc.TDSCommand.execute(IOBuffer.java:5696)
	at com.microsoft.sqlserver.jdbc.SQLServerConnection.executeCommand(SQLServerConnection.java:1715)
	at com.microsoft.sqlserver.jdbc.SQLServerStatement.executeCommand(SQLServerStatement.java:180)
	at com.microsoft.sqlserver.jdbc.SQLServerStatement.executeStatement(SQLServerStatement.java:155)
	at com.microsoft.sqlserver.jdbc.SQLServerPreparedStatement.executeUpdate(SQLServerPreparedStatement.java:314)
	at org.hibernate.id.IdentityGenerator$GetGeneratedKeysDelegate.executeAndExtract(IdentityGenerator.java:94)
	at org.hibernate.id.insert.AbstractReturningDelegate.performInsert(AbstractReturningDelegate.java:57)
	at org.hibernate.persister.entity.AbstractEntityPersister.insert(AbstractEntityPersister.java:2176)
	at org.hibernate.persister.entity.AbstractEntityPersister.insert(AbstractEntityPersister.java:2656)
	at org.hibernate.action.EntityIdentityInsertAction.execute(EntityIdentityInsertAction.java:71)
	at org.hibernate.engine.ActionQueue.execute(ActionQueue.java:279)
	at org.hibernate.event.def.AbstractSaveEventListener.performSaveOrReplicate(AbstractSaveEventListener.java:321)
	at org.hibernate.event.def.AbstractSaveEventListener.performSave(AbstractSaveEventListener.java:204)
	at org.hibernate.event.def.AbstractSaveEventListener.saveWithGeneratedId(AbstractSaveEventListener.java:130)
	at org.hibernate.event.def.DefaultSaveOrUpdateEventListener.saveWithGeneratedOrRequestedId(DefaultSaveOrUpdateEventListener.java:210)
	at org.hibernate.event.def.DefaultSaveEventListener.saveWithGeneratedOrRequestedId(DefaultSaveEventListener.java:56)
	at org.hibernate.event.def.DefaultSaveOrUpdateEventListener.entityIsTransient(DefaultSaveOrUpdateEventListener.java:195)
	at org.hibernate.event.def.DefaultSaveEventListener.performSaveOrUpdate(DefaultSaveEventListener.java:50)
	at org.hibernate.event.def.DefaultSaveOrUpdateEventListener.onSaveOrUpdate(DefaultSaveOrUpdateEventListener.java:93)
	at org.hibernate.impl.SessionImpl.fireSave(SessionImpl.java:563)
	at org.hibernate.impl.SessionImpl.save(SessionImpl.java:551)
	at org.hibernate.impl.SessionImpl.save(SessionImpl.java:547)
	at com.xtkj.test.HibernateTest.addT(HibernateTest.java:27)
	at sun.reflect.NativeMethodAccessorImpl.invoke0(Native Method)
	at sun.reflect.NativeMethodAccessorImpl.invoke(NativeMethodAccessorImpl.java:39)
	at sun.reflect.DelegatingMethodAccessorImpl.invoke(DelegatingMethodAccessorImpl.java:25)
	at java.lang.reflect.Method.invoke(Method.java:597)
	at org.junit.runners.model.FrameworkMethod$1.runReflectiveCall(FrameworkMethod.java:44)
	at org.junit.internal.runners.model.ReflectiveCallable.run(ReflectiveCallable.java:15)
	at org.junit.runners.model.FrameworkMethod.invokeExplosively(FrameworkMethod.java:41)
	at org.junit.internal.runners.statements.InvokeMethod.evaluate(InvokeMethod.java:20)
	at org.junit.runners.BlockJUnit4ClassRunner.runNotIgnored(BlockJUnit4ClassRunner.java:79)
	at org.junit.runners.BlockJUnit4ClassRunner.runChild(BlockJUnit4ClassRunner.java:71)
	at org.junit.runners.BlockJUnit4ClassRunner.runChild(BlockJUnit4ClassRunner.java:49)
	at org.junit.runners.ParentRunner$3.run(ParentRunner.java:193)
	at org.junit.runners.ParentRunner$1.schedule(ParentRunner.java:52)
	at org.junit.runners.ParentRunner.runChildren(ParentRunner.java:191)
	at org.junit.runners.ParentRunner.access$000(ParentRunner.java:42)
	at org.junit.runners.ParentRunner$2.evaluate(ParentRunner.java:184)
	at org.junit.runners.ParentRunner.run(ParentRunner.java:236)
	at org.eclipse.jdt.internal.junit4.runner.JUnit4TestReference.run(JUnit4TestReference.java:50)
	at org.eclipse.jdt.internal.junit.runner.TestExecution.run(TestExecution.java:38)
	at org.eclipse.jdt.internal.junit.runner.RemoteTestRunner.runTests(RemoteTestRunner.java:467)
	at org.eclipse.jdt.internal.junit.runner.RemoteTestRunner.runTests(RemoteTestRunner.java:683)
	at org.eclipse.jdt.internal.junit.runner.RemoteTestRunner.run(RemoteTestRunner.java:390)
	at org.eclipse.jdt.internal.junit.runner.RemoteTestRunner.main(RemoteTestRunner.java:197)
2017-08-08 20:41:37SQL Error: 156, SQLState: S0001
 org.hibernate.util.JDBCExceptionReporter.logExceptions(JDBCExceptionReporter.java:100)2017-08-08 20:41:37关键字 'user' 附近有语法错误。
 org.hibernate.util.JDBCExceptionReporter.logExceptions(JDBCExceptionReporter.java:101)2017-08-08 20:44:02Hibernate 3.3.2.GA
 org.hibernate.cfg.Environment.<clinit>(Environment.java:560)2017-08-08 20:44:02hibernate.properties not found
 org.hibernate.cfg.Environment.<clinit>(Environment.java:593)2017-08-08 20:44:02Bytecode provider name : javassist
 org.hibernate.cfg.Environment.buildBytecodeProvider(Environment.java:771)2017-08-08 20:44:02using JDK 1.4 java.sql.Timestamp handling
 org.hibernate.cfg.Environment.<clinit>(Environment.java:652)2017-08-08 20:44:02configuring from resource: /hibernate.cfg.xml
 org.hibernate.cfg.Configuration.configure(Configuration.java:1474)2017-08-08 20:44:02Configuration resource: /hibernate.cfg.xml
 org.hibernate.cfg.Configuration.getConfigurationInputStream(Configuration.java:1451)2017-08-08 20:44:02trying to resolve system-id [http://hibernate.sourceforge.NET/hibernate-configuration-3.0.dtd]
 org.hibernate.util.DTDEntityResolver.resolveEntity(DTDEntityResolver.java:64)2017-08-08 20:44:06hibernate.dialect=org.hibernate.dialect.SQLServerDialect
 org.hibernate.cfg.Configuration.addProperties(Configuration.java:1435)2017-08-08 20:44:06hibernate.connection.username=sa
 org.hibernate.cfg.Configuration.addProperties(Configuration.java:1435)2017-08-08 20:44:06hibernate.connection.password=caijie
 org.hibernate.cfg.Configuration.addProperties(Configuration.java:1435)2017-08-08 20:44:06hibernate.connection.driver_class=com.microsoft.sqlserver.jdbc.SQLServerDriver
 org.hibernate.cfg.Configuration.addProperties(Configuration.java:1435)2017-08-08 20:44:06hibernate.connection.url=jdbc:sqlserver://localhost:1433;databaseName=userInfo
 org.hibernate.cfg.Configuration.addProperties(Configuration.java:1435)2017-08-08 20:44:06hibernate.show_sql=true
 org.hibernate.cfg.Configuration.addProperties(Configuration.java:1435)2017-08-08 20:44:06hibernate.hbm2ddl.auto=update
 org.hibernate.cfg.Configuration.addProperties(Configuration.java:1435)2017-08-08 20:44:06null<-org.dom4j.tree.DefaultAttribute@426295eb [Attribute: name resource value "com/xtkj/pojo/User.hbm.xml"]
 org.hibernate.cfg.Configuration.parseMappingElement(Configuration.java:1634)2017-08-08 20:44:06Reading mappings from resource : com/xtkj/pojo/User.hbm.xml
 org.hibernate.cfg.Configuration.addResource(Configuration.java:600)2017-08-08 20:44:06trying to resolve system-id [http://hibernate.sourceforge.net/hibernate-mapping-3.0.dtd]
 org.hibernate.util.DTDEntityResolver.resolveEntity(DTDEntityResolver.java:64)2017-08-08 20:44:06recognized hibernate namespace; attempting to resolve on classpath under org/hibernate/
 org.hibernate.util.DTDEntityResolver.resolveEntity(DTDEntityResolver.java:66)2017-08-08 20:44:06located [http://hibernate.sourceforge.net/hibernate-mapping-3.0.dtd] in classpath
 org.hibernate.util.DTDEntityResolver.resolveEntity(DTDEntityResolver.java:76)2017-08-08 20:44:06Mapping class: com.xtkj.pojo.User -> user
 org.hibernate.cfg.HbmBinder.bindRootPersistentClassCommonValues(HbmBinder.java:322)2017-08-08 20:44:06Mapped property: TId -> TId
 org.hibernate.cfg.HbmBinder.bindProperty(HbmBinder.java:1289)2017-08-08 20:44:06Mapped property: account -> account
 org.hibernate.cfg.HbmBinder.bindProperty(HbmBinder.java:1289)2017-08-08 20:44:06Mapped property: pwd -> pwd
 org.hibernate.cfg.HbmBinder.bindProperty(HbmBinder.java:1289)2017-08-08 20:44:06Configured SessionFactory: null
 org.hibernate.cfg.Configuration.doConfigure(Configuration.java:1589)2017-08-08 20:44:06properties: {hibernate.connection.password=caijie, java.runtime.name=Java(TM) SE Runtime Environment, sun.boot.library.path=D:\myeclipse\Common\binary\com.sun.java.jdk.win32.x86_64_1.6.0.013\jre\bin, java.vm.version=11.3-b02, hibernate.connection.username=sa, java.vm.vendor=Sun Microsystems Inc., java.vendor.url=http://java.sun.com/, path.separator=;, java.vm.name=Java HotSpot(TM) 64-Bit Server VM, file.encoding.pkg=sun.io, user.country=CN, sun.java.launcher=SUN_STANDARD, sun.os.patch.level=Service Pack 1, java.vm.specification.name=Java Virtual Machine Specification, user.dir=F:\myeclipse10.7.1workspace\hibernate, java.runtime.version=1.6.0_13-b03, java.awt.graphicsenv=sun.awt.Win32GraphicsEnvironment, java.endorsed.dirs=D:\myeclipse\Common\binary\com.sun.java.jdk.win32.x86_64_1.6.0.013\jre\lib\endorsed, os.arch=amd64, java.io.tmpdir=C:\Windows\TEMP\, line.separator=
, java.vm.specification.vendor=Sun Microsystems Inc., user.variant=, os.name=Windows Vista, sun.jnu.encoding=GBK, java.library.path=D:\myeclipse\Common\binary\com.sun.java.jdk.win32.x86_64_1.6.0.013\bin;.;C:\Windows\Sun\Java\bin;C:\Windows\system32;C:\Windows;C:\ProgramData\Oracle\Java\javapath;C:\Windows\system32;C:\Windows;C:\Windows\System32\Wbem;C:\Windows\System32\WindowsPowerShell\v1.0\;F:\JDK\bin;F:\SQL2008\100\Tools\Binn\;F:\SQLservice\100\Tools\Binn\;F:\SQLservice\100\DTS\Binn\;F:\SQL2008\100\Tools\Binn\VSShell\Common7\IDE\;F:\SQL2008\100\DTS\Binn\;F:\mysql\mysql5.6.31\bin, java.specification.name=Java Platform API Specification, java.class.version=50.0, sun.management.compiler=HotSpot 64-Bit Server Compiler, os.version=6.1, user.home=C:\Users\Administrator, user.timezone=Asia/Shanghai, java.awt.printerjob=sun.awt.windows.WPrinterJob, file.encoding=UTF-8, java.specification.version=1.6, hibernate.connection.driver_class=com.microsoft.sqlserver.jdbc.SQLServerDriver, user.name=Administrator, java.class.path=F:\myeclipse10.7.1workspace\hibernate\WebRoot\WEB-INF\classes;F:\myeclipse10.7.1workspace\hibernate\WebRoot\WEB-INF\lib\antlr-2.7.6.jar;F:\myeclipse10.7.1workspace\hibernate\WebRoot\WEB-INF\lib\cglib-2.2.jar;F:\myeclipse10.7.1workspace\hibernate\WebRoot\WEB-INF\lib\commons-collections-3.1.jar;F:\myeclipse10.7.1workspace\hibernate\WebRoot\WEB-INF\lib\dom4j-1.6.1.jar;F:\myeclipse10.7.1workspace\hibernate\WebRoot\WEB-INF\lib\ehcache-1.2.3.jar;F:\myeclipse10.7.1workspace\hibernate\WebRoot\WEB-INF\lib\ejb3-persistence.jar;F:\myeclipse10.7.1workspace\hibernate\WebRoot\WEB-INF\lib\hibernate-annotations.jar;F:\myeclipse10.7.1workspace\hibernate\WebRoot\WEB-INF\lib\hibernate-commons-annotations.jar;F:\myeclipse10.7.1workspace\hibernate\WebRoot\WEB-INF\lib\hibernate-entitymanager.jar;F:\myeclipse10.7.1workspace\hibernate\WebRoot\WEB-INF\lib\hibernate-validator.jar;F:\myeclipse10.7.1workspace\hibernate\WebRoot\WEB-INF\lib\hibernate3.jar;F:\myeclipse10.7.1workspace\hibernate\WebRoot\WEB-INF\lib\javassist-3.9.0.GA.jar;F:\myeclipse10.7.1workspace\hibernate\WebRoot\WEB-INF\lib\jta-1.1.jar;F:\myeclipse10.7.1workspace\hibernate\WebRoot\WEB-INF\lib\log4j-1.2.14.jar;F:\myeclipse10.7.1workspace\hibernate\WebRoot\WEB-INF\lib\slf4j-api-1.5.8.jar;F:\myeclipse10.7.1workspace\hibernate\WebRoot\WEB-INF\lib\slf4j-log4j12-1.5.8.jar;F:\myeclipse10.7.1workspace\hibernate\WebRoot\WEB-INF\lib\sqljdbc4.jar;D:\myeclipse\Common\plugins\com.genuitec.eclipse.lib.hibernate41_10.5.0.me201207241813\data\4.1\lib\optional\ehcache\slf4j-api-1.6.1.jar;D:\myeclipse\Common\plugins\com.genuitec.eclipse.lib.hibernate41_10.5.0.me201207241813\data\4.1\lib\required\antlr-2.7.7.jar;D:\myeclipse\Common\plugins\com.genuitec.eclipse.lib.hibernate41_10.5.0.me201207241813\data\4.1\lib\required\dom4j-1.6.1.jar;D:\myeclipse\Common\plugins\com.genuitec.eclipse.lib.hibernate41_10.5.0.me201207241813\data\4.1\lib\required\hibernate-commons-annotations-4.0.1.Final.jar;D:\myeclipse\Common\plugins\com.genuitec.eclipse.lib.hibernate41_10.5.0.me201207241813\data\4.1\lib\required\hibernate-core-4.1.4.Final.jar;D:\myeclipse\Common\plugins\com.genuitec.eclipse.lib.hibernate41_10.5.0.me201207241813\data\4.1\lib\required\hibernate-jpa-2.0-api-1.0.1.Final.jar;D:\myeclipse\Common\plugins\com.genuitec.eclipse.lib.hibernate41_10.5.0.me201207241813\data\4.1\lib\required\javassist-3.15.0-GA.jar;D:\myeclipse\Common\plugins\com.genuitec.eclipse.lib.hibernate41_10.5.0.me201207241813\data\4.1\lib\required\jboss-logging-3.1.0.GA.jar;D:\myeclipse\Common\plugins\com.genuitec.eclipse.lib.hibernate41_10.5.0.me201207241813\data\4.1\lib\required\jboss-transaction-api_1.1_spec-1.0.0.Final.jar;D:\myeclipse\Common\plugins\com.genuitec.eclipse.lib.hibernate41_10.5.0.me201207241813\data\4.1\lib\jpa\hibernate-entitymanager-4.1.4.Final.jar;D:\myeclipse\Common\plugins\org.junit_4.8.2.v4_8_2_v20110321-1705\junit.jar;D:\myeclipse\Common\plugins\org.hamcrest.core_1.1.0.v20090501071000.jar;/D:/myeclipse/MyEclipse 10/configuration/org.eclipse.osgi/bundles/704/1/.cp/;/D:/myeclipse/MyEclipse 10/configuration/org.eclipse.osgi/bundles/702/1/.cp/;/D:/myeclipse/MyEclipse 10/configuration/org.eclipse.osgi/bundles/703/1/.cp/, hibernate.bytecode.use_reflection_optimizer=false, hibernate.show_sql=true, java.vm.specification.version=1.0, java.home=D:\myeclipse\Common\binary\com.sun.java.jdk.win32.x86_64_1.6.0.013\jre, sun.arch.data.model=64, hibernate.connection.url=jdbc:sqlserver://localhost:1433;databaseName=userInfo, hibernate.dialect=org.hibernate.dialect.SQLServerDialect, user.language=zh, java.specification.vendor=Sun Microsystems Inc., awt.toolkit=sun.awt.windows.WToolkit, java.vm.info=mixed mode, java.version=1.6.0_13, java.ext.dirs=D:\myeclipse\Common\binary\com.sun.java.jdk.win32.x86_64_1.6.0.013\jre\lib\ext;C:\Windows\Sun\Java\lib\ext, sun.boot.class.path=D:\myeclipse\Common\binary\com.sun.java.jdk.win32.x86_64_1.6.0.013\jre\lib\resources.jar;D:\myeclipse\Common\binary\com.sun.java.jdk.win32.x86_64_1.6.0.013\jre\lib\rt.jar;D:\myeclipse\Common\binary\com.sun.java.jdk.win32.x86_64_1.6.0.013\jre\lib\sunrsasign.jar;D:\myeclipse\Common\binary\com.sun.java.jdk.win32.x86_64_1.6.0.013\jre\lib\jsse.jar;D:\myeclipse\Common\binary\com.sun.java.jdk.win32.x86_64_1.6.0.013\jre\lib\jce.jar;D:\myeclipse\Common\binary\com.sun.java.jdk.win32.x86_64_1.6.0.013\jre\lib\charsets.jar;D:\myeclipse\Common\binary\com.sun.java.jdk.win32.x86_64_1.6.0.013\jre\classes;D:\myeclipse\Common\plugins\com.genuitec.eclipse.j2eedt.core_10.5.0.me201207171805\data\libraryset\EE_5\javaee.jar;D:\myeclipse\Common\plugins\com.genuitec.eclipse.j2eedt.core_10.5.0.me201207171805\data\libraryset\EE_5\jsf-impl.jar;D:\myeclipse\Common\plugins\com.genuitec.eclipse.j2eedt.core_10.5.0.me201207171805\data\libraryset\EE_5\jsf-api.jar;D:\myeclipse\Common\plugins\com.genuitec.eclipse.j2eedt.core_10.5.0.me201207171805\data\libraryset\EE_5\jstl-1.2.jar, java.vendor=Sun Microsystems Inc., file.separator=\, hibernate.hbm2ddl.auto=update, java.vendor.url.bug=http://java.sun.com/cgi-bin/bugreport.cgi, sun.io.unicode.encoding=UnicodeLittle, sun.cpu.endian=little, sun.desktop=windows, sun.cpu.isalist=amd64}
 org.hibernate.cfg.Configuration.doConfigure(Configuration.java:1590)2017-08-08 20:44:06Preparing to build session factory with filters : {}
 org.hibernate.cfg.Configuration.buildSessionFactory(Configuration.java:1332)2017-08-08 20:44:06processing extends queue
 org.hibernate.cfg.Configuration.secondPassCompile(Configuration.java:1167)2017-08-08 20:44:06processing collection mappings
 org.hibernate.cfg.Configuration.secondPassCompile(Configuration.java:1171)2017-08-08 20:44:06processing native query and ResultSetMapping mappings
 org.hibernate.cfg.Configuration.secondPassCompile(Configuration.java:1182)2017-08-08 20:44:06processing association property references
 org.hibernate.cfg.Configuration.secondPassCompile(Configuration.java:1190)2017-08-08 20:44:06processing foreign key constraints
 org.hibernate.cfg.Configuration.secondPassCompile(Configuration.java:1212)2017-08-08 20:44:06Using Hibernate built-in connection pool (not for production use!)
 org.hibernate.connection.DriverManagerConnectionProvider.configure(DriverManagerConnectionProvider.java:64)2017-08-08 20:44:06Hibernate connection pool size: 20
 org.hibernate.connection.DriverManagerConnectionProvider.configure(DriverManagerConnectionProvider.java:65)2017-08-08 20:44:06autocommit mode: false
 org.hibernate.connection.DriverManagerConnectionProvider.configure(DriverManagerConnectionProvider.java:68)2017-08-08 20:44:06using driver: com.microsoft.sqlserver.jdbc.SQLServerDriver at URL: jdbc:sqlserver://localhost:1433;databaseName=userInfo
 org.hibernate.connection.DriverManagerConnectionProvider.configure(DriverManagerConnectionProvider.java:103)2017-08-08 20:44:06connection properties: {user=sa, password=caijie}
 org.hibernate.connection.DriverManagerConnectionProvider.configure(DriverManagerConnectionProvider.java:106)2017-08-08 20:44:06opening new JDBC connection
 org.hibernate.connection.DriverManagerConnectionProvider.getConnection(DriverManagerConnectionProvider.java:132)2017-08-08 20:44:06created connection to: jdbc:sqlserver://localhost:1433;databaseName=userInfo, Isolation Level: 2
 org.hibernate.connection.DriverManagerConnectionProvider.getConnection(DriverManagerConnectionProvider.java:138)2017-08-08 20:44:06RDBMS: Microsoft SQL Server, version: 10.00.1600
 org.hibernate.cfg.SettingsFactory.buildSettings(SettingsFactory.java:114)2017-08-08 20:44:06JDBC driver: Microsoft JDBC Driver 4.0 for SQL Server, version: 4.0.2206.100
 org.hibernate.cfg.SettingsFactory.buildSettings(SettingsFactory.java:115)2017-08-08 20:44:06Using dialect: org.hibernate.dialect.SQLServerDialect
 org.hibernate.dialect.Dialect.<init>(Dialect.java:175)2017-08-08 20:44:06Using default transaction strategy (direct JDBC transactions)
 org.hibernate.transaction.TransactionFactoryFactory.buildTransactionFactory(TransactionFactoryFactory.java:59)2017-08-08 20:44:06No TransactionManagerLookup configured (in JTA environment, use of read-write or transactional second-level cache is not recommended)
 org.hibernate.transaction.TransactionManagerLookupFactory.getTransactionManagerLookup(TransactionManagerLookupFactory.java:80)2017-08-08 20:44:06Automatic flush during beforeCompletion(): disabled
 org.hibernate.cfg.SettingsFactory.buildSettings(SettingsFactory.java:161)2017-08-08 20:44:06Automatic session close at end of transaction: disabled
 org.hibernate.cfg.SettingsFactory.buildSettings(SettingsFactory.java:165)2017-08-08 20:44:06Scrollable result sets: enabled
 org.hibernate.cfg.SettingsFactory.buildSettings(SettingsFactory.java:180)2017-08-08 20:44:06Wrap result sets: disabled
 org.hibernate.cfg.SettingsFactory.buildSettings(SettingsFactory.java:184)2017-08-08 20:44:06JDBC3 getGeneratedKeys(): enabled
 org.hibernate.cfg.SettingsFactory.buildSettings(SettingsFactory.java:188)2017-08-08 20:44:06Connection release mode: auto
 org.hibernate.cfg.SettingsFactory.buildSettings(SettingsFactory.java:196)2017-08-08 20:44:06Default batch fetch size: 1
 org.hibernate.cfg.SettingsFactory.buildSettings(SettingsFactory.java:223)2017-08-08 20:44:06Generate SQL with comments: disabled
 org.hibernate.cfg.SettingsFactory.buildSettings(SettingsFactory.java:227)2017-08-08 20:44:06Order SQL updates by primary key: disabled
 org.hibernate.cfg.SettingsFactory.buildSettings(SettingsFactory.java:231)2017-08-08 20:44:06Order SQL inserts for batching: disabled
 org.hibernate.cfg.SettingsFactory.buildSettings(SettingsFactory.java:235)2017-08-08 20:44:06Query translator: org.hibernate.hql.ast.ASTQueryTranslatorFactory
 org.hibernate.cfg.SettingsFactory.createQueryTranslatorFactory(SettingsFactory.java:397)2017-08-08 20:44:06Using ASTQueryTranslatorFactory
 org.hibernate.hql.ast.ASTQueryTranslatorFactory.<init>(ASTQueryTranslatorFactory.java:47)2017-08-08 20:44:06Query language substitutions: {}
 org.hibernate.cfg.SettingsFactory.buildSettings(SettingsFactory.java:243)2017-08-08 20:44:06JPA-QL strict compliance: disabled
 org.hibernate.cfg.SettingsFactory.buildSettings(SettingsFactory.java:248)2017-08-08 20:44:06Second-level cache: enabled
 org.hibernate.cfg.SettingsFactory.buildSettings(SettingsFactory.java:253)2017-08-08 20:44:06Query cache: disabled
 org.hibernate.cfg.SettingsFactory.buildSettings(SettingsFactory.java:257)2017-08-08 20:44:06Cache region factory : org.hibernate.cache.impl.NoCachingRegionFactory
 org.hibernate.cfg.SettingsFactory.createRegionFactory(SettingsFactory.java:382)2017-08-08 20:44:06Optimize cache for minimal puts: disabled
 org.hibernate.cfg.SettingsFactory.buildSettings(SettingsFactory.java:267)2017-08-08 20:44:06Structured second-level cache entries: disabled
 org.hibernate.cfg.SettingsFactory.buildSettings(SettingsFactory.java:276)2017-08-08 20:44:06Echoing all SQL to stdout
 org.hibernate.cfg.SettingsFactory.buildSettings(SettingsFactory.java:296)2017-08-08 20:44:06Statistics: disabled
 org.hibernate.cfg.SettingsFactory.buildSettings(SettingsFactory.java:305)2017-08-08 20:44:06Deleted entity synthetic identifier rollback: disabled
 org.hibernate.cfg.SettingsFactory.buildSettings(SettingsFactory.java:309)2017-08-08 20:44:06Default entity-mode: pojo
 org.hibernate.cfg.SettingsFactory.buildSettings(SettingsFactory.java:324)2017-08-08 20:44:06Named query checking : enabled
 org.hibernate.cfg.SettingsFactory.buildSettings(SettingsFactory.java:328)2017-08-08 20:44:06building session factory
 org.hibernate.impl.SessionFactoryImpl.<init>(SessionFactoryImpl.java:193)2017-08-08 20:44:06Session factory constructed with filter configurations : {}
 org.hibernate.impl.SessionFactoryImpl.<init>(SessionFactoryImpl.java:211)2017-08-08 20:44:06instantiating session factory with properties: {java.runtime.name=Java(TM) SE Runtime Environment, hibernate.connection.password=caijie, sun.boot.library.path=D:\myeclipse\Common\binary\com.sun.java.jdk.win32.x86_64_1.6.0.013\jre\bin, java.vm.version=11.3-b02, hibernate.connection.username=sa, java.vm.vendor=Sun Microsystems Inc., java.vendor.url=http://java.sun.com/, path.separator=;, java.vm.name=Java HotSpot(TM) 64-Bit Server VM, file.encoding.pkg=sun.io, user.country=CN, sun.java.launcher=SUN_STANDARD, sun.os.patch.level=Service Pack 1, java.vm.specification.name=Java Virtual Machine Specification, user.dir=F:\myeclipse10.7.1workspace\hibernate, java.runtime.version=1.6.0_13-b03, java.awt.graphicsenv=sun.awt.Win32GraphicsEnvironment, java.endorsed.dirs=D:\myeclipse\Common\binary\com.sun.java.jdk.win32.x86_64_1.6.0.013\jre\lib\endorsed, os.arch=amd64, java.io.tmpdir=C:\Windows\TEMP\, line.separator=
, java.vm.specification.vendor=Sun Microsystems Inc., user.variant=, os.name=Windows Vista, sun.jnu.encoding=GBK, java.library.path=D:\myeclipse\Common\binary\com.sun.java.jdk.win32.x86_64_1.6.0.013\bin;.;C:\Windows\Sun\Java\bin;C:\Windows\system32;C:\Windows;C:\ProgramData\Oracle\Java\javapath;C:\Windows\system32;C:\Windows;C:\Windows\System32\Wbem;C:\Windows\System32\WindowsPowerShell\v1.0\;F:\JDK\bin;F:\SQL2008\100\Tools\Binn\;F:\SQLservice\100\Tools\Binn\;F:\SQLservice\100\DTS\Binn\;F:\SQL2008\100\Tools\Binn\VSShell\Common7\IDE\;F:\SQL2008\100\DTS\Binn\;F:\mysql\mysql5.6.31\bin, java.specification.name=Java Platform API Specification, java.class.version=50.0, sun.management.compiler=HotSpot 64-Bit Server Compiler, os.version=6.1, user.home=C:\Users\Administrator, user.timezone=Asia/Shanghai, java.awt.printerjob=sun.awt.windows.WPrinterJob, file.encoding=UTF-8, java.specification.version=1.6, hibernate.connection.driver_class=com.microsoft.sqlserver.jdbc.SQLServerDriver, java.class.path=F:\myeclipse10.7.1workspace\hibernate\WebRoot\WEB-INF\classes;F:\myeclipse10.7.1workspace\hibernate\WebRoot\WEB-INF\lib\antlr-2.7.6.jar;F:\myeclipse10.7.1workspace\hibernate\WebRoot\WEB-INF\lib\cglib-2.2.jar;F:\myeclipse10.7.1workspace\hibernate\WebRoot\WEB-INF\lib\commons-collections-3.1.jar;F:\myeclipse10.7.1workspace\hibernate\WebRoot\WEB-INF\lib\dom4j-1.6.1.jar;F:\myeclipse10.7.1workspace\hibernate\WebRoot\WEB-INF\lib\ehcache-1.2.3.jar;F:\myeclipse10.7.1workspace\hibernate\WebRoot\WEB-INF\lib\ejb3-persistence.jar;F:\myeclipse10.7.1workspace\hibernate\WebRoot\WEB-INF\lib\hibernate-annotations.jar;F:\myeclipse10.7.1workspace\hibernate\WebRoot\WEB-INF\lib\hibernate-commons-annotations.jar;F:\myeclipse10.7.1workspace\hibernate\WebRoot\WEB-INF\lib\hibernate-entitymanager.jar;F:\myeclipse10.7.1workspace\hibernate\WebRoot\WEB-INF\lib\hibernate-validator.jar;F:\myeclipse10.7.1workspace\hibernate\WebRoot\WEB-INF\lib\hibernate3.jar;F:\myeclipse10.7.1workspace\hibernate\WebRoot\WEB-INF\lib\javassist-3.9.0.GA.jar;F:\myeclipse10.7.1workspace\hibernate\WebRoot\WEB-INF\lib\jta-1.1.jar;F:\myeclipse10.7.1workspace\hibernate\WebRoot\WEB-INF\lib\log4j-1.2.14.jar;F:\myeclipse10.7.1workspace\hibernate\WebRoot\WEB-INF\lib\slf4j-api-1.5.8.jar;F:\myeclipse10.7.1workspace\hibernate\WebRoot\WEB-INF\lib\slf4j-log4j12-1.5.8.jar;F:\myeclipse10.7.1workspace\hibernate\WebRoot\WEB-INF\lib\sqljdbc4.jar;D:\myeclipse\Common\plugins\com.genuitec.eclipse.lib.hibernate41_10.5.0.me201207241813\data\4.1\lib\optional\ehcache\slf4j-api-1.6.1.jar;D:\myeclipse\Common\plugins\com.genuitec.eclipse.lib.hibernate41_10.5.0.me201207241813\data\4.1\lib\required\antlr-2.7.7.jar;D:\myeclipse\Common\plugins\com.genuitec.eclipse.lib.hibernate41_10.5.0.me201207241813\data\4.1\lib\required\dom4j-1.6.1.jar;D:\myeclipse\Common\plugins\com.genuitec.eclipse.lib.hibernate41_10.5.0.me201207241813\data\4.1\lib\required\hibernate-commons-annotations-4.0.1.Final.jar;D:\myeclipse\Common\plugins\com.genuitec.eclipse.lib.hibernate41_10.5.0.me201207241813\data\4.1\lib\required\hibernate-core-4.1.4.Final.jar;D:\myeclipse\Common\plugins\com.genuitec.eclipse.lib.hibernate41_10.5.0.me201207241813\data\4.1\lib\required\hibernate-jpa-2.0-api-1.0.1.Final.jar;D:\myeclipse\Common\plugins\com.genuitec.eclipse.lib.hibernate41_10.5.0.me201207241813\data\4.1\lib\required\javassist-3.15.0-GA.jar;D:\myeclipse\Common\plugins\com.genuitec.eclipse.lib.hibernate41_10.5.0.me201207241813\data\4.1\lib\required\jboss-logging-3.1.0.GA.jar;D:\myeclipse\Common\plugins\com.genuitec.eclipse.lib.hibernate41_10.5.0.me201207241813\data\4.1\lib\required\jboss-transaction-api_1.1_spec-1.0.0.Final.jar;D:\myeclipse\Common\plugins\com.genuitec.eclipse.lib.hibernate41_10.5.0.me201207241813\data\4.1\lib\jpa\hibernate-entitymanager-4.1.4.Final.jar;D:\myeclipse\Common\plugins\org.junit_4.8.2.v4_8_2_v20110321-1705\junit.jar;D:\myeclipse\Common\plugins\org.hamcrest.core_1.1.0.v20090501071000.jar;/D:/myeclipse/MyEclipse 10/configuration/org.eclipse.osgi/bundles/704/1/.cp/;/D:/myeclipse/MyEclipse 10/configuration/org.eclipse.osgi/bundles/702/1/.cp/;/D:/myeclipse/MyEclipse 10/configuration/org.eclipse.osgi/bundles/703/1/.cp/, user.name=Administrator, hibernate.bytecode.use_reflection_optimizer=false, hibernate.show_sql=true, java.vm.specification.version=1.0, sun.arch.data.model=64, java.home=D:\myeclipse\Common\binary\com.sun.java.jdk.win32.x86_64_1.6.0.013\jre, hibernate.dialect=org.hibernate.dialect.SQLServerDialect, hibernate.connection.url=jdbc:sqlserver://localhost:1433;databaseName=userInfo, java.specification.vendor=Sun Microsystems Inc., user.language=zh, awt.toolkit=sun.awt.windows.WToolkit, java.vm.info=mixed mode, java.version=1.6.0_13, java.ext.dirs=D:\myeclipse\Common\binary\com.sun.java.jdk.win32.x86_64_1.6.0.013\jre\lib\ext;C:\Windows\Sun\Java\lib\ext, sun.boot.class.path=D:\myeclipse\Common\binary\com.sun.java.jdk.win32.x86_64_1.6.0.013\jre\lib\resources.jar;D:\myeclipse\Common\binary\com.sun.java.jdk.win32.x86_64_1.6.0.013\jre\lib\rt.jar;D:\myeclipse\Common\binary\com.sun.java.jdk.win32.x86_64_1.6.0.013\jre\lib\sunrsasign.jar;D:\myeclipse\Common\binary\com.sun.java.jdk.win32.x86_64_1.6.0.013\jre\lib\jsse.jar;D:\myeclipse\Common\binary\com.sun.java.jdk.win32.x86_64_1.6.0.013\jre\lib\jce.jar;D:\myeclipse\Common\binary\com.sun.java.jdk.win32.x86_64_1.6.0.013\jre\lib\charsets.jar;D:\myeclipse\Common\binary\com.sun.java.jdk.win32.x86_64_1.6.0.013\jre\classes;D:\myeclipse\Common\plugins\com.genuitec.eclipse.j2eedt.core_10.5.0.me201207171805\data\libraryset\EE_5\javaee.jar;D:\myeclipse\Common\plugins\com.genuitec.eclipse.j2eedt.core_10.5.0.me201207171805\data\libraryset\EE_5\jsf-impl.jar;D:\myeclipse\Common\plugins\com.genuitec.eclipse.j2eedt.core_10.5.0.me201207171805\data\libraryset\EE_5\jsf-api.jar;D:\myeclipse\Common\plugins\com.genuitec.eclipse.j2eedt.core_10.5.0.me201207171805\data\libraryset\EE_5\jstl-1.2.jar, java.vendor=Sun Microsystems Inc., file.separator=\, java.vendor.url.bug=http://java.sun.com/cgi-bin/bugreport.cgi, hibernate.hbm2ddl.auto=update, sun.cpu.endian=little, sun.io.unicode.encoding=UnicodeLittle, sun.desktop=windows, sun.cpu.isalist=amd64}
 org.hibernate.impl.SessionFactoryImpl.<init>(SessionFactoryImpl.java:215)2017-08-08 20:44:06Static SQL for entity: com.xtkj.pojo.User
 org.hibernate.persister.entity.AbstractEntityPersister.logStaticSQL(AbstractEntityPersister.java:2756)2017-08-08 20:44:06 Version select: select TId from user where TId =?
 org.hibernate.persister.entity.AbstractEntityPersister.logStaticSQL(AbstractEntityPersister.java:2761)2017-08-08 20:44:06 Snapshot select: select user_.TId, user_.account as account0_, user_.pwd as pwd0_ from user user_ where user_.TId=?
 org.hibernate.persister.entity.AbstractEntityPersister.logStaticSQL(AbstractEntityPersister.java:2764)2017-08-08 20:44:06 Insert 0: insert into user (account, pwd, TId) values (?, ?, ?)
 org.hibernate.persister.entity.AbstractEntityPersister.logStaticSQL(AbstractEntityPersister.java:2767)2017-08-08 20:44:06 Update 0: update user set account=?, pwd=? where TId=?
 org.hibernate.persister.entity.AbstractEntityPersister.logStaticSQL(AbstractEntityPersister.java:2768)2017-08-08 20:44:06 Delete 0: delete from user where TId=?
 org.hibernate.persister.entity.AbstractEntityPersister.logStaticSQL(AbstractEntityPersister.java:2769)2017-08-08 20:44:06 Identity insert: insert into user (account, pwd) values (?, ?)
 org.hibernate.persister.entity.AbstractEntityPersister.logStaticSQL(AbstractEntityPersister.java:2773)2017-08-08 20:44:06Static select for entity com.xtkj.pojo.User: select user0_.TId as TId0_0_, user0_.account as account0_0_, user0_.pwd as pwd0_0_ from user user0_ where user0_.TId=?
 org.hibernate.loader.entity.EntityLoader.<init>(EntityLoader.java:102)2017-08-08 20:44:06Static select for entity com.xtkj.pojo.User: select user0_.TId as TId0_0_, user0_.account as account0_0_, user0_.pwd as pwd0_0_ from user user0_ where user0_.TId=?
 org.hibernate.loader.entity.EntityLoader.<init>(EntityLoader.java:102)2017-08-08 20:44:06Static select for entity com.xtkj.pojo.User: select user0_.TId as TId0_0_, user0_.account as account0_0_, user0_.pwd as pwd0_0_ from user user0_ with (updlock, rowlock) where user0_.TId=?
 org.hibernate.loader.entity.EntityLoader.<init>(EntityLoader.java:102)2017-08-08 20:44:06Static select for entity com.xtkj.pojo.User: select user0_.TId as TId0_0_, user0_.account as account0_0_, user0_.pwd as pwd0_0_ from user user0_ with (updlock, rowlock) where user0_.TId=?
 org.hibernate.loader.entity.EntityLoader.<init>(EntityLoader.java:102)2017-08-08 20:44:06Static select for entity com.xtkj.pojo.User: select user0_.TId as TId0_0_, user0_.account as account0_0_, user0_.pwd as pwd0_0_ from user user0_ with (updlock, rowlock) where user0_.TId=?
 org.hibernate.loader.entity.EntityLoader.<init>(EntityLoader.java:102)2017-08-08 20:44:06Static select for action ACTION_MERGE on entity com.xtkj.pojo.User: select user0_.TId as TId0_0_, user0_.account as account0_0_, user0_.pwd as pwd0_0_ from user user0_ where user0_.TId=?
 org.hibernate.loader.entity.CascadeEntityLoader.<init>(CascadeEntityLoader.java:57)2017-08-08 20:44:06Static select for action ACTION_REFRESH on entity com.xtkj.pojo.User: select user0_.TId as TId0_0_, user0_.account as account0_0_, user0_.pwd as pwd0_0_ from user user0_ where user0_.TId=?
 org.hibernate.loader.entity.CascadeEntityLoader.<init>(CascadeEntityLoader.java:57)2017-08-08 20:44:06initializing class SessionFactoryObjectFactory
 org.hibernate.impl.SessionFactoryObjectFactory.<clinit>(SessionFactoryObjectFactory.java:62)2017-08-08 20:44:06registered: 402882145dc1dfa8015dc1dfa8f00000 (unnamed)
 org.hibernate.impl.SessionFactoryObjectFactory.addInstance(SessionFactoryObjectFactory.java:99)2017-08-08 20:44:06Not binding factory to JNDI, no JNDI name configured
 org.hibernate.impl.SessionFactoryObjectFactory.addInstance(SessionFactoryObjectFactory.java:105)2017-08-08 20:44:06instantiated session factory
 org.hibernate.impl.SessionFactoryImpl.<init>(SessionFactoryImpl.java:350)2017-08-08 20:44:06Running hbm2ddl schema update
 org.hibernate.tool.hbm2ddl.SchemaUpdate.execute(SchemaUpdate.java:155)2017-08-08 20:44:06fetching database metadata
 org.hibernate.tool.hbm2ddl.SchemaUpdate.execute(SchemaUpdate.java:167)2017-08-08 20:44:06updating schema
 org.hibernate.tool.hbm2ddl.SchemaUpdate.execute(SchemaUpdate.java:179)2017-08-08 20:44:06processing extends queue
 org.hibernate.cfg.Configuration.secondPassCompile(Configuration.java:1167)2017-08-08 20:44:06processing collection mappings
 org.hibernate.cfg.Configuration.secondPassCompile(Configuration.java:1171)2017-08-08 20:44:06processing native query and ResultSetMapping mappings
 org.hibernate.cfg.Configuration.secondPassCompile(Configuration.java:1182)2017-08-08 20:44:06processing association property references
 org.hibernate.cfg.Configuration.secondPassCompile(Configuration.java:1190)2017-08-08 20:44:06processing foreign key constraints
 org.hibernate.cfg.Configuration.secondPassCompile(Configuration.java:1212)2017-08-08 20:44:06table not found: user
 org.hibernate.tool.hbm2ddl.DatabaseMetadata.getTableMetadata(DatabaseMetadata.java:119)2017-08-08 20:44:06table not found: user
 org.hibernate.tool.hbm2ddl.DatabaseMetadata.getTableMetadata(DatabaseMetadata.java:119)2017-08-08 20:44:06create table user (TId int identity not null, account varchar(255) null, pwd varchar(255) null, primary key (TId))
 org.hibernate.tool.hbm2ddl.SchemaUpdate.execute(SchemaUpdate.java:203)2017-08-08 20:44:06Unsuccessful: create table user (TId int identity not null, account varchar(255) null, pwd varchar(255) null, primary key (TId))
 org.hibernate.tool.hbm2ddl.SchemaUpdate.execute(SchemaUpdate.java:212)2017-08-08 20:44:06关键字 'user' 附近有语法错误。
 org.hibernate.tool.hbm2ddl.SchemaUpdate.execute(SchemaUpdate.java:213)2017-08-08 20:44:06schema update complete
 org.hibernate.tool.hbm2ddl.SchemaUpdate.execute(SchemaUpdate.java:217)2017-08-08 20:44:06Checking 0 named HQL queries
 org.hibernate.impl.SessionFactoryImpl.checkNamedQueries(SessionFactoryImpl.java:474)2017-08-08 20:44:06Checking 0 named SQL queries
 org.hibernate.impl.SessionFactoryImpl.checkNamedQueries(SessionFactoryImpl.java:494)2017-08-08 20:44:06opened session at timestamp: 15021962469
 org.hibernate.impl.SessionImpl.<init>(SessionImpl.java:248)2017-08-08 20:44:06begin
 org.hibernate.transaction.JDBCTransaction.begin(JDBCTransaction.java:82)2017-08-08 20:44:06opening JDBC connection
 org.hibernate.jdbc.ConnectionManager.openConnection(ConnectionManager.java:444)2017-08-08 20:44:06current autocommit status: false
 org.hibernate.transaction.JDBCTransaction.begin(JDBCTransaction.java:87)2017-08-08 20:44:06executing identity-insert immediately
 org.hibernate.event.def.AbstractSaveEventListener.performSaveOrReplicate(AbstractSaveEventListener.java:320)2017-08-08 20:44:06about to open PreparedStatement (open PreparedStatements: 0, globally: 0)
 org.hibernate.jdbc.AbstractBatcher.logOpenPreparedStatement(AbstractBatcher.java:410)2017-08-08 20:44:06insert into user (account, pwd) values (?, ?)
 org.hibernate.jdbc.util.SQLStatementLogger.logStatement(SQLStatementLogger.java:111)2017-08-08 20:44:06about to close PreparedStatement (open PreparedStatements: 1, globally: 1)
 org.hibernate.jdbc.AbstractBatcher.logClosePreparedStatement(AbstractBatcher.java:418)2017-08-08 20:44:06could not insert: [com.xtkj.pojo.User] [insert into user (account, pwd) values (?, ?)]
 org.hibernate.util.JDBCExceptionReporter.logExceptions(JDBCExceptionReporter.java:92)com.microsoft.sqlserver.jdbc.SQLServerException: 关键字 'user' 附近有语法错误。
	at com.microsoft.sqlserver.jdbc.SQLServerException.makeFromDatabaseError(SQLServerException.java:216)
	at com.microsoft.sqlserver.jdbc.SQLServerStatement.getNextResult(SQLServerStatement.java:1515)
	at com.microsoft.sqlserver.jdbc.SQLServerPreparedStatement.doExecutePreparedStatement(SQLServerPreparedStatement.java:404)
	at com.microsoft.sqlserver.jdbc.SQLServerPreparedStatement$PrepStmtExecCmd.doExecute(SQLServerPreparedStatement.java:350)
	at com.microsoft.sqlserver.jdbc.TDSCommand.execute(IOBuffer.java:5696)
	at com.microsoft.sqlserver.jdbc.SQLServerConnection.executeCommand(SQLServerConnection.java:1715)
	at com.microsoft.sqlserver.jdbc.SQLServerStatement.executeCommand(SQLServerStatement.java:180)
	at com.microsoft.sqlserver.jdbc.SQLServerStatement.executeStatement(SQLServerStatement.java:155)
	at com.microsoft.sqlserver.jdbc.SQLServerPreparedStatement.executeUpdate(SQLServerPreparedStatement.java:314)
	at org.hibernate.id.IdentityGenerator$GetGeneratedKeysDelegate.executeAndExtract(IdentityGenerator.java:94)
	at org.hibernate.id.insert.AbstractReturningDelegate.performInsert(AbstractReturningDelegate.java:57)
	at org.hibernate.persister.entity.AbstractEntityPersister.insert(AbstractEntityPersister.java:2176)
	at org.hibernate.persister.entity.AbstractEntityPersister.insert(AbstractEntityPersister.java:2656)
	at org.hibernate.action.EntityIdentityInsertAction.execute(EntityIdentityInsertAction.java:71)
	at org.hibernate.engine.ActionQueue.execute(ActionQueue.java:279)
	at org.hibernate.event.def.AbstractSaveEventListener.performSaveOrReplicate(AbstractSaveEventListener.java:321)
	at org.hibernate.event.def.AbstractSaveEventListener.performSave(AbstractSaveEventListener.java:204)
	at org.hibernate.event.def.AbstractSaveEventListener.saveWithGeneratedId(AbstractSaveEventListener.java:130)
	at org.hibernate.event.def.DefaultSaveOrUpdateEventListener.saveWithGeneratedOrRequestedId(DefaultSaveOrUpdateEventListener.java:210)
	at org.hibernate.event.def.DefaultSaveEventListener.saveWithGeneratedOrRequestedId(DefaultSaveEventListener.java:56)
	at org.hibernate.event.def.DefaultSaveOrUpdateEventListener.entityIsTransient(DefaultSaveOrUpdateEventListener.java:195)
	at org.hibernate.event.def.DefaultSaveEventListener.performSaveOrUpdate(DefaultSaveEventListener.java:50)
	at org.hibernate.event.def.DefaultSaveOrUpdateEventListener.onSaveOrUpdate(DefaultSaveOrUpdateEventListener.java:93)
	at org.hibernate.impl.SessionImpl.fireSave(SessionImpl.java:563)
	at org.hibernate.impl.SessionImpl.save(SessionImpl.java:551)
	at org.hibernate.impl.SessionImpl.save(SessionImpl.java:547)
	at com.xtkj.test.HibernateTest.addT(HibernateTest.java:27)
	at sun.reflect.NativeMethodAccessorImpl.invoke0(Native Method)
	at sun.reflect.NativeMethodAccessorImpl.invoke(NativeMethodAccessorImpl.java:39)
	at sun.reflect.DelegatingMethodAccessorImpl.invoke(DelegatingMethodAccessorImpl.java:25)
	at java.lang.reflect.Method.invoke(Method.java:597)
	at org.junit.runners.model.FrameworkMethod$1.runReflectiveCall(FrameworkMethod.java:44)
	at org.junit.internal.runners.model.ReflectiveCallable.run(ReflectiveCallable.java:15)
	at org.junit.runners.model.FrameworkMethod.invokeExplosively(FrameworkMethod.java:41)
	at org.junit.internal.runners.statements.InvokeMethod.evaluate(InvokeMethod.java:20)
	at org.junit.runners.BlockJUnit4ClassRunner.runNotIgnored(BlockJUnit4ClassRunner.java:79)
	at org.junit.runners.BlockJUnit4ClassRunner.runChild(BlockJUnit4ClassRunner.java:71)
	at org.junit.runners.BlockJUnit4ClassRunner.runChild(BlockJUnit4ClassRunner.java:49)
	at org.junit.runners.ParentRunner$3.run(ParentRunner.java:193)
	at org.junit.runners.ParentRunner$1.schedule(ParentRunner.java:52)
	at org.junit.runners.ParentRunner.runChildren(ParentRunner.java:191)
	at org.junit.runners.ParentRunner.access$000(ParentRunner.java:42)
	at org.junit.runners.ParentRunner$2.evaluate(ParentRunner.java:184)
	at org.junit.runners.ParentRunner.run(ParentRunner.java:236)
	at org.eclipse.jdt.internal.junit4.runner.JUnit4TestReference.run(JUnit4TestReference.java:50)
	at org.eclipse.jdt.internal.junit.runner.TestExecution.run(TestExecution.java:38)
	at org.eclipse.jdt.internal.junit.runner.RemoteTestRunner.runTests(RemoteTestRunner.java:467)
	at org.eclipse.jdt.internal.junit.runner.RemoteTestRunner.runTests(RemoteTestRunner.java:683)
	at org.eclipse.jdt.internal.junit.runner.RemoteTestRunner.run(RemoteTestRunner.java:390)
	at org.eclipse.jdt.internal.junit.runner.RemoteTestRunner.main(RemoteTestRunner.java:197)
2017-08-08 20:44:06SQL Error: 156, SQLState: S0001
 org.hibernate.util.JDBCExceptionReporter.logExceptions(JDBCExceptionReporter.java:100)2017-08-08 20:44:06关键字 'user' 附近有语法错误。
 org.hibernate.util.JDBCExceptionReporter.logExceptions(JDBCExceptionReporter.java:101)2017-08-08 20:46:12Hibernate 3.3.2.GA
 org.hibernate.cfg.Environment.<clinit>(Environment.java:560)2017-08-08 20:46:12hibernate.properties not found
 org.hibernate.cfg.Environment.<clinit>(Environment.java:593)2017-08-08 20:46:12Bytecode provider name : javassist
 org.hibernate.cfg.Environment.buildBytecodeProvider(Environment.java:771)2017-08-08 20:46:12using JDK 1.4 java.sql.Timestamp handling
 org.hibernate.cfg.Environment.<clinit>(Environment.java:652)2017-08-08 20:46:13configuring from resource: /hibernate.cfg.xml
 org.hibernate.cfg.Configuration.configure(Configuration.java:1474)2017-08-08 20:46:13Configuration resource: /hibernate.cfg.xml
 org.hibernate.cfg.Configuration.getConfigurationInputStream(Configuration.java:1451)2017-08-08 20:46:13trying to resolve system-id [http://hibernate.sourceforge.NET/hibernate-configuration-3.0.dtd]
 org.hibernate.util.DTDEntityResolver.resolveEntity(DTDEntityResolver.java:64)2017-08-08 20:46:14hibernate.dialect=org.hibernate.dialect.SQLServerDialect
 org.hibernate.cfg.Configuration.addProperties(Configuration.java:1435)2017-08-08 20:46:14hibernate.connection.username=sa
 org.hibernate.cfg.Configuration.addProperties(Configuration.java:1435)2017-08-08 20:46:14hibernate.connection.password=caijie
 org.hibernate.cfg.Configuration.addProperties(Configuration.java:1435)2017-08-08 20:46:14hibernate.connection.driver_class=com.microsoft.sqlserver.jdbc.SQLServerDriver
 org.hibernate.cfg.Configuration.addProperties(Configuration.java:1435)2017-08-08 20:46:14hibernate.connection.url=jdbc:sqlserver://localhost:1433;databaseName=userInfo
 org.hibernate.cfg.Configuration.addProperties(Configuration.java:1435)2017-08-08 20:46:14hibernate.show_sql=true
 org.hibernate.cfg.Configuration.addProperties(Configuration.java:1435)2017-08-08 20:46:14hibernate.hbm2ddl.auto=update
 org.hibernate.cfg.Configuration.addProperties(Configuration.java:1435)2017-08-08 20:46:14null<-org.dom4j.tree.DefaultAttribute@56609959 [Attribute: name resource value "com/xtkj/pojo/User.hbm.xml"]
 org.hibernate.cfg.Configuration.parseMappingElement(Configuration.java:1634)2017-08-08 20:46:14Reading mappings from resource : com/xtkj/pojo/User.hbm.xml
 org.hibernate.cfg.Configuration.addResource(Configuration.java:600)2017-08-08 20:46:14trying to resolve system-id [http://hibernate.sourceforge.net/hibernate-mapping-3.0.dtd]
 org.hibernate.util.DTDEntityResolver.resolveEntity(DTDEntityResolver.java:64)2017-08-08 20:46:14recognized hibernate namespace; attempting to resolve on classpath under org/hibernate/
 org.hibernate.util.DTDEntityResolver.resolveEntity(DTDEntityResolver.java:66)2017-08-08 20:46:14located [http://hibernate.sourceforge.net/hibernate-mapping-3.0.dtd] in classpath
 org.hibernate.util.DTDEntityResolver.resolveEntity(DTDEntityResolver.java:76)2017-08-08 20:46:14Mapping class: com.xtkj.pojo.User -> user
 org.hibernate.cfg.HbmBinder.bindRootPersistentClassCommonValues(HbmBinder.java:322)2017-08-08 20:46:14Mapped property: TId -> TId
 org.hibernate.cfg.HbmBinder.bindProperty(HbmBinder.java:1289)2017-08-08 20:46:14Mapped property: account -> account
 org.hibernate.cfg.HbmBinder.bindProperty(HbmBinder.java:1289)2017-08-08 20:46:14Mapped property: pwd -> pwd
 org.hibernate.cfg.HbmBinder.bindProperty(HbmBinder.java:1289)2017-08-08 20:46:14Configured SessionFactory: null
 org.hibernate.cfg.Configuration.doConfigure(Configuration.java:1589)2017-08-08 20:46:14properties: {hibernate.connection.password=caijie, java.runtime.name=Java(TM) SE Runtime Environment, sun.boot.library.path=D:\myeclipse\Common\binary\com.sun.java.jdk.win32.x86_64_1.6.0.013\jre\bin, java.vm.version=11.3-b02, hibernate.connection.username=sa, java.vm.vendor=Sun Microsystems Inc., java.vendor.url=http://java.sun.com/, path.separator=;, java.vm.name=Java HotSpot(TM) 64-Bit Server VM, file.encoding.pkg=sun.io, user.country=CN, sun.java.launcher=SUN_STANDARD, sun.os.patch.level=Service Pack 1, java.vm.specification.name=Java Virtual Machine Specification, user.dir=F:\myeclipse10.7.1workspace\hibernate, java.runtime.version=1.6.0_13-b03, java.awt.graphicsenv=sun.awt.Win32GraphicsEnvironment, java.endorsed.dirs=D:\myeclipse\Common\binary\com.sun.java.jdk.win32.x86_64_1.6.0.013\jre\lib\endorsed, os.arch=amd64, java.io.tmpdir=C:\Windows\TEMP\, line.separator=
, java.vm.specification.vendor=Sun Microsystems Inc., user.variant=, os.name=Windows Vista, sun.jnu.encoding=GBK, java.library.path=D:\myeclipse\Common\binary\com.sun.java.jdk.win32.x86_64_1.6.0.013\bin;.;C:\Windows\Sun\Java\bin;C:\Windows\system32;C:\Windows;C:\ProgramData\Oracle\Java\javapath;C:\Windows\system32;C:\Windows;C:\Windows\System32\Wbem;C:\Windows\System32\WindowsPowerShell\v1.0\;F:\JDK\bin;F:\SQL2008\100\Tools\Binn\;F:\SQLservice\100\Tools\Binn\;F:\SQLservice\100\DTS\Binn\;F:\SQL2008\100\Tools\Binn\VSShell\Common7\IDE\;F:\SQL2008\100\DTS\Binn\;F:\mysql\mysql5.6.31\bin, java.specification.name=Java Platform API Specification, java.class.version=50.0, sun.management.compiler=HotSpot 64-Bit Server Compiler, os.version=6.1, user.home=C:\Users\Administrator, user.timezone=Asia/Shanghai, java.awt.printerjob=sun.awt.windows.WPrinterJob, file.encoding=UTF-8, java.specification.version=1.6, hibernate.connection.driver_class=com.microsoft.sqlserver.jdbc.SQLServerDriver, user.name=Administrator, java.class.path=F:\myeclipse10.7.1workspace\hibernate\WebRoot\WEB-INF\classes;F:\myeclipse10.7.1workspace\hibernate\WebRoot\WEB-INF\lib\antlr-2.7.6.jar;F:\myeclipse10.7.1workspace\hibernate\WebRoot\WEB-INF\lib\cglib-2.2.jar;F:\myeclipse10.7.1workspace\hibernate\WebRoot\WEB-INF\lib\commons-collections-3.1.jar;F:\myeclipse10.7.1workspace\hibernate\WebRoot\WEB-INF\lib\dom4j-1.6.1.jar;F:\myeclipse10.7.1workspace\hibernate\WebRoot\WEB-INF\lib\ehcache-1.2.3.jar;F:\myeclipse10.7.1workspace\hibernate\WebRoot\WEB-INF\lib\ejb3-persistence.jar;F:\myeclipse10.7.1workspace\hibernate\WebRoot\WEB-INF\lib\hibernate-annotations.jar;F:\myeclipse10.7.1workspace\hibernate\WebRoot\WEB-INF\lib\hibernate-commons-annotations.jar;F:\myeclipse10.7.1workspace\hibernate\WebRoot\WEB-INF\lib\hibernate-entitymanager.jar;F:\myeclipse10.7.1workspace\hibernate\WebRoot\WEB-INF\lib\hibernate-validator.jar;F:\myeclipse10.7.1workspace\hibernate\WebRoot\WEB-INF\lib\hibernate3.jar;F:\myeclipse10.7.1workspace\hibernate\WebRoot\WEB-INF\lib\javassist-3.9.0.GA.jar;F:\myeclipse10.7.1workspace\hibernate\WebRoot\WEB-INF\lib\jta-1.1.jar;F:\myeclipse10.7.1workspace\hibernate\WebRoot\WEB-INF\lib\log4j-1.2.14.jar;F:\myeclipse10.7.1workspace\hibernate\WebRoot\WEB-INF\lib\slf4j-api-1.5.8.jar;F:\myeclipse10.7.1workspace\hibernate\WebRoot\WEB-INF\lib\slf4j-log4j12-1.5.8.jar;F:\myeclipse10.7.1workspace\hibernate\WebRoot\WEB-INF\lib\sqljdbc4.jar;D:\myeclipse\Common\plugins\com.genuitec.eclipse.lib.hibernate41_10.5.0.me201207241813\data\4.1\lib\optional\ehcache\slf4j-api-1.6.1.jar;D:\myeclipse\Common\plugins\com.genuitec.eclipse.lib.hibernate41_10.5.0.me201207241813\data\4.1\lib\required\antlr-2.7.7.jar;D:\myeclipse\Common\plugins\com.genuitec.eclipse.lib.hibernate41_10.5.0.me201207241813\data\4.1\lib\required\dom4j-1.6.1.jar;D:\myeclipse\Common\plugins\com.genuitec.eclipse.lib.hibernate41_10.5.0.me201207241813\data\4.1\lib\required\hibernate-commons-annotations-4.0.1.Final.jar;D:\myeclipse\Common\plugins\com.genuitec.eclipse.lib.hibernate41_10.5.0.me201207241813\data\4.1\lib\required\hibernate-core-4.1.4.Final.jar;D:\myeclipse\Common\plugins\com.genuitec.eclipse.lib.hibernate41_10.5.0.me201207241813\data\4.1\lib\required\hibernate-jpa-2.0-api-1.0.1.Final.jar;D:\myeclipse\Common\plugins\com.genuitec.eclipse.lib.hibernate41_10.5.0.me201207241813\data\4.1\lib\required\javassist-3.15.0-GA.jar;D:\myeclipse\Common\plugins\com.genuitec.eclipse.lib.hibernate41_10.5.0.me201207241813\data\4.1\lib\required\jboss-logging-3.1.0.GA.jar;D:\myeclipse\Common\plugins\com.genuitec.eclipse.lib.hibernate41_10.5.0.me201207241813\data\4.1\lib\required\jboss-transaction-api_1.1_spec-1.0.0.Final.jar;D:\myeclipse\Common\plugins\com.genuitec.eclipse.lib.hibernate41_10.5.0.me201207241813\data\4.1\lib\jpa\hibernate-entitymanager-4.1.4.Final.jar;D:\myeclipse\Common\plugins\org.junit_4.8.2.v4_8_2_v20110321-1705\junit.jar;D:\myeclipse\Common\plugins\org.hamcrest.core_1.1.0.v20090501071000.jar;/D:/myeclipse/MyEclipse 10/configuration/org.eclipse.osgi/bundles/704/1/.cp/;/D:/myeclipse/MyEclipse 10/configuration/org.eclipse.osgi/bundles/702/1/.cp/;/D:/myeclipse/MyEclipse 10/configuration/org.eclipse.osgi/bundles/703/1/.cp/, hibernate.bytecode.use_reflection_optimizer=false, hibernate.show_sql=true, java.vm.specification.version=1.0, java.home=D:\myeclipse\Common\binary\com.sun.java.jdk.win32.x86_64_1.6.0.013\jre, sun.arch.data.model=64, hibernate.connection.url=jdbc:sqlserver://localhost:1433;databaseName=userInfo, hibernate.dialect=org.hibernate.dialect.SQLServerDialect, user.language=zh, java.specification.vendor=Sun Microsystems Inc., awt.toolkit=sun.awt.windows.WToolkit, java.vm.info=mixed mode, java.version=1.6.0_13, java.ext.dirs=D:\myeclipse\Common\binary\com.sun.java.jdk.win32.x86_64_1.6.0.013\jre\lib\ext;C:\Windows\Sun\Java\lib\ext, sun.boot.class.path=D:\myeclipse\Common\binary\com.sun.java.jdk.win32.x86_64_1.6.0.013\jre\lib\resources.jar;D:\myeclipse\Common\binary\com.sun.java.jdk.win32.x86_64_1.6.0.013\jre\lib\rt.jar;D:\myeclipse\Common\binary\com.sun.java.jdk.win32.x86_64_1.6.0.013\jre\lib\sunrsasign.jar;D:\myeclipse\Common\binary\com.sun.java.jdk.win32.x86_64_1.6.0.013\jre\lib\jsse.jar;D:\myeclipse\Common\binary\com.sun.java.jdk.win32.x86_64_1.6.0.013\jre\lib\jce.jar;D:\myeclipse\Common\binary\com.sun.java.jdk.win32.x86_64_1.6.0.013\jre\lib\charsets.jar;D:\myeclipse\Common\binary\com.sun.java.jdk.win32.x86_64_1.6.0.013\jre\classes;D:\myeclipse\Common\plugins\com.genuitec.eclipse.j2eedt.core_10.5.0.me201207171805\data\libraryset\EE_5\javaee.jar;D:\myeclipse\Common\plugins\com.genuitec.eclipse.j2eedt.core_10.5.0.me201207171805\data\libraryset\EE_5\jsf-impl.jar;D:\myeclipse\Common\plugins\com.genuitec.eclipse.j2eedt.core_10.5.0.me201207171805\data\libraryset\EE_5\jsf-api.jar;D:\myeclipse\Common\plugins\com.genuitec.eclipse.j2eedt.core_10.5.0.me201207171805\data\libraryset\EE_5\jstl-1.2.jar, java.vendor=Sun Microsystems Inc., file.separator=\, hibernate.hbm2ddl.auto=update, java.vendor.url.bug=http://java.sun.com/cgi-bin/bugreport.cgi, sun.io.unicode.encoding=UnicodeLittle, sun.cpu.endian=little, sun.desktop=windows, sun.cpu.isalist=amd64}
 org.hibernate.cfg.Configuration.doConfigure(Configuration.java:1590)2017-08-08 20:46:14Preparing to build session factory with filters : {}
 org.hibernate.cfg.Configuration.buildSessionFactory(Configuration.java:1332)2017-08-08 20:46:14processing extends queue
 org.hibernate.cfg.Configuration.secondPassCompile(Configuration.java:1167)2017-08-08 20:46:14processing collection mappings
 org.hibernate.cfg.Configuration.secondPassCompile(Configuration.java:1171)2017-08-08 20:46:14processing native query and ResultSetMapping mappings
 org.hibernate.cfg.Configuration.secondPassCompile(Configuration.java:1182)2017-08-08 20:46:14processing association property references
 org.hibernate.cfg.Configuration.secondPassCompile(Configuration.java:1190)2017-08-08 20:46:14processing foreign key constraints
 org.hibernate.cfg.Configuration.secondPassCompile(Configuration.java:1212)2017-08-08 20:46:14Using Hibernate built-in connection pool (not for production use!)
 org.hibernate.connection.DriverManagerConnectionProvider.configure(DriverManagerConnectionProvider.java:64)2017-08-08 20:46:14Hibernate connection pool size: 20
 org.hibernate.connection.DriverManagerConnectionProvider.configure(DriverManagerConnectionProvider.java:65)2017-08-08 20:46:14autocommit mode: false
 org.hibernate.connection.DriverManagerConnectionProvider.configure(DriverManagerConnectionProvider.java:68)2017-08-08 20:46:14using driver: com.microsoft.sqlserver.jdbc.SQLServerDriver at URL: jdbc:sqlserver://localhost:1433;databaseName=userInfo
 org.hibernate.connection.DriverManagerConnectionProvider.configure(DriverManagerConnectionProvider.java:103)2017-08-08 20:46:14connection properties: {user=sa, password=caijie}
 org.hibernate.connection.DriverManagerConnectionProvider.configure(DriverManagerConnectionProvider.java:106)2017-08-08 20:46:14opening new JDBC connection
 org.hibernate.connection.DriverManagerConnectionProvider.getConnection(DriverManagerConnectionProvider.java:132)2017-08-08 20:46:15created connection to: jdbc:sqlserver://localhost:1433;databaseName=userInfo, Isolation Level: 2
 org.hibernate.connection.DriverManagerConnectionProvider.getConnection(DriverManagerConnectionProvider.java:138)2017-08-08 20:46:15RDBMS: Microsoft SQL Server, version: 10.00.1600
 org.hibernate.cfg.SettingsFactory.buildSettings(SettingsFactory.java:114)2017-08-08 20:46:15JDBC driver: Microsoft JDBC Driver 4.0 for SQL Server, version: 4.0.2206.100
 org.hibernate.cfg.SettingsFactory.buildSettings(SettingsFactory.java:115)2017-08-08 20:46:15Using dialect: org.hibernate.dialect.SQLServerDialect
 org.hibernate.dialect.Dialect.<init>(Dialect.java:175)2017-08-08 20:46:15Using default transaction strategy (direct JDBC transactions)
 org.hibernate.transaction.TransactionFactoryFactory.buildTransactionFactory(TransactionFactoryFactory.java:59)2017-08-08 20:46:15No TransactionManagerLookup configured (in JTA environment, use of read-write or transactional second-level cache is not recommended)
 org.hibernate.transaction.TransactionManagerLookupFactory.getTransactionManagerLookup(TransactionManagerLookupFactory.java:80)2017-08-08 20:46:15Automatic flush during beforeCompletion(): disabled
 org.hibernate.cfg.SettingsFactory.buildSettings(SettingsFactory.java:161)2017-08-08 20:46:15Automatic session close at end of transaction: disabled
 org.hibernate.cfg.SettingsFactory.buildSettings(SettingsFactory.java:165)2017-08-08 20:46:15Scrollable result sets: enabled
 org.hibernate.cfg.SettingsFactory.buildSettings(SettingsFactory.java:180)2017-08-08 20:46:15Wrap result sets: disabled
 org.hibernate.cfg.SettingsFactory.buildSettings(SettingsFactory.java:184)2017-08-08 20:46:15JDBC3 getGeneratedKeys(): enabled
 org.hibernate.cfg.SettingsFactory.buildSettings(SettingsFactory.java:188)2017-08-08 20:46:15Connection release mode: auto
 org.hibernate.cfg.SettingsFactory.buildSettings(SettingsFactory.java:196)2017-08-08 20:46:15Default batch fetch size: 1
 org.hibernate.cfg.SettingsFactory.buildSettings(SettingsFactory.java:223)2017-08-08 20:46:15Generate SQL with comments: disabled
 org.hibernate.cfg.SettingsFactory.buildSettings(SettingsFactory.java:227)2017-08-08 20:46:15Order SQL updates by primary key: disabled
 org.hibernate.cfg.SettingsFactory.buildSettings(SettingsFactory.java:231)2017-08-08 20:46:15Order SQL inserts for batching: disabled
 org.hibernate.cfg.SettingsFactory.buildSettings(SettingsFactory.java:235)2017-08-08 20:46:15Query translator: org.hibernate.hql.ast.ASTQueryTranslatorFactory
 org.hibernate.cfg.SettingsFactory.createQueryTranslatorFactory(SettingsFactory.java:397)2017-08-08 20:46:15Using ASTQueryTranslatorFactory
 org.hibernate.hql.ast.ASTQueryTranslatorFactory.<init>(ASTQueryTranslatorFactory.java:47)2017-08-08 20:46:15Query language substitutions: {}
 org.hibernate.cfg.SettingsFactory.buildSettings(SettingsFactory.java:243)2017-08-08 20:46:15JPA-QL strict compliance: disabled
 org.hibernate.cfg.SettingsFactory.buildSettings(SettingsFactory.java:248)2017-08-08 20:46:15Second-level cache: enabled
 org.hibernate.cfg.SettingsFactory.buildSettings(SettingsFactory.java:253)2017-08-08 20:46:15Query cache: disabled
 org.hibernate.cfg.SettingsFactory.buildSettings(SettingsFactory.java:257)2017-08-08 20:46:15Cache region factory : org.hibernate.cache.impl.NoCachingRegionFactory
 org.hibernate.cfg.SettingsFactory.createRegionFactory(SettingsFactory.java:382)2017-08-08 20:46:15Optimize cache for minimal puts: disabled
 org.hibernate.cfg.SettingsFactory.buildSettings(SettingsFactory.java:267)2017-08-08 20:46:15Structured second-level cache entries: disabled
 org.hibernate.cfg.SettingsFactory.buildSettings(SettingsFactory.java:276)2017-08-08 20:46:15Echoing all SQL to stdout
 org.hibernate.cfg.SettingsFactory.buildSettings(SettingsFactory.java:296)2017-08-08 20:46:15Statistics: disabled
 org.hibernate.cfg.SettingsFactory.buildSettings(SettingsFactory.java:305)2017-08-08 20:46:15Deleted entity synthetic identifier rollback: disabled
 org.hibernate.cfg.SettingsFactory.buildSettings(SettingsFactory.java:309)2017-08-08 20:46:15Default entity-mode: pojo
 org.hibernate.cfg.SettingsFactory.buildSettings(SettingsFactory.java:324)2017-08-08 20:46:15Named query checking : enabled
 org.hibernate.cfg.SettingsFactory.buildSettings(SettingsFactory.java:328)2017-08-08 20:46:15building session factory
 org.hibernate.impl.SessionFactoryImpl.<init>(SessionFactoryImpl.java:193)2017-08-08 20:46:15Session factory constructed with filter configurations : {}
 org.hibernate.impl.SessionFactoryImpl.<init>(SessionFactoryImpl.java:211)2017-08-08 20:46:15instantiating session factory with properties: {java.runtime.name=Java(TM) SE Runtime Environment, hibernate.connection.password=caijie, sun.boot.library.path=D:\myeclipse\Common\binary\com.sun.java.jdk.win32.x86_64_1.6.0.013\jre\bin, java.vm.version=11.3-b02, hibernate.connection.username=sa, java.vm.vendor=Sun Microsystems Inc., java.vendor.url=http://java.sun.com/, path.separator=;, java.vm.name=Java HotSpot(TM) 64-Bit Server VM, file.encoding.pkg=sun.io, user.country=CN, sun.java.launcher=SUN_STANDARD, sun.os.patch.level=Service Pack 1, java.vm.specification.name=Java Virtual Machine Specification, user.dir=F:\myeclipse10.7.1workspace\hibernate, java.runtime.version=1.6.0_13-b03, java.awt.graphicsenv=sun.awt.Win32GraphicsEnvironment, java.endorsed.dirs=D:\myeclipse\Common\binary\com.sun.java.jdk.win32.x86_64_1.6.0.013\jre\lib\endorsed, os.arch=amd64, java.io.tmpdir=C:\Windows\TEMP\, line.separator=
, java.vm.specification.vendor=Sun Microsystems Inc., user.variant=, os.name=Windows Vista, sun.jnu.encoding=GBK, java.library.path=D:\myeclipse\Common\binary\com.sun.java.jdk.win32.x86_64_1.6.0.013\bin;.;C:\Windows\Sun\Java\bin;C:\Windows\system32;C:\Windows;C:\ProgramData\Oracle\Java\javapath;C:\Windows\system32;C:\Windows;C:\Windows\System32\Wbem;C:\Windows\System32\WindowsPowerShell\v1.0\;F:\JDK\bin;F:\SQL2008\100\Tools\Binn\;F:\SQLservice\100\Tools\Binn\;F:\SQLservice\100\DTS\Binn\;F:\SQL2008\100\Tools\Binn\VSShell\Common7\IDE\;F:\SQL2008\100\DTS\Binn\;F:\mysql\mysql5.6.31\bin, java.specification.name=Java Platform API Specification, java.class.version=50.0, sun.management.compiler=HotSpot 64-Bit Server Compiler, os.version=6.1, user.home=C:\Users\Administrator, user.timezone=Asia/Shanghai, java.awt.printerjob=sun.awt.windows.WPrinterJob, file.encoding=UTF-8, java.specification.version=1.6, hibernate.connection.driver_class=com.microsoft.sqlserver.jdbc.SQLServerDriver, java.class.path=F:\myeclipse10.7.1workspace\hibernate\WebRoot\WEB-INF\classes;F:\myeclipse10.7.1workspace\hibernate\WebRoot\WEB-INF\lib\antlr-2.7.6.jar;F:\myeclipse10.7.1workspace\hibernate\WebRoot\WEB-INF\lib\cglib-2.2.jar;F:\myeclipse10.7.1workspace\hibernate\WebRoot\WEB-INF\lib\commons-collections-3.1.jar;F:\myeclipse10.7.1workspace\hibernate\WebRoot\WEB-INF\lib\dom4j-1.6.1.jar;F:\myeclipse10.7.1workspace\hibernate\WebRoot\WEB-INF\lib\ehcache-1.2.3.jar;F:\myeclipse10.7.1workspace\hibernate\WebRoot\WEB-INF\lib\ejb3-persistence.jar;F:\myeclipse10.7.1workspace\hibernate\WebRoot\WEB-INF\lib\hibernate-annotations.jar;F:\myeclipse10.7.1workspace\hibernate\WebRoot\WEB-INF\lib\hibernate-commons-annotations.jar;F:\myeclipse10.7.1workspace\hibernate\WebRoot\WEB-INF\lib\hibernate-entitymanager.jar;F:\myeclipse10.7.1workspace\hibernate\WebRoot\WEB-INF\lib\hibernate-validator.jar;F:\myeclipse10.7.1workspace\hibernate\WebRoot\WEB-INF\lib\hibernate3.jar;F:\myeclipse10.7.1workspace\hibernate\WebRoot\WEB-INF\lib\javassist-3.9.0.GA.jar;F:\myeclipse10.7.1workspace\hibernate\WebRoot\WEB-INF\lib\jta-1.1.jar;F:\myeclipse10.7.1workspace\hibernate\WebRoot\WEB-INF\lib\log4j-1.2.14.jar;F:\myeclipse10.7.1workspace\hibernate\WebRoot\WEB-INF\lib\slf4j-api-1.5.8.jar;F:\myeclipse10.7.1workspace\hibernate\WebRoot\WEB-INF\lib\slf4j-log4j12-1.5.8.jar;F:\myeclipse10.7.1workspace\hibernate\WebRoot\WEB-INF\lib\sqljdbc4.jar;D:\myeclipse\Common\plugins\com.genuitec.eclipse.lib.hibernate41_10.5.0.me201207241813\data\4.1\lib\optional\ehcache\slf4j-api-1.6.1.jar;D:\myeclipse\Common\plugins\com.genuitec.eclipse.lib.hibernate41_10.5.0.me201207241813\data\4.1\lib\required\antlr-2.7.7.jar;D:\myeclipse\Common\plugins\com.genuitec.eclipse.lib.hibernate41_10.5.0.me201207241813\data\4.1\lib\required\dom4j-1.6.1.jar;D:\myeclipse\Common\plugins\com.genuitec.eclipse.lib.hibernate41_10.5.0.me201207241813\data\4.1\lib\required\hibernate-commons-annotations-4.0.1.Final.jar;D:\myeclipse\Common\plugins\com.genuitec.eclipse.lib.hibernate41_10.5.0.me201207241813\data\4.1\lib\required\hibernate-core-4.1.4.Final.jar;D:\myeclipse\Common\plugins\com.genuitec.eclipse.lib.hibernate41_10.5.0.me201207241813\data\4.1\lib\required\hibernate-jpa-2.0-api-1.0.1.Final.jar;D:\myeclipse\Common\plugins\com.genuitec.eclipse.lib.hibernate41_10.5.0.me201207241813\data\4.1\lib\required\javassist-3.15.0-GA.jar;D:\myeclipse\Common\plugins\com.genuitec.eclipse.lib.hibernate41_10.5.0.me201207241813\data\4.1\lib\required\jboss-logging-3.1.0.GA.jar;D:\myeclipse\Common\plugins\com.genuitec.eclipse.lib.hibernate41_10.5.0.me201207241813\data\4.1\lib\required\jboss-transaction-api_1.1_spec-1.0.0.Final.jar;D:\myeclipse\Common\plugins\com.genuitec.eclipse.lib.hibernate41_10.5.0.me201207241813\data\4.1\lib\jpa\hibernate-entitymanager-4.1.4.Final.jar;D:\myeclipse\Common\plugins\org.junit_4.8.2.v4_8_2_v20110321-1705\junit.jar;D:\myeclipse\Common\plugins\org.hamcrest.core_1.1.0.v20090501071000.jar;/D:/myeclipse/MyEclipse 10/configuration/org.eclipse.osgi/bundles/704/1/.cp/;/D:/myeclipse/MyEclipse 10/configuration/org.eclipse.osgi/bundles/702/1/.cp/;/D:/myeclipse/MyEclipse 10/configuration/org.eclipse.osgi/bundles/703/1/.cp/, user.name=Administrator, hibernate.bytecode.use_reflection_optimizer=false, hibernate.show_sql=true, java.vm.specification.version=1.0, sun.arch.data.model=64, java.home=D:\myeclipse\Common\binary\com.sun.java.jdk.win32.x86_64_1.6.0.013\jre, hibernate.dialect=org.hibernate.dialect.SQLServerDialect, hibernate.connection.url=jdbc:sqlserver://localhost:1433;databaseName=userInfo, java.specification.vendor=Sun Microsystems Inc., user.language=zh, awt.toolkit=sun.awt.windows.WToolkit, java.vm.info=mixed mode, java.version=1.6.0_13, java.ext.dirs=D:\myeclipse\Common\binary\com.sun.java.jdk.win32.x86_64_1.6.0.013\jre\lib\ext;C:\Windows\Sun\Java\lib\ext, sun.boot.class.path=D:\myeclipse\Common\binary\com.sun.java.jdk.win32.x86_64_1.6.0.013\jre\lib\resources.jar;D:\myeclipse\Common\binary\com.sun.java.jdk.win32.x86_64_1.6.0.013\jre\lib\rt.jar;D:\myeclipse\Common\binary\com.sun.java.jdk.win32.x86_64_1.6.0.013\jre\lib\sunrsasign.jar;D:\myeclipse\Common\binary\com.sun.java.jdk.win32.x86_64_1.6.0.013\jre\lib\jsse.jar;D:\myeclipse\Common\binary\com.sun.java.jdk.win32.x86_64_1.6.0.013\jre\lib\jce.jar;D:\myeclipse\Common\binary\com.sun.java.jdk.win32.x86_64_1.6.0.013\jre\lib\charsets.jar;D:\myeclipse\Common\binary\com.sun.java.jdk.win32.x86_64_1.6.0.013\jre\classes;D:\myeclipse\Common\plugins\com.genuitec.eclipse.j2eedt.core_10.5.0.me201207171805\data\libraryset\EE_5\javaee.jar;D:\myeclipse\Common\plugins\com.genuitec.eclipse.j2eedt.core_10.5.0.me201207171805\data\libraryset\EE_5\jsf-impl.jar;D:\myeclipse\Common\plugins\com.genuitec.eclipse.j2eedt.core_10.5.0.me201207171805\data\libraryset\EE_5\jsf-api.jar;D:\myeclipse\Common\plugins\com.genuitec.eclipse.j2eedt.core_10.5.0.me201207171805\data\libraryset\EE_5\jstl-1.2.jar, java.vendor=Sun Microsystems Inc., file.separator=\, java.vendor.url.bug=http://java.sun.com/cgi-bin/bugreport.cgi, hibernate.hbm2ddl.auto=update, sun.cpu.endian=little, sun.io.unicode.encoding=UnicodeLittle, sun.desktop=windows, sun.cpu.isalist=amd64}
 org.hibernate.impl.SessionFactoryImpl.<init>(SessionFactoryImpl.java:215)2017-08-08 20:46:15Static SQL for entity: com.xtkj.pojo.User
 org.hibernate.persister.entity.AbstractEntityPersister.logStaticSQL(AbstractEntityPersister.java:2756)2017-08-08 20:46:15 Version select: select TId from user where TId =?
 org.hibernate.persister.entity.AbstractEntityPersister.logStaticSQL(AbstractEntityPersister.java:2761)2017-08-08 20:46:15 Snapshot select: select user_.TId, user_.account as account0_, user_.pwd as pwd0_ from user user_ where user_.TId=?
 org.hibernate.persister.entity.AbstractEntityPersister.logStaticSQL(AbstractEntityPersister.java:2764)2017-08-08 20:46:15 Insert 0: insert into user (account, pwd, TId) values (?, ?, ?)
 org.hibernate.persister.entity.AbstractEntityPersister.logStaticSQL(AbstractEntityPersister.java:2767)2017-08-08 20:46:15 Update 0: update user set account=?, pwd=? where TId=?
 org.hibernate.persister.entity.AbstractEntityPersister.logStaticSQL(AbstractEntityPersister.java:2768)2017-08-08 20:46:15 Delete 0: delete from user where TId=?
 org.hibernate.persister.entity.AbstractEntityPersister.logStaticSQL(AbstractEntityPersister.java:2769)2017-08-08 20:46:15 Identity insert: insert into user (account, pwd) values (?, ?)
 org.hibernate.persister.entity.AbstractEntityPersister.logStaticSQL(AbstractEntityPersister.java:2773)2017-08-08 20:46:15Static select for entity com.xtkj.pojo.User: select user0_.TId as TId0_0_, user0_.account as account0_0_, user0_.pwd as pwd0_0_ from user user0_ where user0_.TId=?
 org.hibernate.loader.entity.EntityLoader.<init>(EntityLoader.java:102)2017-08-08 20:46:15Static select for entity com.xtkj.pojo.User: select user0_.TId as TId0_0_, user0_.account as account0_0_, user0_.pwd as pwd0_0_ from user user0_ where user0_.TId=?
 org.hibernate.loader.entity.EntityLoader.<init>(EntityLoader.java:102)2017-08-08 20:46:15Static select for entity com.xtkj.pojo.User: select user0_.TId as TId0_0_, user0_.account as account0_0_, user0_.pwd as pwd0_0_ from user user0_ with (updlock, rowlock) where user0_.TId=?
 org.hibernate.loader.entity.EntityLoader.<init>(EntityLoader.java:102)2017-08-08 20:46:15Static select for entity com.xtkj.pojo.User: select user0_.TId as TId0_0_, user0_.account as account0_0_, user0_.pwd as pwd0_0_ from user user0_ with (updlock, rowlock) where user0_.TId=?
 org.hibernate.loader.entity.EntityLoader.<init>(EntityLoader.java:102)2017-08-08 20:46:15Static select for entity com.xtkj.pojo.User: select user0_.TId as TId0_0_, user0_.account as account0_0_, user0_.pwd as pwd0_0_ from user user0_ with (updlock, rowlock) where user0_.TId=?
 org.hibernate.loader.entity.EntityLoader.<init>(EntityLoader.java:102)2017-08-08 20:46:15Static select for action ACTION_MERGE on entity com.xtkj.pojo.User: select user0_.TId as TId0_0_, user0_.account as account0_0_, user0_.pwd as pwd0_0_ from user user0_ where user0_.TId=?
 org.hibernate.loader.entity.CascadeEntityLoader.<init>(CascadeEntityLoader.java:57)2017-08-08 20:46:15Static select for action ACTION_REFRESH on entity com.xtkj.pojo.User: select user0_.TId as TId0_0_, user0_.account as account0_0_, user0_.pwd as pwd0_0_ from user user0_ where user0_.TId=?
 org.hibernate.loader.entity.CascadeEntityLoader.<init>(CascadeEntityLoader.java:57)2017-08-08 20:46:15initializing class SessionFactoryObjectFactory
 org.hibernate.impl.SessionFactoryObjectFactory.<clinit>(SessionFactoryObjectFactory.java:62)2017-08-08 20:46:15registered: 402882145dc1e19e015dc1e19f480000 (unnamed)
 org.hibernate.impl.SessionFactoryObjectFactory.addInstance(SessionFactoryObjectFactory.java:99)2017-08-08 20:46:15Not binding factory to JNDI, no JNDI name configured
 org.hibernate.impl.SessionFactoryObjectFactory.addInstance(SessionFactoryObjectFactory.java:105)2017-08-08 20:46:15instantiated session factory
 org.hibernate.impl.SessionFactoryImpl.<init>(SessionFactoryImpl.java:350)2017-08-08 20:46:15Running hbm2ddl schema update
 org.hibernate.tool.hbm2ddl.SchemaUpdate.execute(SchemaUpdate.java:155)2017-08-08 20:46:15fetching database metadata
 org.hibernate.tool.hbm2ddl.SchemaUpdate.execute(SchemaUpdate.java:167)2017-08-08 20:46:15updating schema
 org.hibernate.tool.hbm2ddl.SchemaUpdate.execute(SchemaUpdate.java:179)2017-08-08 20:46:15processing extends queue
 org.hibernate.cfg.Configuration.secondPassCompile(Configuration.java:1167)2017-08-08 20:46:15processing collection mappings
 org.hibernate.cfg.Configuration.secondPassCompile(Configuration.java:1171)2017-08-08 20:46:15processing native query and ResultSetMapping mappings
 org.hibernate.cfg.Configuration.secondPassCompile(Configuration.java:1182)2017-08-08 20:46:15processing association property references
 org.hibernate.cfg.Configuration.secondPassCompile(Configuration.java:1190)2017-08-08 20:46:15processing foreign key constraints
 org.hibernate.cfg.Configuration.secondPassCompile(Configuration.java:1212)2017-08-08 20:46:15table not found: user
 org.hibernate.tool.hbm2ddl.DatabaseMetadata.getTableMetadata(DatabaseMetadata.java:119)2017-08-08 20:46:15table not found: user
 org.hibernate.tool.hbm2ddl.DatabaseMetadata.getTableMetadata(DatabaseMetadata.java:119)2017-08-08 20:46:15create table user (TId int identity not null, account varchar(255) null, pwd varchar(255) null, primary key (TId))
 org.hibernate.tool.hbm2ddl.SchemaUpdate.execute(SchemaUpdate.java:203)2017-08-08 20:46:15Unsuccessful: create table user (TId int identity not null, account varchar(255) null, pwd varchar(255) null, primary key (TId))
 org.hibernate.tool.hbm2ddl.SchemaUpdate.execute(SchemaUpdate.java:212)2017-08-08 20:46:15关键字 'user' 附近有语法错误。
 org.hibernate.tool.hbm2ddl.SchemaUpdate.execute(SchemaUpdate.java:213)2017-08-08 20:46:15schema update complete
 org.hibernate.tool.hbm2ddl.SchemaUpdate.execute(SchemaUpdate.java:217)2017-08-08 20:46:15Checking 0 named HQL queries
 org.hibernate.impl.SessionFactoryImpl.checkNamedQueries(SessionFactoryImpl.java:474)2017-08-08 20:46:15Checking 0 named SQL queries
 org.hibernate.impl.SessionFactoryImpl.checkNamedQueries(SessionFactoryImpl.java:494)2017-08-08 20:46:15opened session at timestamp: 15021963755
 org.hibernate.impl.SessionImpl.<init>(SessionImpl.java:248)2017-08-08 20:46:15begin
 org.hibernate.transaction.JDBCTransaction.begin(JDBCTransaction.java:82)2017-08-08 20:46:15opening JDBC connection
 org.hibernate.jdbc.ConnectionManager.openConnection(ConnectionManager.java:444)2017-08-08 20:46:15current autocommit status: false
 org.hibernate.transaction.JDBCTransaction.begin(JDBCTransaction.java:87)2017-08-08 20:46:15executing identity-insert immediately
 org.hibernate.event.def.AbstractSaveEventListener.performSaveOrReplicate(AbstractSaveEventListener.java:320)2017-08-08 20:46:15about to open PreparedStatement (open PreparedStatements: 0, globally: 0)
 org.hibernate.jdbc.AbstractBatcher.logOpenPreparedStatement(AbstractBatcher.java:410)2017-08-08 20:46:15insert into user (account, pwd) values (?, ?)
 org.hibernate.jdbc.util.SQLStatementLogger.logStatement(SQLStatementLogger.java:111)2017-08-08 20:46:15about to close PreparedStatement (open PreparedStatements: 1, globally: 1)
 org.hibernate.jdbc.AbstractBatcher.logClosePreparedStatement(AbstractBatcher.java:418)2017-08-08 20:46:15could not insert: [com.xtkj.pojo.User] [insert into user (account, pwd) values (?, ?)]
 org.hibernate.util.JDBCExceptionReporter.logExceptions(JDBCExceptionReporter.java:92)com.microsoft.sqlserver.jdbc.SQLServerException: 关键字 'user' 附近有语法错误。
	at com.microsoft.sqlserver.jdbc.SQLServerException.makeFromDatabaseError(SQLServerException.java:216)
	at com.microsoft.sqlserver.jdbc.SQLServerStatement.getNextResult(SQLServerStatement.java:1515)
	at com.microsoft.sqlserver.jdbc.SQLServerPreparedStatement.doExecutePreparedStatement(SQLServerPreparedStatement.java:404)
	at com.microsoft.sqlserver.jdbc.SQLServerPreparedStatement$PrepStmtExecCmd.doExecute(SQLServerPreparedStatement.java:350)
	at com.microsoft.sqlserver.jdbc.TDSCommand.execute(IOBuffer.java:5696)
	at com.microsoft.sqlserver.jdbc.SQLServerConnection.executeCommand(SQLServerConnection.java:1715)
	at com.microsoft.sqlserver.jdbc.SQLServerStatement.executeCommand(SQLServerStatement.java:180)
	at com.microsoft.sqlserver.jdbc.SQLServerStatement.executeStatement(SQLServerStatement.java:155)
	at com.microsoft.sqlserver.jdbc.SQLServerPreparedStatement.executeUpdate(SQLServerPreparedStatement.java:314)
	at org.hibernate.id.IdentityGenerator$GetGeneratedKeysDelegate.executeAndExtract(IdentityGenerator.java:94)
	at org.hibernate.id.insert.AbstractReturningDelegate.performInsert(AbstractReturningDelegate.java:57)
	at org.hibernate.persister.entity.AbstractEntityPersister.insert(AbstractEntityPersister.java:2176)
	at org.hibernate.persister.entity.AbstractEntityPersister.insert(AbstractEntityPersister.java:2656)
	at org.hibernate.action.EntityIdentityInsertAction.execute(EntityIdentityInsertAction.java:71)
	at org.hibernate.engine.ActionQueue.execute(ActionQueue.java:279)
	at org.hibernate.event.def.AbstractSaveEventListener.performSaveOrReplicate(AbstractSaveEventListener.java:321)
	at org.hibernate.event.def.AbstractSaveEventListener.performSave(AbstractSaveEventListener.java:204)
	at org.hibernate.event.def.AbstractSaveEventListener.saveWithGeneratedId(AbstractSaveEventListener.java:130)
	at org.hibernate.event.def.DefaultSaveOrUpdateEventListener.saveWithGeneratedOrRequestedId(DefaultSaveOrUpdateEventListener.java:210)
	at org.hibernate.event.def.DefaultSaveEventListener.saveWithGeneratedOrRequestedId(DefaultSaveEventListener.java:56)
	at org.hibernate.event.def.DefaultSaveOrUpdateEventListener.entityIsTransient(DefaultSaveOrUpdateEventListener.java:195)
	at org.hibernate.event.def.DefaultSaveEventListener.performSaveOrUpdate(DefaultSaveEventListener.java:50)
	at org.hibernate.event.def.DefaultSaveOrUpdateEventListener.onSaveOrUpdate(DefaultSaveOrUpdateEventListener.java:93)
	at org.hibernate.impl.SessionImpl.fireSave(SessionImpl.java:563)
	at org.hibernate.impl.SessionImpl.save(SessionImpl.java:551)
	at org.hibernate.impl.SessionImpl.save(SessionImpl.java:547)
	at com.xtkj.test.HibernateTest.addT(HibernateTest.java:26)
	at sun.reflect.NativeMethodAccessorImpl.invoke0(Native Method)
	at sun.reflect.NativeMethodAccessorImpl.invoke(NativeMethodAccessorImpl.java:39)
	at sun.reflect.DelegatingMethodAccessorImpl.invoke(DelegatingMethodAccessorImpl.java:25)
	at java.lang.reflect.Method.invoke(Method.java:597)
	at org.junit.runners.model.FrameworkMethod$1.runReflectiveCall(FrameworkMethod.java:44)
	at org.junit.internal.runners.model.ReflectiveCallable.run(ReflectiveCallable.java:15)
	at org.junit.runners.model.FrameworkMethod.invokeExplosively(FrameworkMethod.java:41)
	at org.junit.internal.runners.statements.InvokeMethod.evaluate(InvokeMethod.java:20)
	at org.junit.runners.BlockJUnit4ClassRunner.runNotIgnored(BlockJUnit4ClassRunner.java:79)
	at org.junit.runners.BlockJUnit4ClassRunner.runChild(BlockJUnit4ClassRunner.java:71)
	at org.junit.runners.BlockJUnit4ClassRunner.runChild(BlockJUnit4ClassRunner.java:49)
	at org.junit.runners.ParentRunner$3.run(ParentRunner.java:193)
	at org.junit.runners.ParentRunner$1.schedule(ParentRunner.java:52)
	at org.junit.runners.ParentRunner.runChildren(ParentRunner.java:191)
	at org.junit.runners.ParentRunner.access$000(ParentRunner.java:42)
	at org.junit.runners.ParentRunner$2.evaluate(ParentRunner.java:184)
	at org.junit.runners.ParentRunner.run(ParentRunner.java:236)
	at org.eclipse.jdt.internal.junit4.runner.JUnit4TestReference.run(JUnit4TestReference.java:50)
	at org.eclipse.jdt.internal.junit.runner.TestExecution.run(TestExecution.java:38)
	at org.eclipse.jdt.internal.junit.runner.RemoteTestRunner.runTests(RemoteTestRunner.java:467)
	at org.eclipse.jdt.internal.junit.runner.RemoteTestRunner.runTests(RemoteTestRunner.java:683)
	at org.eclipse.jdt.internal.junit.runner.RemoteTestRunner.run(RemoteTestRunner.java:390)
	at org.eclipse.jdt.internal.junit.runner.RemoteTestRunner.main(RemoteTestRunner.java:197)
2017-08-08 20:46:15SQL Error: 156, SQLState: S0001
 org.hibernate.util.JDBCExceptionReporter.logExceptions(JDBCExceptionReporter.java:100)2017-08-08 20:46:15关键字 'user' 附近有语法错误。
 org.hibernate.util.JDBCExceptionReporter.logExceptions(JDBCExceptionReporter.java:101)2017-08-08 20:47:14Hibernate 3.3.2.GA
 org.hibernate.cfg.Environment.<clinit>(Environment.java:560)2017-08-08 20:47:14hibernate.properties not found
 org.hibernate.cfg.Environment.<clinit>(Environment.java:593)2017-08-08 20:47:14Bytecode provider name : javassist
 org.hibernate.cfg.Environment.buildBytecodeProvider(Environment.java:771)2017-08-08 20:47:14using JDK 1.4 java.sql.Timestamp handling
 org.hibernate.cfg.Environment.<clinit>(Environment.java:652)2017-08-08 20:47:14configuring from resource: /hibernate.cfg.xml
 org.hibernate.cfg.Configuration.configure(Configuration.java:1474)2017-08-08 20:47:14Configuration resource: /hibernate.cfg.xml
 org.hibernate.cfg.Configuration.getConfigurationInputStream(Configuration.java:1451)2017-08-08 20:47:14trying to resolve system-id [http://hibernate.sourceforge.NET/hibernate-configuration-3.0.dtd]
 org.hibernate.util.DTDEntityResolver.resolveEntity(DTDEntityResolver.java:64)2017-08-08 20:47:16hibernate.dialect=org.hibernate.dialect.SQLServerDialect
 org.hibernate.cfg.Configuration.addProperties(Configuration.java:1435)2017-08-08 20:47:16hibernate.connection.username=sa
 org.hibernate.cfg.Configuration.addProperties(Configuration.java:1435)2017-08-08 20:47:16hibernate.connection.password=caijie
 org.hibernate.cfg.Configuration.addProperties(Configuration.java:1435)2017-08-08 20:47:16hibernate.connection.driver_class=com.microsoft.sqlserver.jdbc.SQLServerDriver
 org.hibernate.cfg.Configuration.addProperties(Configuration.java:1435)2017-08-08 20:47:16hibernate.connection.url=jdbc:sqlserver://localhost:1433;databaseName=userInfo
 org.hibernate.cfg.Configuration.addProperties(Configuration.java:1435)2017-08-08 20:47:16hibernate.show_sql=true
 org.hibernate.cfg.Configuration.addProperties(Configuration.java:1435)2017-08-08 20:47:16hibernate.hbm2ddl.auto=create
 org.hibernate.cfg.Configuration.addProperties(Configuration.java:1435)2017-08-08 20:47:16null<-org.dom4j.tree.DefaultAttribute@360dc67e [Attribute: name resource value "com/xtkj/pojo/User.hbm.xml"]
 org.hibernate.cfg.Configuration.parseMappingElement(Configuration.java:1634)2017-08-08 20:47:16Reading mappings from resource : com/xtkj/pojo/User.hbm.xml
 org.hibernate.cfg.Configuration.addResource(Configuration.java:600)2017-08-08 20:47:16trying to resolve system-id [http://hibernate.sourceforge.net/hibernate-mapping-3.0.dtd]
 org.hibernate.util.DTDEntityResolver.resolveEntity(DTDEntityResolver.java:64)2017-08-08 20:47:16recognized hibernate namespace; attempting to resolve on classpath under org/hibernate/
 org.hibernate.util.DTDEntityResolver.resolveEntity(DTDEntityResolver.java:66)2017-08-08 20:47:16located [http://hibernate.sourceforge.net/hibernate-mapping-3.0.dtd] in classpath
 org.hibernate.util.DTDEntityResolver.resolveEntity(DTDEntityResolver.java:76)2017-08-08 20:47:16Mapping class: com.xtkj.pojo.User -> user
 org.hibernate.cfg.HbmBinder.bindRootPersistentClassCommonValues(HbmBinder.java:322)2017-08-08 20:47:16Mapped property: TId -> TId
 org.hibernate.cfg.HbmBinder.bindProperty(HbmBinder.java:1289)2017-08-08 20:47:16Mapped property: account -> account
 org.hibernate.cfg.HbmBinder.bindProperty(HbmBinder.java:1289)2017-08-08 20:47:16Mapped property: pwd -> pwd
 org.hibernate.cfg.HbmBinder.bindProperty(HbmBinder.java:1289)2017-08-08 20:47:16Configured SessionFactory: null
 org.hibernate.cfg.Configuration.doConfigure(Configuration.java:1589)2017-08-08 20:47:16properties: {hibernate.connection.password=caijie, java.runtime.name=Java(TM) SE Runtime Environment, sun.boot.library.path=D:\myeclipse\Common\binary\com.sun.java.jdk.win32.x86_64_1.6.0.013\jre\bin, java.vm.version=11.3-b02, hibernate.connection.username=sa, java.vm.vendor=Sun Microsystems Inc., java.vendor.url=http://java.sun.com/, path.separator=;, java.vm.name=Java HotSpot(TM) 64-Bit Server VM, file.encoding.pkg=sun.io, user.country=CN, sun.java.launcher=SUN_STANDARD, sun.os.patch.level=Service Pack 1, java.vm.specification.name=Java Virtual Machine Specification, user.dir=F:\myeclipse10.7.1workspace\hibernate, java.runtime.version=1.6.0_13-b03, java.awt.graphicsenv=sun.awt.Win32GraphicsEnvironment, java.endorsed.dirs=D:\myeclipse\Common\binary\com.sun.java.jdk.win32.x86_64_1.6.0.013\jre\lib\endorsed, os.arch=amd64, java.io.tmpdir=C:\Windows\TEMP\, line.separator=
, java.vm.specification.vendor=Sun Microsystems Inc., user.variant=, os.name=Windows Vista, sun.jnu.encoding=GBK, java.library.path=D:\myeclipse\Common\binary\com.sun.java.jdk.win32.x86_64_1.6.0.013\bin;.;C:\Windows\Sun\Java\bin;C:\Windows\system32;C:\Windows;C:\ProgramData\Oracle\Java\javapath;C:\Windows\system32;C:\Windows;C:\Windows\System32\Wbem;C:\Windows\System32\WindowsPowerShell\v1.0\;F:\JDK\bin;F:\SQL2008\100\Tools\Binn\;F:\SQLservice\100\Tools\Binn\;F:\SQLservice\100\DTS\Binn\;F:\SQL2008\100\Tools\Binn\VSShell\Common7\IDE\;F:\SQL2008\100\DTS\Binn\;F:\mysql\mysql5.6.31\bin, java.specification.name=Java Platform API Specification, java.class.version=50.0, sun.management.compiler=HotSpot 64-Bit Server Compiler, os.version=6.1, user.home=C:\Users\Administrator, user.timezone=Asia/Shanghai, java.awt.printerjob=sun.awt.windows.WPrinterJob, file.encoding=UTF-8, java.specification.version=1.6, hibernate.connection.driver_class=com.microsoft.sqlserver.jdbc.SQLServerDriver, user.name=Administrator, java.class.path=F:\myeclipse10.7.1workspace\hibernate\WebRoot\WEB-INF\classes;F:\myeclipse10.7.1workspace\hibernate\WebRoot\WEB-INF\lib\antlr-2.7.6.jar;F:\myeclipse10.7.1workspace\hibernate\WebRoot\WEB-INF\lib\cglib-2.2.jar;F:\myeclipse10.7.1workspace\hibernate\WebRoot\WEB-INF\lib\commons-collections-3.1.jar;F:\myeclipse10.7.1workspace\hibernate\WebRoot\WEB-INF\lib\dom4j-1.6.1.jar;F:\myeclipse10.7.1workspace\hibernate\WebRoot\WEB-INF\lib\ehcache-1.2.3.jar;F:\myeclipse10.7.1workspace\hibernate\WebRoot\WEB-INF\lib\ejb3-persistence.jar;F:\myeclipse10.7.1workspace\hibernate\WebRoot\WEB-INF\lib\hibernate-annotations.jar;F:\myeclipse10.7.1workspace\hibernate\WebRoot\WEB-INF\lib\hibernate-commons-annotations.jar;F:\myeclipse10.7.1workspace\hibernate\WebRoot\WEB-INF\lib\hibernate-entitymanager.jar;F:\myeclipse10.7.1workspace\hibernate\WebRoot\WEB-INF\lib\hibernate-validator.jar;F:\myeclipse10.7.1workspace\hibernate\WebRoot\WEB-INF\lib\hibernate3.jar;F:\myeclipse10.7.1workspace\hibernate\WebRoot\WEB-INF\lib\javassist-3.9.0.GA.jar;F:\myeclipse10.7.1workspace\hibernate\WebRoot\WEB-INF\lib\jta-1.1.jar;F:\myeclipse10.7.1workspace\hibernate\WebRoot\WEB-INF\lib\log4j-1.2.14.jar;F:\myeclipse10.7.1workspace\hibernate\WebRoot\WEB-INF\lib\slf4j-api-1.5.8.jar;F:\myeclipse10.7.1workspace\hibernate\WebRoot\WEB-INF\lib\slf4j-log4j12-1.5.8.jar;F:\myeclipse10.7.1workspace\hibernate\WebRoot\WEB-INF\lib\sqljdbc4.jar;D:\myeclipse\Common\plugins\com.genuitec.eclipse.lib.hibernate41_10.5.0.me201207241813\data\4.1\lib\optional\ehcache\slf4j-api-1.6.1.jar;D:\myeclipse\Common\plugins\com.genuitec.eclipse.lib.hibernate41_10.5.0.me201207241813\data\4.1\lib\required\antlr-2.7.7.jar;D:\myeclipse\Common\plugins\com.genuitec.eclipse.lib.hibernate41_10.5.0.me201207241813\data\4.1\lib\required\dom4j-1.6.1.jar;D:\myeclipse\Common\plugins\com.genuitec.eclipse.lib.hibernate41_10.5.0.me201207241813\data\4.1\lib\required\hibernate-commons-annotations-4.0.1.Final.jar;D:\myeclipse\Common\plugins\com.genuitec.eclipse.lib.hibernate41_10.5.0.me201207241813\data\4.1\lib\required\hibernate-core-4.1.4.Final.jar;D:\myeclipse\Common\plugins\com.genuitec.eclipse.lib.hibernate41_10.5.0.me201207241813\data\4.1\lib\required\hibernate-jpa-2.0-api-1.0.1.Final.jar;D:\myeclipse\Common\plugins\com.genuitec.eclipse.lib.hibernate41_10.5.0.me201207241813\data\4.1\lib\required\javassist-3.15.0-GA.jar;D:\myeclipse\Common\plugins\com.genuitec.eclipse.lib.hibernate41_10.5.0.me201207241813\data\4.1\lib\required\jboss-logging-3.1.0.GA.jar;D:\myeclipse\Common\plugins\com.genuitec.eclipse.lib.hibernate41_10.5.0.me201207241813\data\4.1\lib\required\jboss-transaction-api_1.1_spec-1.0.0.Final.jar;D:\myeclipse\Common\plugins\com.genuitec.eclipse.lib.hibernate41_10.5.0.me201207241813\data\4.1\lib\jpa\hibernate-entitymanager-4.1.4.Final.jar;D:\myeclipse\Common\plugins\org.junit_4.8.2.v4_8_2_v20110321-1705\junit.jar;D:\myeclipse\Common\plugins\org.hamcrest.core_1.1.0.v20090501071000.jar;/D:/myeclipse/MyEclipse 10/configuration/org.eclipse.osgi/bundles/704/1/.cp/;/D:/myeclipse/MyEclipse 10/configuration/org.eclipse.osgi/bundles/702/1/.cp/;/D:/myeclipse/MyEclipse 10/configuration/org.eclipse.osgi/bundles/703/1/.cp/, hibernate.bytecode.use_reflection_optimizer=false, hibernate.show_sql=true, java.vm.specification.version=1.0, java.home=D:\myeclipse\Common\binary\com.sun.java.jdk.win32.x86_64_1.6.0.013\jre, sun.arch.data.model=64, hibernate.connection.url=jdbc:sqlserver://localhost:1433;databaseName=userInfo, hibernate.dialect=org.hibernate.dialect.SQLServerDialect, user.language=zh, java.specification.vendor=Sun Microsystems Inc., awt.toolkit=sun.awt.windows.WToolkit, java.vm.info=mixed mode, java.version=1.6.0_13, java.ext.dirs=D:\myeclipse\Common\binary\com.sun.java.jdk.win32.x86_64_1.6.0.013\jre\lib\ext;C:\Windows\Sun\Java\lib\ext, sun.boot.class.path=D:\myeclipse\Common\binary\com.sun.java.jdk.win32.x86_64_1.6.0.013\jre\lib\resources.jar;D:\myeclipse\Common\binary\com.sun.java.jdk.win32.x86_64_1.6.0.013\jre\lib\rt.jar;D:\myeclipse\Common\binary\com.sun.java.jdk.win32.x86_64_1.6.0.013\jre\lib\sunrsasign.jar;D:\myeclipse\Common\binary\com.sun.java.jdk.win32.x86_64_1.6.0.013\jre\lib\jsse.jar;D:\myeclipse\Common\binary\com.sun.java.jdk.win32.x86_64_1.6.0.013\jre\lib\jce.jar;D:\myeclipse\Common\binary\com.sun.java.jdk.win32.x86_64_1.6.0.013\jre\lib\charsets.jar;D:\myeclipse\Common\binary\com.sun.java.jdk.win32.x86_64_1.6.0.013\jre\classes;D:\myeclipse\Common\plugins\com.genuitec.eclipse.j2eedt.core_10.5.0.me201207171805\data\libraryset\EE_5\javaee.jar;D:\myeclipse\Common\plugins\com.genuitec.eclipse.j2eedt.core_10.5.0.me201207171805\data\libraryset\EE_5\jsf-impl.jar;D:\myeclipse\Common\plugins\com.genuitec.eclipse.j2eedt.core_10.5.0.me201207171805\data\libraryset\EE_5\jsf-api.jar;D:\myeclipse\Common\plugins\com.genuitec.eclipse.j2eedt.core_10.5.0.me201207171805\data\libraryset\EE_5\jstl-1.2.jar, java.vendor=Sun Microsystems Inc., file.separator=\, hibernate.hbm2ddl.auto=create, java.vendor.url.bug=http://java.sun.com/cgi-bin/bugreport.cgi, sun.io.unicode.encoding=UnicodeLittle, sun.cpu.endian=little, sun.desktop=windows, sun.cpu.isalist=amd64}
 org.hibernate.cfg.Configuration.doConfigure(Configuration.java:1590)2017-08-08 20:47:16Preparing to build session factory with filters : {}
 org.hibernate.cfg.Configuration.buildSessionFactory(Configuration.java:1332)2017-08-08 20:47:16processing extends queue
 org.hibernate.cfg.Configuration.secondPassCompile(Configuration.java:1167)2017-08-08 20:47:16processing collection mappings
 org.hibernate.cfg.Configuration.secondPassCompile(Configuration.java:1171)2017-08-08 20:47:16processing native query and ResultSetMapping mappings
 org.hibernate.cfg.Configuration.secondPassCompile(Configuration.java:1182)2017-08-08 20:47:16processing association property references
 org.hibernate.cfg.Configuration.secondPassCompile(Configuration.java:1190)2017-08-08 20:47:16processing foreign key constraints
 org.hibernate.cfg.Configuration.secondPassCompile(Configuration.java:1212)2017-08-08 20:47:16Using Hibernate built-in connection pool (not for production use!)
 org.hibernate.connection.DriverManagerConnectionProvider.configure(DriverManagerConnectionProvider.java:64)2017-08-08 20:47:16Hibernate connection pool size: 20
 org.hibernate.connection.DriverManagerConnectionProvider.configure(DriverManagerConnectionProvider.java:65)2017-08-08 20:47:16autocommit mode: false
 org.hibernate.connection.DriverManagerConnectionProvider.configure(DriverManagerConnectionProvider.java:68)2017-08-08 20:47:16using driver: com.microsoft.sqlserver.jdbc.SQLServerDriver at URL: jdbc:sqlserver://localhost:1433;databaseName=userInfo
 org.hibernate.connection.DriverManagerConnectionProvider.configure(DriverManagerConnectionProvider.java:103)2017-08-08 20:47:16connection properties: {user=sa, password=caijie}
 org.hibernate.connection.DriverManagerConnectionProvider.configure(DriverManagerConnectionProvider.java:106)2017-08-08 20:47:16opening new JDBC connection
 org.hibernate.connection.DriverManagerConnectionProvider.getConnection(DriverManagerConnectionProvider.java:132)2017-08-08 20:47:16created connection to: jdbc:sqlserver://localhost:1433;databaseName=userInfo, Isolation Level: 2
 org.hibernate.connection.DriverManagerConnectionProvider.getConnection(DriverManagerConnectionProvider.java:138)2017-08-08 20:47:16RDBMS: Microsoft SQL Server, version: 10.00.1600
 org.hibernate.cfg.SettingsFactory.buildSettings(SettingsFactory.java:114)2017-08-08 20:47:16JDBC driver: Microsoft JDBC Driver 4.0 for SQL Server, version: 4.0.2206.100
 org.hibernate.cfg.SettingsFactory.buildSettings(SettingsFactory.java:115)2017-08-08 20:47:16Using dialect: org.hibernate.dialect.SQLServerDialect
 org.hibernate.dialect.Dialect.<init>(Dialect.java:175)2017-08-08 20:47:16Using default transaction strategy (direct JDBC transactions)
 org.hibernate.transaction.TransactionFactoryFactory.buildTransactionFactory(TransactionFactoryFactory.java:59)2017-08-08 20:47:16No TransactionManagerLookup configured (in JTA environment, use of read-write or transactional second-level cache is not recommended)
 org.hibernate.transaction.TransactionManagerLookupFactory.getTransactionManagerLookup(TransactionManagerLookupFactory.java:80)2017-08-08 20:47:16Automatic flush during beforeCompletion(): disabled
 org.hibernate.cfg.SettingsFactory.buildSettings(SettingsFactory.java:161)2017-08-08 20:47:16Automatic session close at end of transaction: disabled
 org.hibernate.cfg.SettingsFactory.buildSettings(SettingsFactory.java:165)2017-08-08 20:47:16Scrollable result sets: enabled
 org.hibernate.cfg.SettingsFactory.buildSettings(SettingsFactory.java:180)2017-08-08 20:47:16Wrap result sets: disabled
 org.hibernate.cfg.SettingsFactory.buildSettings(SettingsFactory.java:184)2017-08-08 20:47:16JDBC3 getGeneratedKeys(): enabled
 org.hibernate.cfg.SettingsFactory.buildSettings(SettingsFactory.java:188)2017-08-08 20:47:16Connection release mode: auto
 org.hibernate.cfg.SettingsFactory.buildSettings(SettingsFactory.java:196)2017-08-08 20:47:16Default batch fetch size: 1
 org.hibernate.cfg.SettingsFactory.buildSettings(SettingsFactory.java:223)2017-08-08 20:47:16Generate SQL with comments: disabled
 org.hibernate.cfg.SettingsFactory.buildSettings(SettingsFactory.java:227)2017-08-08 20:47:16Order SQL updates by primary key: disabled
 org.hibernate.cfg.SettingsFactory.buildSettings(SettingsFactory.java:231)2017-08-08 20:47:16Order SQL inserts for batching: disabled
 org.hibernate.cfg.SettingsFactory.buildSettings(SettingsFactory.java:235)2017-08-08 20:47:16Query translator: org.hibernate.hql.ast.ASTQueryTranslatorFactory
 org.hibernate.cfg.SettingsFactory.createQueryTranslatorFactory(SettingsFactory.java:397)2017-08-08 20:47:16Using ASTQueryTranslatorFactory
 org.hibernate.hql.ast.ASTQueryTranslatorFactory.<init>(ASTQueryTranslatorFactory.java:47)2017-08-08 20:47:16Query language substitutions: {}
 org.hibernate.cfg.SettingsFactory.buildSettings(SettingsFactory.java:243)2017-08-08 20:47:16JPA-QL strict compliance: disabled
 org.hibernate.cfg.SettingsFactory.buildSettings(SettingsFactory.java:248)2017-08-08 20:47:16Second-level cache: enabled
 org.hibernate.cfg.SettingsFactory.buildSettings(SettingsFactory.java:253)2017-08-08 20:47:16Query cache: disabled
 org.hibernate.cfg.SettingsFactory.buildSettings(SettingsFactory.java:257)2017-08-08 20:47:16Cache region factory : org.hibernate.cache.impl.NoCachingRegionFactory
 org.hibernate.cfg.SettingsFactory.createRegionFactory(SettingsFactory.java:382)2017-08-08 20:47:16Optimize cache for minimal puts: disabled
 org.hibernate.cfg.SettingsFactory.buildSettings(SettingsFactory.java:267)2017-08-08 20:47:16Structured second-level cache entries: disabled
 org.hibernate.cfg.SettingsFactory.buildSettings(SettingsFactory.java:276)2017-08-08 20:47:16Echoing all SQL to stdout
 org.hibernate.cfg.SettingsFactory.buildSettings(SettingsFactory.java:296)2017-08-08 20:47:16Statistics: disabled
 org.hibernate.cfg.SettingsFactory.buildSettings(SettingsFactory.java:305)2017-08-08 20:47:16Deleted entity synthetic identifier rollback: disabled
 org.hibernate.cfg.SettingsFactory.buildSettings(SettingsFactory.java:309)2017-08-08 20:47:16Default entity-mode: pojo
 org.hibernate.cfg.SettingsFactory.buildSettings(SettingsFactory.java:324)2017-08-08 20:47:16Named query checking : enabled
 org.hibernate.cfg.SettingsFactory.buildSettings(SettingsFactory.java:328)2017-08-08 20:47:16building session factory
 org.hibernate.impl.SessionFactoryImpl.<init>(SessionFactoryImpl.java:193)2017-08-08 20:47:16Session factory constructed with filter configurations : {}
 org.hibernate.impl.SessionFactoryImpl.<init>(SessionFactoryImpl.java:211)2017-08-08 20:47:16instantiating session factory with properties: {java.runtime.name=Java(TM) SE Runtime Environment, hibernate.connection.password=caijie, sun.boot.library.path=D:\myeclipse\Common\binary\com.sun.java.jdk.win32.x86_64_1.6.0.013\jre\bin, java.vm.version=11.3-b02, hibernate.connection.username=sa, java.vm.vendor=Sun Microsystems Inc., java.vendor.url=http://java.sun.com/, path.separator=;, java.vm.name=Java HotSpot(TM) 64-Bit Server VM, file.encoding.pkg=sun.io, user.country=CN, sun.java.launcher=SUN_STANDARD, sun.os.patch.level=Service Pack 1, java.vm.specification.name=Java Virtual Machine Specification, user.dir=F:\myeclipse10.7.1workspace\hibernate, java.runtime.version=1.6.0_13-b03, java.awt.graphicsenv=sun.awt.Win32GraphicsEnvironment, java.endorsed.dirs=D:\myeclipse\Common\binary\com.sun.java.jdk.win32.x86_64_1.6.0.013\jre\lib\endorsed, os.arch=amd64, java.io.tmpdir=C:\Windows\TEMP\, line.separator=
, java.vm.specification.vendor=Sun Microsystems Inc., user.variant=, os.name=Windows Vista, sun.jnu.encoding=GBK, java.library.path=D:\myeclipse\Common\binary\com.sun.java.jdk.win32.x86_64_1.6.0.013\bin;.;C:\Windows\Sun\Java\bin;C:\Windows\system32;C:\Windows;C:\ProgramData\Oracle\Java\javapath;C:\Windows\system32;C:\Windows;C:\Windows\System32\Wbem;C:\Windows\System32\WindowsPowerShell\v1.0\;F:\JDK\bin;F:\SQL2008\100\Tools\Binn\;F:\SQLservice\100\Tools\Binn\;F:\SQLservice\100\DTS\Binn\;F:\SQL2008\100\Tools\Binn\VSShell\Common7\IDE\;F:\SQL2008\100\DTS\Binn\;F:\mysql\mysql5.6.31\bin, java.specification.name=Java Platform API Specification, java.class.version=50.0, sun.management.compiler=HotSpot 64-Bit Server Compiler, os.version=6.1, user.home=C:\Users\Administrator, user.timezone=Asia/Shanghai, java.awt.printerjob=sun.awt.windows.WPrinterJob, file.encoding=UTF-8, java.specification.version=1.6, hibernate.connection.driver_class=com.microsoft.sqlserver.jdbc.SQLServerDriver, java.class.path=F:\myeclipse10.7.1workspace\hibernate\WebRoot\WEB-INF\classes;F:\myeclipse10.7.1workspace\hibernate\WebRoot\WEB-INF\lib\antlr-2.7.6.jar;F:\myeclipse10.7.1workspace\hibernate\WebRoot\WEB-INF\lib\cglib-2.2.jar;F:\myeclipse10.7.1workspace\hibernate\WebRoot\WEB-INF\lib\commons-collections-3.1.jar;F:\myeclipse10.7.1workspace\hibernate\WebRoot\WEB-INF\lib\dom4j-1.6.1.jar;F:\myeclipse10.7.1workspace\hibernate\WebRoot\WEB-INF\lib\ehcache-1.2.3.jar;F:\myeclipse10.7.1workspace\hibernate\WebRoot\WEB-INF\lib\ejb3-persistence.jar;F:\myeclipse10.7.1workspace\hibernate\WebRoot\WEB-INF\lib\hibernate-annotations.jar;F:\myeclipse10.7.1workspace\hibernate\WebRoot\WEB-INF\lib\hibernate-commons-annotations.jar;F:\myeclipse10.7.1workspace\hibernate\WebRoot\WEB-INF\lib\hibernate-entitymanager.jar;F:\myeclipse10.7.1workspace\hibernate\WebRoot\WEB-INF\lib\hibernate-validator.jar;F:\myeclipse10.7.1workspace\hibernate\WebRoot\WEB-INF\lib\hibernate3.jar;F:\myeclipse10.7.1workspace\hibernate\WebRoot\WEB-INF\lib\javassist-3.9.0.GA.jar;F:\myeclipse10.7.1workspace\hibernate\WebRoot\WEB-INF\lib\jta-1.1.jar;F:\myeclipse10.7.1workspace\hibernate\WebRoot\WEB-INF\lib\log4j-1.2.14.jar;F:\myeclipse10.7.1workspace\hibernate\WebRoot\WEB-INF\lib\slf4j-api-1.5.8.jar;F:\myeclipse10.7.1workspace\hibernate\WebRoot\WEB-INF\lib\slf4j-log4j12-1.5.8.jar;F:\myeclipse10.7.1workspace\hibernate\WebRoot\WEB-INF\lib\sqljdbc4.jar;D:\myeclipse\Common\plugins\com.genuitec.eclipse.lib.hibernate41_10.5.0.me201207241813\data\4.1\lib\optional\ehcache\slf4j-api-1.6.1.jar;D:\myeclipse\Common\plugins\com.genuitec.eclipse.lib.hibernate41_10.5.0.me201207241813\data\4.1\lib\required\antlr-2.7.7.jar;D:\myeclipse\Common\plugins\com.genuitec.eclipse.lib.hibernate41_10.5.0.me201207241813\data\4.1\lib\required\dom4j-1.6.1.jar;D:\myeclipse\Common\plugins\com.genuitec.eclipse.lib.hibernate41_10.5.0.me201207241813\data\4.1\lib\required\hibernate-commons-annotations-4.0.1.Final.jar;D:\myeclipse\Common\plugins\com.genuitec.eclipse.lib.hibernate41_10.5.0.me201207241813\data\4.1\lib\required\hibernate-core-4.1.4.Final.jar;D:\myeclipse\Common\plugins\com.genuitec.eclipse.lib.hibernate41_10.5.0.me201207241813\data\4.1\lib\required\hibernate-jpa-2.0-api-1.0.1.Final.jar;D:\myeclipse\Common\plugins\com.genuitec.eclipse.lib.hibernate41_10.5.0.me201207241813\data\4.1\lib\required\javassist-3.15.0-GA.jar;D:\myeclipse\Common\plugins\com.genuitec.eclipse.lib.hibernate41_10.5.0.me201207241813\data\4.1\lib\required\jboss-logging-3.1.0.GA.jar;D:\myeclipse\Common\plugins\com.genuitec.eclipse.lib.hibernate41_10.5.0.me201207241813\data\4.1\lib\required\jboss-transaction-api_1.1_spec-1.0.0.Final.jar;D:\myeclipse\Common\plugins\com.genuitec.eclipse.lib.hibernate41_10.5.0.me201207241813\data\4.1\lib\jpa\hibernate-entitymanager-4.1.4.Final.jar;D:\myeclipse\Common\plugins\org.junit_4.8.2.v4_8_2_v20110321-1705\junit.jar;D:\myeclipse\Common\plugins\org.hamcrest.core_1.1.0.v20090501071000.jar;/D:/myeclipse/MyEclipse 10/configuration/org.eclipse.osgi/bundles/704/1/.cp/;/D:/myeclipse/MyEclipse 10/configuration/org.eclipse.osgi/bundles/702/1/.cp/;/D:/myeclipse/MyEclipse 10/configuration/org.eclipse.osgi/bundles/703/1/.cp/, user.name=Administrator, hibernate.bytecode.use_reflection_optimizer=false, hibernate.show_sql=true, java.vm.specification.version=1.0, sun.arch.data.model=64, java.home=D:\myeclipse\Common\binary\com.sun.java.jdk.win32.x86_64_1.6.0.013\jre, hibernate.dialect=org.hibernate.dialect.SQLServerDialect, hibernate.connection.url=jdbc:sqlserver://localhost:1433;databaseName=userInfo, java.specification.vendor=Sun Microsystems Inc., user.language=zh, awt.toolkit=sun.awt.windows.WToolkit, java.vm.info=mixed mode, java.version=1.6.0_13, java.ext.dirs=D:\myeclipse\Common\binary\com.sun.java.jdk.win32.x86_64_1.6.0.013\jre\lib\ext;C:\Windows\Sun\Java\lib\ext, sun.boot.class.path=D:\myeclipse\Common\binary\com.sun.java.jdk.win32.x86_64_1.6.0.013\jre\lib\resources.jar;D:\myeclipse\Common\binary\com.sun.java.jdk.win32.x86_64_1.6.0.013\jre\lib\rt.jar;D:\myeclipse\Common\binary\com.sun.java.jdk.win32.x86_64_1.6.0.013\jre\lib\sunrsasign.jar;D:\myeclipse\Common\binary\com.sun.java.jdk.win32.x86_64_1.6.0.013\jre\lib\jsse.jar;D:\myeclipse\Common\binary\com.sun.java.jdk.win32.x86_64_1.6.0.013\jre\lib\jce.jar;D:\myeclipse\Common\binary\com.sun.java.jdk.win32.x86_64_1.6.0.013\jre\lib\charsets.jar;D:\myeclipse\Common\binary\com.sun.java.jdk.win32.x86_64_1.6.0.013\jre\classes;D:\myeclipse\Common\plugins\com.genuitec.eclipse.j2eedt.core_10.5.0.me201207171805\data\libraryset\EE_5\javaee.jar;D:\myeclipse\Common\plugins\com.genuitec.eclipse.j2eedt.core_10.5.0.me201207171805\data\libraryset\EE_5\jsf-impl.jar;D:\myeclipse\Common\plugins\com.genuitec.eclipse.j2eedt.core_10.5.0.me201207171805\data\libraryset\EE_5\jsf-api.jar;D:\myeclipse\Common\plugins\com.genuitec.eclipse.j2eedt.core_10.5.0.me201207171805\data\libraryset\EE_5\jstl-1.2.jar, java.vendor=Sun Microsystems Inc., file.separator=\, java.vendor.url.bug=http://java.sun.com/cgi-bin/bugreport.cgi, hibernate.hbm2ddl.auto=create, sun.cpu.endian=little, sun.io.unicode.encoding=UnicodeLittle, sun.desktop=windows, sun.cpu.isalist=amd64}
 org.hibernate.impl.SessionFactoryImpl.<init>(SessionFactoryImpl.java:215)2017-08-08 20:47:16Static SQL for entity: com.xtkj.pojo.User
 org.hibernate.persister.entity.AbstractEntityPersister.logStaticSQL(AbstractEntityPersister.java:2756)2017-08-08 20:47:16 Version select: select TId from user where TId =?
 org.hibernate.persister.entity.AbstractEntityPersister.logStaticSQL(AbstractEntityPersister.java:2761)2017-08-08 20:47:16 Snapshot select: select user_.TId, user_.account as account0_, user_.pwd as pwd0_ from user user_ where user_.TId=?
 org.hibernate.persister.entity.AbstractEntityPersister.logStaticSQL(AbstractEntityPersister.java:2764)2017-08-08 20:47:16 Insert 0: insert into user (account, pwd, TId) values (?, ?, ?)
 org.hibernate.persister.entity.AbstractEntityPersister.logStaticSQL(AbstractEntityPersister.java:2767)2017-08-08 20:47:16 Update 0: update user set account=?, pwd=? where TId=?
 org.hibernate.persister.entity.AbstractEntityPersister.logStaticSQL(AbstractEntityPersister.java:2768)2017-08-08 20:47:16 Delete 0: delete from user where TId=?
 org.hibernate.persister.entity.AbstractEntityPersister.logStaticSQL(AbstractEntityPersister.java:2769)2017-08-08 20:47:16 Identity insert: insert into user (account, pwd) values (?, ?)
 org.hibernate.persister.entity.AbstractEntityPersister.logStaticSQL(AbstractEntityPersister.java:2773)2017-08-08 20:47:16Static select for entity com.xtkj.pojo.User: select user0_.TId as TId0_0_, user0_.account as account0_0_, user0_.pwd as pwd0_0_ from user user0_ where user0_.TId=?
 org.hibernate.loader.entity.EntityLoader.<init>(EntityLoader.java:102)2017-08-08 20:47:16Static select for entity com.xtkj.pojo.User: select user0_.TId as TId0_0_, user0_.account as account0_0_, user0_.pwd as pwd0_0_ from user user0_ where user0_.TId=?
 org.hibernate.loader.entity.EntityLoader.<init>(EntityLoader.java:102)2017-08-08 20:47:16Static select for entity com.xtkj.pojo.User: select user0_.TId as TId0_0_, user0_.account as account0_0_, user0_.pwd as pwd0_0_ from user user0_ with (updlock, rowlock) where user0_.TId=?
 org.hibernate.loader.entity.EntityLoader.<init>(EntityLoader.java:102)2017-08-08 20:47:16Static select for entity com.xtkj.pojo.User: select user0_.TId as TId0_0_, user0_.account as account0_0_, user0_.pwd as pwd0_0_ from user user0_ with (updlock, rowlock) where user0_.TId=?
 org.hibernate.loader.entity.EntityLoader.<init>(EntityLoader.java:102)2017-08-08 20:47:16Static select for entity com.xtkj.pojo.User: select user0_.TId as TId0_0_, user0_.account as account0_0_, user0_.pwd as pwd0_0_ from user user0_ with (updlock, rowlock) where user0_.TId=?
 org.hibernate.loader.entity.EntityLoader.<init>(EntityLoader.java:102)2017-08-08 20:47:16Static select for action ACTION_MERGE on entity com.xtkj.pojo.User: select user0_.TId as TId0_0_, user0_.account as account0_0_, user0_.pwd as pwd0_0_ from user user0_ where user0_.TId=?
 org.hibernate.loader.entity.CascadeEntityLoader.<init>(CascadeEntityLoader.java:57)2017-08-08 20:47:16Static select for action ACTION_REFRESH on entity com.xtkj.pojo.User: select user0_.TId as TId0_0_, user0_.account as account0_0_, user0_.pwd as pwd0_0_ from user user0_ where user0_.TId=?
 org.hibernate.loader.entity.CascadeEntityLoader.<init>(CascadeEntityLoader.java:57)2017-08-08 20:47:16initializing class SessionFactoryObjectFactory
 org.hibernate.impl.SessionFactoryObjectFactory.<clinit>(SessionFactoryObjectFactory.java:62)2017-08-08 20:47:16registered: 402882145dc1e28f015dc1e28ffc0000 (unnamed)
 org.hibernate.impl.SessionFactoryObjectFactory.addInstance(SessionFactoryObjectFactory.java:99)2017-08-08 20:47:16Not binding factory to JNDI, no JNDI name configured
 org.hibernate.impl.SessionFactoryObjectFactory.addInstance(SessionFactoryObjectFactory.java:105)2017-08-08 20:47:16instantiated session factory
 org.hibernate.impl.SessionFactoryImpl.<init>(SessionFactoryImpl.java:350)2017-08-08 20:47:17processing extends queue
 org.hibernate.cfg.Configuration.secondPassCompile(Configuration.java:1167)2017-08-08 20:47:17processing collection mappings
 org.hibernate.cfg.Configuration.secondPassCompile(Configuration.java:1171)2017-08-08 20:47:17processing native query and ResultSetMapping mappings
 org.hibernate.cfg.Configuration.secondPassCompile(Configuration.java:1182)2017-08-08 20:47:17processing association property references
 org.hibernate.cfg.Configuration.secondPassCompile(Configuration.java:1190)2017-08-08 20:47:17processing foreign key constraints
 org.hibernate.cfg.Configuration.secondPassCompile(Configuration.java:1212)2017-08-08 20:47:17processing extends queue
 org.hibernate.cfg.Configuration.secondPassCompile(Configuration.java:1167)2017-08-08 20:47:17processing collection mappings
 org.hibernate.cfg.Configuration.secondPassCompile(Configuration.java:1171)2017-08-08 20:47:17processing native query and ResultSetMapping mappings
 org.hibernate.cfg.Configuration.secondPassCompile(Configuration.java:1182)2017-08-08 20:47:17processing association property references
 org.hibernate.cfg.Configuration.secondPassCompile(Configuration.java:1190)2017-08-08 20:47:17processing foreign key constraints
 org.hibernate.cfg.Configuration.secondPassCompile(Configuration.java:1212)2017-08-08 20:47:17Running hbm2ddl schema export
 org.hibernate.tool.hbm2ddl.SchemaExport.execute(SchemaExport.java:226)2017-08-08 20:47:17import file not found: /import.sql
 org.hibernate.tool.hbm2ddl.SchemaExport.execute(SchemaExport.java:242)2017-08-08 20:47:17exporting generated schema to database
 org.hibernate.tool.hbm2ddl.SchemaExport.execute(SchemaExport.java:251)2017-08-08 20:47:17drop table user
 org.hibernate.tool.hbm2ddl.SchemaExport.execute(SchemaExport.java:377)2017-08-08 20:47:17Unsuccessful: drop table user
 org.hibernate.tool.hbm2ddl.SchemaExport.drop(SchemaExport.java:362)2017-08-08 20:47:17关键字 'user' 附近有语法错误。
 org.hibernate.tool.hbm2ddl.SchemaExport.drop(SchemaExport.java:363)2017-08-08 20:47:17create table user (TId int identity not null, account varchar(255) null, pwd varchar(255) null, primary key (TId))
 org.hibernate.tool.hbm2ddl.SchemaExport.execute(SchemaExport.java:377)2017-08-08 20:47:17Unsuccessful: create table user (TId int identity not null, account varchar(255) null, pwd varchar(255) null, primary key (TId))
 org.hibernate.tool.hbm2ddl.SchemaExport.create(SchemaExport.java:348)2017-08-08 20:47:17关键字 'user' 附近有语法错误。
 org.hibernate.tool.hbm2ddl.SchemaExport.create(SchemaExport.java:349)2017-08-08 20:47:17schema export complete
 org.hibernate.tool.hbm2ddl.SchemaExport.execute(SchemaExport.java:268)2017-08-08 20:47:17Checking 0 named HQL queries
 org.hibernate.impl.SessionFactoryImpl.checkNamedQueries(SessionFactoryImpl.java:474)2017-08-08 20:47:17Checking 0 named SQL queries
 org.hibernate.impl.SessionFactoryImpl.checkNamedQueries(SessionFactoryImpl.java:494)2017-08-08 20:47:17opened session at timestamp: 15021964370
 org.hibernate.impl.SessionImpl.<init>(SessionImpl.java:248)2017-08-08 20:47:17begin
 org.hibernate.transaction.JDBCTransaction.begin(JDBCTransaction.java:82)2017-08-08 20:47:17opening JDBC connection
 org.hibernate.jdbc.ConnectionManager.openConnection(ConnectionManager.java:444)2017-08-08 20:47:17current autocommit status: false
 org.hibernate.transaction.JDBCTransaction.begin(JDBCTransaction.java:87)2017-08-08 20:47:17executing identity-insert immediately
 org.hibernate.event.def.AbstractSaveEventListener.performSaveOrReplicate(AbstractSaveEventListener.java:320)2017-08-08 20:47:17about to open PreparedStatement (open PreparedStatements: 0, globally: 0)
 org.hibernate.jdbc.AbstractBatcher.logOpenPreparedStatement(AbstractBatcher.java:410)2017-08-08 20:47:17insert into user (account, pwd) values (?, ?)
 org.hibernate.jdbc.util.SQLStatementLogger.logStatement(SQLStatementLogger.java:111)2017-08-08 20:47:17about to close PreparedStatement (open PreparedStatements: 1, globally: 1)
 org.hibernate.jdbc.AbstractBatcher.logClosePreparedStatement(AbstractBatcher.java:418)2017-08-08 20:47:17could not insert: [com.xtkj.pojo.User] [insert into user (account, pwd) values (?, ?)]
 org.hibernate.util.JDBCExceptionReporter.logExceptions(JDBCExceptionReporter.java:92)com.microsoft.sqlserver.jdbc.SQLServerException: 关键字 'user' 附近有语法错误。
	at com.microsoft.sqlserver.jdbc.SQLServerException.makeFromDatabaseError(SQLServerException.java:216)
	at com.microsoft.sqlserver.jdbc.SQLServerStatement.getNextResult(SQLServerStatement.java:1515)
	at com.microsoft.sqlserver.jdbc.SQLServerPreparedStatement.doExecutePreparedStatement(SQLServerPreparedStatement.java:404)
	at com.microsoft.sqlserver.jdbc.SQLServerPreparedStatement$PrepStmtExecCmd.doExecute(SQLServerPreparedStatement.java:350)
	at com.microsoft.sqlserver.jdbc.TDSCommand.execute(IOBuffer.java:5696)
	at com.microsoft.sqlserver.jdbc.SQLServerConnection.executeCommand(SQLServerConnection.java:1715)
	at com.microsoft.sqlserver.jdbc.SQLServerStatement.executeCommand(SQLServerStatement.java:180)
	at com.microsoft.sqlserver.jdbc.SQLServerStatement.executeStatement(SQLServerStatement.java:155)
	at com.microsoft.sqlserver.jdbc.SQLServerPreparedStatement.executeUpdate(SQLServerPreparedStatement.java:314)
	at org.hibernate.id.IdentityGenerator$GetGeneratedKeysDelegate.executeAndExtract(IdentityGenerator.java:94)
	at org.hibernate.id.insert.AbstractReturningDelegate.performInsert(AbstractReturningDelegate.java:57)
	at org.hibernate.persister.entity.AbstractEntityPersister.insert(AbstractEntityPersister.java:2176)
	at org.hibernate.persister.entity.AbstractEntityPersister.insert(AbstractEntityPersister.java:2656)
	at org.hibernate.action.EntityIdentityInsertAction.execute(EntityIdentityInsertAction.java:71)
	at org.hibernate.engine.ActionQueue.execute(ActionQueue.java:279)
	at org.hibernate.event.def.AbstractSaveEventListener.performSaveOrReplicate(AbstractSaveEventListener.java:321)
	at org.hibernate.event.def.AbstractSaveEventListener.performSave(AbstractSaveEventListener.java:204)
	at org.hibernate.event.def.AbstractSaveEventListener.saveWithGeneratedId(AbstractSaveEventListener.java:130)
	at org.hibernate.event.def.DefaultSaveOrUpdateEventListener.saveWithGeneratedOrRequestedId(DefaultSaveOrUpdateEventListener.java:210)
	at org.hibernate.event.def.DefaultSaveEventListener.saveWithGeneratedOrRequestedId(DefaultSaveEventListener.java:56)
	at org.hibernate.event.def.DefaultSaveOrUpdateEventListener.entityIsTransient(DefaultSaveOrUpdateEventListener.java:195)
	at org.hibernate.event.def.DefaultSaveEventListener.performSaveOrUpdate(DefaultSaveEventListener.java:50)
	at org.hibernate.event.def.DefaultSaveOrUpdateEventListener.onSaveOrUpdate(DefaultSaveOrUpdateEventListener.java:93)
	at org.hibernate.impl.SessionImpl.fireSave(SessionImpl.java:563)
	at org.hibernate.impl.SessionImpl.save(SessionImpl.java:551)
	at org.hibernate.impl.SessionImpl.save(SessionImpl.java:547)
	at com.xtkj.test.HibernateTest.addT(HibernateTest.java:26)
	at sun.reflect.NativeMethodAccessorImpl.invoke0(Native Method)
	at sun.reflect.NativeMethodAccessorImpl.invoke(NativeMethodAccessorImpl.java:39)
	at sun.reflect.DelegatingMethodAccessorImpl.invoke(DelegatingMethodAccessorImpl.java:25)
	at java.lang.reflect.Method.invoke(Method.java:597)
	at org.junit.runners.model.FrameworkMethod$1.runReflectiveCall(FrameworkMethod.java:44)
	at org.junit.internal.runners.model.ReflectiveCallable.run(ReflectiveCallable.java:15)
	at org.junit.runners.model.FrameworkMethod.invokeExplosively(FrameworkMethod.java:41)
	at org.junit.internal.runners.statements.InvokeMethod.evaluate(InvokeMethod.java:20)
	at org.junit.runners.BlockJUnit4ClassRunner.runNotIgnored(BlockJUnit4ClassRunner.java:79)
	at org.junit.runners.BlockJUnit4ClassRunner.runChild(BlockJUnit4ClassRunner.java:71)
	at org.junit.runners.BlockJUnit4ClassRunner.runChild(BlockJUnit4ClassRunner.java:49)
	at org.junit.runners.ParentRunner$3.run(ParentRunner.java:193)
	at org.junit.runners.ParentRunner$1.schedule(ParentRunner.java:52)
	at org.junit.runners.ParentRunner.runChildren(ParentRunner.java:191)
	at org.junit.runners.ParentRunner.access$000(ParentRunner.java:42)
	at org.junit.runners.ParentRunner$2.evaluate(ParentRunner.java:184)
	at org.junit.runners.ParentRunner.run(ParentRunner.java:236)
	at org.eclipse.jdt.internal.junit4.runner.JUnit4TestReference.run(JUnit4TestReference.java:50)
	at org.eclipse.jdt.internal.junit.runner.TestExecution.run(TestExecution.java:38)
	at org.eclipse.jdt.internal.junit.runner.RemoteTestRunner.runTests(RemoteTestRunner.java:467)
	at org.eclipse.jdt.internal.junit.runner.RemoteTestRunner.runTests(RemoteTestRunner.java:683)
	at org.eclipse.jdt.internal.junit.runner.RemoteTestRunner.run(RemoteTestRunner.java:390)
	at org.eclipse.jdt.internal.junit.runner.RemoteTestRunner.main(RemoteTestRunner.java:197)
2017-08-08 20:47:17SQL Error: 156, SQLState: S0001
 org.hibernate.util.JDBCExceptionReporter.logExceptions(JDBCExceptionReporter.java:100)2017-08-08 20:47:17关键字 'user' 附近有语法错误。
 org.hibernate.util.JDBCExceptionReporter.logExceptions(JDBCExceptionReporter.java:101)2017-08-08 20:53:26Hibernate 3.3.2.GA
 org.hibernate.cfg.Environment.<clinit>(Environment.java:560)2017-08-08 20:53:26hibernate.properties not found
 org.hibernate.cfg.Environment.<clinit>(Environment.java:593)2017-08-08 20:53:26Bytecode provider name : javassist
 org.hibernate.cfg.Environment.buildBytecodeProvider(Environment.java:771)2017-08-08 20:53:26using JDK 1.4 java.sql.Timestamp handling
 org.hibernate.cfg.Environment.<clinit>(Environment.java:652)2017-08-08 20:53:26configuring from resource: /hibernate.cfg.xml
 org.hibernate.cfg.Configuration.configure(Configuration.java:1474)2017-08-08 20:53:26Configuration resource: /hibernate.cfg.xml
 org.hibernate.cfg.Configuration.getConfigurationInputStream(Configuration.java:1451)2017-08-08 20:53:26trying to resolve system-id [http://hibernate.sourceforge.NET/hibernate-configuration-3.0.dtd]
 org.hibernate.util.DTDEntityResolver.resolveEntity(DTDEntityResolver.java:64)2017-08-08 20:53:28hibernate.dialect=org.hibernate.dialect.SQLServerDialect
 org.hibernate.cfg.Configuration.addProperties(Configuration.java:1435)2017-08-08 20:53:28hibernate.connection.username=sa
 org.hibernate.cfg.Configuration.addProperties(Configuration.java:1435)2017-08-08 20:53:28hibernate.connection.password=caijie
 org.hibernate.cfg.Configuration.addProperties(Configuration.java:1435)2017-08-08 20:53:28hibernate.connection.driver_class=com.microsoft.sqlserver.jdbc.SQLServerDriver
 org.hibernate.cfg.Configuration.addProperties(Configuration.java:1435)2017-08-08 20:53:28hibernate.connection.url=jdbc:sqlserver://localhost:1433;databaseName=userInfo
 org.hibernate.cfg.Configuration.addProperties(Configuration.java:1435)2017-08-08 20:53:28hibernate.show_sql=true
 org.hibernate.cfg.Configuration.addProperties(Configuration.java:1435)2017-08-08 20:53:28hibernate.hbm2ddl.auto=create
 org.hibernate.cfg.Configuration.addProperties(Configuration.java:1435)2017-08-08 20:53:28null<-org.dom4j.tree.DefaultAttribute@426295eb [Attribute: name resource value "com/xtkj/pojo/User.hbm.xml"]
 org.hibernate.cfg.Configuration.parseMappingElement(Configuration.java:1634)2017-08-08 20:53:28Reading mappings from resource : com/xtkj/pojo/User.hbm.xml
 org.hibernate.cfg.Configuration.addResource(Configuration.java:600)2017-08-08 20:53:28trying to resolve system-id [http://hibernate.sourceforge.net/hibernate-mapping-3.0.dtd]
 org.hibernate.util.DTDEntityResolver.resolveEntity(DTDEntityResolver.java:64)2017-08-08 20:53:28recognized hibernate namespace; attempting to resolve on classpath under org/hibernate/
 org.hibernate.util.DTDEntityResolver.resolveEntity(DTDEntityResolver.java:66)2017-08-08 20:53:28located [http://hibernate.sourceforge.net/hibernate-mapping-3.0.dtd] in classpath
 org.hibernate.util.DTDEntityResolver.resolveEntity(DTDEntityResolver.java:76)2017-08-08 20:53:28Mapping class: com.xtkj.pojo.User -> user1
 org.hibernate.cfg.HbmBinder.bindRootPersistentClassCommonValues(HbmBinder.java:322)2017-08-08 20:53:28Mapped property: TId -> TId
 org.hibernate.cfg.HbmBinder.bindProperty(HbmBinder.java:1289)2017-08-08 20:53:28Mapped property: account -> account
 org.hibernate.cfg.HbmBinder.bindProperty(HbmBinder.java:1289)2017-08-08 20:53:28Mapped property: pwd -> pwd
 org.hibernate.cfg.HbmBinder.bindProperty(HbmBinder.java:1289)2017-08-08 20:53:28Configured SessionFactory: null
 org.hibernate.cfg.Configuration.doConfigure(Configuration.java:1589)2017-08-08 20:53:28properties: {hibernate.connection.password=caijie, java.runtime.name=Java(TM) SE Runtime Environment, sun.boot.library.path=D:\myeclipse\Common\binary\com.sun.java.jdk.win32.x86_64_1.6.0.013\jre\bin, java.vm.version=11.3-b02, hibernate.connection.username=sa, java.vm.vendor=Sun Microsystems Inc., java.vendor.url=http://java.sun.com/, path.separator=;, java.vm.name=Java HotSpot(TM) 64-Bit Server VM, file.encoding.pkg=sun.io, user.country=CN, sun.java.launcher=SUN_STANDARD, sun.os.patch.level=Service Pack 1, java.vm.specification.name=Java Virtual Machine Specification, user.dir=F:\myeclipse10.7.1workspace\hibernate, java.runtime.version=1.6.0_13-b03, java.awt.graphicsenv=sun.awt.Win32GraphicsEnvironment, java.endorsed.dirs=D:\myeclipse\Common\binary\com.sun.java.jdk.win32.x86_64_1.6.0.013\jre\lib\endorsed, os.arch=amd64, java.io.tmpdir=C:\Windows\TEMP\, line.separator=
, java.vm.specification.vendor=Sun Microsystems Inc., user.variant=, os.name=Windows Vista, sun.jnu.encoding=GBK, java.library.path=D:\myeclipse\Common\binary\com.sun.java.jdk.win32.x86_64_1.6.0.013\bin;.;C:\Windows\Sun\Java\bin;C:\Windows\system32;C:\Windows;C:\ProgramData\Oracle\Java\javapath;C:\Windows\system32;C:\Windows;C:\Windows\System32\Wbem;C:\Windows\System32\WindowsPowerShell\v1.0\;F:\JDK\bin;F:\SQL2008\100\Tools\Binn\;F:\SQLservice\100\Tools\Binn\;F:\SQLservice\100\DTS\Binn\;F:\SQL2008\100\Tools\Binn\VSShell\Common7\IDE\;F:\SQL2008\100\DTS\Binn\;F:\mysql\mysql5.6.31\bin, java.specification.name=Java Platform API Specification, java.class.version=50.0, sun.management.compiler=HotSpot 64-Bit Server Compiler, os.version=6.1, user.home=C:\Users\Administrator, user.timezone=Asia/Shanghai, java.awt.printerjob=sun.awt.windows.WPrinterJob, file.encoding=UTF-8, java.specification.version=1.6, hibernate.connection.driver_class=com.microsoft.sqlserver.jdbc.SQLServerDriver, user.name=Administrator, java.class.path=F:\myeclipse10.7.1workspace\hibernate\WebRoot\WEB-INF\classes;F:\myeclipse10.7.1workspace\hibernate\WebRoot\WEB-INF\lib\antlr-2.7.6.jar;F:\myeclipse10.7.1workspace\hibernate\WebRoot\WEB-INF\lib\cglib-2.2.jar;F:\myeclipse10.7.1workspace\hibernate\WebRoot\WEB-INF\lib\commons-collections-3.1.jar;F:\myeclipse10.7.1workspace\hibernate\WebRoot\WEB-INF\lib\dom4j-1.6.1.jar;F:\myeclipse10.7.1workspace\hibernate\WebRoot\WEB-INF\lib\ehcache-1.2.3.jar;F:\myeclipse10.7.1workspace\hibernate\WebRoot\WEB-INF\lib\ejb3-persistence.jar;F:\myeclipse10.7.1workspace\hibernate\WebRoot\WEB-INF\lib\hibernate-annotations.jar;F:\myeclipse10.7.1workspace\hibernate\WebRoot\WEB-INF\lib\hibernate-commons-annotations.jar;F:\myeclipse10.7.1workspace\hibernate\WebRoot\WEB-INF\lib\hibernate-entitymanager.jar;F:\myeclipse10.7.1workspace\hibernate\WebRoot\WEB-INF\lib\hibernate-validator.jar;F:\myeclipse10.7.1workspace\hibernate\WebRoot\WEB-INF\lib\hibernate3.jar;F:\myeclipse10.7.1workspace\hibernate\WebRoot\WEB-INF\lib\javassist-3.9.0.GA.jar;F:\myeclipse10.7.1workspace\hibernate\WebRoot\WEB-INF\lib\jta-1.1.jar;F:\myeclipse10.7.1workspace\hibernate\WebRoot\WEB-INF\lib\log4j-1.2.14.jar;F:\myeclipse10.7.1workspace\hibernate\WebRoot\WEB-INF\lib\slf4j-api-1.5.8.jar;F:\myeclipse10.7.1workspace\hibernate\WebRoot\WEB-INF\lib\slf4j-log4j12-1.5.8.jar;F:\myeclipse10.7.1workspace\hibernate\WebRoot\WEB-INF\lib\sqljdbc4.jar;D:\myeclipse\Common\plugins\com.genuitec.eclipse.lib.hibernate41_10.5.0.me201207241813\data\4.1\lib\optional\ehcache\slf4j-api-1.6.1.jar;D:\myeclipse\Common\plugins\com.genuitec.eclipse.lib.hibernate41_10.5.0.me201207241813\data\4.1\lib\required\antlr-2.7.7.jar;D:\myeclipse\Common\plugins\com.genuitec.eclipse.lib.hibernate41_10.5.0.me201207241813\data\4.1\lib\required\dom4j-1.6.1.jar;D:\myeclipse\Common\plugins\com.genuitec.eclipse.lib.hibernate41_10.5.0.me201207241813\data\4.1\lib\required\hibernate-commons-annotations-4.0.1.Final.jar;D:\myeclipse\Common\plugins\com.genuitec.eclipse.lib.hibernate41_10.5.0.me201207241813\data\4.1\lib\required\hibernate-core-4.1.4.Final.jar;D:\myeclipse\Common\plugins\com.genuitec.eclipse.lib.hibernate41_10.5.0.me201207241813\data\4.1\lib\required\hibernate-jpa-2.0-api-1.0.1.Final.jar;D:\myeclipse\Common\plugins\com.genuitec.eclipse.lib.hibernate41_10.5.0.me201207241813\data\4.1\lib\required\javassist-3.15.0-GA.jar;D:\myeclipse\Common\plugins\com.genuitec.eclipse.lib.hibernate41_10.5.0.me201207241813\data\4.1\lib\required\jboss-logging-3.1.0.GA.jar;D:\myeclipse\Common\plugins\com.genuitec.eclipse.lib.hibernate41_10.5.0.me201207241813\data\4.1\lib\required\jboss-transaction-api_1.1_spec-1.0.0.Final.jar;D:\myeclipse\Common\plugins\com.genuitec.eclipse.lib.hibernate41_10.5.0.me201207241813\data\4.1\lib\jpa\hibernate-entitymanager-4.1.4.Final.jar;D:\myeclipse\Common\plugins\org.junit_4.8.2.v4_8_2_v20110321-1705\junit.jar;D:\myeclipse\Common\plugins\org.hamcrest.core_1.1.0.v20090501071000.jar;/D:/myeclipse/MyEclipse 10/configuration/org.eclipse.osgi/bundles/704/1/.cp/;/D:/myeclipse/MyEclipse 10/configuration/org.eclipse.osgi/bundles/702/1/.cp/;/D:/myeclipse/MyEclipse 10/configuration/org.eclipse.osgi/bundles/703/1/.cp/, hibernate.bytecode.use_reflection_optimizer=false, hibernate.show_sql=true, java.vm.specification.version=1.0, java.home=D:\myeclipse\Common\binary\com.sun.java.jdk.win32.x86_64_1.6.0.013\jre, sun.arch.data.model=64, hibernate.connection.url=jdbc:sqlserver://localhost:1433;databaseName=userInfo, hibernate.dialect=org.hibernate.dialect.SQLServerDialect, user.language=zh, java.specification.vendor=Sun Microsystems Inc., awt.toolkit=sun.awt.windows.WToolkit, java.vm.info=mixed mode, java.version=1.6.0_13, java.ext.dirs=D:\myeclipse\Common\binary\com.sun.java.jdk.win32.x86_64_1.6.0.013\jre\lib\ext;C:\Windows\Sun\Java\lib\ext, sun.boot.class.path=D:\myeclipse\Common\binary\com.sun.java.jdk.win32.x86_64_1.6.0.013\jre\lib\resources.jar;D:\myeclipse\Common\binary\com.sun.java.jdk.win32.x86_64_1.6.0.013\jre\lib\rt.jar;D:\myeclipse\Common\binary\com.sun.java.jdk.win32.x86_64_1.6.0.013\jre\lib\sunrsasign.jar;D:\myeclipse\Common\binary\com.sun.java.jdk.win32.x86_64_1.6.0.013\jre\lib\jsse.jar;D:\myeclipse\Common\binary\com.sun.java.jdk.win32.x86_64_1.6.0.013\jre\lib\jce.jar;D:\myeclipse\Common\binary\com.sun.java.jdk.win32.x86_64_1.6.0.013\jre\lib\charsets.jar;D:\myeclipse\Common\binary\com.sun.java.jdk.win32.x86_64_1.6.0.013\jre\classes;D:\myeclipse\Common\plugins\com.genuitec.eclipse.j2eedt.core_10.5.0.me201207171805\data\libraryset\EE_5\javaee.jar;D:\myeclipse\Common\plugins\com.genuitec.eclipse.j2eedt.core_10.5.0.me201207171805\data\libraryset\EE_5\jsf-impl.jar;D:\myeclipse\Common\plugins\com.genuitec.eclipse.j2eedt.core_10.5.0.me201207171805\data\libraryset\EE_5\jsf-api.jar;D:\myeclipse\Common\plugins\com.genuitec.eclipse.j2eedt.core_10.5.0.me201207171805\data\libraryset\EE_5\jstl-1.2.jar, java.vendor=Sun Microsystems Inc., file.separator=\, hibernate.hbm2ddl.auto=create, java.vendor.url.bug=http://java.sun.com/cgi-bin/bugreport.cgi, sun.io.unicode.encoding=UnicodeLittle, sun.cpu.endian=little, sun.desktop=windows, sun.cpu.isalist=amd64}
 org.hibernate.cfg.Configuration.doConfigure(Configuration.java:1590)2017-08-08 20:53:28Preparing to build session factory with filters : {}
 org.hibernate.cfg.Configuration.buildSessionFactory(Configuration.java:1332)2017-08-08 20:53:28processing extends queue
 org.hibernate.cfg.Configuration.secondPassCompile(Configuration.java:1167)2017-08-08 20:53:28processing collection mappings
 org.hibernate.cfg.Configuration.secondPassCompile(Configuration.java:1171)2017-08-08 20:53:28processing native query and ResultSetMapping mappings
 org.hibernate.cfg.Configuration.secondPassCompile(Configuration.java:1182)2017-08-08 20:53:28processing association property references
 org.hibernate.cfg.Configuration.secondPassCompile(Configuration.java:1190)2017-08-08 20:53:28processing foreign key constraints
 org.hibernate.cfg.Configuration.secondPassCompile(Configuration.java:1212)2017-08-08 20:53:28Using Hibernate built-in connection pool (not for production use!)
 org.hibernate.connection.DriverManagerConnectionProvider.configure(DriverManagerConnectionProvider.java:64)2017-08-08 20:53:28Hibernate connection pool size: 20
 org.hibernate.connection.DriverManagerConnectionProvider.configure(DriverManagerConnectionProvider.java:65)2017-08-08 20:53:28autocommit mode: false
 org.hibernate.connection.DriverManagerConnectionProvider.configure(DriverManagerConnectionProvider.java:68)2017-08-08 20:53:28using driver: com.microsoft.sqlserver.jdbc.SQLServerDriver at URL: jdbc:sqlserver://localhost:1433;databaseName=userInfo
 org.hibernate.connection.DriverManagerConnectionProvider.configure(DriverManagerConnectionProvider.java:103)2017-08-08 20:53:28connection properties: {user=sa, password=caijie}
 org.hibernate.connection.DriverManagerConnectionProvider.configure(DriverManagerConnectionProvider.java:106)2017-08-08 20:53:28opening new JDBC connection
 org.hibernate.connection.DriverManagerConnectionProvider.getConnection(DriverManagerConnectionProvider.java:132)2017-08-08 20:53:28created connection to: jdbc:sqlserver://localhost:1433;databaseName=userInfo, Isolation Level: 2
 org.hibernate.connection.DriverManagerConnectionProvider.getConnection(DriverManagerConnectionProvider.java:138)2017-08-08 20:53:28RDBMS: Microsoft SQL Server, version: 10.00.1600
 org.hibernate.cfg.SettingsFactory.buildSettings(SettingsFactory.java:114)2017-08-08 20:53:28JDBC driver: Microsoft JDBC Driver 4.0 for SQL Server, version: 4.0.2206.100
 org.hibernate.cfg.SettingsFactory.buildSettings(SettingsFactory.java:115)2017-08-08 20:53:28Using dialect: org.hibernate.dialect.SQLServerDialect
 org.hibernate.dialect.Dialect.<init>(Dialect.java:175)2017-08-08 20:53:28Using default transaction strategy (direct JDBC transactions)
 org.hibernate.transaction.TransactionFactoryFactory.buildTransactionFactory(TransactionFactoryFactory.java:59)2017-08-08 20:53:28No TransactionManagerLookup configured (in JTA environment, use of read-write or transactional second-level cache is not recommended)
 org.hibernate.transaction.TransactionManagerLookupFactory.getTransactionManagerLookup(TransactionManagerLookupFactory.java:80)2017-08-08 20:53:28Automatic flush during beforeCompletion(): disabled
 org.hibernate.cfg.SettingsFactory.buildSettings(SettingsFactory.java:161)2017-08-08 20:53:28Automatic session close at end of transaction: disabled
 org.hibernate.cfg.SettingsFactory.buildSettings(SettingsFactory.java:165)2017-08-08 20:53:28Scrollable result sets: enabled
 org.hibernate.cfg.SettingsFactory.buildSettings(SettingsFactory.java:180)2017-08-08 20:53:28Wrap result sets: disabled
 org.hibernate.cfg.SettingsFactory.buildSettings(SettingsFactory.java:184)2017-08-08 20:53:28JDBC3 getGeneratedKeys(): enabled
 org.hibernate.cfg.SettingsFactory.buildSettings(SettingsFactory.java:188)2017-08-08 20:53:28Connection release mode: auto
 org.hibernate.cfg.SettingsFactory.buildSettings(SettingsFactory.java:196)2017-08-08 20:53:28Default batch fetch size: 1
 org.hibernate.cfg.SettingsFactory.buildSettings(SettingsFactory.java:223)2017-08-08 20:53:28Generate SQL with comments: disabled
 org.hibernate.cfg.SettingsFactory.buildSettings(SettingsFactory.java:227)2017-08-08 20:53:28Order SQL updates by primary key: disabled
 org.hibernate.cfg.SettingsFactory.buildSettings(SettingsFactory.java:231)2017-08-08 20:53:28Order SQL inserts for batching: disabled
 org.hibernate.cfg.SettingsFactory.buildSettings(SettingsFactory.java:235)2017-08-08 20:53:28Query translator: org.hibernate.hql.ast.ASTQueryTranslatorFactory
 org.hibernate.cfg.SettingsFactory.createQueryTranslatorFactory(SettingsFactory.java:397)2017-08-08 20:53:28Using ASTQueryTranslatorFactory
 org.hibernate.hql.ast.ASTQueryTranslatorFactory.<init>(ASTQueryTranslatorFactory.java:47)2017-08-08 20:53:28Query language substitutions: {}
 org.hibernate.cfg.SettingsFactory.buildSettings(SettingsFactory.java:243)2017-08-08 20:53:28JPA-QL strict compliance: disabled
 org.hibernate.cfg.SettingsFactory.buildSettings(SettingsFactory.java:248)2017-08-08 20:53:28Second-level cache: enabled
 org.hibernate.cfg.SettingsFactory.buildSettings(SettingsFactory.java:253)2017-08-08 20:53:28Query cache: disabled
 org.hibernate.cfg.SettingsFactory.buildSettings(SettingsFactory.java:257)2017-08-08 20:53:28Cache region factory : org.hibernate.cache.impl.NoCachingRegionFactory
 org.hibernate.cfg.SettingsFactory.createRegionFactory(SettingsFactory.java:382)2017-08-08 20:53:28Optimize cache for minimal puts: disabled
 org.hibernate.cfg.SettingsFactory.buildSettings(SettingsFactory.java:267)2017-08-08 20:53:28Structured second-level cache entries: disabled
 org.hibernate.cfg.SettingsFactory.buildSettings(SettingsFactory.java:276)2017-08-08 20:53:28Echoing all SQL to stdout
 org.hibernate.cfg.SettingsFactory.buildSettings(SettingsFactory.java:296)2017-08-08 20:53:28Statistics: disabled
 org.hibernate.cfg.SettingsFactory.buildSettings(SettingsFactory.java:305)2017-08-08 20:53:28Deleted entity synthetic identifier rollback: disabled
 org.hibernate.cfg.SettingsFactory.buildSettings(SettingsFactory.java:309)2017-08-08 20:53:28Default entity-mode: pojo
 org.hibernate.cfg.SettingsFactory.buildSettings(SettingsFactory.java:324)2017-08-08 20:53:28Named query checking : enabled
 org.hibernate.cfg.SettingsFactory.buildSettings(SettingsFactory.java:328)2017-08-08 20:53:28building session factory
 org.hibernate.impl.SessionFactoryImpl.<init>(SessionFactoryImpl.java:193)2017-08-08 20:53:28Session factory constructed with filter configurations : {}
 org.hibernate.impl.SessionFactoryImpl.<init>(SessionFactoryImpl.java:211)2017-08-08 20:53:28instantiating session factory with properties: {java.runtime.name=Java(TM) SE Runtime Environment, hibernate.connection.password=caijie, sun.boot.library.path=D:\myeclipse\Common\binary\com.sun.java.jdk.win32.x86_64_1.6.0.013\jre\bin, java.vm.version=11.3-b02, hibernate.connection.username=sa, java.vm.vendor=Sun Microsystems Inc., java.vendor.url=http://java.sun.com/, path.separator=;, java.vm.name=Java HotSpot(TM) 64-Bit Server VM, file.encoding.pkg=sun.io, user.country=CN, sun.java.launcher=SUN_STANDARD, sun.os.patch.level=Service Pack 1, java.vm.specification.name=Java Virtual Machine Specification, user.dir=F:\myeclipse10.7.1workspace\hibernate, java.runtime.version=1.6.0_13-b03, java.awt.graphicsenv=sun.awt.Win32GraphicsEnvironment, java.endorsed.dirs=D:\myeclipse\Common\binary\com.sun.java.jdk.win32.x86_64_1.6.0.013\jre\lib\endorsed, os.arch=amd64, java.io.tmpdir=C:\Windows\TEMP\, line.separator=
, java.vm.specification.vendor=Sun Microsystems Inc., user.variant=, os.name=Windows Vista, sun.jnu.encoding=GBK, java.library.path=D:\myeclipse\Common\binary\com.sun.java.jdk.win32.x86_64_1.6.0.013\bin;.;C:\Windows\Sun\Java\bin;C:\Windows\system32;C:\Windows;C:\ProgramData\Oracle\Java\javapath;C:\Windows\system32;C:\Windows;C:\Windows\System32\Wbem;C:\Windows\System32\WindowsPowerShell\v1.0\;F:\JDK\bin;F:\SQL2008\100\Tools\Binn\;F:\SQLservice\100\Tools\Binn\;F:\SQLservice\100\DTS\Binn\;F:\SQL2008\100\Tools\Binn\VSShell\Common7\IDE\;F:\SQL2008\100\DTS\Binn\;F:\mysql\mysql5.6.31\bin, java.specification.name=Java Platform API Specification, java.class.version=50.0, sun.management.compiler=HotSpot 64-Bit Server Compiler, os.version=6.1, user.home=C:\Users\Administrator, user.timezone=Asia/Shanghai, java.awt.printerjob=sun.awt.windows.WPrinterJob, file.encoding=UTF-8, java.specification.version=1.6, hibernate.connection.driver_class=com.microsoft.sqlserver.jdbc.SQLServerDriver, java.class.path=F:\myeclipse10.7.1workspace\hibernate\WebRoot\WEB-INF\classes;F:\myeclipse10.7.1workspace\hibernate\WebRoot\WEB-INF\lib\antlr-2.7.6.jar;F:\myeclipse10.7.1workspace\hibernate\WebRoot\WEB-INF\lib\cglib-2.2.jar;F:\myeclipse10.7.1workspace\hibernate\WebRoot\WEB-INF\lib\commons-collections-3.1.jar;F:\myeclipse10.7.1workspace\hibernate\WebRoot\WEB-INF\lib\dom4j-1.6.1.jar;F:\myeclipse10.7.1workspace\hibernate\WebRoot\WEB-INF\lib\ehcache-1.2.3.jar;F:\myeclipse10.7.1workspace\hibernate\WebRoot\WEB-INF\lib\ejb3-persistence.jar;F:\myeclipse10.7.1workspace\hibernate\WebRoot\WEB-INF\lib\hibernate-annotations.jar;F:\myeclipse10.7.1workspace\hibernate\WebRoot\WEB-INF\lib\hibernate-commons-annotations.jar;F:\myeclipse10.7.1workspace\hibernate\WebRoot\WEB-INF\lib\hibernate-entitymanager.jar;F:\myeclipse10.7.1workspace\hibernate\WebRoot\WEB-INF\lib\hibernate-validator.jar;F:\myeclipse10.7.1workspace\hibernate\WebRoot\WEB-INF\lib\hibernate3.jar;F:\myeclipse10.7.1workspace\hibernate\WebRoot\WEB-INF\lib\javassist-3.9.0.GA.jar;F:\myeclipse10.7.1workspace\hibernate\WebRoot\WEB-INF\lib\jta-1.1.jar;F:\myeclipse10.7.1workspace\hibernate\WebRoot\WEB-INF\lib\log4j-1.2.14.jar;F:\myeclipse10.7.1workspace\hibernate\WebRoot\WEB-INF\lib\slf4j-api-1.5.8.jar;F:\myeclipse10.7.1workspace\hibernate\WebRoot\WEB-INF\lib\slf4j-log4j12-1.5.8.jar;F:\myeclipse10.7.1workspace\hibernate\WebRoot\WEB-INF\lib\sqljdbc4.jar;D:\myeclipse\Common\plugins\com.genuitec.eclipse.lib.hibernate41_10.5.0.me201207241813\data\4.1\lib\optional\ehcache\slf4j-api-1.6.1.jar;D:\myeclipse\Common\plugins\com.genuitec.eclipse.lib.hibernate41_10.5.0.me201207241813\data\4.1\lib\required\antlr-2.7.7.jar;D:\myeclipse\Common\plugins\com.genuitec.eclipse.lib.hibernate41_10.5.0.me201207241813\data\4.1\lib\required\dom4j-1.6.1.jar;D:\myeclipse\Common\plugins\com.genuitec.eclipse.lib.hibernate41_10.5.0.me201207241813\data\4.1\lib\required\hibernate-commons-annotations-4.0.1.Final.jar;D:\myeclipse\Common\plugins\com.genuitec.eclipse.lib.hibernate41_10.5.0.me201207241813\data\4.1\lib\required\hibernate-core-4.1.4.Final.jar;D:\myeclipse\Common\plugins\com.genuitec.eclipse.lib.hibernate41_10.5.0.me201207241813\data\4.1\lib\required\hibernate-jpa-2.0-api-1.0.1.Final.jar;D:\myeclipse\Common\plugins\com.genuitec.eclipse.lib.hibernate41_10.5.0.me201207241813\data\4.1\lib\required\javassist-3.15.0-GA.jar;D:\myeclipse\Common\plugins\com.genuitec.eclipse.lib.hibernate41_10.5.0.me201207241813\data\4.1\lib\required\jboss-logging-3.1.0.GA.jar;D:\myeclipse\Common\plugins\com.genuitec.eclipse.lib.hibernate41_10.5.0.me201207241813\data\4.1\lib\required\jboss-transaction-api_1.1_spec-1.0.0.Final.jar;D:\myeclipse\Common\plugins\com.genuitec.eclipse.lib.hibernate41_10.5.0.me201207241813\data\4.1\lib\jpa\hibernate-entitymanager-4.1.4.Final.jar;D:\myeclipse\Common\plugins\org.junit_4.8.2.v4_8_2_v20110321-1705\junit.jar;D:\myeclipse\Common\plugins\org.hamcrest.core_1.1.0.v20090501071000.jar;/D:/myeclipse/MyEclipse 10/configuration/org.eclipse.osgi/bundles/704/1/.cp/;/D:/myeclipse/MyEclipse 10/configuration/org.eclipse.osgi/bundles/702/1/.cp/;/D:/myeclipse/MyEclipse 10/configuration/org.eclipse.osgi/bundles/703/1/.cp/, user.name=Administrator, hibernate.bytecode.use_reflection_optimizer=false, hibernate.show_sql=true, java.vm.specification.version=1.0, sun.arch.data.model=64, java.home=D:\myeclipse\Common\binary\com.sun.java.jdk.win32.x86_64_1.6.0.013\jre, hibernate.dialect=org.hibernate.dialect.SQLServerDialect, hibernate.connection.url=jdbc:sqlserver://localhost:1433;databaseName=userInfo, java.specification.vendor=Sun Microsystems Inc., user.language=zh, awt.toolkit=sun.awt.windows.WToolkit, java.vm.info=mixed mode, java.version=1.6.0_13, java.ext.dirs=D:\myeclipse\Common\binary\com.sun.java.jdk.win32.x86_64_1.6.0.013\jre\lib\ext;C:\Windows\Sun\Java\lib\ext, sun.boot.class.path=D:\myeclipse\Common\binary\com.sun.java.jdk.win32.x86_64_1.6.0.013\jre\lib\resources.jar;D:\myeclipse\Common\binary\com.sun.java.jdk.win32.x86_64_1.6.0.013\jre\lib\rt.jar;D:\myeclipse\Common\binary\com.sun.java.jdk.win32.x86_64_1.6.0.013\jre\lib\sunrsasign.jar;D:\myeclipse\Common\binary\com.sun.java.jdk.win32.x86_64_1.6.0.013\jre\lib\jsse.jar;D:\myeclipse\Common\binary\com.sun.java.jdk.win32.x86_64_1.6.0.013\jre\lib\jce.jar;D:\myeclipse\Common\binary\com.sun.java.jdk.win32.x86_64_1.6.0.013\jre\lib\charsets.jar;D:\myeclipse\Common\binary\com.sun.java.jdk.win32.x86_64_1.6.0.013\jre\classes;D:\myeclipse\Common\plugins\com.genuitec.eclipse.j2eedt.core_10.5.0.me201207171805\data\libraryset\EE_5\javaee.jar;D:\myeclipse\Common\plugins\com.genuitec.eclipse.j2eedt.core_10.5.0.me201207171805\data\libraryset\EE_5\jsf-impl.jar;D:\myeclipse\Common\plugins\com.genuitec.eclipse.j2eedt.core_10.5.0.me201207171805\data\libraryset\EE_5\jsf-api.jar;D:\myeclipse\Common\plugins\com.genuitec.eclipse.j2eedt.core_10.5.0.me201207171805\data\libraryset\EE_5\jstl-1.2.jar, java.vendor=Sun Microsystems Inc., file.separator=\, java.vendor.url.bug=http://java.sun.com/cgi-bin/bugreport.cgi, hibernate.hbm2ddl.auto=create, sun.cpu.endian=little, sun.io.unicode.encoding=UnicodeLittle, sun.desktop=windows, sun.cpu.isalist=amd64}
 org.hibernate.impl.SessionFactoryImpl.<init>(SessionFactoryImpl.java:215)2017-08-08 20:53:28Static SQL for entity: com.xtkj.pojo.User
 org.hibernate.persister.entity.AbstractEntityPersister.logStaticSQL(AbstractEntityPersister.java:2756)2017-08-08 20:53:28 Version select: select TId from user1 where TId =?
 org.hibernate.persister.entity.AbstractEntityPersister.logStaticSQL(AbstractEntityPersister.java:2761)2017-08-08 20:53:28 Snapshot select: select user_.TId, user_.account as account0_, user_.pwd as pwd0_ from user1 user_ where user_.TId=?
 org.hibernate.persister.entity.AbstractEntityPersister.logStaticSQL(AbstractEntityPersister.java:2764)2017-08-08 20:53:28 Insert 0: insert into user1 (account, pwd, TId) values (?, ?, ?)
 org.hibernate.persister.entity.AbstractEntityPersister.logStaticSQL(AbstractEntityPersister.java:2767)2017-08-08 20:53:28 Update 0: update user1 set account=?, pwd=? where TId=?
 org.hibernate.persister.entity.AbstractEntityPersister.logStaticSQL(AbstractEntityPersister.java:2768)2017-08-08 20:53:28 Delete 0: delete from user1 where TId=?
 org.hibernate.persister.entity.AbstractEntityPersister.logStaticSQL(AbstractEntityPersister.java:2769)2017-08-08 20:53:28 Identity insert: insert into user1 (account, pwd) values (?, ?)
 org.hibernate.persister.entity.AbstractEntityPersister.logStaticSQL(AbstractEntityPersister.java:2773)2017-08-08 20:53:28Static select for entity com.xtkj.pojo.User: select user0_.TId as TId0_0_, user0_.account as account0_0_, user0_.pwd as pwd0_0_ from user1 user0_ where user0_.TId=?
 org.hibernate.loader.entity.EntityLoader.<init>(EntityLoader.java:102)2017-08-08 20:53:28Static select for entity com.xtkj.pojo.User: select user0_.TId as TId0_0_, user0_.account as account0_0_, user0_.pwd as pwd0_0_ from user1 user0_ where user0_.TId=?
 org.hibernate.loader.entity.EntityLoader.<init>(EntityLoader.java:102)2017-08-08 20:53:28Static select for entity com.xtkj.pojo.User: select user0_.TId as TId0_0_, user0_.account as account0_0_, user0_.pwd as pwd0_0_ from user1 user0_ with (updlock, rowlock) where user0_.TId=?
 org.hibernate.loader.entity.EntityLoader.<init>(EntityLoader.java:102)2017-08-08 20:53:28Static select for entity com.xtkj.pojo.User: select user0_.TId as TId0_0_, user0_.account as account0_0_, user0_.pwd as pwd0_0_ from user1 user0_ with (updlock, rowlock) where user0_.TId=?
 org.hibernate.loader.entity.EntityLoader.<init>(EntityLoader.java:102)2017-08-08 20:53:28Static select for entity com.xtkj.pojo.User: select user0_.TId as TId0_0_, user0_.account as account0_0_, user0_.pwd as pwd0_0_ from user1 user0_ with (updlock, rowlock) where user0_.TId=?
 org.hibernate.loader.entity.EntityLoader.<init>(EntityLoader.java:102)2017-08-08 20:53:28Static select for action ACTION_MERGE on entity com.xtkj.pojo.User: select user0_.TId as TId0_0_, user0_.account as account0_0_, user0_.pwd as pwd0_0_ from user1 user0_ where user0_.TId=?
 org.hibernate.loader.entity.CascadeEntityLoader.<init>(CascadeEntityLoader.java:57)2017-08-08 20:53:28Static select for action ACTION_REFRESH on entity com.xtkj.pojo.User: select user0_.TId as TId0_0_, user0_.account as account0_0_, user0_.pwd as pwd0_0_ from user1 user0_ where user0_.TId=?
 org.hibernate.loader.entity.CascadeEntityLoader.<init>(CascadeEntityLoader.java:57)2017-08-08 20:53:28initializing class SessionFactoryObjectFactory
 org.hibernate.impl.SessionFactoryObjectFactory.<clinit>(SessionFactoryObjectFactory.java:62)2017-08-08 20:53:28registered: 402882145dc1e83c015dc1e83cf50000 (unnamed)
 org.hibernate.impl.SessionFactoryObjectFactory.addInstance(SessionFactoryObjectFactory.java:99)2017-08-08 20:53:28Not binding factory to JNDI, no JNDI name configured
 org.hibernate.impl.SessionFactoryObjectFactory.addInstance(SessionFactoryObjectFactory.java:105)2017-08-08 20:53:28instantiated session factory
 org.hibernate.impl.SessionFactoryImpl.<init>(SessionFactoryImpl.java:350)2017-08-08 20:53:28processing extends queue
 org.hibernate.cfg.Configuration.secondPassCompile(Configuration.java:1167)2017-08-08 20:53:28processing collection mappings
 org.hibernate.cfg.Configuration.secondPassCompile(Configuration.java:1171)2017-08-08 20:53:28processing native query and ResultSetMapping mappings
 org.hibernate.cfg.Configuration.secondPassCompile(Configuration.java:1182)2017-08-08 20:53:28processing association property references
 org.hibernate.cfg.Configuration.secondPassCompile(Configuration.java:1190)2017-08-08 20:53:28processing foreign key constraints
 org.hibernate.cfg.Configuration.secondPassCompile(Configuration.java:1212)2017-08-08 20:53:28processing extends queue
 org.hibernate.cfg.Configuration.secondPassCompile(Configuration.java:1167)2017-08-08 20:53:28processing collection mappings
 org.hibernate.cfg.Configuration.secondPassCompile(Configuration.java:1171)2017-08-08 20:53:28processing native query and ResultSetMapping mappings
 org.hibernate.cfg.Configuration.secondPassCompile(Configuration.java:1182)2017-08-08 20:53:28processing association property references
 org.hibernate.cfg.Configuration.secondPassCompile(Configuration.java:1190)2017-08-08 20:53:28processing foreign key constraints
 org.hibernate.cfg.Configuration.secondPassCompile(Configuration.java:1212)2017-08-08 20:53:28Running hbm2ddl schema export
 org.hibernate.tool.hbm2ddl.SchemaExport.execute(SchemaExport.java:226)2017-08-08 20:53:28import file not found: /import.sql
 org.hibernate.tool.hbm2ddl.SchemaExport.execute(SchemaExport.java:242)2017-08-08 20:53:28exporting generated schema to database
 org.hibernate.tool.hbm2ddl.SchemaExport.execute(SchemaExport.java:251)2017-08-08 20:53:28drop table user1
 org.hibernate.tool.hbm2ddl.SchemaExport.execute(SchemaExport.java:377)2017-08-08 20:53:28create table user1 (TId int identity not null, account varchar(255) null, pwd varchar(255) null, primary key (TId))
 org.hibernate.tool.hbm2ddl.SchemaExport.execute(SchemaExport.java:377)2017-08-08 20:53:29schema export complete
 org.hibernate.tool.hbm2ddl.SchemaExport.execute(SchemaExport.java:268)2017-08-08 20:53:29Checking 0 named HQL queries
 org.hibernate.impl.SessionFactoryImpl.checkNamedQueries(SessionFactoryImpl.java:474)2017-08-08 20:53:29Checking 0 named SQL queries
 org.hibernate.impl.SessionFactoryImpl.checkNamedQueries(SessionFactoryImpl.java:494)2017-08-08 20:53:29opened session at timestamp: 15021968090
 org.hibernate.impl.SessionImpl.<init>(SessionImpl.java:248)2017-08-08 20:53:29begin
 org.hibernate.transaction.JDBCTransaction.begin(JDBCTransaction.java:82)2017-08-08 20:53:29opening JDBC connection
 org.hibernate.jdbc.ConnectionManager.openConnection(ConnectionManager.java:444)2017-08-08 20:53:29current autocommit status: false
 org.hibernate.transaction.JDBCTransaction.begin(JDBCTransaction.java:87)2017-08-08 20:53:29executing identity-insert immediately
 org.hibernate.event.def.AbstractSaveEventListener.performSaveOrReplicate(AbstractSaveEventListener.java:320)2017-08-08 20:53:29about to open PreparedStatement (open PreparedStatements: 0, globally: 0)
 org.hibernate.jdbc.AbstractBatcher.logOpenPreparedStatement(AbstractBatcher.java:410)2017-08-08 20:53:29insert into user1 (account, pwd) values (?, ?)
 org.hibernate.jdbc.util.SQLStatementLogger.logStatement(SQLStatementLogger.java:111)2017-08-08 20:53:29Natively generated identity: 1
 org.hibernate.id.IdentifierGeneratorFactory.getGeneratedIdentity(IdentifierGeneratorFactory.java:95)2017-08-08 20:53:29about to close PreparedStatement (open PreparedStatements: 1, globally: 1)
 org.hibernate.jdbc.AbstractBatcher.logClosePreparedStatement(AbstractBatcher.java:418)2017-08-08 20:53:29commit
 org.hibernate.transaction.JDBCTransaction.commit(JDBCTransaction.java:134)2017-08-08 20:53:29processing flush-time cascades
 org.hibernate.event.def.AbstractFlushingEventListener.prepareEntityFlushes(AbstractFlushingEventListener.java:134)2017-08-08 20:53:29dirty checking collections
 org.hibernate.event.def.AbstractFlushingEventListener.prepareCollectionFlushes(AbstractFlushingEventListener.java:177)2017-08-08 20:53:29Flushed: 0 insertions, 0 updates, 0 deletions to 1 objects
 org.hibernate.event.def.AbstractFlushingEventListener.flushEverythingToExecutions(AbstractFlushingEventListener.java:108)2017-08-08 20:53:29Flushed: 0 (re)creations, 0 updates, 0 removals to 0 collections
 org.hibernate.event.def.AbstractFlushingEventListener.flushEverythingToExecutions(AbstractFlushingEventListener.java:114)2017-08-08 20:53:29listing entities:
 org.hibernate.pretty.Printer.toString(Printer.java:106)2017-08-08 20:53:29com.xtkj.pojo.User{pwd=1111, account=jack, TId=1}
 org.hibernate.pretty.Printer.toString(Printer.java:113)2017-08-08 20:53:29committed JDBC Connection
 org.hibernate.transaction.JDBCTransaction.commit(JDBCTransaction.java:147)2017-08-08 20:53:29aggressively releasing JDBC connection
 org.hibernate.jdbc.ConnectionManager.aggressiveRelease(ConnectionManager.java:427)2017-08-08 20:53:29releasing JDBC connection [ (open PreparedStatements: 0, globally: 0) (open ResultSets: 0, globally: 0)]
 org.hibernate.jdbc.ConnectionManager.closeConnection(ConnectionManager.java:464)2017-08-08 20:54:53Hibernate 3.3.2.GA
 org.hibernate.cfg.Environment.<clinit>(Environment.java:560)2017-08-08 20:54:53hibernate.properties not found
 org.hibernate.cfg.Environment.<clinit>(Environment.java:593)2017-08-08 20:54:53Bytecode provider name : javassist
 org.hibernate.cfg.Environment.buildBytecodeProvider(Environment.java:771)2017-08-08 20:54:53using JDK 1.4 java.sql.Timestamp handling
 org.hibernate.cfg.Environment.<clinit>(Environment.java:652)2017-08-08 20:54:53configuring from resource: /hibernate.cfg.xml
 org.hibernate.cfg.Configuration.configure(Configuration.java:1474)2017-08-08 20:54:53Configuration resource: /hibernate.cfg.xml
 org.hibernate.cfg.Configuration.getConfigurationInputStream(Configuration.java:1451)2017-08-08 20:54:53trying to resolve system-id [http://hibernate.sourceforge.NET/hibernate-configuration-3.0.dtd]
 org.hibernate.util.DTDEntityResolver.resolveEntity(DTDEntityResolver.java:64)2017-08-08 20:54:55hibernate.dialect=org.hibernate.dialect.SQLServerDialect
 org.hibernate.cfg.Configuration.addProperties(Configuration.java:1435)2017-08-08 20:54:55hibernate.connection.username=sa
 org.hibernate.cfg.Configuration.addProperties(Configuration.java:1435)2017-08-08 20:54:55hibernate.connection.password=caijie
 org.hibernate.cfg.Configuration.addProperties(Configuration.java:1435)2017-08-08 20:54:55hibernate.connection.driver_class=com.microsoft.sqlserver.jdbc.SQLServerDriver
 org.hibernate.cfg.Configuration.addProperties(Configuration.java:1435)2017-08-08 20:54:55hibernate.connection.url=jdbc:sqlserver://localhost:1433;databaseName=userInfo
 org.hibernate.cfg.Configuration.addProperties(Configuration.java:1435)2017-08-08 20:54:55hibernate.show_sql=true
 org.hibernate.cfg.Configuration.addProperties(Configuration.java:1435)2017-08-08 20:54:55hibernate.hbm2ddl.auto=update
 org.hibernate.cfg.Configuration.addProperties(Configuration.java:1435)2017-08-08 20:54:55null<-org.dom4j.tree.DefaultAttribute@56609959 [Attribute: name resource value "com/xtkj/pojo/User.hbm.xml"]
 org.hibernate.cfg.Configuration.parseMappingElement(Configuration.java:1634)2017-08-08 20:54:55Reading mappings from resource : com/xtkj/pojo/User.hbm.xml
 org.hibernate.cfg.Configuration.addResource(Configuration.java:600)2017-08-08 20:54:55trying to resolve system-id [http://hibernate.sourceforge.net/hibernate-mapping-3.0.dtd]
 org.hibernate.util.DTDEntityResolver.resolveEntity(DTDEntityResolver.java:64)2017-08-08 20:54:55recognized hibernate namespace; attempting to resolve on classpath under org/hibernate/
 org.hibernate.util.DTDEntityResolver.resolveEntity(DTDEntityResolver.java:66)2017-08-08 20:54:55located [http://hibernate.sourceforge.net/hibernate-mapping-3.0.dtd] in classpath
 org.hibernate.util.DTDEntityResolver.resolveEntity(DTDEntityResolver.java:76)2017-08-08 20:54:55Mapping class: com.xtkj.pojo.User -> user1
 org.hibernate.cfg.HbmBinder.bindRootPersistentClassCommonValues(HbmBinder.java:322)2017-08-08 20:54:55Mapped property: TId -> TId
 org.hibernate.cfg.HbmBinder.bindProperty(HbmBinder.java:1289)2017-08-08 20:54:55Mapped property: account -> account
 org.hibernate.cfg.HbmBinder.bindProperty(HbmBinder.java:1289)2017-08-08 20:54:55Mapped property: pwd -> pwd
 org.hibernate.cfg.HbmBinder.bindProperty(HbmBinder.java:1289)2017-08-08 20:54:55Configured SessionFactory: null
 org.hibernate.cfg.Configuration.doConfigure(Configuration.java:1589)2017-08-08 20:54:55properties: {hibernate.connection.password=caijie, java.runtime.name=Java(TM) SE Runtime Environment, sun.boot.library.path=D:\myeclipse\Common\binary\com.sun.java.jdk.win32.x86_64_1.6.0.013\jre\bin, java.vm.version=11.3-b02, hibernate.connection.username=sa, java.vm.vendor=Sun Microsystems Inc., java.vendor.url=http://java.sun.com/, path.separator=;, java.vm.name=Java HotSpot(TM) 64-Bit Server VM, file.encoding.pkg=sun.io, user.country=CN, sun.java.launcher=SUN_STANDARD, sun.os.patch.level=Service Pack 1, java.vm.specification.name=Java Virtual Machine Specification, user.dir=F:\myeclipse10.7.1workspace\hibernate, java.runtime.version=1.6.0_13-b03, java.awt.graphicsenv=sun.awt.Win32GraphicsEnvironment, java.endorsed.dirs=D:\myeclipse\Common\binary\com.sun.java.jdk.win32.x86_64_1.6.0.013\jre\lib\endorsed, os.arch=amd64, java.io.tmpdir=C:\Windows\TEMP\, line.separator=
, java.vm.specification.vendor=Sun Microsystems Inc., user.variant=, os.name=Windows Vista, sun.jnu.encoding=GBK, java.library.path=D:\myeclipse\Common\binary\com.sun.java.jdk.win32.x86_64_1.6.0.013\bin;.;C:\Windows\Sun\Java\bin;C:\Windows\system32;C:\Windows;C:\ProgramData\Oracle\Java\javapath;C:\Windows\system32;C:\Windows;C:\Windows\System32\Wbem;C:\Windows\System32\WindowsPowerShell\v1.0\;F:\JDK\bin;F:\SQL2008\100\Tools\Binn\;F:\SQLservice\100\Tools\Binn\;F:\SQLservice\100\DTS\Binn\;F:\SQL2008\100\Tools\Binn\VSShell\Common7\IDE\;F:\SQL2008\100\DTS\Binn\;F:\mysql\mysql5.6.31\bin, java.specification.name=Java Platform API Specification, java.class.version=50.0, sun.management.compiler=HotSpot 64-Bit Server Compiler, os.version=6.1, user.home=C:\Users\Administrator, user.timezone=Asia/Shanghai, java.awt.printerjob=sun.awt.windows.WPrinterJob, file.encoding=UTF-8, java.specification.version=1.6, hibernate.connection.driver_class=com.microsoft.sqlserver.jdbc.SQLServerDriver, user.name=Administrator, java.class.path=F:\myeclipse10.7.1workspace\hibernate\WebRoot\WEB-INF\classes;F:\myeclipse10.7.1workspace\hibernate\WebRoot\WEB-INF\lib\antlr-2.7.6.jar;F:\myeclipse10.7.1workspace\hibernate\WebRoot\WEB-INF\lib\cglib-2.2.jar;F:\myeclipse10.7.1workspace\hibernate\WebRoot\WEB-INF\lib\commons-collections-3.1.jar;F:\myeclipse10.7.1workspace\hibernate\WebRoot\WEB-INF\lib\dom4j-1.6.1.jar;F:\myeclipse10.7.1workspace\hibernate\WebRoot\WEB-INF\lib\ehcache-1.2.3.jar;F:\myeclipse10.7.1workspace\hibernate\WebRoot\WEB-INF\lib\ejb3-persistence.jar;F:\myeclipse10.7.1workspace\hibernate\WebRoot\WEB-INF\lib\hibernate-annotations.jar;F:\myeclipse10.7.1workspace\hibernate\WebRoot\WEB-INF\lib\hibernate-commons-annotations.jar;F:\myeclipse10.7.1workspace\hibernate\WebRoot\WEB-INF\lib\hibernate-entitymanager.jar;F:\myeclipse10.7.1workspace\hibernate\WebRoot\WEB-INF\lib\hibernate-validator.jar;F:\myeclipse10.7.1workspace\hibernate\WebRoot\WEB-INF\lib\hibernate3.jar;F:\myeclipse10.7.1workspace\hibernate\WebRoot\WEB-INF\lib\javassist-3.9.0.GA.jar;F:\myeclipse10.7.1workspace\hibernate\WebRoot\WEB-INF\lib\jta-1.1.jar;F:\myeclipse10.7.1workspace\hibernate\WebRoot\WEB-INF\lib\log4j-1.2.14.jar;F:\myeclipse10.7.1workspace\hibernate\WebRoot\WEB-INF\lib\slf4j-api-1.5.8.jar;F:\myeclipse10.7.1workspace\hibernate\WebRoot\WEB-INF\lib\slf4j-log4j12-1.5.8.jar;F:\myeclipse10.7.1workspace\hibernate\WebRoot\WEB-INF\lib\sqljdbc4.jar;D:\myeclipse\Common\plugins\com.genuitec.eclipse.lib.hibernate41_10.5.0.me201207241813\data\4.1\lib\optional\ehcache\slf4j-api-1.6.1.jar;D:\myeclipse\Common\plugins\com.genuitec.eclipse.lib.hibernate41_10.5.0.me201207241813\data\4.1\lib\required\antlr-2.7.7.jar;D:\myeclipse\Common\plugins\com.genuitec.eclipse.lib.hibernate41_10.5.0.me201207241813\data\4.1\lib\required\dom4j-1.6.1.jar;D:\myeclipse\Common\plugins\com.genuitec.eclipse.lib.hibernate41_10.5.0.me201207241813\data\4.1\lib\required\hibernate-commons-annotations-4.0.1.Final.jar;D:\myeclipse\Common\plugins\com.genuitec.eclipse.lib.hibernate41_10.5.0.me201207241813\data\4.1\lib\required\hibernate-core-4.1.4.Final.jar;D:\myeclipse\Common\plugins\com.genuitec.eclipse.lib.hibernate41_10.5.0.me201207241813\data\4.1\lib\required\hibernate-jpa-2.0-api-1.0.1.Final.jar;D:\myeclipse\Common\plugins\com.genuitec.eclipse.lib.hibernate41_10.5.0.me201207241813\data\4.1\lib\required\javassist-3.15.0-GA.jar;D:\myeclipse\Common\plugins\com.genuitec.eclipse.lib.hibernate41_10.5.0.me201207241813\data\4.1\lib\required\jboss-logging-3.1.0.GA.jar;D:\myeclipse\Common\plugins\com.genuitec.eclipse.lib.hibernate41_10.5.0.me201207241813\data\4.1\lib\required\jboss-transaction-api_1.1_spec-1.0.0.Final.jar;D:\myeclipse\Common\plugins\com.genuitec.eclipse.lib.hibernate41_10.5.0.me201207241813\data\4.1\lib\jpa\hibernate-entitymanager-4.1.4.Final.jar;D:\myeclipse\Common\plugins\org.junit_4.8.2.v4_8_2_v20110321-1705\junit.jar;D:\myeclipse\Common\plugins\org.hamcrest.core_1.1.0.v20090501071000.jar;/D:/myeclipse/MyEclipse 10/configuration/org.eclipse.osgi/bundles/704/1/.cp/;/D:/myeclipse/MyEclipse 10/configuration/org.eclipse.osgi/bundles/702/1/.cp/;/D:/myeclipse/MyEclipse 10/configuration/org.eclipse.osgi/bundles/703/1/.cp/, hibernate.bytecode.use_reflection_optimizer=false, hibernate.show_sql=true, java.vm.specification.version=1.0, java.home=D:\myeclipse\Common\binary\com.sun.java.jdk.win32.x86_64_1.6.0.013\jre, sun.arch.data.model=64, hibernate.connection.url=jdbc:sqlserver://localhost:1433;databaseName=userInfo, hibernate.dialect=org.hibernate.dialect.SQLServerDialect, user.language=zh, java.specification.vendor=Sun Microsystems Inc., awt.toolkit=sun.awt.windows.WToolkit, java.vm.info=mixed mode, java.version=1.6.0_13, java.ext.dirs=D:\myeclipse\Common\binary\com.sun.java.jdk.win32.x86_64_1.6.0.013\jre\lib\ext;C:\Windows\Sun\Java\lib\ext, sun.boot.class.path=D:\myeclipse\Common\binary\com.sun.java.jdk.win32.x86_64_1.6.0.013\jre\lib\resources.jar;D:\myeclipse\Common\binary\com.sun.java.jdk.win32.x86_64_1.6.0.013\jre\lib\rt.jar;D:\myeclipse\Common\binary\com.sun.java.jdk.win32.x86_64_1.6.0.013\jre\lib\sunrsasign.jar;D:\myeclipse\Common\binary\com.sun.java.jdk.win32.x86_64_1.6.0.013\jre\lib\jsse.jar;D:\myeclipse\Common\binary\com.sun.java.jdk.win32.x86_64_1.6.0.013\jre\lib\jce.jar;D:\myeclipse\Common\binary\com.sun.java.jdk.win32.x86_64_1.6.0.013\jre\lib\charsets.jar;D:\myeclipse\Common\binary\com.sun.java.jdk.win32.x86_64_1.6.0.013\jre\classes;D:\myeclipse\Common\plugins\com.genuitec.eclipse.j2eedt.core_10.5.0.me201207171805\data\libraryset\EE_5\javaee.jar;D:\myeclipse\Common\plugins\com.genuitec.eclipse.j2eedt.core_10.5.0.me201207171805\data\libraryset\EE_5\jsf-impl.jar;D:\myeclipse\Common\plugins\com.genuitec.eclipse.j2eedt.core_10.5.0.me201207171805\data\libraryset\EE_5\jsf-api.jar;D:\myeclipse\Common\plugins\com.genuitec.eclipse.j2eedt.core_10.5.0.me201207171805\data\libraryset\EE_5\jstl-1.2.jar, java.vendor=Sun Microsystems Inc., file.separator=\, hibernate.hbm2ddl.auto=update, java.vendor.url.bug=http://java.sun.com/cgi-bin/bugreport.cgi, sun.io.unicode.encoding=UnicodeLittle, sun.cpu.endian=little, sun.desktop=windows, sun.cpu.isalist=amd64}
 org.hibernate.cfg.Configuration.doConfigure(Configuration.java:1590)2017-08-08 20:54:55Preparing to build session factory with filters : {}
 org.hibernate.cfg.Configuration.buildSessionFactory(Configuration.java:1332)2017-08-08 20:54:55processing extends queue
 org.hibernate.cfg.Configuration.secondPassCompile(Configuration.java:1167)2017-08-08 20:54:55processing collection mappings
 org.hibernate.cfg.Configuration.secondPassCompile(Configuration.java:1171)2017-08-08 20:54:55processing native query and ResultSetMapping mappings
 org.hibernate.cfg.Configuration.secondPassCompile(Configuration.java:1182)2017-08-08 20:54:55processing association property references
 org.hibernate.cfg.Configuration.secondPassCompile(Configuration.java:1190)2017-08-08 20:54:55processing foreign key constraints
 org.hibernate.cfg.Configuration.secondPassCompile(Configuration.java:1212)2017-08-08 20:54:55Using Hibernate built-in connection pool (not for production use!)
 org.hibernate.connection.DriverManagerConnectionProvider.configure(DriverManagerConnectionProvider.java:64)2017-08-08 20:54:55Hibernate connection pool size: 20
 org.hibernate.connection.DriverManagerConnectionProvider.configure(DriverManagerConnectionProvider.java:65)2017-08-08 20:54:55autocommit mode: false
 org.hibernate.connection.DriverManagerConnectionProvider.configure(DriverManagerConnectionProvider.java:68)2017-08-08 20:54:55using driver: com.microsoft.sqlserver.jdbc.SQLServerDriver at URL: jdbc:sqlserver://localhost:1433;databaseName=userInfo
 org.hibernate.connection.DriverManagerConnectionProvider.configure(DriverManagerConnectionProvider.java:103)2017-08-08 20:54:55connection properties: {user=sa, password=caijie}
 org.hibernate.connection.DriverManagerConnectionProvider.configure(DriverManagerConnectionProvider.java:106)2017-08-08 20:54:55opening new JDBC connection
 org.hibernate.connection.DriverManagerConnectionProvider.getConnection(DriverManagerConnectionProvider.java:132)2017-08-08 20:54:55created connection to: jdbc:sqlserver://localhost:1433;databaseName=userInfo, Isolation Level: 2
 org.hibernate.connection.DriverManagerConnectionProvider.getConnection(DriverManagerConnectionProvider.java:138)2017-08-08 20:54:55RDBMS: Microsoft SQL Server, version: 10.00.1600
 org.hibernate.cfg.SettingsFactory.buildSettings(SettingsFactory.java:114)2017-08-08 20:54:55JDBC driver: Microsoft JDBC Driver 4.0 for SQL Server, version: 4.0.2206.100
 org.hibernate.cfg.SettingsFactory.buildSettings(SettingsFactory.java:115)2017-08-08 20:54:55Using dialect: org.hibernate.dialect.SQLServerDialect
 org.hibernate.dialect.Dialect.<init>(Dialect.java:175)2017-08-08 20:54:55Using default transaction strategy (direct JDBC transactions)
 org.hibernate.transaction.TransactionFactoryFactory.buildTransactionFactory(TransactionFactoryFactory.java:59)2017-08-08 20:54:55No TransactionManagerLookup configured (in JTA environment, use of read-write or transactional second-level cache is not recommended)
 org.hibernate.transaction.TransactionManagerLookupFactory.getTransactionManagerLookup(TransactionManagerLookupFactory.java:80)2017-08-08 20:54:55Automatic flush during beforeCompletion(): disabled
 org.hibernate.cfg.SettingsFactory.buildSettings(SettingsFactory.java:161)2017-08-08 20:54:55Automatic session close at end of transaction: disabled
 org.hibernate.cfg.SettingsFactory.buildSettings(SettingsFactory.java:165)2017-08-08 20:54:55Scrollable result sets: enabled
 org.hibernate.cfg.SettingsFactory.buildSettings(SettingsFactory.java:180)2017-08-08 20:54:55Wrap result sets: disabled
 org.hibernate.cfg.SettingsFactory.buildSettings(SettingsFactory.java:184)2017-08-08 20:54:55JDBC3 getGeneratedKeys(): enabled
 org.hibernate.cfg.SettingsFactory.buildSettings(SettingsFactory.java:188)2017-08-08 20:54:55Connection release mode: auto
 org.hibernate.cfg.SettingsFactory.buildSettings(SettingsFactory.java:196)2017-08-08 20:54:55Default batch fetch size: 1
 org.hibernate.cfg.SettingsFactory.buildSettings(SettingsFactory.java:223)2017-08-08 20:54:55Generate SQL with comments: disabled
 org.hibernate.cfg.SettingsFactory.buildSettings(SettingsFactory.java:227)2017-08-08 20:54:55Order SQL updates by primary key: disabled
 org.hibernate.cfg.SettingsFactory.buildSettings(SettingsFactory.java:231)2017-08-08 20:54:55Order SQL inserts for batching: disabled
 org.hibernate.cfg.SettingsFactory.buildSettings(SettingsFactory.java:235)2017-08-08 20:54:55Query translator: org.hibernate.hql.ast.ASTQueryTranslatorFactory
 org.hibernate.cfg.SettingsFactory.createQueryTranslatorFactory(SettingsFactory.java:397)2017-08-08 20:54:55Using ASTQueryTranslatorFactory
 org.hibernate.hql.ast.ASTQueryTranslatorFactory.<init>(ASTQueryTranslatorFactory.java:47)2017-08-08 20:54:55Query language substitutions: {}
 org.hibernate.cfg.SettingsFactory.buildSettings(SettingsFactory.java:243)2017-08-08 20:54:55JPA-QL strict compliance: disabled
 org.hibernate.cfg.SettingsFactory.buildSettings(SettingsFactory.java:248)2017-08-08 20:54:55Second-level cache: enabled
 org.hibernate.cfg.SettingsFactory.buildSettings(SettingsFactory.java:253)2017-08-08 20:54:55Query cache: disabled
 org.hibernate.cfg.SettingsFactory.buildSettings(SettingsFactory.java:257)2017-08-08 20:54:55Cache region factory : org.hibernate.cache.impl.NoCachingRegionFactory
 org.hibernate.cfg.SettingsFactory.createRegionFactory(SettingsFactory.java:382)2017-08-08 20:54:55Optimize cache for minimal puts: disabled
 org.hibernate.cfg.SettingsFactory.buildSettings(SettingsFactory.java:267)2017-08-08 20:54:55Structured second-level cache entries: disabled
 org.hibernate.cfg.SettingsFactory.buildSettings(SettingsFactory.java:276)2017-08-08 20:54:55Echoing all SQL to stdout
 org.hibernate.cfg.SettingsFactory.buildSettings(SettingsFactory.java:296)2017-08-08 20:54:55Statistics: disabled
 org.hibernate.cfg.SettingsFactory.buildSettings(SettingsFactory.java:305)2017-08-08 20:54:55Deleted entity synthetic identifier rollback: disabled
 org.hibernate.cfg.SettingsFactory.buildSettings(SettingsFactory.java:309)2017-08-08 20:54:55Default entity-mode: pojo
 org.hibernate.cfg.SettingsFactory.buildSettings(SettingsFactory.java:324)2017-08-08 20:54:55Named query checking : enabled
 org.hibernate.cfg.SettingsFactory.buildSettings(SettingsFactory.java:328)2017-08-08 20:54:55building session factory
 org.hibernate.impl.SessionFactoryImpl.<init>(SessionFactoryImpl.java:193)2017-08-08 20:54:55Session factory constructed with filter configurations : {}
 org.hibernate.impl.SessionFactoryImpl.<init>(SessionFactoryImpl.java:211)2017-08-08 20:54:55instantiating session factory with properties: {java.runtime.name=Java(TM) SE Runtime Environment, hibernate.connection.password=caijie, sun.boot.library.path=D:\myeclipse\Common\binary\com.sun.java.jdk.win32.x86_64_1.6.0.013\jre\bin, java.vm.version=11.3-b02, hibernate.connection.username=sa, java.vm.vendor=Sun Microsystems Inc., java.vendor.url=http://java.sun.com/, path.separator=;, java.vm.name=Java HotSpot(TM) 64-Bit Server VM, file.encoding.pkg=sun.io, user.country=CN, sun.java.launcher=SUN_STANDARD, sun.os.patch.level=Service Pack 1, java.vm.specification.name=Java Virtual Machine Specification, user.dir=F:\myeclipse10.7.1workspace\hibernate, java.runtime.version=1.6.0_13-b03, java.awt.graphicsenv=sun.awt.Win32GraphicsEnvironment, java.endorsed.dirs=D:\myeclipse\Common\binary\com.sun.java.jdk.win32.x86_64_1.6.0.013\jre\lib\endorsed, os.arch=amd64, java.io.tmpdir=C:\Windows\TEMP\, line.separator=
, java.vm.specification.vendor=Sun Microsystems Inc., user.variant=, os.name=Windows Vista, sun.jnu.encoding=GBK, java.library.path=D:\myeclipse\Common\binary\com.sun.java.jdk.win32.x86_64_1.6.0.013\bin;.;C:\Windows\Sun\Java\bin;C:\Windows\system32;C:\Windows;C:\ProgramData\Oracle\Java\javapath;C:\Windows\system32;C:\Windows;C:\Windows\System32\Wbem;C:\Windows\System32\WindowsPowerShell\v1.0\;F:\JDK\bin;F:\SQL2008\100\Tools\Binn\;F:\SQLservice\100\Tools\Binn\;F:\SQLservice\100\DTS\Binn\;F:\SQL2008\100\Tools\Binn\VSShell\Common7\IDE\;F:\SQL2008\100\DTS\Binn\;F:\mysql\mysql5.6.31\bin, java.specification.name=Java Platform API Specification, java.class.version=50.0, sun.management.compiler=HotSpot 64-Bit Server Compiler, os.version=6.1, user.home=C:\Users\Administrator, user.timezone=Asia/Shanghai, java.awt.printerjob=sun.awt.windows.WPrinterJob, file.encoding=UTF-8, java.specification.version=1.6, hibernate.connection.driver_class=com.microsoft.sqlserver.jdbc.SQLServerDriver, java.class.path=F:\myeclipse10.7.1workspace\hibernate\WebRoot\WEB-INF\classes;F:\myeclipse10.7.1workspace\hibernate\WebRoot\WEB-INF\lib\antlr-2.7.6.jar;F:\myeclipse10.7.1workspace\hibernate\WebRoot\WEB-INF\lib\cglib-2.2.jar;F:\myeclipse10.7.1workspace\hibernate\WebRoot\WEB-INF\lib\commons-collections-3.1.jar;F:\myeclipse10.7.1workspace\hibernate\WebRoot\WEB-INF\lib\dom4j-1.6.1.jar;F:\myeclipse10.7.1workspace\hibernate\WebRoot\WEB-INF\lib\ehcache-1.2.3.jar;F:\myeclipse10.7.1workspace\hibernate\WebRoot\WEB-INF\lib\ejb3-persistence.jar;F:\myeclipse10.7.1workspace\hibernate\WebRoot\WEB-INF\lib\hibernate-annotations.jar;F:\myeclipse10.7.1workspace\hibernate\WebRoot\WEB-INF\lib\hibernate-commons-annotations.jar;F:\myeclipse10.7.1workspace\hibernate\WebRoot\WEB-INF\lib\hibernate-entitymanager.jar;F:\myeclipse10.7.1workspace\hibernate\WebRoot\WEB-INF\lib\hibernate-validator.jar;F:\myeclipse10.7.1workspace\hibernate\WebRoot\WEB-INF\lib\hibernate3.jar;F:\myeclipse10.7.1workspace\hibernate\WebRoot\WEB-INF\lib\javassist-3.9.0.GA.jar;F:\myeclipse10.7.1workspace\hibernate\WebRoot\WEB-INF\lib\jta-1.1.jar;F:\myeclipse10.7.1workspace\hibernate\WebRoot\WEB-INF\lib\log4j-1.2.14.jar;F:\myeclipse10.7.1workspace\hibernate\WebRoot\WEB-INF\lib\slf4j-api-1.5.8.jar;F:\myeclipse10.7.1workspace\hibernate\WebRoot\WEB-INF\lib\slf4j-log4j12-1.5.8.jar;F:\myeclipse10.7.1workspace\hibernate\WebRoot\WEB-INF\lib\sqljdbc4.jar;D:\myeclipse\Common\plugins\com.genuitec.eclipse.lib.hibernate41_10.5.0.me201207241813\data\4.1\lib\optional\ehcache\slf4j-api-1.6.1.jar;D:\myeclipse\Common\plugins\com.genuitec.eclipse.lib.hibernate41_10.5.0.me201207241813\data\4.1\lib\required\antlr-2.7.7.jar;D:\myeclipse\Common\plugins\com.genuitec.eclipse.lib.hibernate41_10.5.0.me201207241813\data\4.1\lib\required\dom4j-1.6.1.jar;D:\myeclipse\Common\plugins\com.genuitec.eclipse.lib.hibernate41_10.5.0.me201207241813\data\4.1\lib\required\hibernate-commons-annotations-4.0.1.Final.jar;D:\myeclipse\Common\plugins\com.genuitec.eclipse.lib.hibernate41_10.5.0.me201207241813\data\4.1\lib\required\hibernate-core-4.1.4.Final.jar;D:\myeclipse\Common\plugins\com.genuitec.eclipse.lib.hibernate41_10.5.0.me201207241813\data\4.1\lib\required\hibernate-jpa-2.0-api-1.0.1.Final.jar;D:\myeclipse\Common\plugins\com.genuitec.eclipse.lib.hibernate41_10.5.0.me201207241813\data\4.1\lib\required\javassist-3.15.0-GA.jar;D:\myeclipse\Common\plugins\com.genuitec.eclipse.lib.hibernate41_10.5.0.me201207241813\data\4.1\lib\required\jboss-logging-3.1.0.GA.jar;D:\myeclipse\Common\plugins\com.genuitec.eclipse.lib.hibernate41_10.5.0.me201207241813\data\4.1\lib\required\jboss-transaction-api_1.1_spec-1.0.0.Final.jar;D:\myeclipse\Common\plugins\com.genuitec.eclipse.lib.hibernate41_10.5.0.me201207241813\data\4.1\lib\jpa\hibernate-entitymanager-4.1.4.Final.jar;D:\myeclipse\Common\plugins\org.junit_4.8.2.v4_8_2_v20110321-1705\junit.jar;D:\myeclipse\Common\plugins\org.hamcrest.core_1.1.0.v20090501071000.jar;/D:/myeclipse/MyEclipse 10/configuration/org.eclipse.osgi/bundles/704/1/.cp/;/D:/myeclipse/MyEclipse 10/configuration/org.eclipse.osgi/bundles/702/1/.cp/;/D:/myeclipse/MyEclipse 10/configuration/org.eclipse.osgi/bundles/703/1/.cp/, user.name=Administrator, hibernate.bytecode.use_reflection_optimizer=false, hibernate.show_sql=true, java.vm.specification.version=1.0, sun.arch.data.model=64, java.home=D:\myeclipse\Common\binary\com.sun.java.jdk.win32.x86_64_1.6.0.013\jre, hibernate.dialect=org.hibernate.dialect.SQLServerDialect, hibernate.connection.url=jdbc:sqlserver://localhost:1433;databaseName=userInfo, java.specification.vendor=Sun Microsystems Inc., user.language=zh, awt.toolkit=sun.awt.windows.WToolkit, java.vm.info=mixed mode, java.version=1.6.0_13, java.ext.dirs=D:\myeclipse\Common\binary\com.sun.java.jdk.win32.x86_64_1.6.0.013\jre\lib\ext;C:\Windows\Sun\Java\lib\ext, sun.boot.class.path=D:\myeclipse\Common\binary\com.sun.java.jdk.win32.x86_64_1.6.0.013\jre\lib\resources.jar;D:\myeclipse\Common\binary\com.sun.java.jdk.win32.x86_64_1.6.0.013\jre\lib\rt.jar;D:\myeclipse\Common\binary\com.sun.java.jdk.win32.x86_64_1.6.0.013\jre\lib\sunrsasign.jar;D:\myeclipse\Common\binary\com.sun.java.jdk.win32.x86_64_1.6.0.013\jre\lib\jsse.jar;D:\myeclipse\Common\binary\com.sun.java.jdk.win32.x86_64_1.6.0.013\jre\lib\jce.jar;D:\myeclipse\Common\binary\com.sun.java.jdk.win32.x86_64_1.6.0.013\jre\lib\charsets.jar;D:\myeclipse\Common\binary\com.sun.java.jdk.win32.x86_64_1.6.0.013\jre\classes;D:\myeclipse\Common\plugins\com.genuitec.eclipse.j2eedt.core_10.5.0.me201207171805\data\libraryset\EE_5\javaee.jar;D:\myeclipse\Common\plugins\com.genuitec.eclipse.j2eedt.core_10.5.0.me201207171805\data\libraryset\EE_5\jsf-impl.jar;D:\myeclipse\Common\plugins\com.genuitec.eclipse.j2eedt.core_10.5.0.me201207171805\data\libraryset\EE_5\jsf-api.jar;D:\myeclipse\Common\plugins\com.genuitec.eclipse.j2eedt.core_10.5.0.me201207171805\data\libraryset\EE_5\jstl-1.2.jar, java.vendor=Sun Microsystems Inc., file.separator=\, java.vendor.url.bug=http://java.sun.com/cgi-bin/bugreport.cgi, hibernate.hbm2ddl.auto=update, sun.cpu.endian=little, sun.io.unicode.encoding=UnicodeLittle, sun.desktop=windows, sun.cpu.isalist=amd64}
 org.hibernate.impl.SessionFactoryImpl.<init>(SessionFactoryImpl.java:215)2017-08-08 20:54:55Static SQL for entity: com.xtkj.pojo.User
 org.hibernate.persister.entity.AbstractEntityPersister.logStaticSQL(AbstractEntityPersister.java:2756)2017-08-08 20:54:55 Version select: select TId from user1 where TId =?
 org.hibernate.persister.entity.AbstractEntityPersister.logStaticSQL(AbstractEntityPersister.java:2761)2017-08-08 20:54:55 Snapshot select: select user_.TId, user_.account as account0_, user_.pwd as pwd0_ from user1 user_ where user_.TId=?
 org.hibernate.persister.entity.AbstractEntityPersister.logStaticSQL(AbstractEntityPersister.java:2764)2017-08-08 20:54:55 Insert 0: insert into user1 (account, pwd, TId) values (?, ?, ?)
 org.hibernate.persister.entity.AbstractEntityPersister.logStaticSQL(AbstractEntityPersister.java:2767)2017-08-08 20:54:55 Update 0: update user1 set account=?, pwd=? where TId=?
 org.hibernate.persister.entity.AbstractEntityPersister.logStaticSQL(AbstractEntityPersister.java:2768)2017-08-08 20:54:55 Delete 0: delete from user1 where TId=?
 org.hibernate.persister.entity.AbstractEntityPersister.logStaticSQL(AbstractEntityPersister.java:2769)2017-08-08 20:54:55 Identity insert: insert into user1 (account, pwd) values (?, ?)
 org.hibernate.persister.entity.AbstractEntityPersister.logStaticSQL(AbstractEntityPersister.java:2773)2017-08-08 20:54:55Static select for entity com.xtkj.pojo.User: select user0_.TId as TId0_0_, user0_.account as account0_0_, user0_.pwd as pwd0_0_ from user1 user0_ where user0_.TId=?
 org.hibernate.loader.entity.EntityLoader.<init>(EntityLoader.java:102)2017-08-08 20:54:55Static select for entity com.xtkj.pojo.User: select user0_.TId as TId0_0_, user0_.account as account0_0_, user0_.pwd as pwd0_0_ from user1 user0_ where user0_.TId=?
 org.hibernate.loader.entity.EntityLoader.<init>(EntityLoader.java:102)2017-08-08 20:54:55Static select for entity com.xtkj.pojo.User: select user0_.TId as TId0_0_, user0_.account as account0_0_, user0_.pwd as pwd0_0_ from user1 user0_ with (updlock, rowlock) where user0_.TId=?
 org.hibernate.loader.entity.EntityLoader.<init>(EntityLoader.java:102)2017-08-08 20:54:55Static select for entity com.xtkj.pojo.User: select user0_.TId as TId0_0_, user0_.account as account0_0_, user0_.pwd as pwd0_0_ from user1 user0_ with (updlock, rowlock) where user0_.TId=?
 org.hibernate.loader.entity.EntityLoader.<init>(EntityLoader.java:102)2017-08-08 20:54:55Static select for entity com.xtkj.pojo.User: select user0_.TId as TId0_0_, user0_.account as account0_0_, user0_.pwd as pwd0_0_ from user1 user0_ with (updlock, rowlock) where user0_.TId=?
 org.hibernate.loader.entity.EntityLoader.<init>(EntityLoader.java:102)2017-08-08 20:54:55Static select for action ACTION_MERGE on entity com.xtkj.pojo.User: select user0_.TId as TId0_0_, user0_.account as account0_0_, user0_.pwd as pwd0_0_ from user1 user0_ where user0_.TId=?
 org.hibernate.loader.entity.CascadeEntityLoader.<init>(CascadeEntityLoader.java:57)2017-08-08 20:54:55Static select for action ACTION_REFRESH on entity com.xtkj.pojo.User: select user0_.TId as TId0_0_, user0_.account as account0_0_, user0_.pwd as pwd0_0_ from user1 user0_ where user0_.TId=?
 org.hibernate.loader.entity.CascadeEntityLoader.<init>(CascadeEntityLoader.java:57)2017-08-08 20:54:55initializing class SessionFactoryObjectFactory
 org.hibernate.impl.SessionFactoryObjectFactory.<clinit>(SessionFactoryObjectFactory.java:62)2017-08-08 20:54:55registered: 402882145dc1e98f015dc1e990790000 (unnamed)
 org.hibernate.impl.SessionFactoryObjectFactory.addInstance(SessionFactoryObjectFactory.java:99)2017-08-08 20:54:55Not binding factory to JNDI, no JNDI name configured
 org.hibernate.impl.SessionFactoryObjectFactory.addInstance(SessionFactoryObjectFactory.java:105)2017-08-08 20:54:55instantiated session factory
 org.hibernate.impl.SessionFactoryImpl.<init>(SessionFactoryImpl.java:350)2017-08-08 20:54:55Running hbm2ddl schema update
 org.hibernate.tool.hbm2ddl.SchemaUpdate.execute(SchemaUpdate.java:155)2017-08-08 20:54:55fetching database metadata
 org.hibernate.tool.hbm2ddl.SchemaUpdate.execute(SchemaUpdate.java:167)2017-08-08 20:54:55updating schema
 org.hibernate.tool.hbm2ddl.SchemaUpdate.execute(SchemaUpdate.java:179)2017-08-08 20:54:55processing extends queue
 org.hibernate.cfg.Configuration.secondPassCompile(Configuration.java:1167)2017-08-08 20:54:55processing collection mappings
 org.hibernate.cfg.Configuration.secondPassCompile(Configuration.java:1171)2017-08-08 20:54:55processing native query and ResultSetMapping mappings
 org.hibernate.cfg.Configuration.secondPassCompile(Configuration.java:1182)2017-08-08 20:54:55processing association property references
 org.hibernate.cfg.Configuration.secondPassCompile(Configuration.java:1190)2017-08-08 20:54:55processing foreign key constraints
 org.hibernate.cfg.Configuration.secondPassCompile(Configuration.java:1212)2017-08-08 20:54:56table found: userInfo.dbo.user1
 org.hibernate.tool.hbm2ddl.TableMetadata.<init>(TableMetadata.java:65)2017-08-08 20:54:56columns: [pwd, account, tid]
 org.hibernate.tool.hbm2ddl.TableMetadata.<init>(TableMetadata.java:66)2017-08-08 20:54:56foreign keys: []
 org.hibernate.tool.hbm2ddl.TableMetadata.<init>(TableMetadata.java:68)2017-08-08 20:54:56indexes: [pk__user1__c456d749108b795b]
 org.hibernate.tool.hbm2ddl.TableMetadata.<init>(TableMetadata.java:69)2017-08-08 20:54:56schema update complete
 org.hibernate.tool.hbm2ddl.SchemaUpdate.execute(SchemaUpdate.java:217)2017-08-08 20:54:56Checking 0 named HQL queries
 org.hibernate.impl.SessionFactoryImpl.checkNamedQueries(SessionFactoryImpl.java:474)2017-08-08 20:54:56Checking 0 named SQL queries
 org.hibernate.impl.SessionFactoryImpl.checkNamedQueries(SessionFactoryImpl.java:494)2017-08-08 20:54:56opened session at timestamp: 15021968962
 org.hibernate.impl.SessionImpl.<init>(SessionImpl.java:248)2017-08-08 20:54:56begin
 org.hibernate.transaction.JDBCTransaction.begin(JDBCTransaction.java:82)2017-08-08 20:54:56opening JDBC connection
 org.hibernate.jdbc.ConnectionManager.openConnection(ConnectionManager.java:444)2017-08-08 20:54:56current autocommit status: false
 org.hibernate.transaction.JDBCTransaction.begin(JDBCTransaction.java:87)2017-08-08 20:54:56executing identity-insert immediately
 org.hibernate.event.def.AbstractSaveEventListener.performSaveOrReplicate(AbstractSaveEventListener.java:320)2017-08-08 20:54:56about to open PreparedStatement (open PreparedStatements: 0, globally: 0)
 org.hibernate.jdbc.AbstractBatcher.logOpenPreparedStatement(AbstractBatcher.java:410)2017-08-08 20:54:56insert into user1 (account, pwd) values (?, ?)
 org.hibernate.jdbc.util.SQLStatementLogger.logStatement(SQLStatementLogger.java:111)2017-08-08 20:54:56Natively generated identity: 2
 org.hibernate.id.IdentifierGeneratorFactory.getGeneratedIdentity(IdentifierGeneratorFactory.java:95)2017-08-08 20:54:56about to close PreparedStatement (open PreparedStatements: 1, globally: 1)
 org.hibernate.jdbc.AbstractBatcher.logClosePreparedStatement(AbstractBatcher.java:418)2017-08-08 20:54:56commit
 org.hibernate.transaction.JDBCTransaction.commit(JDBCTransaction.java:134)2017-08-08 20:54:56processing flush-time cascades
 org.hibernate.event.def.AbstractFlushingEventListener.prepareEntityFlushes(AbstractFlushingEventListener.java:134)2017-08-08 20:54:56dirty checking collections
 org.hibernate.event.def.AbstractFlushingEventListener.prepareCollectionFlushes(AbstractFlushingEventListener.java:177)2017-08-08 20:54:56Flushed: 0 insertions, 0 updates, 0 deletions to 1 objects
 org.hibernate.event.def.AbstractFlushingEventListener.flushEverythingToExecutions(AbstractFlushingEventListener.java:108)2017-08-08 20:54:56Flushed: 0 (re)creations, 0 updates, 0 removals to 0 collections
 org.hibernate.event.def.AbstractFlushingEventListener.flushEverythingToExecutions(AbstractFlushingEventListener.java:114)2017-08-08 20:54:56listing entities:
 org.hibernate.pretty.Printer.toString(Printer.java:106)2017-08-08 20:54:56com.xtkj.pojo.User{pwd=2222, account=tom, TId=2}
 org.hibernate.pretty.Printer.toString(Printer.java:113)2017-08-08 20:54:56committed JDBC Connection
 org.hibernate.transaction.JDBCTransaction.commit(JDBCTransaction.java:147)2017-08-08 20:54:56aggressively releasing JDBC connection
 org.hibernate.jdbc.ConnectionManager.aggressiveRelease(ConnectionManager.java:427)2017-08-08 20:54:56releasing JDBC connection [ (open PreparedStatements: 0, globally: 0) (open ResultSets: 0, globally: 0)]
 org.hibernate.jdbc.ConnectionManager.closeConnection(ConnectionManager.java:464)2017-08-08 20:57:15Hibernate 3.3.2.GA
 org.hibernate.cfg.Environment.<clinit>(Environment.java:560)2017-08-08 20:57:15hibernate.properties not found
 org.hibernate.cfg.Environment.<clinit>(Environment.java:593)2017-08-08 20:57:15Bytecode provider name : javassist
 org.hibernate.cfg.Environment.buildBytecodeProvider(Environment.java:771)2017-08-08 20:57:15using JDK 1.4 java.sql.Timestamp handling
 org.hibernate.cfg.Environment.<clinit>(Environment.java:652)2017-08-08 20:57:15configuring from resource: /hibernate.cfg.xml
 org.hibernate.cfg.Configuration.configure(Configuration.java:1474)2017-08-08 20:57:15Configuration resource: /hibernate.cfg.xml
 org.hibernate.cfg.Configuration.getConfigurationInputStream(Configuration.java:1451)2017-08-08 20:57:15trying to resolve system-id [http://hibernate.sourceforge.NET/hibernate-configuration-3.0.dtd]
 org.hibernate.util.DTDEntityResolver.resolveEntity(DTDEntityResolver.java:64)2017-08-08 20:57:17hibernate.dialect=org.hibernate.dialect.SQLServerDialect
 org.hibernate.cfg.Configuration.addProperties(Configuration.java:1435)2017-08-08 20:57:17hibernate.connection.username=sa
 org.hibernate.cfg.Configuration.addProperties(Configuration.java:1435)2017-08-08 20:57:17hibernate.connection.password=caijie
 org.hibernate.cfg.Configuration.addProperties(Configuration.java:1435)2017-08-08 20:57:17hibernate.connection.driver_class=com.microsoft.sqlserver.jdbc.SQLServerDriver
 org.hibernate.cfg.Configuration.addProperties(Configuration.java:1435)2017-08-08 20:57:17hibernate.connection.url=jdbc:sqlserver://localhost:1433;databaseName=userInfo
 org.hibernate.cfg.Configuration.addProperties(Configuration.java:1435)2017-08-08 20:57:17show_sql=true
 org.hibernate.cfg.Configuration.addProperties(Configuration.java:1435)2017-08-08 20:57:17hibernate.hbm2ddl.auto=update
 org.hibernate.cfg.Configuration.addProperties(Configuration.java:1435)2017-08-08 20:57:17null<-org.dom4j.tree.DefaultAttribute@6f649b44 [Attribute: name resource value "com/xtkj/pojo/User.hbm.xml"]
 org.hibernate.cfg.Configuration.parseMappingElement(Configuration.java:1634)2017-08-08 20:57:17Reading mappings from resource : com/xtkj/pojo/User.hbm.xml
 org.hibernate.cfg.Configuration.addResource(Configuration.java:600)2017-08-08 20:57:17trying to resolve system-id [http://hibernate.sourceforge.net/hibernate-mapping-3.0.dtd]
 org.hibernate.util.DTDEntityResolver.resolveEntity(DTDEntityResolver.java:64)2017-08-08 20:57:17recognized hibernate namespace; attempting to resolve on classpath under org/hibernate/
 org.hibernate.util.DTDEntityResolver.resolveEntity(DTDEntityResolver.java:66)2017-08-08 20:57:17located [http://hibernate.sourceforge.net/hibernate-mapping-3.0.dtd] in classpath
 org.hibernate.util.DTDEntityResolver.resolveEntity(DTDEntityResolver.java:76)2017-08-08 20:57:17Mapping class: com.xtkj.pojo.User -> user1
 org.hibernate.cfg.HbmBinder.bindRootPersistentClassCommonValues(HbmBinder.java:322)2017-08-08 20:57:17Mapped property: TId -> TId
 org.hibernate.cfg.HbmBinder.bindProperty(HbmBinder.java:1289)2017-08-08 20:57:17Mapped property: account -> account
 org.hibernate.cfg.HbmBinder.bindProperty(HbmBinder.java:1289)2017-08-08 20:57:17Mapped property: pwd -> pwd
 org.hibernate.cfg.HbmBinder.bindProperty(HbmBinder.java:1289)2017-08-08 20:57:17Configured SessionFactory: null
 org.hibernate.cfg.Configuration.doConfigure(Configuration.java:1589)2017-08-08 20:57:17properties: {hibernate.connection.password=caijie, java.runtime.name=Java(TM) SE Runtime Environment, sun.boot.library.path=D:\myeclipse\Common\binary\com.sun.java.jdk.win32.x86_64_1.6.0.013\jre\bin, java.vm.version=11.3-b02, hibernate.connection.username=sa, java.vm.vendor=Sun Microsystems Inc., java.vendor.url=http://java.sun.com/, path.separator=;, java.vm.name=Java HotSpot(TM) 64-Bit Server VM, file.encoding.pkg=sun.io, user.country=CN, sun.java.launcher=SUN_STANDARD, sun.os.patch.level=Service Pack 1, java.vm.specification.name=Java Virtual Machine Specification, user.dir=F:\myeclipse10.7.1workspace\hibernate, java.runtime.version=1.6.0_13-b03, java.awt.graphicsenv=sun.awt.Win32GraphicsEnvironment, java.endorsed.dirs=D:\myeclipse\Common\binary\com.sun.java.jdk.win32.x86_64_1.6.0.013\jre\lib\endorsed, os.arch=amd64, java.io.tmpdir=C:\Windows\TEMP\, line.separator=
, java.vm.specification.vendor=Sun Microsystems Inc., user.variant=, os.name=Windows Vista, sun.jnu.encoding=GBK, java.library.path=D:\myeclipse\Common\binary\com.sun.java.jdk.win32.x86_64_1.6.0.013\bin;.;C:\Windows\Sun\Java\bin;C:\Windows\system32;C:\Windows;C:\ProgramData\Oracle\Java\javapath;C:\Windows\system32;C:\Windows;C:\Windows\System32\Wbem;C:\Windows\System32\WindowsPowerShell\v1.0\;F:\JDK\bin;F:\SQL2008\100\Tools\Binn\;F:\SQLservice\100\Tools\Binn\;F:\SQLservice\100\DTS\Binn\;F:\SQL2008\100\Tools\Binn\VSShell\Common7\IDE\;F:\SQL2008\100\DTS\Binn\;F:\mysql\mysql5.6.31\bin, java.specification.name=Java Platform API Specification, java.class.version=50.0, sun.management.compiler=HotSpot 64-Bit Server Compiler, os.version=6.1, user.home=C:\Users\Administrator, user.timezone=Asia/Shanghai, java.awt.printerjob=sun.awt.windows.WPrinterJob, file.encoding=UTF-8, java.specification.version=1.6, hibernate.connection.driver_class=com.microsoft.sqlserver.jdbc.SQLServerDriver, show_sql=true, user.name=Administrator, java.class.path=F:\myeclipse10.7.1workspace\hibernate\WebRoot\WEB-INF\classes;F:\myeclipse10.7.1workspace\hibernate\WebRoot\WEB-INF\lib\antlr-2.7.6.jar;F:\myeclipse10.7.1workspace\hibernate\WebRoot\WEB-INF\lib\cglib-2.2.jar;F:\myeclipse10.7.1workspace\hibernate\WebRoot\WEB-INF\lib\commons-collections-3.1.jar;F:\myeclipse10.7.1workspace\hibernate\WebRoot\WEB-INF\lib\dom4j-1.6.1.jar;F:\myeclipse10.7.1workspace\hibernate\WebRoot\WEB-INF\lib\ehcache-1.2.3.jar;F:\myeclipse10.7.1workspace\hibernate\WebRoot\WEB-INF\lib\ejb3-persistence.jar;F:\myeclipse10.7.1workspace\hibernate\WebRoot\WEB-INF\lib\hibernate-annotations.jar;F:\myeclipse10.7.1workspace\hibernate\WebRoot\WEB-INF\lib\hibernate-commons-annotations.jar;F:\myeclipse10.7.1workspace\hibernate\WebRoot\WEB-INF\lib\hibernate-entitymanager.jar;F:\myeclipse10.7.1workspace\hibernate\WebRoot\WEB-INF\lib\hibernate-validator.jar;F:\myeclipse10.7.1workspace\hibernate\WebRoot\WEB-INF\lib\hibernate3.jar;F:\myeclipse10.7.1workspace\hibernate\WebRoot\WEB-INF\lib\javassist-3.9.0.GA.jar;F:\myeclipse10.7.1workspace\hibernate\WebRoot\WEB-INF\lib\jta-1.1.jar;F:\myeclipse10.7.1workspace\hibernate\WebRoot\WEB-INF\lib\log4j-1.2.14.jar;F:\myeclipse10.7.1workspace\hibernate\WebRoot\WEB-INF\lib\slf4j-api-1.5.8.jar;F:\myeclipse10.7.1workspace\hibernate\WebRoot\WEB-INF\lib\slf4j-log4j12-1.5.8.jar;F:\myeclipse10.7.1workspace\hibernate\WebRoot\WEB-INF\lib\sqljdbc4.jar;D:\myeclipse\Common\plugins\com.genuitec.eclipse.lib.hibernate41_10.5.0.me201207241813\data\4.1\lib\optional\ehcache\slf4j-api-1.6.1.jar;D:\myeclipse\Common\plugins\com.genuitec.eclipse.lib.hibernate41_10.5.0.me201207241813\data\4.1\lib\required\antlr-2.7.7.jar;D:\myeclipse\Common\plugins\com.genuitec.eclipse.lib.hibernate41_10.5.0.me201207241813\data\4.1\lib\required\dom4j-1.6.1.jar;D:\myeclipse\Common\plugins\com.genuitec.eclipse.lib.hibernate41_10.5.0.me201207241813\data\4.1\lib\required\hibernate-commons-annotations-4.0.1.Final.jar;D:\myeclipse\Common\plugins\com.genuitec.eclipse.lib.hibernate41_10.5.0.me201207241813\data\4.1\lib\required\hibernate-core-4.1.4.Final.jar;D:\myeclipse\Common\plugins\com.genuitec.eclipse.lib.hibernate41_10.5.0.me201207241813\data\4.1\lib\required\hibernate-jpa-2.0-api-1.0.1.Final.jar;D:\myeclipse\Common\plugins\com.genuitec.eclipse.lib.hibernate41_10.5.0.me201207241813\data\4.1\lib\required\javassist-3.15.0-GA.jar;D:\myeclipse\Common\plugins\com.genuitec.eclipse.lib.hibernate41_10.5.0.me201207241813\data\4.1\lib\required\jboss-logging-3.1.0.GA.jar;D:\myeclipse\Common\plugins\com.genuitec.eclipse.lib.hibernate41_10.5.0.me201207241813\data\4.1\lib\required\jboss-transaction-api_1.1_spec-1.0.0.Final.jar;D:\myeclipse\Common\plugins\com.genuitec.eclipse.lib.hibernate41_10.5.0.me201207241813\data\4.1\lib\jpa\hibernate-entitymanager-4.1.4.Final.jar;D:\myeclipse\Common\plugins\org.junit_4.8.2.v4_8_2_v20110321-1705\junit.jar;D:\myeclipse\Common\plugins\org.hamcrest.core_1.1.0.v20090501071000.jar;/D:/myeclipse/MyEclipse 10/configuration/org.eclipse.osgi/bundles/704/1/.cp/;/D:/myeclipse/MyEclipse 10/configuration/org.eclipse.osgi/bundles/702/1/.cp/;/D:/myeclipse/MyEclipse 10/configuration/org.eclipse.osgi/bundles/703/1/.cp/, hibernate.bytecode.use_reflection_optimizer=false, hibernate.show_sql=true, java.vm.specification.version=1.0, java.home=D:\myeclipse\Common\binary\com.sun.java.jdk.win32.x86_64_1.6.0.013\jre, sun.arch.data.model=64, hibernate.connection.url=jdbc:sqlserver://localhost:1433;databaseName=userInfo, hibernate.dialect=org.hibernate.dialect.SQLServerDialect, user.language=zh, java.specification.vendor=Sun Microsystems Inc., awt.toolkit=sun.awt.windows.WToolkit, java.vm.info=mixed mode, java.version=1.6.0_13, java.ext.dirs=D:\myeclipse\Common\binary\com.sun.java.jdk.win32.x86_64_1.6.0.013\jre\lib\ext;C:\Windows\Sun\Java\lib\ext, sun.boot.class.path=D:\myeclipse\Common\binary\com.sun.java.jdk.win32.x86_64_1.6.0.013\jre\lib\resources.jar;D:\myeclipse\Common\binary\com.sun.java.jdk.win32.x86_64_1.6.0.013\jre\lib\rt.jar;D:\myeclipse\Common\binary\com.sun.java.jdk.win32.x86_64_1.6.0.013\jre\lib\sunrsasign.jar;D:\myeclipse\Common\binary\com.sun.java.jdk.win32.x86_64_1.6.0.013\jre\lib\jsse.jar;D:\myeclipse\Common\binary\com.sun.java.jdk.win32.x86_64_1.6.0.013\jre\lib\jce.jar;D:\myeclipse\Common\binary\com.sun.java.jdk.win32.x86_64_1.6.0.013\jre\lib\charsets.jar;D:\myeclipse\Common\binary\com.sun.java.jdk.win32.x86_64_1.6.0.013\jre\classes;D:\myeclipse\Common\plugins\com.genuitec.eclipse.j2eedt.core_10.5.0.me201207171805\data\libraryset\EE_5\javaee.jar;D:\myeclipse\Common\plugins\com.genuitec.eclipse.j2eedt.core_10.5.0.me201207171805\data\libraryset\EE_5\jsf-impl.jar;D:\myeclipse\Common\plugins\com.genuitec.eclipse.j2eedt.core_10.5.0.me201207171805\data\libraryset\EE_5\jsf-api.jar;D:\myeclipse\Common\plugins\com.genuitec.eclipse.j2eedt.core_10.5.0.me201207171805\data\libraryset\EE_5\jstl-1.2.jar, java.vendor=Sun Microsystems Inc., file.separator=\, hibernate.hbm2ddl.auto=update, java.vendor.url.bug=http://java.sun.com/cgi-bin/bugreport.cgi, sun.io.unicode.encoding=UnicodeLittle, sun.cpu.endian=little, sun.desktop=windows, sun.cpu.isalist=amd64}
 org.hibernate.cfg.Configuration.doConfigure(Configuration.java:1590)2017-08-08 20:57:17Preparing to build session factory with filters : {}
 org.hibernate.cfg.Configuration.buildSessionFactory(Configuration.java:1332)2017-08-08 20:57:17processing extends queue
 org.hibernate.cfg.Configuration.secondPassCompile(Configuration.java:1167)2017-08-08 20:57:17processing collection mappings
 org.hibernate.cfg.Configuration.secondPassCompile(Configuration.java:1171)2017-08-08 20:57:17processing native query and ResultSetMapping mappings
 org.hibernate.cfg.Configuration.secondPassCompile(Configuration.java:1182)2017-08-08 20:57:17processing association property references
 org.hibernate.cfg.Configuration.secondPassCompile(Configuration.java:1190)2017-08-08 20:57:17processing foreign key constraints
 org.hibernate.cfg.Configuration.secondPassCompile(Configuration.java:1212)2017-08-08 20:57:17Using Hibernate built-in connection pool (not for production use!)
 org.hibernate.connection.DriverManagerConnectionProvider.configure(DriverManagerConnectionProvider.java:64)2017-08-08 20:57:17Hibernate connection pool size: 20
 org.hibernate.connection.DriverManagerConnectionProvider.configure(DriverManagerConnectionProvider.java:65)2017-08-08 20:57:17autocommit mode: false
 org.hibernate.connection.DriverManagerConnectionProvider.configure(DriverManagerConnectionProvider.java:68)2017-08-08 20:57:17using driver: com.microsoft.sqlserver.jdbc.SQLServerDriver at URL: jdbc:sqlserver://localhost:1433;databaseName=userInfo
 org.hibernate.connection.DriverManagerConnectionProvider.configure(DriverManagerConnectionProvider.java:103)2017-08-08 20:57:17connection properties: {user=sa, password=caijie}
 org.hibernate.connection.DriverManagerConnectionProvider.configure(DriverManagerConnectionProvider.java:106)2017-08-08 20:57:17opening new JDBC connection
 org.hibernate.connection.DriverManagerConnectionProvider.getConnection(DriverManagerConnectionProvider.java:132)2017-08-08 20:57:18created connection to: jdbc:sqlserver://localhost:1433;databaseName=userInfo, Isolation Level: 2
 org.hibernate.connection.DriverManagerConnectionProvider.getConnection(DriverManagerConnectionProvider.java:138)2017-08-08 20:57:18RDBMS: Microsoft SQL Server, version: 10.00.1600
 org.hibernate.cfg.SettingsFactory.buildSettings(SettingsFactory.java:114)2017-08-08 20:57:18JDBC driver: Microsoft JDBC Driver 4.0 for SQL Server, version: 4.0.2206.100
 org.hibernate.cfg.SettingsFactory.buildSettings(SettingsFactory.java:115)2017-08-08 20:57:18Using dialect: org.hibernate.dialect.SQLServerDialect
 org.hibernate.dialect.Dialect.<init>(Dialect.java:175)2017-08-08 20:57:18Using default transaction strategy (direct JDBC transactions)
 org.hibernate.transaction.TransactionFactoryFactory.buildTransactionFactory(TransactionFactoryFactory.java:59)2017-08-08 20:57:18No TransactionManagerLookup configured (in JTA environment, use of read-write or transactional second-level cache is not recommended)
 org.hibernate.transaction.TransactionManagerLookupFactory.getTransactionManagerLookup(TransactionManagerLookupFactory.java:80)2017-08-08 20:57:18Automatic flush during beforeCompletion(): disabled
 org.hibernate.cfg.SettingsFactory.buildSettings(SettingsFactory.java:161)2017-08-08 20:57:18Automatic session close at end of transaction: disabled
 org.hibernate.cfg.SettingsFactory.buildSettings(SettingsFactory.java:165)2017-08-08 20:57:18Scrollable result sets: enabled
 org.hibernate.cfg.SettingsFactory.buildSettings(SettingsFactory.java:180)2017-08-08 20:57:18Wrap result sets: disabled
 org.hibernate.cfg.SettingsFactory.buildSettings(SettingsFactory.java:184)2017-08-08 20:57:18JDBC3 getGeneratedKeys(): enabled
 org.hibernate.cfg.SettingsFactory.buildSettings(SettingsFactory.java:188)2017-08-08 20:57:18Connection release mode: auto
 org.hibernate.cfg.SettingsFactory.buildSettings(SettingsFactory.java:196)2017-08-08 20:57:18Default batch fetch size: 1
 org.hibernate.cfg.SettingsFactory.buildSettings(SettingsFactory.java:223)2017-08-08 20:57:18Generate SQL with comments: disabled
 org.hibernate.cfg.SettingsFactory.buildSettings(SettingsFactory.java:227)2017-08-08 20:57:18Order SQL updates by primary key: disabled
 org.hibernate.cfg.SettingsFactory.buildSettings(SettingsFactory.java:231)2017-08-08 20:57:18Order SQL inserts for batching: disabled
 org.hibernate.cfg.SettingsFactory.buildSettings(SettingsFactory.java:235)2017-08-08 20:57:18Query translator: org.hibernate.hql.ast.ASTQueryTranslatorFactory
 org.hibernate.cfg.SettingsFactory.createQueryTranslatorFactory(SettingsFactory.java:397)2017-08-08 20:57:18Using ASTQueryTranslatorFactory
 org.hibernate.hql.ast.ASTQueryTranslatorFactory.<init>(ASTQueryTranslatorFactory.java:47)2017-08-08 20:57:18Query language substitutions: {}
 org.hibernate.cfg.SettingsFactory.buildSettings(SettingsFactory.java:243)2017-08-08 20:57:18JPA-QL strict compliance: disabled
 org.hibernate.cfg.SettingsFactory.buildSettings(SettingsFactory.java:248)2017-08-08 20:57:18Second-level cache: enabled
 org.hibernate.cfg.SettingsFactory.buildSettings(SettingsFactory.java:253)2017-08-08 20:57:18Query cache: disabled
 org.hibernate.cfg.SettingsFactory.buildSettings(SettingsFactory.java:257)2017-08-08 20:57:18Cache region factory : org.hibernate.cache.impl.NoCachingRegionFactory
 org.hibernate.cfg.SettingsFactory.createRegionFactory(SettingsFactory.java:382)2017-08-08 20:57:18Optimize cache for minimal puts: disabled
 org.hibernate.cfg.SettingsFactory.buildSettings(SettingsFactory.java:267)2017-08-08 20:57:18Structured second-level cache entries: disabled
 org.hibernate.cfg.SettingsFactory.buildSettings(SettingsFactory.java:276)2017-08-08 20:57:18Echoing all SQL to stdout
 org.hibernate.cfg.SettingsFactory.buildSettings(SettingsFactory.java:296)2017-08-08 20:57:18Statistics: disabled
 org.hibernate.cfg.SettingsFactory.buildSettings(SettingsFactory.java:305)2017-08-08 20:57:18Deleted entity synthetic identifier rollback: disabled
 org.hibernate.cfg.SettingsFactory.buildSettings(SettingsFactory.java:309)2017-08-08 20:57:18Default entity-mode: pojo
 org.hibernate.cfg.SettingsFactory.buildSettings(SettingsFactory.java:324)2017-08-08 20:57:18Named query checking : enabled
 org.hibernate.cfg.SettingsFactory.buildSettings(SettingsFactory.java:328)2017-08-08 20:57:18building session factory
 org.hibernate.impl.SessionFactoryImpl.<init>(SessionFactoryImpl.java:193)2017-08-08 20:57:18Session factory constructed with filter configurations : {}
 org.hibernate.impl.SessionFactoryImpl.<init>(SessionFactoryImpl.java:211)2017-08-08 20:57:18instantiating session factory with properties: {java.runtime.name=Java(TM) SE Runtime Environment, hibernate.connection.password=caijie, sun.boot.library.path=D:\myeclipse\Common\binary\com.sun.java.jdk.win32.x86_64_1.6.0.013\jre\bin, java.vm.version=11.3-b02, hibernate.connection.username=sa, java.vm.vendor=Sun Microsystems Inc., java.vendor.url=http://java.sun.com/, path.separator=;, java.vm.name=Java HotSpot(TM) 64-Bit Server VM, file.encoding.pkg=sun.io, user.country=CN, sun.java.launcher=SUN_STANDARD, sun.os.patch.level=Service Pack 1, java.vm.specification.name=Java Virtual Machine Specification, user.dir=F:\myeclipse10.7.1workspace\hibernate, java.runtime.version=1.6.0_13-b03, java.awt.graphicsenv=sun.awt.Win32GraphicsEnvironment, java.endorsed.dirs=D:\myeclipse\Common\binary\com.sun.java.jdk.win32.x86_64_1.6.0.013\jre\lib\endorsed, os.arch=amd64, java.io.tmpdir=C:\Windows\TEMP\, line.separator=
, java.vm.specification.vendor=Sun Microsystems Inc., user.variant=, os.name=Windows Vista, sun.jnu.encoding=GBK, java.library.path=D:\myeclipse\Common\binary\com.sun.java.jdk.win32.x86_64_1.6.0.013\bin;.;C:\Windows\Sun\Java\bin;C:\Windows\system32;C:\Windows;C:\ProgramData\Oracle\Java\javapath;C:\Windows\system32;C:\Windows;C:\Windows\System32\Wbem;C:\Windows\System32\WindowsPowerShell\v1.0\;F:\JDK\bin;F:\SQL2008\100\Tools\Binn\;F:\SQLservice\100\Tools\Binn\;F:\SQLservice\100\DTS\Binn\;F:\SQL2008\100\Tools\Binn\VSShell\Common7\IDE\;F:\SQL2008\100\DTS\Binn\;F:\mysql\mysql5.6.31\bin, java.specification.name=Java Platform API Specification, java.class.version=50.0, sun.management.compiler=HotSpot 64-Bit Server Compiler, os.version=6.1, user.home=C:\Users\Administrator, user.timezone=Asia/Shanghai, java.awt.printerjob=sun.awt.windows.WPrinterJob, file.encoding=UTF-8, java.specification.version=1.6, hibernate.connection.driver_class=com.microsoft.sqlserver.jdbc.SQLServerDriver, show_sql=true, java.class.path=F:\myeclipse10.7.1workspace\hibernate\WebRoot\WEB-INF\classes;F:\myeclipse10.7.1workspace\hibernate\WebRoot\WEB-INF\lib\antlr-2.7.6.jar;F:\myeclipse10.7.1workspace\hibernate\WebRoot\WEB-INF\lib\cglib-2.2.jar;F:\myeclipse10.7.1workspace\hibernate\WebRoot\WEB-INF\lib\commons-collections-3.1.jar;F:\myeclipse10.7.1workspace\hibernate\WebRoot\WEB-INF\lib\dom4j-1.6.1.jar;F:\myeclipse10.7.1workspace\hibernate\WebRoot\WEB-INF\lib\ehcache-1.2.3.jar;F:\myeclipse10.7.1workspace\hibernate\WebRoot\WEB-INF\lib\ejb3-persistence.jar;F:\myeclipse10.7.1workspace\hibernate\WebRoot\WEB-INF\lib\hibernate-annotations.jar;F:\myeclipse10.7.1workspace\hibernate\WebRoot\WEB-INF\lib\hibernate-commons-annotations.jar;F:\myeclipse10.7.1workspace\hibernate\WebRoot\WEB-INF\lib\hibernate-entitymanager.jar;F:\myeclipse10.7.1workspace\hibernate\WebRoot\WEB-INF\lib\hibernate-validator.jar;F:\myeclipse10.7.1workspace\hibernate\WebRoot\WEB-INF\lib\hibernate3.jar;F:\myeclipse10.7.1workspace\hibernate\WebRoot\WEB-INF\lib\javassist-3.9.0.GA.jar;F:\myeclipse10.7.1workspace\hibernate\WebRoot\WEB-INF\lib\jta-1.1.jar;F:\myeclipse10.7.1workspace\hibernate\WebRoot\WEB-INF\lib\log4j-1.2.14.jar;F:\myeclipse10.7.1workspace\hibernate\WebRoot\WEB-INF\lib\slf4j-api-1.5.8.jar;F:\myeclipse10.7.1workspace\hibernate\WebRoot\WEB-INF\lib\slf4j-log4j12-1.5.8.jar;F:\myeclipse10.7.1workspace\hibernate\WebRoot\WEB-INF\lib\sqljdbc4.jar;D:\myeclipse\Common\plugins\com.genuitec.eclipse.lib.hibernate41_10.5.0.me201207241813\data\4.1\lib\optional\ehcache\slf4j-api-1.6.1.jar;D:\myeclipse\Common\plugins\com.genuitec.eclipse.lib.hibernate41_10.5.0.me201207241813\data\4.1\lib\required\antlr-2.7.7.jar;D:\myeclipse\Common\plugins\com.genuitec.eclipse.lib.hibernate41_10.5.0.me201207241813\data\4.1\lib\required\dom4j-1.6.1.jar;D:\myeclipse\Common\plugins\com.genuitec.eclipse.lib.hibernate41_10.5.0.me201207241813\data\4.1\lib\required\hibernate-commons-annotations-4.0.1.Final.jar;D:\myeclipse\Common\plugins\com.genuitec.eclipse.lib.hibernate41_10.5.0.me201207241813\data\4.1\lib\required\hibernate-core-4.1.4.Final.jar;D:\myeclipse\Common\plugins\com.genuitec.eclipse.lib.hibernate41_10.5.0.me201207241813\data\4.1\lib\required\hibernate-jpa-2.0-api-1.0.1.Final.jar;D:\myeclipse\Common\plugins\com.genuitec.eclipse.lib.hibernate41_10.5.0.me201207241813\data\4.1\lib\required\javassist-3.15.0-GA.jar;D:\myeclipse\Common\plugins\com.genuitec.eclipse.lib.hibernate41_10.5.0.me201207241813\data\4.1\lib\required\jboss-logging-3.1.0.GA.jar;D:\myeclipse\Common\plugins\com.genuitec.eclipse.lib.hibernate41_10.5.0.me201207241813\data\4.1\lib\required\jboss-transaction-api_1.1_spec-1.0.0.Final.jar;D:\myeclipse\Common\plugins\com.genuitec.eclipse.lib.hibernate41_10.5.0.me201207241813\data\4.1\lib\jpa\hibernate-entitymanager-4.1.4.Final.jar;D:\myeclipse\Common\plugins\org.junit_4.8.2.v4_8_2_v20110321-1705\junit.jar;D:\myeclipse\Common\plugins\org.hamcrest.core_1.1.0.v20090501071000.jar;/D:/myeclipse/MyEclipse 10/configuration/org.eclipse.osgi/bundles/704/1/.cp/;/D:/myeclipse/MyEclipse 10/configuration/org.eclipse.osgi/bundles/702/1/.cp/;/D:/myeclipse/MyEclipse 10/configuration/org.eclipse.osgi/bundles/703/1/.cp/, user.name=Administrator, hibernate.bytecode.use_reflection_optimizer=false, hibernate.show_sql=true, java.vm.specification.version=1.0, sun.arch.data.model=64, java.home=D:\myeclipse\Common\binary\com.sun.java.jdk.win32.x86_64_1.6.0.013\jre, hibernate.dialect=org.hibernate.dialect.SQLServerDialect, hibernate.connection.url=jdbc:sqlserver://localhost:1433;databaseName=userInfo, java.specification.vendor=Sun Microsystems Inc., user.language=zh, awt.toolkit=sun.awt.windows.WToolkit, java.vm.info=mixed mode, java.version=1.6.0_13, java.ext.dirs=D:\myeclipse\Common\binary\com.sun.java.jdk.win32.x86_64_1.6.0.013\jre\lib\ext;C:\Windows\Sun\Java\lib\ext, sun.boot.class.path=D:\myeclipse\Common\binary\com.sun.java.jdk.win32.x86_64_1.6.0.013\jre\lib\resources.jar;D:\myeclipse\Common\binary\com.sun.java.jdk.win32.x86_64_1.6.0.013\jre\lib\rt.jar;D:\myeclipse\Common\binary\com.sun.java.jdk.win32.x86_64_1.6.0.013\jre\lib\sunrsasign.jar;D:\myeclipse\Common\binary\com.sun.java.jdk.win32.x86_64_1.6.0.013\jre\lib\jsse.jar;D:\myeclipse\Common\binary\com.sun.java.jdk.win32.x86_64_1.6.0.013\jre\lib\jce.jar;D:\myeclipse\Common\binary\com.sun.java.jdk.win32.x86_64_1.6.0.013\jre\lib\charsets.jar;D:\myeclipse\Common\binary\com.sun.java.jdk.win32.x86_64_1.6.0.013\jre\classes;D:\myeclipse\Common\plugins\com.genuitec.eclipse.j2eedt.core_10.5.0.me201207171805\data\libraryset\EE_5\javaee.jar;D:\myeclipse\Common\plugins\com.genuitec.eclipse.j2eedt.core_10.5.0.me201207171805\data\libraryset\EE_5\jsf-impl.jar;D:\myeclipse\Common\plugins\com.genuitec.eclipse.j2eedt.core_10.5.0.me201207171805\data\libraryset\EE_5\jsf-api.jar;D:\myeclipse\Common\plugins\com.genuitec.eclipse.j2eedt.core_10.5.0.me201207171805\data\libraryset\EE_5\jstl-1.2.jar, java.vendor=Sun Microsystems Inc., file.separator=\, java.vendor.url.bug=http://java.sun.com/cgi-bin/bugreport.cgi, hibernate.hbm2ddl.auto=update, sun.cpu.endian=little, sun.io.unicode.encoding=UnicodeLittle, sun.desktop=windows, sun.cpu.isalist=amd64}
 org.hibernate.impl.SessionFactoryImpl.<init>(SessionFactoryImpl.java:215)2017-08-08 20:57:18Static SQL for entity: com.xtkj.pojo.User
 org.hibernate.persister.entity.AbstractEntityPersister.logStaticSQL(AbstractEntityPersister.java:2756)2017-08-08 20:57:18 Version select: select TId from user1 where TId =?
 org.hibernate.persister.entity.AbstractEntityPersister.logStaticSQL(AbstractEntityPersister.java:2761)2017-08-08 20:57:18 Snapshot select: select user_.TId, user_.account as account0_, user_.pwd as pwd0_ from user1 user_ where user_.TId=?
 org.hibernate.persister.entity.AbstractEntityPersister.logStaticSQL(AbstractEntityPersister.java:2764)2017-08-08 20:57:18 Insert 0: insert into user1 (account, pwd, TId) values (?, ?, ?)
 org.hibernate.persister.entity.AbstractEntityPersister.logStaticSQL(AbstractEntityPersister.java:2767)2017-08-08 20:57:18 Update 0: update user1 set account=?, pwd=? where TId=?
 org.hibernate.persister.entity.AbstractEntityPersister.logStaticSQL(AbstractEntityPersister.java:2768)2017-08-08 20:57:18 Delete 0: delete from user1 where TId=?
 org.hibernate.persister.entity.AbstractEntityPersister.logStaticSQL(AbstractEntityPersister.java:2769)2017-08-08 20:57:18 Identity insert: insert into user1 (account, pwd) values (?, ?)
 org.hibernate.persister.entity.AbstractEntityPersister.logStaticSQL(AbstractEntityPersister.java:2773)2017-08-08 20:57:18Static select for entity com.xtkj.pojo.User: select user0_.TId as TId0_0_, user0_.account as account0_0_, user0_.pwd as pwd0_0_ from user1 user0_ where user0_.TId=?
 org.hibernate.loader.entity.EntityLoader.<init>(EntityLoader.java:102)2017-08-08 20:57:18Static select for entity com.xtkj.pojo.User: select user0_.TId as TId0_0_, user0_.account as account0_0_, user0_.pwd as pwd0_0_ from user1 user0_ where user0_.TId=?
 org.hibernate.loader.entity.EntityLoader.<init>(EntityLoader.java:102)2017-08-08 20:57:18Static select for entity com.xtkj.pojo.User: select user0_.TId as TId0_0_, user0_.account as account0_0_, user0_.pwd as pwd0_0_ from user1 user0_ with (updlock, rowlock) where user0_.TId=?
 org.hibernate.loader.entity.EntityLoader.<init>(EntityLoader.java:102)2017-08-08 20:57:18Static select for entity com.xtkj.pojo.User: select user0_.TId as TId0_0_, user0_.account as account0_0_, user0_.pwd as pwd0_0_ from user1 user0_ with (updlock, rowlock) where user0_.TId=?
 org.hibernate.loader.entity.EntityLoader.<init>(EntityLoader.java:102)2017-08-08 20:57:18Static select for entity com.xtkj.pojo.User: select user0_.TId as TId0_0_, user0_.account as account0_0_, user0_.pwd as pwd0_0_ from user1 user0_ with (updlock, rowlock) where user0_.TId=?
 org.hibernate.loader.entity.EntityLoader.<init>(EntityLoader.java:102)2017-08-08 20:57:18Static select for action ACTION_MERGE on entity com.xtkj.pojo.User: select user0_.TId as TId0_0_, user0_.account as account0_0_, user0_.pwd as pwd0_0_ from user1 user0_ where user0_.TId=?
 org.hibernate.loader.entity.CascadeEntityLoader.<init>(CascadeEntityLoader.java:57)2017-08-08 20:57:18Static select for action ACTION_REFRESH on entity com.xtkj.pojo.User: select user0_.TId as TId0_0_, user0_.account as account0_0_, user0_.pwd as pwd0_0_ from user1 user0_ where user0_.TId=?
 org.hibernate.loader.entity.CascadeEntityLoader.<init>(CascadeEntityLoader.java:57)2017-08-08 20:57:18initializing class SessionFactoryObjectFactory
 org.hibernate.impl.SessionFactoryObjectFactory.<clinit>(SessionFactoryObjectFactory.java:62)2017-08-08 20:57:18registered: 402882145dc1ebbc015dc1ebbcbd0000 (unnamed)
 org.hibernate.impl.SessionFactoryObjectFactory.addInstance(SessionFactoryObjectFactory.java:99)2017-08-08 20:57:18Not binding factory to JNDI, no JNDI name configured
 org.hibernate.impl.SessionFactoryObjectFactory.addInstance(SessionFactoryObjectFactory.java:105)2017-08-08 20:57:18instantiated session factory
 org.hibernate.impl.SessionFactoryImpl.<init>(SessionFactoryImpl.java:350)2017-08-08 20:57:18Running hbm2ddl schema update
 org.hibernate.tool.hbm2ddl.SchemaUpdate.execute(SchemaUpdate.java:155)2017-08-08 20:57:18fetching database metadata
 org.hibernate.tool.hbm2ddl.SchemaUpdate.execute(SchemaUpdate.java:167)2017-08-08 20:57:18updating schema
 org.hibernate.tool.hbm2ddl.SchemaUpdate.execute(SchemaUpdate.java:179)2017-08-08 20:57:18processing extends queue
 org.hibernate.cfg.Configuration.secondPassCompile(Configuration.java:1167)2017-08-08 20:57:18processing collection mappings
 org.hibernate.cfg.Configuration.secondPassCompile(Configuration.java:1171)2017-08-08 20:57:18processing native query and ResultSetMapping mappings
 org.hibernate.cfg.Configuration.secondPassCompile(Configuration.java:1182)2017-08-08 20:57:18processing association property references
 org.hibernate.cfg.Configuration.secondPassCompile(Configuration.java:1190)2017-08-08 20:57:18processing foreign key constraints
 org.hibernate.cfg.Configuration.secondPassCompile(Configuration.java:1212)2017-08-08 20:57:18table found: userInfo.dbo.user1
 org.hibernate.tool.hbm2ddl.TableMetadata.<init>(TableMetadata.java:65)2017-08-08 20:57:18columns: [pwd, account, tid]
 org.hibernate.tool.hbm2ddl.TableMetadata.<init>(TableMetadata.java:66)2017-08-08 20:57:18foreign keys: []
 org.hibernate.tool.hbm2ddl.TableMetadata.<init>(TableMetadata.java:68)2017-08-08 20:57:18indexes: [pk__user1__c456d749108b795b]
 org.hibernate.tool.hbm2ddl.TableMetadata.<init>(TableMetadata.java:69)2017-08-08 20:57:18schema update complete
 org.hibernate.tool.hbm2ddl.SchemaUpdate.execute(SchemaUpdate.java:217)2017-08-08 20:57:18Checking 0 named HQL queries
 org.hibernate.impl.SessionFactoryImpl.checkNamedQueries(SessionFactoryImpl.java:474)2017-08-08 20:57:18Checking 0 named SQL queries
 org.hibernate.impl.SessionFactoryImpl.checkNamedQueries(SessionFactoryImpl.java:494)2017-08-08 20:57:18opened session at timestamp: 15021970383
 org.hibernate.impl.SessionImpl.<init>(SessionImpl.java:248)2017-08-08 20:57:18begin
 org.hibernate.transaction.JDBCTransaction.begin(JDBCTransaction.java:82)2017-08-08 20:57:18opening JDBC connection
 org.hibernate.jdbc.ConnectionManager.openConnection(ConnectionManager.java:444)2017-08-08 20:57:18current autocommit status: false
 org.hibernate.transaction.JDBCTransaction.begin(JDBCTransaction.java:87)2017-08-08 20:57:18executing identity-insert immediately
 org.hibernate.event.def.AbstractSaveEventListener.performSaveOrReplicate(AbstractSaveEventListener.java:320)2017-08-08 20:57:18about to open PreparedStatement (open PreparedStatements: 0, globally: 0)
 org.hibernate.jdbc.AbstractBatcher.logOpenPreparedStatement(AbstractBatcher.java:410)2017-08-08 20:57:18insert into user1 (account, pwd) values (?, ?)
 org.hibernate.jdbc.util.SQLStatementLogger.logStatement(SQLStatementLogger.java:111)2017-08-08 20:57:18Natively generated identity: 3
 org.hibernate.id.IdentifierGeneratorFactory.getGeneratedIdentity(IdentifierGeneratorFactory.java:95)2017-08-08 20:57:18about to close PreparedStatement (open PreparedStatements: 1, globally: 1)
 org.hibernate.jdbc.AbstractBatcher.logClosePreparedStatement(AbstractBatcher.java:418)2017-08-08 20:57:18commit
 org.hibernate.transaction.JDBCTransaction.commit(JDBCTransaction.java:134)2017-08-08 20:57:18processing flush-time cascades
 org.hibernate.event.def.AbstractFlushingEventListener.prepareEntityFlushes(AbstractFlushingEventListener.java:134)2017-08-08 20:57:18dirty checking collections
 org.hibernate.event.def.AbstractFlushingEventListener.prepareCollectionFlushes(AbstractFlushingEventListener.java:177)2017-08-08 20:57:18Flushed: 0 insertions, 0 updates, 0 deletions to 1 objects
 org.hibernate.event.def.AbstractFlushingEventListener.flushEverythingToExecutions(AbstractFlushingEventListener.java:108)2017-08-08 20:57:18Flushed: 0 (re)creations, 0 updates, 0 removals to 0 collections
 org.hibernate.event.def.AbstractFlushingEventListener.flushEverythingToExecutions(AbstractFlushingEventListener.java:114)2017-08-08 20:57:18listing entities:
 org.hibernate.pretty.Printer.toString(Printer.java:106)2017-08-08 20:57:18com.xtkj.pojo.User{pwd=3333, account=Aily, TId=3}
 org.hibernate.pretty.Printer.toString(Printer.java:113)2017-08-08 20:57:18committed JDBC Connection
 org.hibernate.transaction.JDBCTransaction.commit(JDBCTransaction.java:147)2017-08-08 20:57:18aggressively releasing JDBC connection
 org.hibernate.jdbc.ConnectionManager.aggressiveRelease(ConnectionManager.java:427)2017-08-08 20:57:18releasing JDBC connection [ (open PreparedStatements: 0, globally: 0) (open ResultSets: 0, globally: 0)]
 org.hibernate.jdbc.ConnectionManager.closeConnection(ConnectionManager.java:464)2017-08-08 20:59:39Hibernate 3.3.2.GA
 org.hibernate.cfg.Environment.<clinit>(Environment.java:560)2017-08-08 20:59:39hibernate.properties not found
 org.hibernate.cfg.Environment.<clinit>(Environment.java:593)2017-08-08 20:59:39Bytecode provider name : javassist
 org.hibernate.cfg.Environment.buildBytecodeProvider(Environment.java:771)2017-08-08 20:59:39using JDK 1.4 java.sql.Timestamp handling
 org.hibernate.cfg.Environment.<clinit>(Environment.java:652)2017-08-08 20:59:39configuring from resource: /hibernate.cfg.xml
 org.hibernate.cfg.Configuration.configure(Configuration.java:1474)2017-08-08 20:59:39Configuration resource: /hibernate.cfg.xml
 org.hibernate.cfg.Configuration.getConfigurationInputStream(Configuration.java:1451)2017-08-08 20:59:39trying to resolve system-id [http://hibernate.sourceforge.NET/hibernate-configuration-3.0.dtd]
 org.hibernate.util.DTDEntityResolver.resolveEntity(DTDEntityResolver.java:64)2017-08-08 20:59:40hibernate.dialect=org.hibernate.dialect.SQLServerDialect
 org.hibernate.cfg.Configuration.addProperties(Configuration.java:1435)2017-08-08 20:59:40hibernate.connection.username=sa
 org.hibernate.cfg.Configuration.addProperties(Configuration.java:1435)2017-08-08 20:59:40hibernate.connection.password=caijie
 org.hibernate.cfg.Configuration.addProperties(Configuration.java:1435)2017-08-08 20:59:40hibernate.connection.driver_class=com.microsoft.sqlserver.jdbc.SQLServerDriver
 org.hibernate.cfg.Configuration.addProperties(Configuration.java:1435)2017-08-08 20:59:40hibernate.connection.url=jdbc:sqlserver://localhost:1433;databaseName=userInfo
 org.hibernate.cfg.Configuration.addProperties(Configuration.java:1435)2017-08-08 20:59:40show_sql=true
 org.hibernate.cfg.Configuration.addProperties(Configuration.java:1435)2017-08-08 20:59:40format_sql=true
 org.hibernate.cfg.Configuration.addProperties(Configuration.java:1435)2017-08-08 20:59:40hibernate.hbm2ddl.auto=update
 org.hibernate.cfg.Configuration.addProperties(Configuration.java:1435)2017-08-08 20:59:40null<-org.dom4j.tree.DefaultAttribute@360dc67e [Attribute: name resource value "com/xtkj/pojo/User.hbm.xml"]
 org.hibernate.cfg.Configuration.parseMappingElement(Configuration.java:1634)2017-08-08 20:59:40Reading mappings from resource : com/xtkj/pojo/User.hbm.xml
 org.hibernate.cfg.Configuration.addResource(Configuration.java:600)2017-08-08 20:59:40trying to resolve system-id [http://hibernate.sourceforge.net/hibernate-mapping-3.0.dtd]
 org.hibernate.util.DTDEntityResolver.resolveEntity(DTDEntityResolver.java:64)2017-08-08 20:59:40recognized hibernate namespace; attempting to resolve on classpath under org/hibernate/
 org.hibernate.util.DTDEntityResolver.resolveEntity(DTDEntityResolver.java:66)2017-08-08 20:59:40located [http://hibernate.sourceforge.net/hibernate-mapping-3.0.dtd] in classpath
 org.hibernate.util.DTDEntityResolver.resolveEntity(DTDEntityResolver.java:76)2017-08-08 20:59:40Mapping class: com.xtkj.pojo.User -> user1
 org.hibernate.cfg.HbmBinder.bindRootPersistentClassCommonValues(HbmBinder.java:322)2017-08-08 20:59:40Mapped property: TId -> TId
 org.hibernate.cfg.HbmBinder.bindProperty(HbmBinder.java:1289)2017-08-08 20:59:40Mapped property: account -> account
 org.hibernate.cfg.HbmBinder.bindProperty(HbmBinder.java:1289)2017-08-08 20:59:40Mapped property: pwd -> pwd
 org.hibernate.cfg.HbmBinder.bindProperty(HbmBinder.java:1289)2017-08-08 20:59:40Configured SessionFactory: null
 org.hibernate.cfg.Configuration.doConfigure(Configuration.java:1589)2017-08-08 20:59:40properties: {hibernate.connection.password=caijie, java.runtime.name=Java(TM) SE Runtime Environment, sun.boot.library.path=D:\myeclipse\Common\binary\com.sun.java.jdk.win32.x86_64_1.6.0.013\jre\bin, java.vm.version=11.3-b02, hibernate.connection.username=sa, java.vm.vendor=Sun Microsystems Inc., java.vendor.url=http://java.sun.com/, path.separator=;, java.vm.name=Java HotSpot(TM) 64-Bit Server VM, file.encoding.pkg=sun.io, user.country=CN, sun.java.launcher=SUN_STANDARD, sun.os.patch.level=Service Pack 1, java.vm.specification.name=Java Virtual Machine Specification, user.dir=F:\myeclipse10.7.1workspace\hibernate, java.runtime.version=1.6.0_13-b03, java.awt.graphicsenv=sun.awt.Win32GraphicsEnvironment, java.endorsed.dirs=D:\myeclipse\Common\binary\com.sun.java.jdk.win32.x86_64_1.6.0.013\jre\lib\endorsed, os.arch=amd64, java.io.tmpdir=C:\Windows\TEMP\, line.separator=
, java.vm.specification.vendor=Sun Microsystems Inc., user.variant=, os.name=Windows Vista, sun.jnu.encoding=GBK, java.library.path=D:\myeclipse\Common\binary\com.sun.java.jdk.win32.x86_64_1.6.0.013\bin;.;C:\Windows\Sun\Java\bin;C:\Windows\system32;C:\Windows;C:\ProgramData\Oracle\Java\javapath;C:\Windows\system32;C:\Windows;C:\Windows\System32\Wbem;C:\Windows\System32\WindowsPowerShell\v1.0\;F:\JDK\bin;F:\SQL2008\100\Tools\Binn\;F:\SQLservice\100\Tools\Binn\;F:\SQLservice\100\DTS\Binn\;F:\SQL2008\100\Tools\Binn\VSShell\Common7\IDE\;F:\SQL2008\100\DTS\Binn\;F:\mysql\mysql5.6.31\bin, java.specification.name=Java Platform API Specification, java.class.version=50.0, sun.management.compiler=HotSpot 64-Bit Server Compiler, os.version=6.1, user.home=C:\Users\Administrator, user.timezone=Asia/Shanghai, java.awt.printerjob=sun.awt.windows.WPrinterJob, file.encoding=UTF-8, java.specification.version=1.6, hibernate.format_sql=true, hibernate.connection.driver_class=com.microsoft.sqlserver.jdbc.SQLServerDriver, show_sql=true, user.name=Administrator, java.class.path=F:\myeclipse10.7.1workspace\hibernate\WebRoot\WEB-INF\classes;F:\myeclipse10.7.1workspace\hibernate\WebRoot\WEB-INF\lib\antlr-2.7.6.jar;F:\myeclipse10.7.1workspace\hibernate\WebRoot\WEB-INF\lib\cglib-2.2.jar;F:\myeclipse10.7.1workspace\hibernate\WebRoot\WEB-INF\lib\commons-collections-3.1.jar;F:\myeclipse10.7.1workspace\hibernate\WebRoot\WEB-INF\lib\dom4j-1.6.1.jar;F:\myeclipse10.7.1workspace\hibernate\WebRoot\WEB-INF\lib\ehcache-1.2.3.jar;F:\myeclipse10.7.1workspace\hibernate\WebRoot\WEB-INF\lib\ejb3-persistence.jar;F:\myeclipse10.7.1workspace\hibernate\WebRoot\WEB-INF\lib\hibernate-annotations.jar;F:\myeclipse10.7.1workspace\hibernate\WebRoot\WEB-INF\lib\hibernate-commons-annotations.jar;F:\myeclipse10.7.1workspace\hibernate\WebRoot\WEB-INF\lib\hibernate-entitymanager.jar;F:\myeclipse10.7.1workspace\hibernate\WebRoot\WEB-INF\lib\hibernate-validator.jar;F:\myeclipse10.7.1workspace\hibernate\WebRoot\WEB-INF\lib\hibernate3.jar;F:\myeclipse10.7.1workspace\hibernate\WebRoot\WEB-INF\lib\javassist-3.9.0.GA.jar;F:\myeclipse10.7.1workspace\hibernate\WebRoot\WEB-INF\lib\jta-1.1.jar;F:\myeclipse10.7.1workspace\hibernate\WebRoot\WEB-INF\lib\log4j-1.2.14.jar;F:\myeclipse10.7.1workspace\hibernate\WebRoot\WEB-INF\lib\slf4j-api-1.5.8.jar;F:\myeclipse10.7.1workspace\hibernate\WebRoot\WEB-INF\lib\slf4j-log4j12-1.5.8.jar;F:\myeclipse10.7.1workspace\hibernate\WebRoot\WEB-INF\lib\sqljdbc4.jar;D:\myeclipse\Common\plugins\com.genuitec.eclipse.lib.hibernate41_10.5.0.me201207241813\data\4.1\lib\optional\ehcache\slf4j-api-1.6.1.jar;D:\myeclipse\Common\plugins\com.genuitec.eclipse.lib.hibernate41_10.5.0.me201207241813\data\4.1\lib\required\antlr-2.7.7.jar;D:\myeclipse\Common\plugins\com.genuitec.eclipse.lib.hibernate41_10.5.0.me201207241813\data\4.1\lib\required\dom4j-1.6.1.jar;D:\myeclipse\Common\plugins\com.genuitec.eclipse.lib.hibernate41_10.5.0.me201207241813\data\4.1\lib\required\hibernate-commons-annotations-4.0.1.Final.jar;D:\myeclipse\Common\plugins\com.genuitec.eclipse.lib.hibernate41_10.5.0.me201207241813\data\4.1\lib\required\hibernate-core-4.1.4.Final.jar;D:\myeclipse\Common\plugins\com.genuitec.eclipse.lib.hibernate41_10.5.0.me201207241813\data\4.1\lib\required\hibernate-jpa-2.0-api-1.0.1.Final.jar;D:\myeclipse\Common\plugins\com.genuitec.eclipse.lib.hibernate41_10.5.0.me201207241813\data\4.1\lib\required\javassist-3.15.0-GA.jar;D:\myeclipse\Common\plugins\com.genuitec.eclipse.lib.hibernate41_10.5.0.me201207241813\data\4.1\lib\required\jboss-logging-3.1.0.GA.jar;D:\myeclipse\Common\plugins\com.genuitec.eclipse.lib.hibernate41_10.5.0.me201207241813\data\4.1\lib\required\jboss-transaction-api_1.1_spec-1.0.0.Final.jar;D:\myeclipse\Common\plugins\com.genuitec.eclipse.lib.hibernate41_10.5.0.me201207241813\data\4.1\lib\jpa\hibernate-entitymanager-4.1.4.Final.jar;D:\myeclipse\Common\plugins\org.junit_4.8.2.v4_8_2_v20110321-1705\junit.jar;D:\myeclipse\Common\plugins\org.hamcrest.core_1.1.0.v20090501071000.jar;/D:/myeclipse/MyEclipse 10/configuration/org.eclipse.osgi/bundles/704/1/.cp/;/D:/myeclipse/MyEclipse 10/configuration/org.eclipse.osgi/bundles/702/1/.cp/;/D:/myeclipse/MyEclipse 10/configuration/org.eclipse.osgi/bundles/703/1/.cp/, format_sql=true, hibernate.bytecode.use_reflection_optimizer=false, hibernate.show_sql=true, java.vm.specification.version=1.0, java.home=D:\myeclipse\Common\binary\com.sun.java.jdk.win32.x86_64_1.6.0.013\jre, sun.arch.data.model=64, hibernate.connection.url=jdbc:sqlserver://localhost:1433;databaseName=userInfo, hibernate.dialect=org.hibernate.dialect.SQLServerDialect, user.language=zh, java.specification.vendor=Sun Microsystems Inc., awt.toolkit=sun.awt.windows.WToolkit, java.vm.info=mixed mode, java.version=1.6.0_13, java.ext.dirs=D:\myeclipse\Common\binary\com.sun.java.jdk.win32.x86_64_1.6.0.013\jre\lib\ext;C:\Windows\Sun\Java\lib\ext, sun.boot.class.path=D:\myeclipse\Common\binary\com.sun.java.jdk.win32.x86_64_1.6.0.013\jre\lib\resources.jar;D:\myeclipse\Common\binary\com.sun.java.jdk.win32.x86_64_1.6.0.013\jre\lib\rt.jar;D:\myeclipse\Common\binary\com.sun.java.jdk.win32.x86_64_1.6.0.013\jre\lib\sunrsasign.jar;D:\myeclipse\Common\binary\com.sun.java.jdk.win32.x86_64_1.6.0.013\jre\lib\jsse.jar;D:\myeclipse\Common\binary\com.sun.java.jdk.win32.x86_64_1.6.0.013\jre\lib\jce.jar;D:\myeclipse\Common\binary\com.sun.java.jdk.win32.x86_64_1.6.0.013\jre\lib\charsets.jar;D:\myeclipse\Common\binary\com.sun.java.jdk.win32.x86_64_1.6.0.013\jre\classes;D:\myeclipse\Common\plugins\com.genuitec.eclipse.j2eedt.core_10.5.0.me201207171805\data\libraryset\EE_5\javaee.jar;D:\myeclipse\Common\plugins\com.genuitec.eclipse.j2eedt.core_10.5.0.me201207171805\data\libraryset\EE_5\jsf-impl.jar;D:\myeclipse\Common\plugins\com.genuitec.eclipse.j2eedt.core_10.5.0.me201207171805\data\libraryset\EE_5\jsf-api.jar;D:\myeclipse\Common\plugins\com.genuitec.eclipse.j2eedt.core_10.5.0.me201207171805\data\libraryset\EE_5\jstl-1.2.jar, java.vendor=Sun Microsystems Inc., file.separator=\, hibernate.hbm2ddl.auto=update, java.vendor.url.bug=http://java.sun.com/cgi-bin/bugreport.cgi, sun.io.unicode.encoding=UnicodeLittle, sun.cpu.endian=little, sun.desktop=windows, sun.cpu.isalist=amd64}
 org.hibernate.cfg.Configuration.doConfigure(Configuration.java:1590)2017-08-08 20:59:40Preparing to build session factory with filters : {}
 org.hibernate.cfg.Configuration.buildSessionFactory(Configuration.java:1332)2017-08-08 20:59:40processing extends queue
 org.hibernate.cfg.Configuration.secondPassCompile(Configuration.java:1167)2017-08-08 20:59:40processing collection mappings
 org.hibernate.cfg.Configuration.secondPassCompile(Configuration.java:1171)2017-08-08 20:59:40processing native query and ResultSetMapping mappings
 org.hibernate.cfg.Configuration.secondPassCompile(Configuration.java:1182)2017-08-08 20:59:40processing association property references
 org.hibernate.cfg.Configuration.secondPassCompile(Configuration.java:1190)2017-08-08 20:59:40processing foreign key constraints
 org.hibernate.cfg.Configuration.secondPassCompile(Configuration.java:1212)2017-08-08 20:59:40Using Hibernate built-in connection pool (not for production use!)
 org.hibernate.connection.DriverManagerConnectionProvider.configure(DriverManagerConnectionProvider.java:64)2017-08-08 20:59:40Hibernate connection pool size: 20
 org.hibernate.connection.DriverManagerConnectionProvider.configure(DriverManagerConnectionProvider.java:65)2017-08-08 20:59:40autocommit mode: false
 org.hibernate.connection.DriverManagerConnectionProvider.configure(DriverManagerConnectionProvider.java:68)2017-08-08 20:59:41using driver: com.microsoft.sqlserver.jdbc.SQLServerDriver at URL: jdbc:sqlserver://localhost:1433;databaseName=userInfo
 org.hibernate.connection.DriverManagerConnectionProvider.configure(DriverManagerConnectionProvider.java:103)2017-08-08 20:59:41connection properties: {user=sa, password=caijie}
 org.hibernate.connection.DriverManagerConnectionProvider.configure(DriverManagerConnectionProvider.java:106)2017-08-08 20:59:41opening new JDBC connection
 org.hibernate.connection.DriverManagerConnectionProvider.getConnection(DriverManagerConnectionProvider.java:132)2017-08-08 20:59:41created connection to: jdbc:sqlserver://localhost:1433;databaseName=userInfo, Isolation Level: 2
 org.hibernate.connection.DriverManagerConnectionProvider.getConnection(DriverManagerConnectionProvider.java:138)2017-08-08 20:59:41RDBMS: Microsoft SQL Server, version: 10.00.1600
 org.hibernate.cfg.SettingsFactory.buildSettings(SettingsFactory.java:114)2017-08-08 20:59:41JDBC driver: Microsoft JDBC Driver 4.0 for SQL Server, version: 4.0.2206.100
 org.hibernate.cfg.SettingsFactory.buildSettings(SettingsFactory.java:115)2017-08-08 20:59:41Using dialect: org.hibernate.dialect.SQLServerDialect
 org.hibernate.dialect.Dialect.<init>(Dialect.java:175)2017-08-08 20:59:41Using default transaction strategy (direct JDBC transactions)
 org.hibernate.transaction.TransactionFactoryFactory.buildTransactionFactory(TransactionFactoryFactory.java:59)2017-08-08 20:59:41No TransactionManagerLookup configured (in JTA environment, use of read-write or transactional second-level cache is not recommended)
 org.hibernate.transaction.TransactionManagerLookupFactory.getTransactionManagerLookup(TransactionManagerLookupFactory.java:80)2017-08-08 20:59:41Automatic flush during beforeCompletion(): disabled
 org.hibernate.cfg.SettingsFactory.buildSettings(SettingsFactory.java:161)2017-08-08 20:59:41Automatic session close at end of transaction: disabled
 org.hibernate.cfg.SettingsFactory.buildSettings(SettingsFactory.java:165)2017-08-08 20:59:41Scrollable result sets: enabled
 org.hibernate.cfg.SettingsFactory.buildSettings(SettingsFactory.java:180)2017-08-08 20:59:41Wrap result sets: disabled
 org.hibernate.cfg.SettingsFactory.buildSettings(SettingsFactory.java:184)2017-08-08 20:59:41JDBC3 getGeneratedKeys(): enabled
 org.hibernate.cfg.SettingsFactory.buildSettings(SettingsFactory.java:188)2017-08-08 20:59:41Connection release mode: auto
 org.hibernate.cfg.SettingsFactory.buildSettings(SettingsFactory.java:196)2017-08-08 20:59:41Default batch fetch size: 1
 org.hibernate.cfg.SettingsFactory.buildSettings(SettingsFactory.java:223)2017-08-08 20:59:41Generate SQL with comments: disabled
 org.hibernate.cfg.SettingsFactory.buildSettings(SettingsFactory.java:227)2017-08-08 20:59:41Order SQL updates by primary key: disabled
 org.hibernate.cfg.SettingsFactory.buildSettings(SettingsFactory.java:231)2017-08-08 20:59:41Order SQL inserts for batching: disabled
 org.hibernate.cfg.SettingsFactory.buildSettings(SettingsFactory.java:235)2017-08-08 20:59:41Query translator: org.hibernate.hql.ast.ASTQueryTranslatorFactory
 org.hibernate.cfg.SettingsFactory.createQueryTranslatorFactory(SettingsFactory.java:397)2017-08-08 20:59:41Using ASTQueryTranslatorFactory
 org.hibernate.hql.ast.ASTQueryTranslatorFactory.<init>(ASTQueryTranslatorFactory.java:47)2017-08-08 20:59:41Query language substitutions: {}
 org.hibernate.cfg.SettingsFactory.buildSettings(SettingsFactory.java:243)2017-08-08 20:59:41JPA-QL strict compliance: disabled
 org.hibernate.cfg.SettingsFactory.buildSettings(SettingsFactory.java:248)2017-08-08 20:59:41Second-level cache: enabled
 org.hibernate.cfg.SettingsFactory.buildSettings(SettingsFactory.java:253)2017-08-08 20:59:41Query cache: disabled
 org.hibernate.cfg.SettingsFactory.buildSettings(SettingsFactory.java:257)2017-08-08 20:59:41Cache region factory : org.hibernate.cache.impl.NoCachingRegionFactory
 org.hibernate.cfg.SettingsFactory.createRegionFactory(SettingsFactory.java:382)2017-08-08 20:59:41Optimize cache for minimal puts: disabled
 org.hibernate.cfg.SettingsFactory.buildSettings(SettingsFactory.java:267)2017-08-08 20:59:41Structured second-level cache entries: disabled
 org.hibernate.cfg.SettingsFactory.buildSettings(SettingsFactory.java:276)2017-08-08 20:59:41Echoing all SQL to stdout
 org.hibernate.cfg.SettingsFactory.buildSettings(SettingsFactory.java:296)2017-08-08 20:59:41Statistics: disabled
 org.hibernate.cfg.SettingsFactory.buildSettings(SettingsFactory.java:305)2017-08-08 20:59:41Deleted entity synthetic identifier rollback: disabled
 org.hibernate.cfg.SettingsFactory.buildSettings(SettingsFactory.java:309)2017-08-08 20:59:41Default entity-mode: pojo
 org.hibernate.cfg.SettingsFactory.buildSettings(SettingsFactory.java:324)2017-08-08 20:59:41Named query checking : enabled
 org.hibernate.cfg.SettingsFactory.buildSettings(SettingsFactory.java:328)2017-08-08 20:59:41building session factory
 org.hibernate.impl.SessionFactoryImpl.<init>(SessionFactoryImpl.java:193)2017-08-08 20:59:41Session factory constructed with filter configurations : {}
 org.hibernate.impl.SessionFactoryImpl.<init>(SessionFactoryImpl.java:211)2017-08-08 20:59:41instantiating session factory with properties: {java.runtime.name=Java(TM) SE Runtime Environment, hibernate.connection.password=caijie, sun.boot.library.path=D:\myeclipse\Common\binary\com.sun.java.jdk.win32.x86_64_1.6.0.013\jre\bin, java.vm.version=11.3-b02, hibernate.connection.username=sa, java.vm.vendor=Sun Microsystems Inc., java.vendor.url=http://java.sun.com/, path.separator=;, java.vm.name=Java HotSpot(TM) 64-Bit Server VM, file.encoding.pkg=sun.io, user.country=CN, sun.java.launcher=SUN_STANDARD, sun.os.patch.level=Service Pack 1, java.vm.specification.name=Java Virtual Machine Specification, user.dir=F:\myeclipse10.7.1workspace\hibernate, java.runtime.version=1.6.0_13-b03, java.awt.graphicsenv=sun.awt.Win32GraphicsEnvironment, java.endorsed.dirs=D:\myeclipse\Common\binary\com.sun.java.jdk.win32.x86_64_1.6.0.013\jre\lib\endorsed, os.arch=amd64, java.io.tmpdir=C:\Windows\TEMP\, line.separator=
, java.vm.specification.vendor=Sun Microsystems Inc., user.variant=, os.name=Windows Vista, sun.jnu.encoding=GBK, java.library.path=D:\myeclipse\Common\binary\com.sun.java.jdk.win32.x86_64_1.6.0.013\bin;.;C:\Windows\Sun\Java\bin;C:\Windows\system32;C:\Windows;C:\ProgramData\Oracle\Java\javapath;C:\Windows\system32;C:\Windows;C:\Windows\System32\Wbem;C:\Windows\System32\WindowsPowerShell\v1.0\;F:\JDK\bin;F:\SQL2008\100\Tools\Binn\;F:\SQLservice\100\Tools\Binn\;F:\SQLservice\100\DTS\Binn\;F:\SQL2008\100\Tools\Binn\VSShell\Common7\IDE\;F:\SQL2008\100\DTS\Binn\;F:\mysql\mysql5.6.31\bin, java.specification.name=Java Platform API Specification, java.class.version=50.0, sun.management.compiler=HotSpot 64-Bit Server Compiler, os.version=6.1, user.home=C:\Users\Administrator, user.timezone=Asia/Shanghai, java.awt.printerjob=sun.awt.windows.WPrinterJob, file.encoding=UTF-8, java.specification.version=1.6, hibernate.format_sql=true, hibernate.connection.driver_class=com.microsoft.sqlserver.jdbc.SQLServerDriver, show_sql=true, java.class.path=F:\myeclipse10.7.1workspace\hibernate\WebRoot\WEB-INF\classes;F:\myeclipse10.7.1workspace\hibernate\WebRoot\WEB-INF\lib\antlr-2.7.6.jar;F:\myeclipse10.7.1workspace\hibernate\WebRoot\WEB-INF\lib\cglib-2.2.jar;F:\myeclipse10.7.1workspace\hibernate\WebRoot\WEB-INF\lib\commons-collections-3.1.jar;F:\myeclipse10.7.1workspace\hibernate\WebRoot\WEB-INF\lib\dom4j-1.6.1.jar;F:\myeclipse10.7.1workspace\hibernate\WebRoot\WEB-INF\lib\ehcache-1.2.3.jar;F:\myeclipse10.7.1workspace\hibernate\WebRoot\WEB-INF\lib\ejb3-persistence.jar;F:\myeclipse10.7.1workspace\hibernate\WebRoot\WEB-INF\lib\hibernate-annotations.jar;F:\myeclipse10.7.1workspace\hibernate\WebRoot\WEB-INF\lib\hibernate-commons-annotations.jar;F:\myeclipse10.7.1workspace\hibernate\WebRoot\WEB-INF\lib\hibernate-entitymanager.jar;F:\myeclipse10.7.1workspace\hibernate\WebRoot\WEB-INF\lib\hibernate-validator.jar;F:\myeclipse10.7.1workspace\hibernate\WebRoot\WEB-INF\lib\hibernate3.jar;F:\myeclipse10.7.1workspace\hibernate\WebRoot\WEB-INF\lib\javassist-3.9.0.GA.jar;F:\myeclipse10.7.1workspace\hibernate\WebRoot\WEB-INF\lib\jta-1.1.jar;F:\myeclipse10.7.1workspace\hibernate\WebRoot\WEB-INF\lib\log4j-1.2.14.jar;F:\myeclipse10.7.1workspace\hibernate\WebRoot\WEB-INF\lib\slf4j-api-1.5.8.jar;F:\myeclipse10.7.1workspace\hibernate\WebRoot\WEB-INF\lib\slf4j-log4j12-1.5.8.jar;F:\myeclipse10.7.1workspace\hibernate\WebRoot\WEB-INF\lib\sqljdbc4.jar;D:\myeclipse\Common\plugins\com.genuitec.eclipse.lib.hibernate41_10.5.0.me201207241813\data\4.1\lib\optional\ehcache\slf4j-api-1.6.1.jar;D:\myeclipse\Common\plugins\com.genuitec.eclipse.lib.hibernate41_10.5.0.me201207241813\data\4.1\lib\required\antlr-2.7.7.jar;D:\myeclipse\Common\plugins\com.genuitec.eclipse.lib.hibernate41_10.5.0.me201207241813\data\4.1\lib\required\dom4j-1.6.1.jar;D:\myeclipse\Common\plugins\com.genuitec.eclipse.lib.hibernate41_10.5.0.me201207241813\data\4.1\lib\required\hibernate-commons-annotations-4.0.1.Final.jar;D:\myeclipse\Common\plugins\com.genuitec.eclipse.lib.hibernate41_10.5.0.me201207241813\data\4.1\lib\required\hibernate-core-4.1.4.Final.jar;D:\myeclipse\Common\plugins\com.genuitec.eclipse.lib.hibernate41_10.5.0.me201207241813\data\4.1\lib\required\hibernate-jpa-2.0-api-1.0.1.Final.jar;D:\myeclipse\Common\plugins\com.genuitec.eclipse.lib.hibernate41_10.5.0.me201207241813\data\4.1\lib\required\javassist-3.15.0-GA.jar;D:\myeclipse\Common\plugins\com.genuitec.eclipse.lib.hibernate41_10.5.0.me201207241813\data\4.1\lib\required\jboss-logging-3.1.0.GA.jar;D:\myeclipse\Common\plugins\com.genuitec.eclipse.lib.hibernate41_10.5.0.me201207241813\data\4.1\lib\required\jboss-transaction-api_1.1_spec-1.0.0.Final.jar;D:\myeclipse\Common\plugins\com.genuitec.eclipse.lib.hibernate41_10.5.0.me201207241813\data\4.1\lib\jpa\hibernate-entitymanager-4.1.4.Final.jar;D:\myeclipse\Common\plugins\org.junit_4.8.2.v4_8_2_v20110321-1705\junit.jar;D:\myeclipse\Common\plugins\org.hamcrest.core_1.1.0.v20090501071000.jar;/D:/myeclipse/MyEclipse 10/configuration/org.eclipse.osgi/bundles/704/1/.cp/;/D:/myeclipse/MyEclipse 10/configuration/org.eclipse.osgi/bundles/702/1/.cp/;/D:/myeclipse/MyEclipse 10/configuration/org.eclipse.osgi/bundles/703/1/.cp/, user.name=Administrator, hibernate.bytecode.use_reflection_optimizer=false, format_sql=true, hibernate.show_sql=true, java.vm.specification.version=1.0, sun.arch.data.model=64, java.home=D:\myeclipse\Common\binary\com.sun.java.jdk.win32.x86_64_1.6.0.013\jre, hibernate.dialect=org.hibernate.dialect.SQLServerDialect, hibernate.connection.url=jdbc:sqlserver://localhost:1433;databaseName=userInfo, java.specification.vendor=Sun Microsystems Inc., user.language=zh, awt.toolkit=sun.awt.windows.WToolkit, java.vm.info=mixed mode, java.version=1.6.0_13, java.ext.dirs=D:\myeclipse\Common\binary\com.sun.java.jdk.win32.x86_64_1.6.0.013\jre\lib\ext;C:\Windows\Sun\Java\lib\ext, sun.boot.class.path=D:\myeclipse\Common\binary\com.sun.java.jdk.win32.x86_64_1.6.0.013\jre\lib\resources.jar;D:\myeclipse\Common\binary\com.sun.java.jdk.win32.x86_64_1.6.0.013\jre\lib\rt.jar;D:\myeclipse\Common\binary\com.sun.java.jdk.win32.x86_64_1.6.0.013\jre\lib\sunrsasign.jar;D:\myeclipse\Common\binary\com.sun.java.jdk.win32.x86_64_1.6.0.013\jre\lib\jsse.jar;D:\myeclipse\Common\binary\com.sun.java.jdk.win32.x86_64_1.6.0.013\jre\lib\jce.jar;D:\myeclipse\Common\binary\com.sun.java.jdk.win32.x86_64_1.6.0.013\jre\lib\charsets.jar;D:\myeclipse\Common\binary\com.sun.java.jdk.win32.x86_64_1.6.0.013\jre\classes;D:\myeclipse\Common\plugins\com.genuitec.eclipse.j2eedt.core_10.5.0.me201207171805\data\libraryset\EE_5\javaee.jar;D:\myeclipse\Common\plugins\com.genuitec.eclipse.j2eedt.core_10.5.0.me201207171805\data\libraryset\EE_5\jsf-impl.jar;D:\myeclipse\Common\plugins\com.genuitec.eclipse.j2eedt.core_10.5.0.me201207171805\data\libraryset\EE_5\jsf-api.jar;D:\myeclipse\Common\plugins\com.genuitec.eclipse.j2eedt.core_10.5.0.me201207171805\data\libraryset\EE_5\jstl-1.2.jar, java.vendor=Sun Microsystems Inc., file.separator=\, java.vendor.url.bug=http://java.sun.com/cgi-bin/bugreport.cgi, hibernate.hbm2ddl.auto=update, sun.cpu.endian=little, sun.io.unicode.encoding=UnicodeLittle, sun.desktop=windows, sun.cpu.isalist=amd64}
 org.hibernate.impl.SessionFactoryImpl.<init>(SessionFactoryImpl.java:215)2017-08-08 20:59:41Static SQL for entity: com.xtkj.pojo.User
 org.hibernate.persister.entity.AbstractEntityPersister.logStaticSQL(AbstractEntityPersister.java:2756)2017-08-08 20:59:41 Version select: select TId from user1 where TId =?
 org.hibernate.persister.entity.AbstractEntityPersister.logStaticSQL(AbstractEntityPersister.java:2761)2017-08-08 20:59:41 Snapshot select: select user_.TId, user_.account as account0_, user_.pwd as pwd0_ from user1 user_ where user_.TId=?
 org.hibernate.persister.entity.AbstractEntityPersister.logStaticSQL(AbstractEntityPersister.java:2764)2017-08-08 20:59:41 Insert 0: insert into user1 (account, pwd, TId) values (?, ?, ?)
 org.hibernate.persister.entity.AbstractEntityPersister.logStaticSQL(AbstractEntityPersister.java:2767)2017-08-08 20:59:41 Update 0: update user1 set account=?, pwd=? where TId=?
 org.hibernate.persister.entity.AbstractEntityPersister.logStaticSQL(AbstractEntityPersister.java:2768)2017-08-08 20:59:41 Delete 0: delete from user1 where TId=?
 org.hibernate.persister.entity.AbstractEntityPersister.logStaticSQL(AbstractEntityPersister.java:2769)2017-08-08 20:59:41 Identity insert: insert into user1 (account, pwd) values (?, ?)
 org.hibernate.persister.entity.AbstractEntityPersister.logStaticSQL(AbstractEntityPersister.java:2773)2017-08-08 20:59:41Static select for entity com.xtkj.pojo.User: select user0_.TId as TId0_0_, user0_.account as account0_0_, user0_.pwd as pwd0_0_ from user1 user0_ where user0_.TId=?
 org.hibernate.loader.entity.EntityLoader.<init>(EntityLoader.java:102)2017-08-08 20:59:41Static select for entity com.xtkj.pojo.User: select user0_.TId as TId0_0_, user0_.account as account0_0_, user0_.pwd as pwd0_0_ from user1 user0_ where user0_.TId=?
 org.hibernate.loader.entity.EntityLoader.<init>(EntityLoader.java:102)2017-08-08 20:59:41Static select for entity com.xtkj.pojo.User: select user0_.TId as TId0_0_, user0_.account as account0_0_, user0_.pwd as pwd0_0_ from user1 user0_ with (updlock, rowlock) where user0_.TId=?
 org.hibernate.loader.entity.EntityLoader.<init>(EntityLoader.java:102)2017-08-08 20:59:41Static select for entity com.xtkj.pojo.User: select user0_.TId as TId0_0_, user0_.account as account0_0_, user0_.pwd as pwd0_0_ from user1 user0_ with (updlock, rowlock) where user0_.TId=?
 org.hibernate.loader.entity.EntityLoader.<init>(EntityLoader.java:102)2017-08-08 20:59:41Static select for entity com.xtkj.pojo.User: select user0_.TId as TId0_0_, user0_.account as account0_0_, user0_.pwd as pwd0_0_ from user1 user0_ with (updlock, rowlock) where user0_.TId=?
 org.hibernate.loader.entity.EntityLoader.<init>(EntityLoader.java:102)2017-08-08 20:59:41Static select for action ACTION_MERGE on entity com.xtkj.pojo.User: select user0_.TId as TId0_0_, user0_.account as account0_0_, user0_.pwd as pwd0_0_ from user1 user0_ where user0_.TId=?
 org.hibernate.loader.entity.CascadeEntityLoader.<init>(CascadeEntityLoader.java:57)2017-08-08 20:59:41Static select for action ACTION_REFRESH on entity com.xtkj.pojo.User: select user0_.TId as TId0_0_, user0_.account as account0_0_, user0_.pwd as pwd0_0_ from user1 user0_ where user0_.TId=?
 org.hibernate.loader.entity.CascadeEntityLoader.<init>(CascadeEntityLoader.java:57)2017-08-08 20:59:41initializing class SessionFactoryObjectFactory
 org.hibernate.impl.SessionFactoryObjectFactory.<clinit>(SessionFactoryObjectFactory.java:62)2017-08-08 20:59:41registered: 402882145dc1edeb015dc1edec670000 (unnamed)
 org.hibernate.impl.SessionFactoryObjectFactory.addInstance(SessionFactoryObjectFactory.java:99)2017-08-08 20:59:41Not binding factory to JNDI, no JNDI name configured
 org.hibernate.impl.SessionFactoryObjectFactory.addInstance(SessionFactoryObjectFactory.java:105)2017-08-08 20:59:41instantiated session factory
 org.hibernate.impl.SessionFactoryImpl.<init>(SessionFactoryImpl.java:350)2017-08-08 20:59:41Running hbm2ddl schema update
 org.hibernate.tool.hbm2ddl.SchemaUpdate.execute(SchemaUpdate.java:155)2017-08-08 20:59:41fetching database metadata
 org.hibernate.tool.hbm2ddl.SchemaUpdate.execute(SchemaUpdate.java:167)2017-08-08 20:59:41updating schema
 org.hibernate.tool.hbm2ddl.SchemaUpdate.execute(SchemaUpdate.java:179)2017-08-08 20:59:41processing extends queue
 org.hibernate.cfg.Configuration.secondPassCompile(Configuration.java:1167)2017-08-08 20:59:41processing collection mappings
 org.hibernate.cfg.Configuration.secondPassCompile(Configuration.java:1171)2017-08-08 20:59:41processing native query and ResultSetMapping mappings
 org.hibernate.cfg.Configuration.secondPassCompile(Configuration.java:1182)2017-08-08 20:59:41processing association property references
 org.hibernate.cfg.Configuration.secondPassCompile(Configuration.java:1190)2017-08-08 20:59:41processing foreign key constraints
 org.hibernate.cfg.Configuration.secondPassCompile(Configuration.java:1212)2017-08-08 20:59:41table found: userInfo.dbo.user1
 org.hibernate.tool.hbm2ddl.TableMetadata.<init>(TableMetadata.java:65)2017-08-08 20:59:41columns: [pwd, account, tid]
 org.hibernate.tool.hbm2ddl.TableMetadata.<init>(TableMetadata.java:66)2017-08-08 20:59:41foreign keys: []
 org.hibernate.tool.hbm2ddl.TableMetadata.<init>(TableMetadata.java:68)2017-08-08 20:59:41indexes: [pk__user1__c456d749108b795b]
 org.hibernate.tool.hbm2ddl.TableMetadata.<init>(TableMetadata.java:69)2017-08-08 20:59:41schema update complete
 org.hibernate.tool.hbm2ddl.SchemaUpdate.execute(SchemaUpdate.java:217)2017-08-08 20:59:41Checking 0 named HQL queries
 org.hibernate.impl.SessionFactoryImpl.checkNamedQueries(SessionFactoryImpl.java:474)2017-08-08 20:59:41Checking 0 named SQL queries
 org.hibernate.impl.SessionFactoryImpl.checkNamedQueries(SessionFactoryImpl.java:494)2017-08-08 20:59:41opened session at timestamp: 15021971816
 org.hibernate.impl.SessionImpl.<init>(SessionImpl.java:248)2017-08-08 20:59:41begin
 org.hibernate.transaction.JDBCTransaction.begin(JDBCTransaction.java:82)2017-08-08 20:59:41opening JDBC connection
 org.hibernate.jdbc.ConnectionManager.openConnection(ConnectionManager.java:444)2017-08-08 20:59:41current autocommit status: false
 org.hibernate.transaction.JDBCTransaction.begin(JDBCTransaction.java:87)2017-08-08 20:59:41executing identity-insert immediately
 org.hibernate.event.def.AbstractSaveEventListener.performSaveOrReplicate(AbstractSaveEventListener.java:320)2017-08-08 20:59:41about to open PreparedStatement (open PreparedStatements: 0, globally: 0)
 org.hibernate.jdbc.AbstractBatcher.logOpenPreparedStatement(AbstractBatcher.java:410)2017-08-08 20:59:41
    insert 
    into
        user1
        (account, pwd) 
    values
        (?, ?)
 org.hibernate.jdbc.util.SQLStatementLogger.logStatement(SQLStatementLogger.java:111)2017-08-08 20:59:41Natively generated identity: 4
 org.hibernate.id.IdentifierGeneratorFactory.getGeneratedIdentity(IdentifierGeneratorFactory.java:95)2017-08-08 20:59:41about to close PreparedStatement (open PreparedStatements: 1, globally: 1)
 org.hibernate.jdbc.AbstractBatcher.logClosePreparedStatement(AbstractBatcher.java:418)2017-08-08 20:59:41commit
 org.hibernate.transaction.JDBCTransaction.commit(JDBCTransaction.java:134)2017-08-08 20:59:41processing flush-time cascades
 org.hibernate.event.def.AbstractFlushingEventListener.prepareEntityFlushes(AbstractFlushingEventListener.java:134)2017-08-08 20:59:41dirty checking collections
 org.hibernate.event.def.AbstractFlushingEventListener.prepareCollectionFlushes(AbstractFlushingEventListener.java:177)2017-08-08 20:59:41Flushed: 0 insertions, 0 updates, 0 deletions to 1 objects
 org.hibernate.event.def.AbstractFlushingEventListener.flushEverythingToExecutions(AbstractFlushingEventListener.java:108)2017-08-08 20:59:41Flushed: 0 (re)creations, 0 updates, 0 removals to 0 collections
 org.hibernate.event.def.AbstractFlushingEventListener.flushEverythingToExecutions(AbstractFlushingEventListener.java:114)2017-08-08 20:59:41listing entities:
 org.hibernate.pretty.Printer.toString(Printer.java:106)2017-08-08 20:59:41com.xtkj.pojo.User{pwd=4444, account=junk, TId=4}
 org.hibernate.pretty.Printer.toString(Printer.java:113)2017-08-08 20:59:41committed JDBC Connection
 org.hibernate.transaction.JDBCTransaction.commit(JDBCTransaction.java:147)2017-08-08 20:59:41aggressively releasing JDBC connection
 org.hibernate.jdbc.ConnectionManager.aggressiveRelease(ConnectionManager.java:427)2017-08-08 20:59:41releasing JDBC connection [ (open PreparedStatements: 0, globally: 0) (open ResultSets: 0, globally: 0)]
 org.hibernate.jdbc.ConnectionManager.closeConnection(ConnectionManager.java:464)2017-08-08 21:00:17Hibernate 3.3.2.GA
 org.hibernate.cfg.Environment.<clinit>(Environment.java:560)2017-08-08 21:00:17hibernate.properties not found
 org.hibernate.cfg.Environment.<clinit>(Environment.java:593)2017-08-08 21:00:17Bytecode provider name : javassist
 org.hibernate.cfg.Environment.buildBytecodeProvider(Environment.java:771)2017-08-08 21:00:17using JDK 1.4 java.sql.Timestamp handling
 org.hibernate.cfg.Environment.<clinit>(Environment.java:652)2017-08-08 21:00:17configuring from resource: /hibernate.cfg.xml
 org.hibernate.cfg.Configuration.configure(Configuration.java:1474)2017-08-08 21:00:17Configuration resource: /hibernate.cfg.xml
 org.hibernate.cfg.Configuration.getConfigurationInputStream(Configuration.java:1451)2017-08-08 21:00:17trying to resolve system-id [http://hibernate.sourceforge.NET/hibernate-configuration-3.0.dtd]
 org.hibernate.util.DTDEntityResolver.resolveEntity(DTDEntityResolver.java:64)2017-08-08 21:00:19Error parsing XML: /hibernate.cfg.xml(43) The content of element type "session-factory" must match "(property*,mapping*,(class-cache|collection-cache)*,event*,listener*)".
 org.hibernate.util.XMLHelper$ErrorLogger.error(XMLHelper.java:81)2017-08-08 21:01:37Hibernate 3.3.2.GA
 org.hibernate.cfg.Environment.<clinit>(Environment.java:560)2017-08-08 21:01:37hibernate.properties not found
 org.hibernate.cfg.Environment.<clinit>(Environment.java:593)2017-08-08 21:01:37Bytecode provider name : javassist
 org.hibernate.cfg.Environment.buildBytecodeProvider(Environment.java:771)2017-08-08 21:01:37using JDK 1.4 java.sql.Timestamp handling
 org.hibernate.cfg.Environment.<clinit>(Environment.java:652)2017-08-08 21:01:37configuring from resource: /hibernate.cfg.xml
 org.hibernate.cfg.Configuration.configure(Configuration.java:1474)2017-08-08 21:01:37Configuration resource: /hibernate.cfg.xml
 org.hibernate.cfg.Configuration.getConfigurationInputStream(Configuration.java:1451)2017-08-08 21:01:37trying to resolve system-id [http://hibernate.sourceforge.NET/hibernate-configuration-3.0.dtd]
 org.hibernate.util.DTDEntityResolver.resolveEntity(DTDEntityResolver.java:64)2017-08-08 21:01:38hibernate.dialect=org.hibernate.dialect.SQLServerDialect
 org.hibernate.cfg.Configuration.addProperties(Configuration.java:1435)2017-08-08 21:01:38hibernate.connection.username=sa
 org.hibernate.cfg.Configuration.addProperties(Configuration.java:1435)2017-08-08 21:01:38hibernate.connection.password=caijie
 org.hibernate.cfg.Configuration.addProperties(Configuration.java:1435)2017-08-08 21:01:38hibernate.connection.driver_class=com.microsoft.sqlserver.jdbc.SQLServerDriver
 org.hibernate.cfg.Configuration.addProperties(Configuration.java:1435)2017-08-08 21:01:38hibernate.connection.url=jdbc:sqlserver://localhost:1433;databaseName=userInfo
 org.hibernate.cfg.Configuration.addProperties(Configuration.java:1435)2017-08-08 21:01:38show_sql=true
 org.hibernate.cfg.Configuration.addProperties(Configuration.java:1435)2017-08-08 21:01:38hibernate.hbm2ddl.auto=update
 org.hibernate.cfg.Configuration.addProperties(Configuration.java:1435)2017-08-08 21:01:38null<-org.dom4j.tree.DefaultAttribute@6f649b44 [Attribute: name resource value "com/xtkj/pojo/User.hbm.xml"]
 org.hibernate.cfg.Configuration.parseMappingElement(Configuration.java:1634)2017-08-08 21:01:38Reading mappings from resource : com/xtkj/pojo/User.hbm.xml
 org.hibernate.cfg.Configuration.addResource(Configuration.java:600)2017-08-08 21:01:38trying to resolve system-id [http://hibernate.sourceforge.net/hibernate-mapping-3.0.dtd]
 org.hibernate.util.DTDEntityResolver.resolveEntity(DTDEntityResolver.java:64)2017-08-08 21:01:38recognized hibernate namespace; attempting to resolve on classpath under org/hibernate/
 org.hibernate.util.DTDEntityResolver.resolveEntity(DTDEntityResolver.java:66)2017-08-08 21:01:38located [http://hibernate.sourceforge.net/hibernate-mapping-3.0.dtd] in classpath
 org.hibernate.util.DTDEntityResolver.resolveEntity(DTDEntityResolver.java:76)2017-08-08 21:01:38Mapping class: com.xtkj.pojo.User -> user1
 org.hibernate.cfg.HbmBinder.bindRootPersistentClassCommonValues(HbmBinder.java:322)2017-08-08 21:01:38Mapped property: TId -> TId
 org.hibernate.cfg.HbmBinder.bindProperty(HbmBinder.java:1289)2017-08-08 21:01:38Mapped property: account -> account
 org.hibernate.cfg.HbmBinder.bindProperty(HbmBinder.java:1289)2017-08-08 21:01:38Mapped property: pwd -> pwd
 org.hibernate.cfg.HbmBinder.bindProperty(HbmBinder.java:1289)2017-08-08 21:01:38Configured SessionFactory: null
 org.hibernate.cfg.Configuration.doConfigure(Configuration.java:1589)2017-08-08 21:01:38properties: {hibernate.connection.password=caijie, java.runtime.name=Java(TM) SE Runtime Environment, sun.boot.library.path=D:\myeclipse\Common\binary\com.sun.java.jdk.win32.x86_64_1.6.0.013\jre\bin, java.vm.version=11.3-b02, hibernate.connection.username=sa, java.vm.vendor=Sun Microsystems Inc., java.vendor.url=http://java.sun.com/, path.separator=;, java.vm.name=Java HotSpot(TM) 64-Bit Server VM, file.encoding.pkg=sun.io, user.country=CN, sun.java.launcher=SUN_STANDARD, sun.os.patch.level=Service Pack 1, java.vm.specification.name=Java Virtual Machine Specification, user.dir=F:\myeclipse10.7.1workspace\hibernate, java.runtime.version=1.6.0_13-b03, java.awt.graphicsenv=sun.awt.Win32GraphicsEnvironment, java.endorsed.dirs=D:\myeclipse\Common\binary\com.sun.java.jdk.win32.x86_64_1.6.0.013\jre\lib\endorsed, os.arch=amd64, java.io.tmpdir=C:\Windows\TEMP\, line.separator=
, java.vm.specification.vendor=Sun Microsystems Inc., user.variant=, os.name=Windows Vista, sun.jnu.encoding=GBK, java.library.path=D:\myeclipse\Common\binary\com.sun.java.jdk.win32.x86_64_1.6.0.013\bin;.;C:\Windows\Sun\Java\bin;C:\Windows\system32;C:\Windows;C:\ProgramData\Oracle\Java\javapath;C:\Windows\system32;C:\Windows;C:\Windows\System32\Wbem;C:\Windows\System32\WindowsPowerShell\v1.0\;F:\JDK\bin;F:\SQL2008\100\Tools\Binn\;F:\SQLservice\100\Tools\Binn\;F:\SQLservice\100\DTS\Binn\;F:\SQL2008\100\Tools\Binn\VSShell\Common7\IDE\;F:\SQL2008\100\DTS\Binn\;F:\mysql\mysql5.6.31\bin, java.specification.name=Java Platform API Specification, java.class.version=50.0, sun.management.compiler=HotSpot 64-Bit Server Compiler, os.version=6.1, user.home=C:\Users\Administrator, user.timezone=Asia/Shanghai, java.awt.printerjob=sun.awt.windows.WPrinterJob, file.encoding=UTF-8, java.specification.version=1.6, hibernate.connection.driver_class=com.microsoft.sqlserver.jdbc.SQLServerDriver, show_sql=true, user.name=Administrator, java.class.path=F:\myeclipse10.7.1workspace\hibernate\WebRoot\WEB-INF\classes;F:\myeclipse10.7.1workspace\hibernate\WebRoot\WEB-INF\lib\antlr-2.7.6.jar;F:\myeclipse10.7.1workspace\hibernate\WebRoot\WEB-INF\lib\cglib-2.2.jar;F:\myeclipse10.7.1workspace\hibernate\WebRoot\WEB-INF\lib\commons-collections-3.1.jar;F:\myeclipse10.7.1workspace\hibernate\WebRoot\WEB-INF\lib\dom4j-1.6.1.jar;F:\myeclipse10.7.1workspace\hibernate\WebRoot\WEB-INF\lib\ehcache-1.2.3.jar;F:\myeclipse10.7.1workspace\hibernate\WebRoot\WEB-INF\lib\ejb3-persistence.jar;F:\myeclipse10.7.1workspace\hibernate\WebRoot\WEB-INF\lib\hibernate-annotations.jar;F:\myeclipse10.7.1workspace\hibernate\WebRoot\WEB-INF\lib\hibernate-commons-annotations.jar;F:\myeclipse10.7.1workspace\hibernate\WebRoot\WEB-INF\lib\hibernate-entitymanager.jar;F:\myeclipse10.7.1workspace\hibernate\WebRoot\WEB-INF\lib\hibernate-validator.jar;F:\myeclipse10.7.1workspace\hibernate\WebRoot\WEB-INF\lib\hibernate3.jar;F:\myeclipse10.7.1workspace\hibernate\WebRoot\WEB-INF\lib\javassist-3.9.0.GA.jar;F:\myeclipse10.7.1workspace\hibernate\WebRoot\WEB-INF\lib\jta-1.1.jar;F:\myeclipse10.7.1workspace\hibernate\WebRoot\WEB-INF\lib\log4j-1.2.14.jar;F:\myeclipse10.7.1workspace\hibernate\WebRoot\WEB-INF\lib\slf4j-api-1.5.8.jar;F:\myeclipse10.7.1workspace\hibernate\WebRoot\WEB-INF\lib\slf4j-log4j12-1.5.8.jar;F:\myeclipse10.7.1workspace\hibernate\WebRoot\WEB-INF\lib\sqljdbc4.jar;D:\myeclipse\Common\plugins\com.genuitec.eclipse.lib.hibernate41_10.5.0.me201207241813\data\4.1\lib\optional\ehcache\slf4j-api-1.6.1.jar;D:\myeclipse\Common\plugins\com.genuitec.eclipse.lib.hibernate41_10.5.0.me201207241813\data\4.1\lib\required\antlr-2.7.7.jar;D:\myeclipse\Common\plugins\com.genuitec.eclipse.lib.hibernate41_10.5.0.me201207241813\data\4.1\lib\required\dom4j-1.6.1.jar;D:\myeclipse\Common\plugins\com.genuitec.eclipse.lib.hibernate41_10.5.0.me201207241813\data\4.1\lib\required\hibernate-commons-annotations-4.0.1.Final.jar;D:\myeclipse\Common\plugins\com.genuitec.eclipse.lib.hibernate41_10.5.0.me201207241813\data\4.1\lib\required\hibernate-core-4.1.4.Final.jar;D:\myeclipse\Common\plugins\com.genuitec.eclipse.lib.hibernate41_10.5.0.me201207241813\data\4.1\lib\required\hibernate-jpa-2.0-api-1.0.1.Final.jar;D:\myeclipse\Common\plugins\com.genuitec.eclipse.lib.hibernate41_10.5.0.me201207241813\data\4.1\lib\required\javassist-3.15.0-GA.jar;D:\myeclipse\Common\plugins\com.genuitec.eclipse.lib.hibernate41_10.5.0.me201207241813\data\4.1\lib\required\jboss-logging-3.1.0.GA.jar;D:\myeclipse\Common\plugins\com.genuitec.eclipse.lib.hibernate41_10.5.0.me201207241813\data\4.1\lib\required\jboss-transaction-api_1.1_spec-1.0.0.Final.jar;D:\myeclipse\Common\plugins\com.genuitec.eclipse.lib.hibernate41_10.5.0.me201207241813\data\4.1\lib\jpa\hibernate-entitymanager-4.1.4.Final.jar;D:\myeclipse\Common\plugins\org.junit_4.8.2.v4_8_2_v20110321-1705\junit.jar;D:\myeclipse\Common\plugins\org.hamcrest.core_1.1.0.v20090501071000.jar;/D:/myeclipse/MyEclipse 10/configuration/org.eclipse.osgi/bundles/704/1/.cp/;/D:/myeclipse/MyEclipse 10/configuration/org.eclipse.osgi/bundles/702/1/.cp/;/D:/myeclipse/MyEclipse 10/configuration/org.eclipse.osgi/bundles/703/1/.cp/, hibernate.bytecode.use_reflection_optimizer=false, hibernate.show_sql=true, java.vm.specification.version=1.0, java.home=D:\myeclipse\Common\binary\com.sun.java.jdk.win32.x86_64_1.6.0.013\jre, sun.arch.data.model=64, hibernate.connection.url=jdbc:sqlserver://localhost:1433;databaseName=userInfo, hibernate.dialect=org.hibernate.dialect.SQLServerDialect, user.language=zh, java.specification.vendor=Sun Microsystems Inc., awt.toolkit=sun.awt.windows.WToolkit, java.vm.info=mixed mode, java.version=1.6.0_13, java.ext.dirs=D:\myeclipse\Common\binary\com.sun.java.jdk.win32.x86_64_1.6.0.013\jre\lib\ext;C:\Windows\Sun\Java\lib\ext, sun.boot.class.path=D:\myeclipse\Common\binary\com.sun.java.jdk.win32.x86_64_1.6.0.013\jre\lib\resources.jar;D:\myeclipse\Common\binary\com.sun.java.jdk.win32.x86_64_1.6.0.013\jre\lib\rt.jar;D:\myeclipse\Common\binary\com.sun.java.jdk.win32.x86_64_1.6.0.013\jre\lib\sunrsasign.jar;D:\myeclipse\Common\binary\com.sun.java.jdk.win32.x86_64_1.6.0.013\jre\lib\jsse.jar;D:\myeclipse\Common\binary\com.sun.java.jdk.win32.x86_64_1.6.0.013\jre\lib\jce.jar;D:\myeclipse\Common\binary\com.sun.java.jdk.win32.x86_64_1.6.0.013\jre\lib\charsets.jar;D:\myeclipse\Common\binary\com.sun.java.jdk.win32.x86_64_1.6.0.013\jre\classes;D:\myeclipse\Common\plugins\com.genuitec.eclipse.j2eedt.core_10.5.0.me201207171805\data\libraryset\EE_5\javaee.jar;D:\myeclipse\Common\plugins\com.genuitec.eclipse.j2eedt.core_10.5.0.me201207171805\data\libraryset\EE_5\jsf-impl.jar;D:\myeclipse\Common\plugins\com.genuitec.eclipse.j2eedt.core_10.5.0.me201207171805\data\libraryset\EE_5\jsf-api.jar;D:\myeclipse\Common\plugins\com.genuitec.eclipse.j2eedt.core_10.5.0.me201207171805\data\libraryset\EE_5\jstl-1.2.jar, java.vendor=Sun Microsystems Inc., file.separator=\, hibernate.hbm2ddl.auto=update, java.vendor.url.bug=http://java.sun.com/cgi-bin/bugreport.cgi, sun.io.unicode.encoding=UnicodeLittle, sun.cpu.endian=little, sun.desktop=windows, sun.cpu.isalist=amd64}
 org.hibernate.cfg.Configuration.doConfigure(Configuration.java:1590)2017-08-08 21:01:38Preparing to build session factory with filters : {}
 org.hibernate.cfg.Configuration.buildSessionFactory(Configuration.java:1332)2017-08-08 21:01:38processing extends queue
 org.hibernate.cfg.Configuration.secondPassCompile(Configuration.java:1167)2017-08-08 21:01:38processing collection mappings
 org.hibernate.cfg.Configuration.secondPassCompile(Configuration.java:1171)2017-08-08 21:01:38processing native query and ResultSetMapping mappings
 org.hibernate.cfg.Configuration.secondPassCompile(Configuration.java:1182)2017-08-08 21:01:38processing association property references
 org.hibernate.cfg.Configuration.secondPassCompile(Configuration.java:1190)2017-08-08 21:01:38processing foreign key constraints
 org.hibernate.cfg.Configuration.secondPassCompile(Configuration.java:1212)2017-08-08 21:01:39Using Hibernate built-in connection pool (not for production use!)
 org.hibernate.connection.DriverManagerConnectionProvider.configure(DriverManagerConnectionProvider.java:64)2017-08-08 21:01:39Hibernate connection pool size: 20
 org.hibernate.connection.DriverManagerConnectionProvider.configure(DriverManagerConnectionProvider.java:65)2017-08-08 21:01:39autocommit mode: false
 org.hibernate.connection.DriverManagerConnectionProvider.configure(DriverManagerConnectionProvider.java:68)2017-08-08 21:01:39using driver: com.microsoft.sqlserver.jdbc.SQLServerDriver at URL: jdbc:sqlserver://localhost:1433;databaseName=userInfo
 org.hibernate.connection.DriverManagerConnectionProvider.configure(DriverManagerConnectionProvider.java:103)2017-08-08 21:01:39connection properties: {user=sa, password=caijie}
 org.hibernate.connection.DriverManagerConnectionProvider.configure(DriverManagerConnectionProvider.java:106)2017-08-08 21:01:39opening new JDBC connection
 org.hibernate.connection.DriverManagerConnectionProvider.getConnection(DriverManagerConnectionProvider.java:132)2017-08-08 21:01:39created connection to: jdbc:sqlserver://localhost:1433;databaseName=userInfo, Isolation Level: 2
 org.hibernate.connection.DriverManagerConnectionProvider.getConnection(DriverManagerConnectionProvider.java:138)2017-08-08 21:01:39RDBMS: Microsoft SQL Server, version: 10.00.1600
 org.hibernate.cfg.SettingsFactory.buildSettings(SettingsFactory.java:114)2017-08-08 21:01:39JDBC driver: Microsoft JDBC Driver 4.0 for SQL Server, version: 4.0.2206.100
 org.hibernate.cfg.SettingsFactory.buildSettings(SettingsFactory.java:115)2017-08-08 21:01:39Using dialect: org.hibernate.dialect.SQLServerDialect
 org.hibernate.dialect.Dialect.<init>(Dialect.java:175)2017-08-08 21:01:39Using default transaction strategy (direct JDBC transactions)
 org.hibernate.transaction.TransactionFactoryFactory.buildTransactionFactory(TransactionFactoryFactory.java:59)2017-08-08 21:01:39No TransactionManagerLookup configured (in JTA environment, use of read-write or transactional second-level cache is not recommended)
 org.hibernate.transaction.TransactionManagerLookupFactory.getTransactionManagerLookup(TransactionManagerLookupFactory.java:80)2017-08-08 21:01:39Automatic flush during beforeCompletion(): disabled
 org.hibernate.cfg.SettingsFactory.buildSettings(SettingsFactory.java:161)2017-08-08 21:01:39Automatic session close at end of transaction: disabled
 org.hibernate.cfg.SettingsFactory.buildSettings(SettingsFactory.java:165)2017-08-08 21:01:39Scrollable result sets: enabled
 org.hibernate.cfg.SettingsFactory.buildSettings(SettingsFactory.java:180)2017-08-08 21:01:39Wrap result sets: disabled
 org.hibernate.cfg.SettingsFactory.buildSettings(SettingsFactory.java:184)2017-08-08 21:01:39JDBC3 getGeneratedKeys(): enabled
 org.hibernate.cfg.SettingsFactory.buildSettings(SettingsFactory.java:188)2017-08-08 21:01:39Connection release mode: auto
 org.hibernate.cfg.SettingsFactory.buildSettings(SettingsFactory.java:196)2017-08-08 21:01:39Default batch fetch size: 1
 org.hibernate.cfg.SettingsFactory.buildSettings(SettingsFactory.java:223)2017-08-08 21:01:39Generate SQL with comments: disabled
 org.hibernate.cfg.SettingsFactory.buildSettings(SettingsFactory.java:227)2017-08-08 21:01:39Order SQL updates by primary key: disabled
 org.hibernate.cfg.SettingsFactory.buildSettings(SettingsFactory.java:231)2017-08-08 21:01:39Order SQL inserts for batching: disabled
 org.hibernate.cfg.SettingsFactory.buildSettings(SettingsFactory.java:235)2017-08-08 21:01:39Query translator: org.hibernate.hql.ast.ASTQueryTranslatorFactory
 org.hibernate.cfg.SettingsFactory.createQueryTranslatorFactory(SettingsFactory.java:397)2017-08-08 21:01:39Using ASTQueryTranslatorFactory
 org.hibernate.hql.ast.ASTQueryTranslatorFactory.<init>(ASTQueryTranslatorFactory.java:47)2017-08-08 21:01:39Query language substitutions: {}
 org.hibernate.cfg.SettingsFactory.buildSettings(SettingsFactory.java:243)2017-08-08 21:01:39JPA-QL strict compliance: disabled
 org.hibernate.cfg.SettingsFactory.buildSettings(SettingsFactory.java:248)2017-08-08 21:01:39Second-level cache: enabled
 org.hibernate.cfg.SettingsFactory.buildSettings(SettingsFactory.java:253)2017-08-08 21:01:39Query cache: disabled
 org.hibernate.cfg.SettingsFactory.buildSettings(SettingsFactory.java:257)2017-08-08 21:01:39Cache region factory : org.hibernate.cache.impl.NoCachingRegionFactory
 org.hibernate.cfg.SettingsFactory.createRegionFactory(SettingsFactory.java:382)2017-08-08 21:01:39Optimize cache for minimal puts: disabled
 org.hibernate.cfg.SettingsFactory.buildSettings(SettingsFactory.java:267)2017-08-08 21:01:39Structured second-level cache entries: disabled
 org.hibernate.cfg.SettingsFactory.buildSettings(SettingsFactory.java:276)2017-08-08 21:01:39Echoing all SQL to stdout
 org.hibernate.cfg.SettingsFactory.buildSettings(SettingsFactory.java:296)2017-08-08 21:01:39Statistics: disabled
 org.hibernate.cfg.SettingsFactory.buildSettings(SettingsFactory.java:305)2017-08-08 21:01:39Deleted entity synthetic identifier rollback: disabled
 org.hibernate.cfg.SettingsFactory.buildSettings(SettingsFactory.java:309)2017-08-08 21:01:39Default entity-mode: pojo
 org.hibernate.cfg.SettingsFactory.buildSettings(SettingsFactory.java:324)2017-08-08 21:01:39Named query checking : enabled
 org.hibernate.cfg.SettingsFactory.buildSettings(SettingsFactory.java:328)2017-08-08 21:01:39building session factory
 org.hibernate.impl.SessionFactoryImpl.<init>(SessionFactoryImpl.java:193)2017-08-08 21:01:39Session factory constructed with filter configurations : {}
 org.hibernate.impl.SessionFactoryImpl.<init>(SessionFactoryImpl.java:211)2017-08-08 21:01:39instantiating session factory with properties: {java.runtime.name=Java(TM) SE Runtime Environment, hibernate.connection.password=caijie, sun.boot.library.path=D:\myeclipse\Common\binary\com.sun.java.jdk.win32.x86_64_1.6.0.013\jre\bin, java.vm.version=11.3-b02, hibernate.connection.username=sa, java.vm.vendor=Sun Microsystems Inc., java.vendor.url=http://java.sun.com/, path.separator=;, java.vm.name=Java HotSpot(TM) 64-Bit Server VM, file.encoding.pkg=sun.io, user.country=CN, sun.java.launcher=SUN_STANDARD, sun.os.patch.level=Service Pack 1, java.vm.specification.name=Java Virtual Machine Specification, user.dir=F:\myeclipse10.7.1workspace\hibernate, java.runtime.version=1.6.0_13-b03, java.awt.graphicsenv=sun.awt.Win32GraphicsEnvironment, java.endorsed.dirs=D:\myeclipse\Common\binary\com.sun.java.jdk.win32.x86_64_1.6.0.013\jre\lib\endorsed, os.arch=amd64, java.io.tmpdir=C:\Windows\TEMP\, line.separator=
, java.vm.specification.vendor=Sun Microsystems Inc., user.variant=, os.name=Windows Vista, sun.jnu.encoding=GBK, java.library.path=D:\myeclipse\Common\binary\com.sun.java.jdk.win32.x86_64_1.6.0.013\bin;.;C:\Windows\Sun\Java\bin;C:\Windows\system32;C:\Windows;C:\ProgramData\Oracle\Java\javapath;C:\Windows\system32;C:\Windows;C:\Windows\System32\Wbem;C:\Windows\System32\WindowsPowerShell\v1.0\;F:\JDK\bin;F:\SQL2008\100\Tools\Binn\;F:\SQLservice\100\Tools\Binn\;F:\SQLservice\100\DTS\Binn\;F:\SQL2008\100\Tools\Binn\VSShell\Common7\IDE\;F:\SQL2008\100\DTS\Binn\;F:\mysql\mysql5.6.31\bin, java.specification.name=Java Platform API Specification, java.class.version=50.0, sun.management.compiler=HotSpot 64-Bit Server Compiler, os.version=6.1, user.home=C:\Users\Administrator, user.timezone=Asia/Shanghai, java.awt.printerjob=sun.awt.windows.WPrinterJob, file.encoding=UTF-8, java.specification.version=1.6, hibernate.connection.driver_class=com.microsoft.sqlserver.jdbc.SQLServerDriver, show_sql=true, java.class.path=F:\myeclipse10.7.1workspace\hibernate\WebRoot\WEB-INF\classes;F:\myeclipse10.7.1workspace\hibernate\WebRoot\WEB-INF\lib\antlr-2.7.6.jar;F:\myeclipse10.7.1workspace\hibernate\WebRoot\WEB-INF\lib\cglib-2.2.jar;F:\myeclipse10.7.1workspace\hibernate\WebRoot\WEB-INF\lib\commons-collections-3.1.jar;F:\myeclipse10.7.1workspace\hibernate\WebRoot\WEB-INF\lib\dom4j-1.6.1.jar;F:\myeclipse10.7.1workspace\hibernate\WebRoot\WEB-INF\lib\ehcache-1.2.3.jar;F:\myeclipse10.7.1workspace\hibernate\WebRoot\WEB-INF\lib\ejb3-persistence.jar;F:\myeclipse10.7.1workspace\hibernate\WebRoot\WEB-INF\lib\hibernate-annotations.jar;F:\myeclipse10.7.1workspace\hibernate\WebRoot\WEB-INF\lib\hibernate-commons-annotations.jar;F:\myeclipse10.7.1workspace\hibernate\WebRoot\WEB-INF\lib\hibernate-entitymanager.jar;F:\myeclipse10.7.1workspace\hibernate\WebRoot\WEB-INF\lib\hibernate-validator.jar;F:\myeclipse10.7.1workspace\hibernate\WebRoot\WEB-INF\lib\hibernate3.jar;F:\myeclipse10.7.1workspace\hibernate\WebRoot\WEB-INF\lib\javassist-3.9.0.GA.jar;F:\myeclipse10.7.1workspace\hibernate\WebRoot\WEB-INF\lib\jta-1.1.jar;F:\myeclipse10.7.1workspace\hibernate\WebRoot\WEB-INF\lib\log4j-1.2.14.jar;F:\myeclipse10.7.1workspace\hibernate\WebRoot\WEB-INF\lib\slf4j-api-1.5.8.jar;F:\myeclipse10.7.1workspace\hibernate\WebRoot\WEB-INF\lib\slf4j-log4j12-1.5.8.jar;F:\myeclipse10.7.1workspace\hibernate\WebRoot\WEB-INF\lib\sqljdbc4.jar;D:\myeclipse\Common\plugins\com.genuitec.eclipse.lib.hibernate41_10.5.0.me201207241813\data\4.1\lib\optional\ehcache\slf4j-api-1.6.1.jar;D:\myeclipse\Common\plugins\com.genuitec.eclipse.lib.hibernate41_10.5.0.me201207241813\data\4.1\lib\required\antlr-2.7.7.jar;D:\myeclipse\Common\plugins\com.genuitec.eclipse.lib.hibernate41_10.5.0.me201207241813\data\4.1\lib\required\dom4j-1.6.1.jar;D:\myeclipse\Common\plugins\com.genuitec.eclipse.lib.hibernate41_10.5.0.me201207241813\data\4.1\lib\required\hibernate-commons-annotations-4.0.1.Final.jar;D:\myeclipse\Common\plugins\com.genuitec.eclipse.lib.hibernate41_10.5.0.me201207241813\data\4.1\lib\required\hibernate-core-4.1.4.Final.jar;D:\myeclipse\Common\plugins\com.genuitec.eclipse.lib.hibernate41_10.5.0.me201207241813\data\4.1\lib\required\hibernate-jpa-2.0-api-1.0.1.Final.jar;D:\myeclipse\Common\plugins\com.genuitec.eclipse.lib.hibernate41_10.5.0.me201207241813\data\4.1\lib\required\javassist-3.15.0-GA.jar;D:\myeclipse\Common\plugins\com.genuitec.eclipse.lib.hibernate41_10.5.0.me201207241813\data\4.1\lib\required\jboss-logging-3.1.0.GA.jar;D:\myeclipse\Common\plugins\com.genuitec.eclipse.lib.hibernate41_10.5.0.me201207241813\data\4.1\lib\required\jboss-transaction-api_1.1_spec-1.0.0.Final.jar;D:\myeclipse\Common\plugins\com.genuitec.eclipse.lib.hibernate41_10.5.0.me201207241813\data\4.1\lib\jpa\hibernate-entitymanager-4.1.4.Final.jar;D:\myeclipse\Common\plugins\org.junit_4.8.2.v4_8_2_v20110321-1705\junit.jar;D:\myeclipse\Common\plugins\org.hamcrest.core_1.1.0.v20090501071000.jar;/D:/myeclipse/MyEclipse 10/configuration/org.eclipse.osgi/bundles/704/1/.cp/;/D:/myeclipse/MyEclipse 10/configuration/org.eclipse.osgi/bundles/702/1/.cp/;/D:/myeclipse/MyEclipse 10/configuration/org.eclipse.osgi/bundles/703/1/.cp/, user.name=Administrator, hibernate.bytecode.use_reflection_optimizer=false, hibernate.show_sql=true, java.vm.specification.version=1.0, sun.arch.data.model=64, java.home=D:\myeclipse\Common\binary\com.sun.java.jdk.win32.x86_64_1.6.0.013\jre, hibernate.dialect=org.hibernate.dialect.SQLServerDialect, hibernate.connection.url=jdbc:sqlserver://localhost:1433;databaseName=userInfo, java.specification.vendor=Sun Microsystems Inc., user.language=zh, awt.toolkit=sun.awt.windows.WToolkit, java.vm.info=mixed mode, java.version=1.6.0_13, java.ext.dirs=D:\myeclipse\Common\binary\com.sun.java.jdk.win32.x86_64_1.6.0.013\jre\lib\ext;C:\Windows\Sun\Java\lib\ext, sun.boot.class.path=D:\myeclipse\Common\binary\com.sun.java.jdk.win32.x86_64_1.6.0.013\jre\lib\resources.jar;D:\myeclipse\Common\binary\com.sun.java.jdk.win32.x86_64_1.6.0.013\jre\lib\rt.jar;D:\myeclipse\Common\binary\com.sun.java.jdk.win32.x86_64_1.6.0.013\jre\lib\sunrsasign.jar;D:\myeclipse\Common\binary\com.sun.java.jdk.win32.x86_64_1.6.0.013\jre\lib\jsse.jar;D:\myeclipse\Common\binary\com.sun.java.jdk.win32.x86_64_1.6.0.013\jre\lib\jce.jar;D:\myeclipse\Common\binary\com.sun.java.jdk.win32.x86_64_1.6.0.013\jre\lib\charsets.jar;D:\myeclipse\Common\binary\com.sun.java.jdk.win32.x86_64_1.6.0.013\jre\classes;D:\myeclipse\Common\plugins\com.genuitec.eclipse.j2eedt.core_10.5.0.me201207171805\data\libraryset\EE_5\javaee.jar;D:\myeclipse\Common\plugins\com.genuitec.eclipse.j2eedt.core_10.5.0.me201207171805\data\libraryset\EE_5\jsf-impl.jar;D:\myeclipse\Common\plugins\com.genuitec.eclipse.j2eedt.core_10.5.0.me201207171805\data\libraryset\EE_5\jsf-api.jar;D:\myeclipse\Common\plugins\com.genuitec.eclipse.j2eedt.core_10.5.0.me201207171805\data\libraryset\EE_5\jstl-1.2.jar, java.vendor=Sun Microsystems Inc., file.separator=\, java.vendor.url.bug=http://java.sun.com/cgi-bin/bugreport.cgi, hibernate.hbm2ddl.auto=update, sun.cpu.endian=little, sun.io.unicode.encoding=UnicodeLittle, sun.desktop=windows, sun.cpu.isalist=amd64}
 org.hibernate.impl.SessionFactoryImpl.<init>(SessionFactoryImpl.java:215)2017-08-08 21:01:39Static SQL for entity: com.xtkj.pojo.User
 org.hibernate.persister.entity.AbstractEntityPersister.logStaticSQL(AbstractEntityPersister.java:2756)2017-08-08 21:01:39 Version select: select TId from user1 where TId =?
 org.hibernate.persister.entity.AbstractEntityPersister.logStaticSQL(AbstractEntityPersister.java:2761)2017-08-08 21:01:39 Snapshot select: select user_.TId, user_.account as account0_, user_.pwd as pwd0_ from user1 user_ where user_.TId=?
 org.hibernate.persister.entity.AbstractEntityPersister.logStaticSQL(AbstractEntityPersister.java:2764)2017-08-08 21:01:39 Insert 0: insert into user1 (account, pwd, TId) values (?, ?, ?)
 org.hibernate.persister.entity.AbstractEntityPersister.logStaticSQL(AbstractEntityPersister.java:2767)2017-08-08 21:01:39 Update 0: update user1 set account=?, pwd=? where TId=?
 org.hibernate.persister.entity.AbstractEntityPersister.logStaticSQL(AbstractEntityPersister.java:2768)2017-08-08 21:01:39 Delete 0: delete from user1 where TId=?
 org.hibernate.persister.entity.AbstractEntityPersister.logStaticSQL(AbstractEntityPersister.java:2769)2017-08-08 21:01:39 Identity insert: insert into user1 (account, pwd) values (?, ?)
 org.hibernate.persister.entity.AbstractEntityPersister.logStaticSQL(AbstractEntityPersister.java:2773)2017-08-08 21:01:39Static select for entity com.xtkj.pojo.User: select user0_.TId as TId0_0_, user0_.account as account0_0_, user0_.pwd as pwd0_0_ from user1 user0_ where user0_.TId=?
 org.hibernate.loader.entity.EntityLoader.<init>(EntityLoader.java:102)2017-08-08 21:01:39Static select for entity com.xtkj.pojo.User: select user0_.TId as TId0_0_, user0_.account as account0_0_, user0_.pwd as pwd0_0_ from user1 user0_ where user0_.TId=?
 org.hibernate.loader.entity.EntityLoader.<init>(EntityLoader.java:102)2017-08-08 21:01:39Static select for entity com.xtkj.pojo.User: select user0_.TId as TId0_0_, user0_.account as account0_0_, user0_.pwd as pwd0_0_ from user1 user0_ with (updlock, rowlock) where user0_.TId=?
 org.hibernate.loader.entity.EntityLoader.<init>(EntityLoader.java:102)2017-08-08 21:01:39Static select for entity com.xtkj.pojo.User: select user0_.TId as TId0_0_, user0_.account as account0_0_, user0_.pwd as pwd0_0_ from user1 user0_ with (updlock, rowlock) where user0_.TId=?
 org.hibernate.loader.entity.EntityLoader.<init>(EntityLoader.java:102)2017-08-08 21:01:39Static select for entity com.xtkj.pojo.User: select user0_.TId as TId0_0_, user0_.account as account0_0_, user0_.pwd as pwd0_0_ from user1 user0_ with (updlock, rowlock) where user0_.TId=?
 org.hibernate.loader.entity.EntityLoader.<init>(EntityLoader.java:102)2017-08-08 21:01:39Static select for action ACTION_MERGE on entity com.xtkj.pojo.User: select user0_.TId as TId0_0_, user0_.account as account0_0_, user0_.pwd as pwd0_0_ from user1 user0_ where user0_.TId=?
 org.hibernate.loader.entity.CascadeEntityLoader.<init>(CascadeEntityLoader.java:57)2017-08-08 21:01:39Static select for action ACTION_REFRESH on entity com.xtkj.pojo.User: select user0_.TId as TId0_0_, user0_.account as account0_0_, user0_.pwd as pwd0_0_ from user1 user0_ where user0_.TId=?
 org.hibernate.loader.entity.CascadeEntityLoader.<init>(CascadeEntityLoader.java:57)2017-08-08 21:01:39initializing class SessionFactoryObjectFactory
 org.hibernate.impl.SessionFactoryObjectFactory.<clinit>(SessionFactoryObjectFactory.java:62)2017-08-08 21:01:39registered: 402882145dc1efb8015dc1efb9710000 (unnamed)
 org.hibernate.impl.SessionFactoryObjectFactory.addInstance(SessionFactoryObjectFactory.java:99)2017-08-08 21:01:39Not binding factory to JNDI, no JNDI name configured
 org.hibernate.impl.SessionFactoryObjectFactory.addInstance(SessionFactoryObjectFactory.java:105)2017-08-08 21:01:39instantiated session factory
 org.hibernate.impl.SessionFactoryImpl.<init>(SessionFactoryImpl.java:350)2017-08-08 21:01:39Running hbm2ddl schema update
 org.hibernate.tool.hbm2ddl.SchemaUpdate.execute(SchemaUpdate.java:155)2017-08-08 21:01:39fetching database metadata
 org.hibernate.tool.hbm2ddl.SchemaUpdate.execute(SchemaUpdate.java:167)2017-08-08 21:01:39updating schema
 org.hibernate.tool.hbm2ddl.SchemaUpdate.execute(SchemaUpdate.java:179)2017-08-08 21:01:39processing extends queue
 org.hibernate.cfg.Configuration.secondPassCompile(Configuration.java:1167)2017-08-08 21:01:39processing collection mappings
 org.hibernate.cfg.Configuration.secondPassCompile(Configuration.java:1171)2017-08-08 21:01:39processing native query and ResultSetMapping mappings
 org.hibernate.cfg.Configuration.secondPassCompile(Configuration.java:1182)2017-08-08 21:01:39processing association property references
 org.hibernate.cfg.Configuration.secondPassCompile(Configuration.java:1190)2017-08-08 21:01:39processing foreign key constraints
 org.hibernate.cfg.Configuration.secondPassCompile(Configuration.java:1212)2017-08-08 21:01:39table found: userInfo.dbo.user1
 org.hibernate.tool.hbm2ddl.TableMetadata.<init>(TableMetadata.java:65)2017-08-08 21:01:39columns: [pwd, account, tid]
 org.hibernate.tool.hbm2ddl.TableMetadata.<init>(TableMetadata.java:66)2017-08-08 21:01:39foreign keys: []
 org.hibernate.tool.hbm2ddl.TableMetadata.<init>(TableMetadata.java:68)2017-08-08 21:01:39indexes: [pk__user1__c456d749108b795b]
 org.hibernate.tool.hbm2ddl.TableMetadata.<init>(TableMetadata.java:69)2017-08-08 21:01:39schema update complete
 org.hibernate.tool.hbm2ddl.SchemaUpdate.execute(SchemaUpdate.java:217)2017-08-08 21:01:39Checking 0 named HQL queries
 org.hibernate.impl.SessionFactoryImpl.checkNamedQueries(SessionFactoryImpl.java:474)2017-08-08 21:01:39Checking 0 named SQL queries
 org.hibernate.impl.SessionFactoryImpl.checkNamedQueries(SessionFactoryImpl.java:494)2017-08-08 21:01:39opened session at timestamp: 15021972996
 org.hibernate.impl.SessionImpl.<init>(SessionImpl.java:248)2017-08-08 21:01:39begin
 org.hibernate.transaction.JDBCTransaction.begin(JDBCTransaction.java:82)2017-08-08 21:01:39opening JDBC connection
 org.hibernate.jdbc.ConnectionManager.openConnection(ConnectionManager.java:444)2017-08-08 21:01:39current autocommit status: false
 org.hibernate.transaction.JDBCTransaction.begin(JDBCTransaction.java:87)2017-08-08 21:01:39executing identity-insert immediately
 org.hibernate.event.def.AbstractSaveEventListener.performSaveOrReplicate(AbstractSaveEventListener.java:320)2017-08-08 21:01:39about to open PreparedStatement (open PreparedStatements: 0, globally: 0)
 org.hibernate.jdbc.AbstractBatcher.logOpenPreparedStatement(AbstractBatcher.java:410)2017-08-08 21:01:39insert into user1 (account, pwd) values (?, ?)
 org.hibernate.jdbc.util.SQLStatementLogger.logStatement(SQLStatementLogger.java:111)2017-08-08 21:01:39Natively generated identity: 5
 org.hibernate.id.IdentifierGeneratorFactory.getGeneratedIdentity(IdentifierGeneratorFactory.java:95)2017-08-08 21:01:39about to close PreparedStatement (open PreparedStatements: 1, globally: 1)
 org.hibernate.jdbc.AbstractBatcher.logClosePreparedStatement(AbstractBatcher.java:418)2017-08-08 21:01:39commit
 org.hibernate.transaction.JDBCTransaction.commit(JDBCTransaction.java:134)2017-08-08 21:01:39processing flush-time cascades
 org.hibernate.event.def.AbstractFlushingEventListener.prepareEntityFlushes(AbstractFlushingEventListener.java:134)2017-08-08 21:01:39dirty checking collections
 org.hibernate.event.def.AbstractFlushingEventListener.prepareCollectionFlushes(AbstractFlushingEventListener.java:177)2017-08-08 21:01:39Flushed: 0 insertions, 0 updates, 0 deletions to 1 objects
 org.hibernate.event.def.AbstractFlushingEventListener.flushEverythingToExecutions(AbstractFlushingEventListener.java:108)2017-08-08 21:01:39Flushed: 0 (re)creations, 0 updates, 0 removals to 0 collections
 org.hibernate.event.def.AbstractFlushingEventListener.flushEverythingToExecutions(AbstractFlushingEventListener.java:114)2017-08-08 21:01:39listing entities:
 org.hibernate.pretty.Printer.toString(Printer.java:106)2017-08-08 21:01:39com.xtkj.pojo.User{pwd=5555, account=dam, TId=5}
 org.hibernate.pretty.Printer.toString(Printer.java:113)2017-08-08 21:01:39committed JDBC Connection
 org.hibernate.transaction.JDBCTransaction.commit(JDBCTransaction.java:147)2017-08-08 21:01:39aggressively releasing JDBC connection
 org.hibernate.jdbc.ConnectionManager.aggressiveRelease(ConnectionManager.java:427)2017-08-08 21:01:39releasing JDBC connection [ (open PreparedStatements: 0, globally: 0) (open ResultSets: 0, globally: 0)]
 org.hibernate.jdbc.ConnectionManager.closeConnection(ConnectionManager.java:464)2017-08-08 21:03:58Hibernate 3.3.2.GA
 org.hibernate.cfg.Environment.<clinit>(Environment.java:560)2017-08-08 21:03:58hibernate.properties not found
 org.hibernate.cfg.Environment.<clinit>(Environment.java:593)2017-08-08 21:03:58Bytecode provider name : javassist
 org.hibernate.cfg.Environment.buildBytecodeProvider(Environment.java:771)2017-08-08 21:03:58using JDK 1.4 java.sql.Timestamp handling
 org.hibernate.cfg.Environment.<clinit>(Environment.java:652)2017-08-08 21:03:58configuring from resource: /hibernate.cfg.xml
 org.hibernate.cfg.Configuration.configure(Configuration.java:1474)2017-08-08 21:03:58Configuration resource: /hibernate.cfg.xml
 org.hibernate.cfg.Configuration.getConfigurationInputStream(Configuration.java:1451)2017-08-08 21:03:58trying to resolve system-id [http://hibernate.sourceforge.NET/hibernate-configuration-3.0.dtd]
 org.hibernate.util.DTDEntityResolver.resolveEntity(DTDEntityResolver.java:64)2017-08-08 21:04:00hibernate.dialect=org.hibernate.dialect.SQLServerDialect
 org.hibernate.cfg.Configuration.addProperties(Configuration.java:1435)2017-08-08 21:04:00hibernate.connection.username=sa
 org.hibernate.cfg.Configuration.addProperties(Configuration.java:1435)2017-08-08 21:04:00hibernate.connection.password=caijie
 org.hibernate.cfg.Configuration.addProperties(Configuration.java:1435)2017-08-08 21:04:00hibernate.connection.driver_class=com.microsoft.sqlserver.jdbc.SQLServerDriver
 org.hibernate.cfg.Configuration.addProperties(Configuration.java:1435)2017-08-08 21:04:00hibernate.connection.url=jdbc:sqlserver://localhost:1433;databaseName=userInfo
 org.hibernate.cfg.Configuration.addProperties(Configuration.java:1435)2017-08-08 21:04:00hibernate.hbm2ddl.auto=update
 org.hibernate.cfg.Configuration.addProperties(Configuration.java:1435)2017-08-08 21:04:00show_sql=true
 org.hibernate.cfg.Configuration.addProperties(Configuration.java:1435)2017-08-08 21:04:00format_sql=true
 org.hibernate.cfg.Configuration.addProperties(Configuration.java:1435)2017-08-08 21:04:00null<-org.dom4j.tree.DefaultAttribute@6f649b44 [Attribute: name resource value "com/xtkj/pojo/User.hbm.xml"]
 org.hibernate.cfg.Configuration.parseMappingElement(Configuration.java:1634)2017-08-08 21:04:00Reading mappings from resource : com/xtkj/pojo/User.hbm.xml
 org.hibernate.cfg.Configuration.addResource(Configuration.java:600)2017-08-08 21:04:00trying to resolve system-id [http://hibernate.sourceforge.net/hibernate-mapping-3.0.dtd]
 org.hibernate.util.DTDEntityResolver.resolveEntity(DTDEntityResolver.java:64)2017-08-08 21:04:00recognized hibernate namespace; attempting to resolve on classpath under org/hibernate/
 org.hibernate.util.DTDEntityResolver.resolveEntity(DTDEntityResolver.java:66)2017-08-08 21:04:00located [http://hibernate.sourceforge.net/hibernate-mapping-3.0.dtd] in classpath
 org.hibernate.util.DTDEntityResolver.resolveEntity(DTDEntityResolver.java:76)2017-08-08 21:04:00Mapping class: com.xtkj.pojo.User -> user1
 org.hibernate.cfg.HbmBinder.bindRootPersistentClassCommonValues(HbmBinder.java:322)2017-08-08 21:04:00Mapped property: TId -> TId
 org.hibernate.cfg.HbmBinder.bindProperty(HbmBinder.java:1289)2017-08-08 21:04:00Mapped property: account -> account
 org.hibernate.cfg.HbmBinder.bindProperty(HbmBinder.java:1289)2017-08-08 21:04:00Mapped property: pwd -> pwd
 org.hibernate.cfg.HbmBinder.bindProperty(HbmBinder.java:1289)2017-08-08 21:04:00Configured SessionFactory: null
 org.hibernate.cfg.Configuration.doConfigure(Configuration.java:1589)2017-08-08 21:04:00properties: {hibernate.connection.password=caijie, java.runtime.name=Java(TM) SE Runtime Environment, sun.boot.library.path=D:\myeclipse\Common\binary\com.sun.java.jdk.win32.x86_64_1.6.0.013\jre\bin, java.vm.version=11.3-b02, hibernate.connection.username=sa, java.vm.vendor=Sun Microsystems Inc., java.vendor.url=http://java.sun.com/, path.separator=;, java.vm.name=Java HotSpot(TM) 64-Bit Server VM, file.encoding.pkg=sun.io, user.country=CN, sun.java.launcher=SUN_STANDARD, sun.os.patch.level=Service Pack 1, java.vm.specification.name=Java Virtual Machine Specification, user.dir=F:\myeclipse10.7.1workspace\hibernate, java.runtime.version=1.6.0_13-b03, java.awt.graphicsenv=sun.awt.Win32GraphicsEnvironment, java.endorsed.dirs=D:\myeclipse\Common\binary\com.sun.java.jdk.win32.x86_64_1.6.0.013\jre\lib\endorsed, os.arch=amd64, java.io.tmpdir=C:\Windows\TEMP\, line.separator=
, java.vm.specification.vendor=Sun Microsystems Inc., user.variant=, os.name=Windows Vista, sun.jnu.encoding=GBK, java.library.path=D:\myeclipse\Common\binary\com.sun.java.jdk.win32.x86_64_1.6.0.013\bin;.;C:\Windows\Sun\Java\bin;C:\Windows\system32;C:\Windows;C:\ProgramData\Oracle\Java\javapath;C:\Windows\system32;C:\Windows;C:\Windows\System32\Wbem;C:\Windows\System32\WindowsPowerShell\v1.0\;F:\JDK\bin;F:\SQL2008\100\Tools\Binn\;F:\SQLservice\100\Tools\Binn\;F:\SQLservice\100\DTS\Binn\;F:\SQL2008\100\Tools\Binn\VSShell\Common7\IDE\;F:\SQL2008\100\DTS\Binn\;F:\mysql\mysql5.6.31\bin, java.specification.name=Java Platform API Specification, java.class.version=50.0, sun.management.compiler=HotSpot 64-Bit Server Compiler, os.version=6.1, user.home=C:\Users\Administrator, user.timezone=Asia/Shanghai, java.awt.printerjob=sun.awt.windows.WPrinterJob, file.encoding=UTF-8, java.specification.version=1.6, hibernate.format_sql=true, hibernate.connection.driver_class=com.microsoft.sqlserver.jdbc.SQLServerDriver, show_sql=true, user.name=Administrator, java.class.path=F:\myeclipse10.7.1workspace\hibernate\WebRoot\WEB-INF\classes;F:\myeclipse10.7.1workspace\hibernate\WebRoot\WEB-INF\lib\antlr-2.7.6.jar;F:\myeclipse10.7.1workspace\hibernate\WebRoot\WEB-INF\lib\cglib-2.2.jar;F:\myeclipse10.7.1workspace\hibernate\WebRoot\WEB-INF\lib\commons-collections-3.1.jar;F:\myeclipse10.7.1workspace\hibernate\WebRoot\WEB-INF\lib\dom4j-1.6.1.jar;F:\myeclipse10.7.1workspace\hibernate\WebRoot\WEB-INF\lib\ehcache-1.2.3.jar;F:\myeclipse10.7.1workspace\hibernate\WebRoot\WEB-INF\lib\ejb3-persistence.jar;F:\myeclipse10.7.1workspace\hibernate\WebRoot\WEB-INF\lib\hibernate-annotations.jar;F:\myeclipse10.7.1workspace\hibernate\WebRoot\WEB-INF\lib\hibernate-commons-annotations.jar;F:\myeclipse10.7.1workspace\hibernate\WebRoot\WEB-INF\lib\hibernate-entitymanager.jar;F:\myeclipse10.7.1workspace\hibernate\WebRoot\WEB-INF\lib\hibernate-validator.jar;F:\myeclipse10.7.1workspace\hibernate\WebRoot\WEB-INF\lib\hibernate3.jar;F:\myeclipse10.7.1workspace\hibernate\WebRoot\WEB-INF\lib\javassist-3.9.0.GA.jar;F:\myeclipse10.7.1workspace\hibernate\WebRoot\WEB-INF\lib\jta-1.1.jar;F:\myeclipse10.7.1workspace\hibernate\WebRoot\WEB-INF\lib\log4j-1.2.14.jar;F:\myeclipse10.7.1workspace\hibernate\WebRoot\WEB-INF\lib\slf4j-api-1.5.8.jar;F:\myeclipse10.7.1workspace\hibernate\WebRoot\WEB-INF\lib\slf4j-log4j12-1.5.8.jar;F:\myeclipse10.7.1workspace\hibernate\WebRoot\WEB-INF\lib\sqljdbc4.jar;D:\myeclipse\Common\plugins\com.genuitec.eclipse.lib.hibernate41_10.5.0.me201207241813\data\4.1\lib\optional\ehcache\slf4j-api-1.6.1.jar;D:\myeclipse\Common\plugins\com.genuitec.eclipse.lib.hibernate41_10.5.0.me201207241813\data\4.1\lib\required\antlr-2.7.7.jar;D:\myeclipse\Common\plugins\com.genuitec.eclipse.lib.hibernate41_10.5.0.me201207241813\data\4.1\lib\required\dom4j-1.6.1.jar;D:\myeclipse\Common\plugins\com.genuitec.eclipse.lib.hibernate41_10.5.0.me201207241813\data\4.1\lib\required\hibernate-commons-annotations-4.0.1.Final.jar;D:\myeclipse\Common\plugins\com.genuitec.eclipse.lib.hibernate41_10.5.0.me201207241813\data\4.1\lib\required\hibernate-core-4.1.4.Final.jar;D:\myeclipse\Common\plugins\com.genuitec.eclipse.lib.hibernate41_10.5.0.me201207241813\data\4.1\lib\required\hibernate-jpa-2.0-api-1.0.1.Final.jar;D:\myeclipse\Common\plugins\com.genuitec.eclipse.lib.hibernate41_10.5.0.me201207241813\data\4.1\lib\required\javassist-3.15.0-GA.jar;D:\myeclipse\Common\plugins\com.genuitec.eclipse.lib.hibernate41_10.5.0.me201207241813\data\4.1\lib\required\jboss-logging-3.1.0.GA.jar;D:\myeclipse\Common\plugins\com.genuitec.eclipse.lib.hibernate41_10.5.0.me201207241813\data\4.1\lib\required\jboss-transaction-api_1.1_spec-1.0.0.Final.jar;D:\myeclipse\Common\plugins\com.genuitec.eclipse.lib.hibernate41_10.5.0.me201207241813\data\4.1\lib\jpa\hibernate-entitymanager-4.1.4.Final.jar;D:\myeclipse\Common\plugins\org.junit_4.8.2.v4_8_2_v20110321-1705\junit.jar;D:\myeclipse\Common\plugins\org.hamcrest.core_1.1.0.v20090501071000.jar;/D:/myeclipse/MyEclipse 10/configuration/org.eclipse.osgi/bundles/704/1/.cp/;/D:/myeclipse/MyEclipse 10/configuration/org.eclipse.osgi/bundles/702/1/.cp/;/D:/myeclipse/MyEclipse 10/configuration/org.eclipse.osgi/bundles/703/1/.cp/, format_sql=true, hibernate.bytecode.use_reflection_optimizer=false, hibernate.show_sql=true, java.vm.specification.version=1.0, java.home=D:\myeclipse\Common\binary\com.sun.java.jdk.win32.x86_64_1.6.0.013\jre, sun.arch.data.model=64, hibernate.connection.url=jdbc:sqlserver://localhost:1433;databaseName=userInfo, hibernate.dialect=org.hibernate.dialect.SQLServerDialect, user.language=zh, java.specification.vendor=Sun Microsystems Inc., awt.toolkit=sun.awt.windows.WToolkit, java.vm.info=mixed mode, java.version=1.6.0_13, java.ext.dirs=D:\myeclipse\Common\binary\com.sun.java.jdk.win32.x86_64_1.6.0.013\jre\lib\ext;C:\Windows\Sun\Java\lib\ext, sun.boot.class.path=D:\myeclipse\Common\binary\com.sun.java.jdk.win32.x86_64_1.6.0.013\jre\lib\resources.jar;D:\myeclipse\Common\binary\com.sun.java.jdk.win32.x86_64_1.6.0.013\jre\lib\rt.jar;D:\myeclipse\Common\binary\com.sun.java.jdk.win32.x86_64_1.6.0.013\jre\lib\sunrsasign.jar;D:\myeclipse\Common\binary\com.sun.java.jdk.win32.x86_64_1.6.0.013\jre\lib\jsse.jar;D:\myeclipse\Common\binary\com.sun.java.jdk.win32.x86_64_1.6.0.013\jre\lib\jce.jar;D:\myeclipse\Common\binary\com.sun.java.jdk.win32.x86_64_1.6.0.013\jre\lib\charsets.jar;D:\myeclipse\Common\binary\com.sun.java.jdk.win32.x86_64_1.6.0.013\jre\classes;D:\myeclipse\Common\plugins\com.genuitec.eclipse.j2eedt.core_10.5.0.me201207171805\data\libraryset\EE_5\javaee.jar;D:\myeclipse\Common\plugins\com.genuitec.eclipse.j2eedt.core_10.5.0.me201207171805\data\libraryset\EE_5\jsf-impl.jar;D:\myeclipse\Common\plugins\com.genuitec.eclipse.j2eedt.core_10.5.0.me201207171805\data\libraryset\EE_5\jsf-api.jar;D:\myeclipse\Common\plugins\com.genuitec.eclipse.j2eedt.core_10.5.0.me201207171805\data\libraryset\EE_5\jstl-1.2.jar, java.vendor=Sun Microsystems Inc., file.separator=\, hibernate.hbm2ddl.auto=update, java.vendor.url.bug=http://java.sun.com/cgi-bin/bugreport.cgi, sun.io.unicode.encoding=UnicodeLittle, sun.cpu.endian=little, sun.desktop=windows, sun.cpu.isalist=amd64}
 org.hibernate.cfg.Configuration.doConfigure(Configuration.java:1590)2017-08-08 21:04:00Preparing to build session factory with filters : {}
 org.hibernate.cfg.Configuration.buildSessionFactory(Configuration.java:1332)2017-08-08 21:04:00processing extends queue
 org.hibernate.cfg.Configuration.secondPassCompile(Configuration.java:1167)2017-08-08 21:04:00processing collection mappings
 org.hibernate.cfg.Configuration.secondPassCompile(Configuration.java:1171)2017-08-08 21:04:00processing native query and ResultSetMapping mappings
 org.hibernate.cfg.Configuration.secondPassCompile(Configuration.java:1182)2017-08-08 21:04:00processing association property references
 org.hibernate.cfg.Configuration.secondPassCompile(Configuration.java:1190)2017-08-08 21:04:00processing foreign key constraints
 org.hibernate.cfg.Configuration.secondPassCompile(Configuration.java:1212)2017-08-08 21:04:00Using Hibernate built-in connection pool (not for production use!)
 org.hibernate.connection.DriverManagerConnectionProvider.configure(DriverManagerConnectionProvider.java:64)2017-08-08 21:04:00Hibernate connection pool size: 20
 org.hibernate.connection.DriverManagerConnectionProvider.configure(DriverManagerConnectionProvider.java:65)2017-08-08 21:04:00autocommit mode: false
 org.hibernate.connection.DriverManagerConnectionProvider.configure(DriverManagerConnectionProvider.java:68)2017-08-08 21:04:00using driver: com.microsoft.sqlserver.jdbc.SQLServerDriver at URL: jdbc:sqlserver://localhost:1433;databaseName=userInfo
 org.hibernate.connection.DriverManagerConnectionProvider.configure(DriverManagerConnectionProvider.java:103)2017-08-08 21:04:00connection properties: {user=sa, password=caijie}
 org.hibernate.connection.DriverManagerConnectionProvider.configure(DriverManagerConnectionProvider.java:106)2017-08-08 21:04:00opening new JDBC connection
 org.hibernate.connection.DriverManagerConnectionProvider.getConnection(DriverManagerConnectionProvider.java:132)2017-08-08 21:04:00created connection to: jdbc:sqlserver://localhost:1433;databaseName=userInfo, Isolation Level: 2
 org.hibernate.connection.DriverManagerConnectionProvider.getConnection(DriverManagerConnectionProvider.java:138)2017-08-08 21:04:00RDBMS: Microsoft SQL Server, version: 10.00.1600
 org.hibernate.cfg.SettingsFactory.buildSettings(SettingsFactory.java:114)2017-08-08 21:04:00JDBC driver: Microsoft JDBC Driver 4.0 for SQL Server, version: 4.0.2206.100
 org.hibernate.cfg.SettingsFactory.buildSettings(SettingsFactory.java:115)2017-08-08 21:04:00Using dialect: org.hibernate.dialect.SQLServerDialect
 org.hibernate.dialect.Dialect.<init>(Dialect.java:175)2017-08-08 21:04:00Using default transaction strategy (direct JDBC transactions)
 org.hibernate.transaction.TransactionFactoryFactory.buildTransactionFactory(TransactionFactoryFactory.java:59)2017-08-08 21:04:00No TransactionManagerLookup configured (in JTA environment, use of read-write or transactional second-level cache is not recommended)
 org.hibernate.transaction.TransactionManagerLookupFactory.getTransactionManagerLookup(TransactionManagerLookupFactory.java:80)2017-08-08 21:04:00Automatic flush during beforeCompletion(): disabled
 org.hibernate.cfg.SettingsFactory.buildSettings(SettingsFactory.java:161)2017-08-08 21:04:00Automatic session close at end of transaction: disabled
 org.hibernate.cfg.SettingsFactory.buildSettings(SettingsFactory.java:165)2017-08-08 21:04:00Scrollable result sets: enabled
 org.hibernate.cfg.SettingsFactory.buildSettings(SettingsFactory.java:180)2017-08-08 21:04:00Wrap result sets: disabled
 org.hibernate.cfg.SettingsFactory.buildSettings(SettingsFactory.java:184)2017-08-08 21:04:00JDBC3 getGeneratedKeys(): enabled
 org.hibernate.cfg.SettingsFactory.buildSettings(SettingsFactory.java:188)2017-08-08 21:04:00Connection release mode: auto
 org.hibernate.cfg.SettingsFactory.buildSettings(SettingsFactory.java:196)2017-08-08 21:04:00Default batch fetch size: 1
 org.hibernate.cfg.SettingsFactory.buildSettings(SettingsFactory.java:223)2017-08-08 21:04:00Generate SQL with comments: disabled
 org.hibernate.cfg.SettingsFactory.buildSettings(SettingsFactory.java:227)2017-08-08 21:04:00Order SQL updates by primary key: disabled
 org.hibernate.cfg.SettingsFactory.buildSettings(SettingsFactory.java:231)2017-08-08 21:04:00Order SQL inserts for batching: disabled
 org.hibernate.cfg.SettingsFactory.buildSettings(SettingsFactory.java:235)2017-08-08 21:04:00Query translator: org.hibernate.hql.ast.ASTQueryTranslatorFactory
 org.hibernate.cfg.SettingsFactory.createQueryTranslatorFactory(SettingsFactory.java:397)2017-08-08 21:04:00Using ASTQueryTranslatorFactory
 org.hibernate.hql.ast.ASTQueryTranslatorFactory.<init>(ASTQueryTranslatorFactory.java:47)2017-08-08 21:04:00Query language substitutions: {}
 org.hibernate.cfg.SettingsFactory.buildSettings(SettingsFactory.java:243)2017-08-08 21:04:00JPA-QL strict compliance: disabled
 org.hibernate.cfg.SettingsFactory.buildSettings(SettingsFactory.java:248)2017-08-08 21:04:00Second-level cache: enabled
 org.hibernate.cfg.SettingsFactory.buildSettings(SettingsFactory.java:253)2017-08-08 21:04:00Query cache: disabled
 org.hibernate.cfg.SettingsFactory.buildSettings(SettingsFactory.java:257)2017-08-08 21:04:00Cache region factory : org.hibernate.cache.impl.NoCachingRegionFactory
 org.hibernate.cfg.SettingsFactory.createRegionFactory(SettingsFactory.java:382)2017-08-08 21:04:00Optimize cache for minimal puts: disabled
 org.hibernate.cfg.SettingsFactory.buildSettings(SettingsFactory.java:267)2017-08-08 21:04:00Structured second-level cache entries: disabled
 org.hibernate.cfg.SettingsFactory.buildSettings(SettingsFactory.java:276)2017-08-08 21:04:00Echoing all SQL to stdout
 org.hibernate.cfg.SettingsFactory.buildSettings(SettingsFactory.java:296)2017-08-08 21:04:00Statistics: disabled
 org.hibernate.cfg.SettingsFactory.buildSettings(SettingsFactory.java:305)2017-08-08 21:04:00Deleted entity synthetic identifier rollback: disabled
 org.hibernate.cfg.SettingsFactory.buildSettings(SettingsFactory.java:309)2017-08-08 21:04:00Default entity-mode: pojo
 org.hibernate.cfg.SettingsFactory.buildSettings(SettingsFactory.java:324)2017-08-08 21:04:00Named query checking : enabled
 org.hibernate.cfg.SettingsFactory.buildSettings(SettingsFactory.java:328)2017-08-08 21:04:00building session factory
 org.hibernate.impl.SessionFactoryImpl.<init>(SessionFactoryImpl.java:193)2017-08-08 21:04:00Session factory constructed with filter configurations : {}
 org.hibernate.impl.SessionFactoryImpl.<init>(SessionFactoryImpl.java:211)2017-08-08 21:04:00instantiating session factory with properties: {java.runtime.name=Java(TM) SE Runtime Environment, hibernate.connection.password=caijie, sun.boot.library.path=D:\myeclipse\Common\binary\com.sun.java.jdk.win32.x86_64_1.6.0.013\jre\bin, java.vm.version=11.3-b02, hibernate.connection.username=sa, java.vm.vendor=Sun Microsystems Inc., java.vendor.url=http://java.sun.com/, path.separator=;, java.vm.name=Java HotSpot(TM) 64-Bit Server VM, file.encoding.pkg=sun.io, user.country=CN, sun.java.launcher=SUN_STANDARD, sun.os.patch.level=Service Pack 1, java.vm.specification.name=Java Virtual Machine Specification, user.dir=F:\myeclipse10.7.1workspace\hibernate, java.runtime.version=1.6.0_13-b03, java.awt.graphicsenv=sun.awt.Win32GraphicsEnvironment, java.endorsed.dirs=D:\myeclipse\Common\binary\com.sun.java.jdk.win32.x86_64_1.6.0.013\jre\lib\endorsed, os.arch=amd64, java.io.tmpdir=C:\Windows\TEMP\, line.separator=
, java.vm.specification.vendor=Sun Microsystems Inc., user.variant=, os.name=Windows Vista, sun.jnu.encoding=GBK, java.library.path=D:\myeclipse\Common\binary\com.sun.java.jdk.win32.x86_64_1.6.0.013\bin;.;C:\Windows\Sun\Java\bin;C:\Windows\system32;C:\Windows;C:\ProgramData\Oracle\Java\javapath;C:\Windows\system32;C:\Windows;C:\Windows\System32\Wbem;C:\Windows\System32\WindowsPowerShell\v1.0\;F:\JDK\bin;F:\SQL2008\100\Tools\Binn\;F:\SQLservice\100\Tools\Binn\;F:\SQLservice\100\DTS\Binn\;F:\SQL2008\100\Tools\Binn\VSShell\Common7\IDE\;F:\SQL2008\100\DTS\Binn\;F:\mysql\mysql5.6.31\bin, java.specification.name=Java Platform API Specification, java.class.version=50.0, sun.management.compiler=HotSpot 64-Bit Server Compiler, os.version=6.1, user.home=C:\Users\Administrator, user.timezone=Asia/Shanghai, java.awt.printerjob=sun.awt.windows.WPrinterJob, file.encoding=UTF-8, java.specification.version=1.6, hibernate.format_sql=true, hibernate.connection.driver_class=com.microsoft.sqlserver.jdbc.SQLServerDriver, show_sql=true, java.class.path=F:\myeclipse10.7.1workspace\hibernate\WebRoot\WEB-INF\classes;F:\myeclipse10.7.1workspace\hibernate\WebRoot\WEB-INF\lib\antlr-2.7.6.jar;F:\myeclipse10.7.1workspace\hibernate\WebRoot\WEB-INF\lib\cglib-2.2.jar;F:\myeclipse10.7.1workspace\hibernate\WebRoot\WEB-INF\lib\commons-collections-3.1.jar;F:\myeclipse10.7.1workspace\hibernate\WebRoot\WEB-INF\lib\dom4j-1.6.1.jar;F:\myeclipse10.7.1workspace\hibernate\WebRoot\WEB-INF\lib\ehcache-1.2.3.jar;F:\myeclipse10.7.1workspace\hibernate\WebRoot\WEB-INF\lib\ejb3-persistence.jar;F:\myeclipse10.7.1workspace\hibernate\WebRoot\WEB-INF\lib\hibernate-annotations.jar;F:\myeclipse10.7.1workspace\hibernate\WebRoot\WEB-INF\lib\hibernate-commons-annotations.jar;F:\myeclipse10.7.1workspace\hibernate\WebRoot\WEB-INF\lib\hibernate-entitymanager.jar;F:\myeclipse10.7.1workspace\hibernate\WebRoot\WEB-INF\lib\hibernate-validator.jar;F:\myeclipse10.7.1workspace\hibernate\WebRoot\WEB-INF\lib\hibernate3.jar;F:\myeclipse10.7.1workspace\hibernate\WebRoot\WEB-INF\lib\javassist-3.9.0.GA.jar;F:\myeclipse10.7.1workspace\hibernate\WebRoot\WEB-INF\lib\jta-1.1.jar;F:\myeclipse10.7.1workspace\hibernate\WebRoot\WEB-INF\lib\log4j-1.2.14.jar;F:\myeclipse10.7.1workspace\hibernate\WebRoot\WEB-INF\lib\slf4j-api-1.5.8.jar;F:\myeclipse10.7.1workspace\hibernate\WebRoot\WEB-INF\lib\slf4j-log4j12-1.5.8.jar;F:\myeclipse10.7.1workspace\hibernate\WebRoot\WEB-INF\lib\sqljdbc4.jar;D:\myeclipse\Common\plugins\com.genuitec.eclipse.lib.hibernate41_10.5.0.me201207241813\data\4.1\lib\optional\ehcache\slf4j-api-1.6.1.jar;D:\myeclipse\Common\plugins\com.genuitec.eclipse.lib.hibernate41_10.5.0.me201207241813\data\4.1\lib\required\antlr-2.7.7.jar;D:\myeclipse\Common\plugins\com.genuitec.eclipse.lib.hibernate41_10.5.0.me201207241813\data\4.1\lib\required\dom4j-1.6.1.jar;D:\myeclipse\Common\plugins\com.genuitec.eclipse.lib.hibernate41_10.5.0.me201207241813\data\4.1\lib\required\hibernate-commons-annotations-4.0.1.Final.jar;D:\myeclipse\Common\plugins\com.genuitec.eclipse.lib.hibernate41_10.5.0.me201207241813\data\4.1\lib\required\hibernate-core-4.1.4.Final.jar;D:\myeclipse\Common\plugins\com.genuitec.eclipse.lib.hibernate41_10.5.0.me201207241813\data\4.1\lib\required\hibernate-jpa-2.0-api-1.0.1.Final.jar;D:\myeclipse\Common\plugins\com.genuitec.eclipse.lib.hibernate41_10.5.0.me201207241813\data\4.1\lib\required\javassist-3.15.0-GA.jar;D:\myeclipse\Common\plugins\com.genuitec.eclipse.lib.hibernate41_10.5.0.me201207241813\data\4.1\lib\required\jboss-logging-3.1.0.GA.jar;D:\myeclipse\Common\plugins\com.genuitec.eclipse.lib.hibernate41_10.5.0.me201207241813\data\4.1\lib\required\jboss-transaction-api_1.1_spec-1.0.0.Final.jar;D:\myeclipse\Common\plugins\com.genuitec.eclipse.lib.hibernate41_10.5.0.me201207241813\data\4.1\lib\jpa\hibernate-entitymanager-4.1.4.Final.jar;D:\myeclipse\Common\plugins\org.junit_4.8.2.v4_8_2_v20110321-1705\junit.jar;D:\myeclipse\Common\plugins\org.hamcrest.core_1.1.0.v20090501071000.jar;/D:/myeclipse/MyEclipse 10/configuration/org.eclipse.osgi/bundles/704/1/.cp/;/D:/myeclipse/MyEclipse 10/configuration/org.eclipse.osgi/bundles/702/1/.cp/;/D:/myeclipse/MyEclipse 10/configuration/org.eclipse.osgi/bundles/703/1/.cp/, user.name=Administrator, hibernate.bytecode.use_reflection_optimizer=false, format_sql=true, hibernate.show_sql=true, java.vm.specification.version=1.0, sun.arch.data.model=64, java.home=D:\myeclipse\Common\binary\com.sun.java.jdk.win32.x86_64_1.6.0.013\jre, hibernate.dialect=org.hibernate.dialect.SQLServerDialect, hibernate.connection.url=jdbc:sqlserver://localhost:1433;databaseName=userInfo, java.specification.vendor=Sun Microsystems Inc., user.language=zh, awt.toolkit=sun.awt.windows.WToolkit, java.vm.info=mixed mode, java.version=1.6.0_13, java.ext.dirs=D:\myeclipse\Common\binary\com.sun.java.jdk.win32.x86_64_1.6.0.013\jre\lib\ext;C:\Windows\Sun\Java\lib\ext, sun.boot.class.path=D:\myeclipse\Common\binary\com.sun.java.jdk.win32.x86_64_1.6.0.013\jre\lib\resources.jar;D:\myeclipse\Common\binary\com.sun.java.jdk.win32.x86_64_1.6.0.013\jre\lib\rt.jar;D:\myeclipse\Common\binary\com.sun.java.jdk.win32.x86_64_1.6.0.013\jre\lib\sunrsasign.jar;D:\myeclipse\Common\binary\com.sun.java.jdk.win32.x86_64_1.6.0.013\jre\lib\jsse.jar;D:\myeclipse\Common\binary\com.sun.java.jdk.win32.x86_64_1.6.0.013\jre\lib\jce.jar;D:\myeclipse\Common\binary\com.sun.java.jdk.win32.x86_64_1.6.0.013\jre\lib\charsets.jar;D:\myeclipse\Common\binary\com.sun.java.jdk.win32.x86_64_1.6.0.013\jre\classes;D:\myeclipse\Common\plugins\com.genuitec.eclipse.j2eedt.core_10.5.0.me201207171805\data\libraryset\EE_5\javaee.jar;D:\myeclipse\Common\plugins\com.genuitec.eclipse.j2eedt.core_10.5.0.me201207171805\data\libraryset\EE_5\jsf-impl.jar;D:\myeclipse\Common\plugins\com.genuitec.eclipse.j2eedt.core_10.5.0.me201207171805\data\libraryset\EE_5\jsf-api.jar;D:\myeclipse\Common\plugins\com.genuitec.eclipse.j2eedt.core_10.5.0.me201207171805\data\libraryset\EE_5\jstl-1.2.jar, java.vendor=Sun Microsystems Inc., file.separator=\, java.vendor.url.bug=http://java.sun.com/cgi-bin/bugreport.cgi, hibernate.hbm2ddl.auto=update, sun.cpu.endian=little, sun.io.unicode.encoding=UnicodeLittle, sun.desktop=windows, sun.cpu.isalist=amd64}
 org.hibernate.impl.SessionFactoryImpl.<init>(SessionFactoryImpl.java:215)2017-08-08 21:04:01Static SQL for entity: com.xtkj.pojo.User
 org.hibernate.persister.entity.AbstractEntityPersister.logStaticSQL(AbstractEntityPersister.java:2756)2017-08-08 21:04:01 Version select: select TId from user1 where TId =?
 org.hibernate.persister.entity.AbstractEntityPersister.logStaticSQL(AbstractEntityPersister.java:2761)2017-08-08 21:04:01 Snapshot select: select user_.TId, user_.account as account0_, user_.pwd as pwd0_ from user1 user_ where user_.TId=?
 org.hibernate.persister.entity.AbstractEntityPersister.logStaticSQL(AbstractEntityPersister.java:2764)2017-08-08 21:04:01 Insert 0: insert into user1 (account, pwd, TId) values (?, ?, ?)
 org.hibernate.persister.entity.AbstractEntityPersister.logStaticSQL(AbstractEntityPersister.java:2767)2017-08-08 21:04:01 Update 0: update user1 set account=?, pwd=? where TId=?
 org.hibernate.persister.entity.AbstractEntityPersister.logStaticSQL(AbstractEntityPersister.java:2768)2017-08-08 21:04:01 Delete 0: delete from user1 where TId=?
 org.hibernate.persister.entity.AbstractEntityPersister.logStaticSQL(AbstractEntityPersister.java:2769)2017-08-08 21:04:01 Identity insert: insert into user1 (account, pwd) values (?, ?)
 org.hibernate.persister.entity.AbstractEntityPersister.logStaticSQL(AbstractEntityPersister.java:2773)2017-08-08 21:04:01Static select for entity com.xtkj.pojo.User: select user0_.TId as TId0_0_, user0_.account as account0_0_, user0_.pwd as pwd0_0_ from user1 user0_ where user0_.TId=?
 org.hibernate.loader.entity.EntityLoader.<init>(EntityLoader.java:102)2017-08-08 21:04:01Static select for entity com.xtkj.pojo.User: select user0_.TId as TId0_0_, user0_.account as account0_0_, user0_.pwd as pwd0_0_ from user1 user0_ where user0_.TId=?
 org.hibernate.loader.entity.EntityLoader.<init>(EntityLoader.java:102)2017-08-08 21:04:01Static select for entity com.xtkj.pojo.User: select user0_.TId as TId0_0_, user0_.account as account0_0_, user0_.pwd as pwd0_0_ from user1 user0_ with (updlock, rowlock) where user0_.TId=?
 org.hibernate.loader.entity.EntityLoader.<init>(EntityLoader.java:102)2017-08-08 21:04:01Static select for entity com.xtkj.pojo.User: select user0_.TId as TId0_0_, user0_.account as account0_0_, user0_.pwd as pwd0_0_ from user1 user0_ with (updlock, rowlock) where user0_.TId=?
 org.hibernate.loader.entity.EntityLoader.<init>(EntityLoader.java:102)2017-08-08 21:04:01Static select for entity com.xtkj.pojo.User: select user0_.TId as TId0_0_, user0_.account as account0_0_, user0_.pwd as pwd0_0_ from user1 user0_ with (updlock, rowlock) where user0_.TId=?
 org.hibernate.loader.entity.EntityLoader.<init>(EntityLoader.java:102)2017-08-08 21:04:01Static select for action ACTION_MERGE on entity com.xtkj.pojo.User: select user0_.TId as TId0_0_, user0_.account as account0_0_, user0_.pwd as pwd0_0_ from user1 user0_ where user0_.TId=?
 org.hibernate.loader.entity.CascadeEntityLoader.<init>(CascadeEntityLoader.java:57)2017-08-08 21:04:01Static select for action ACTION_REFRESH on entity com.xtkj.pojo.User: select user0_.TId as TId0_0_, user0_.account as account0_0_, user0_.pwd as pwd0_0_ from user1 user0_ where user0_.TId=?
 org.hibernate.loader.entity.CascadeEntityLoader.<init>(CascadeEntityLoader.java:57)2017-08-08 21:04:01initializing class SessionFactoryObjectFactory
 org.hibernate.impl.SessionFactoryObjectFactory.<clinit>(SessionFactoryObjectFactory.java:62)2017-08-08 21:04:01registered: 402882145dc1f1e1015dc1f1e23e0000 (unnamed)
 org.hibernate.impl.SessionFactoryObjectFactory.addInstance(SessionFactoryObjectFactory.java:99)2017-08-08 21:04:01Not binding factory to JNDI, no JNDI name configured
 org.hibernate.impl.SessionFactoryObjectFactory.addInstance(SessionFactoryObjectFactory.java:105)2017-08-08 21:04:01instantiated session factory
 org.hibernate.impl.SessionFactoryImpl.<init>(SessionFactoryImpl.java:350)2017-08-08 21:04:01Running hbm2ddl schema update
 org.hibernate.tool.hbm2ddl.SchemaUpdate.execute(SchemaUpdate.java:155)2017-08-08 21:04:01fetching database metadata
 org.hibernate.tool.hbm2ddl.SchemaUpdate.execute(SchemaUpdate.java:167)2017-08-08 21:04:01updating schema
 org.hibernate.tool.hbm2ddl.SchemaUpdate.execute(SchemaUpdate.java:179)2017-08-08 21:04:01processing extends queue
 org.hibernate.cfg.Configuration.secondPassCompile(Configuration.java:1167)2017-08-08 21:04:01processing collection mappings
 org.hibernate.cfg.Configuration.secondPassCompile(Configuration.java:1171)2017-08-08 21:04:01processing native query and ResultSetMapping mappings
 org.hibernate.cfg.Configuration.secondPassCompile(Configuration.java:1182)2017-08-08 21:04:01processing association property references
 org.hibernate.cfg.Configuration.secondPassCompile(Configuration.java:1190)2017-08-08 21:04:01processing foreign key constraints
 org.hibernate.cfg.Configuration.secondPassCompile(Configuration.java:1212)2017-08-08 21:04:01table found: userInfo.dbo.user1
 org.hibernate.tool.hbm2ddl.TableMetadata.<init>(TableMetadata.java:65)2017-08-08 21:04:01columns: [pwd, account, tid]
 org.hibernate.tool.hbm2ddl.TableMetadata.<init>(TableMetadata.java:66)2017-08-08 21:04:01foreign keys: []
 org.hibernate.tool.hbm2ddl.TableMetadata.<init>(TableMetadata.java:68)2017-08-08 21:04:01indexes: [pk__user1__c456d749108b795b]
 org.hibernate.tool.hbm2ddl.TableMetadata.<init>(TableMetadata.java:69)2017-08-08 21:04:01schema update complete
 org.hibernate.tool.hbm2ddl.SchemaUpdate.execute(SchemaUpdate.java:217)2017-08-08 21:04:01Checking 0 named HQL queries
 org.hibernate.impl.SessionFactoryImpl.checkNamedQueries(SessionFactoryImpl.java:474)2017-08-08 21:04:01Checking 0 named SQL queries
 org.hibernate.impl.SessionFactoryImpl.checkNamedQueries(SessionFactoryImpl.java:494)2017-08-08 21:04:01opened session at timestamp: 15021974411
 org.hibernate.impl.SessionImpl.<init>(SessionImpl.java:248)2017-08-08 21:04:01begin
 org.hibernate.transaction.JDBCTransaction.begin(JDBCTransaction.java:82)2017-08-08 21:04:01opening JDBC connection
 org.hibernate.jdbc.ConnectionManager.openConnection(ConnectionManager.java:444)2017-08-08 21:04:01current autocommit status: false
 org.hibernate.transaction.JDBCTransaction.begin(JDBCTransaction.java:87)2017-08-08 21:04:01executing identity-insert immediately
 org.hibernate.event.def.AbstractSaveEventListener.performSaveOrReplicate(AbstractSaveEventListener.java:320)2017-08-08 21:04:01about to open PreparedStatement (open PreparedStatements: 0, globally: 0)
 org.hibernate.jdbc.AbstractBatcher.logOpenPreparedStatement(AbstractBatcher.java:410)2017-08-08 21:04:01
    insert 
    into
        user1
        (account, pwd) 
    values
        (?, ?)
 org.hibernate.jdbc.util.SQLStatementLogger.logStatement(SQLStatementLogger.java:111)2017-08-08 21:04:01Natively generated identity: 6
 org.hibernate.id.IdentifierGeneratorFactory.getGeneratedIdentity(IdentifierGeneratorFactory.java:95)2017-08-08 21:04:01about to close PreparedStatement (open PreparedStatements: 1, globally: 1)
 org.hibernate.jdbc.AbstractBatcher.logClosePreparedStatement(AbstractBatcher.java:418)2017-08-08 21:04:01commit
 org.hibernate.transaction.JDBCTransaction.commit(JDBCTransaction.java:134)2017-08-08 21:04:01processing flush-time cascades
 org.hibernate.event.def.AbstractFlushingEventListener.prepareEntityFlushes(AbstractFlushingEventListener.java:134)2017-08-08 21:04:01dirty checking collections
 org.hibernate.event.def.AbstractFlushingEventListener.prepareCollectionFlushes(AbstractFlushingEventListener.java:177)2017-08-08 21:04:01Flushed: 0 insertions, 0 updates, 0 deletions to 1 objects
 org.hibernate.event.def.AbstractFlushingEventListener.flushEverythingToExecutions(AbstractFlushingEventListener.java:108)2017-08-08 21:04:01Flushed: 0 (re)creations, 0 updates, 0 removals to 0 collections
 org.hibernate.event.def.AbstractFlushingEventListener.flushEverythingToExecutions(AbstractFlushingEventListener.java:114)2017-08-08 21:04:01listing entities:
 org.hibernate.pretty.Printer.toString(Printer.java:106)2017-08-08 21:04:01com.xtkj.pojo.User{pwd=7777, account=Alice, TId=6}
 org.hibernate.pretty.Printer.toString(Printer.java:113)2017-08-08 21:04:01committed JDBC Connection
 org.hibernate.transaction.JDBCTransaction.commit(JDBCTransaction.java:147)2017-08-08 21:04:01aggressively releasing JDBC connection
 org.hibernate.jdbc.ConnectionManager.aggressiveRelease(ConnectionManager.java:427)2017-08-08 21:04:01releasing JDBC connection [ (open PreparedStatements: 0, globally: 0) (open ResultSets: 0, globally: 0)]
 org.hibernate.jdbc.ConnectionManager.closeConnection(ConnectionManager.java:464)2017-08-08 21:05:19Hibernate 3.3.2.GA
 org.hibernate.cfg.Environment.<clinit>(Environment.java:560)2017-08-08 21:05:19hibernate.properties not found
 org.hibernate.cfg.Environment.<clinit>(Environment.java:593)2017-08-08 21:05:19Bytecode provider name : javassist
 org.hibernate.cfg.Environment.buildBytecodeProvider(Environment.java:771)2017-08-08 21:05:19using JDK 1.4 java.sql.Timestamp handling
 org.hibernate.cfg.Environment.<clinit>(Environment.java:652)2017-08-08 21:05:19configuring from resource: /hibernate.cfg.xml
 org.hibernate.cfg.Configuration.configure(Configuration.java:1474)2017-08-08 21:05:19Configuration resource: /hibernate.cfg.xml
 org.hibernate.cfg.Configuration.getConfigurationInputStream(Configuration.java:1451)2017-08-08 21:05:19trying to resolve system-id [http://hibernate.sourceforge.NET/hibernate-configuration-3.0.dtd]
 org.hibernate.util.DTDEntityResolver.resolveEntity(DTDEntityResolver.java:64)2017-08-08 21:05:38Hibernate 3.3.2.GA
 org.hibernate.cfg.Environment.<clinit>(Environment.java:560)2017-08-08 21:05:38hibernate.properties not found
 org.hibernate.cfg.Environment.<clinit>(Environment.java:593)2017-08-08 21:05:39Bytecode provider name : javassist
 org.hibernate.cfg.Environment.buildBytecodeProvider(Environment.java:771)2017-08-08 21:05:39using JDK 1.4 java.sql.Timestamp handling
 org.hibernate.cfg.Environment.<clinit>(Environment.java:652)2017-08-08 21:05:39configuring from resource: /hibernate.cfg.xml
 org.hibernate.cfg.Configuration.configure(Configuration.java:1474)2017-08-08 21:05:39Configuration resource: /hibernate.cfg.xml
 org.hibernate.cfg.Configuration.getConfigurationInputStream(Configuration.java:1451)2017-08-08 21:05:39trying to resolve system-id [http://hibernate.sourceforge.NET/hibernate-configuration-3.0.dtd]
 org.hibernate.util.DTDEntityResolver.resolveEntity(DTDEntityResolver.java:64)2017-08-08 21:05:40hibernate.dialect=org.hibernate.dialect.SQLServerDialect
 org.hibernate.cfg.Configuration.addProperties(Configuration.java:1435)2017-08-08 21:05:40hibernate.connection.username=sa
 org.hibernate.cfg.Configuration.addProperties(Configuration.java:1435)2017-08-08 21:05:40hibernate.connection.password=caijie
 org.hibernate.cfg.Configuration.addProperties(Configuration.java:1435)2017-08-08 21:05:40hibernate.connection.driver_class=com.microsoft.sqlserver.jdbc.SQLServerDriver
 org.hibernate.cfg.Configuration.addProperties(Configuration.java:1435)2017-08-08 21:05:40hibernate.connection.url=jdbc:sqlserver://localhost:1433;databaseName=userInfo
 org.hibernate.cfg.Configuration.addProperties(Configuration.java:1435)2017-08-08 21:05:40show_sql=true
 org.hibernate.cfg.Configuration.addProperties(Configuration.java:1435)2017-08-08 21:05:40format_sql=true
 org.hibernate.cfg.Configuration.addProperties(Configuration.java:1435)2017-08-08 21:05:40null<-org.dom4j.tree.DefaultAttribute@360dc67e [Attribute: name resource value "com/xtkj/pojo/User.hbm.xml"]
 org.hibernate.cfg.Configuration.parseMappingElement(Configuration.java:1634)2017-08-08 21:05:40Reading mappings from resource : com/xtkj/pojo/User.hbm.xml
 org.hibernate.cfg.Configuration.addResource(Configuration.java:600)2017-08-08 21:05:40trying to resolve system-id [http://hibernate.sourceforge.net/hibernate-mapping-3.0.dtd]
 org.hibernate.util.DTDEntityResolver.resolveEntity(DTDEntityResolver.java:64)2017-08-08 21:05:40recognized hibernate namespace; attempting to resolve on classpath under org/hibernate/
 org.hibernate.util.DTDEntityResolver.resolveEntity(DTDEntityResolver.java:66)2017-08-08 21:05:40located [http://hibernate.sourceforge.net/hibernate-mapping-3.0.dtd] in classpath
 org.hibernate.util.DTDEntityResolver.resolveEntity(DTDEntityResolver.java:76)2017-08-08 21:05:40Mapping class: com.xtkj.pojo.User -> user1
 org.hibernate.cfg.HbmBinder.bindRootPersistentClassCommonValues(HbmBinder.java:322)2017-08-08 21:05:40Mapped property: TId -> TId
 org.hibernate.cfg.HbmBinder.bindProperty(HbmBinder.java:1289)2017-08-08 21:05:40Mapped property: account -> account
 org.hibernate.cfg.HbmBinder.bindProperty(HbmBinder.java:1289)2017-08-08 21:05:40Mapped property: pwd -> pwd
 org.hibernate.cfg.HbmBinder.bindProperty(HbmBinder.java:1289)2017-08-08 21:05:40Configured SessionFactory: null
 org.hibernate.cfg.Configuration.doConfigure(Configuration.java:1589)2017-08-08 21:05:40properties: {hibernate.connection.password=caijie, java.runtime.name=Java(TM) SE Runtime Environment, sun.boot.library.path=D:\myeclipse\Common\binary\com.sun.java.jdk.win32.x86_64_1.6.0.013\jre\bin, java.vm.version=11.3-b02, hibernate.connection.username=sa, java.vm.vendor=Sun Microsystems Inc., java.vendor.url=http://java.sun.com/, path.separator=;, java.vm.name=Java HotSpot(TM) 64-Bit Server VM, file.encoding.pkg=sun.io, user.country=CN, sun.java.launcher=SUN_STANDARD, sun.os.patch.level=Service Pack 1, java.vm.specification.name=Java Virtual Machine Specification, user.dir=F:\myeclipse10.7.1workspace\hibernate, java.runtime.version=1.6.0_13-b03, java.awt.graphicsenv=sun.awt.Win32GraphicsEnvironment, java.endorsed.dirs=D:\myeclipse\Common\binary\com.sun.java.jdk.win32.x86_64_1.6.0.013\jre\lib\endorsed, os.arch=amd64, java.io.tmpdir=C:\Windows\TEMP\, line.separator=
, java.vm.specification.vendor=Sun Microsystems Inc., user.variant=, os.name=Windows Vista, sun.jnu.encoding=GBK, java.library.path=D:\myeclipse\Common\binary\com.sun.java.jdk.win32.x86_64_1.6.0.013\bin;.;C:\Windows\Sun\Java\bin;C:\Windows\system32;C:\Windows;C:\ProgramData\Oracle\Java\javapath;C:\Windows\system32;C:\Windows;C:\Windows\System32\Wbem;C:\Windows\System32\WindowsPowerShell\v1.0\;F:\JDK\bin;F:\SQL2008\100\Tools\Binn\;F:\SQLservice\100\Tools\Binn\;F:\SQLservice\100\DTS\Binn\;F:\SQL2008\100\Tools\Binn\VSShell\Common7\IDE\;F:\SQL2008\100\DTS\Binn\;F:\mysql\mysql5.6.31\bin, java.specification.name=Java Platform API Specification, java.class.version=50.0, sun.management.compiler=HotSpot 64-Bit Server Compiler, os.version=6.1, user.home=C:\Users\Administrator, user.timezone=Asia/Shanghai, java.awt.printerjob=sun.awt.windows.WPrinterJob, file.encoding=UTF-8, java.specification.version=1.6, hibernate.format_sql=true, hibernate.connection.driver_class=com.microsoft.sqlserver.jdbc.SQLServerDriver, show_sql=true, user.name=Administrator, java.class.path=F:\myeclipse10.7.1workspace\hibernate\WebRoot\WEB-INF\classes;F:\myeclipse10.7.1workspace\hibernate\WebRoot\WEB-INF\lib\antlr-2.7.6.jar;F:\myeclipse10.7.1workspace\hibernate\WebRoot\WEB-INF\lib\cglib-2.2.jar;F:\myeclipse10.7.1workspace\hibernate\WebRoot\WEB-INF\lib\commons-collections-3.1.jar;F:\myeclipse10.7.1workspace\hibernate\WebRoot\WEB-INF\lib\dom4j-1.6.1.jar;F:\myeclipse10.7.1workspace\hibernate\WebRoot\WEB-INF\lib\ehcache-1.2.3.jar;F:\myeclipse10.7.1workspace\hibernate\WebRoot\WEB-INF\lib\ejb3-persistence.jar;F:\myeclipse10.7.1workspace\hibernate\WebRoot\WEB-INF\lib\hibernate-annotations.jar;F:\myeclipse10.7.1workspace\hibernate\WebRoot\WEB-INF\lib\hibernate-commons-annotations.jar;F:\myeclipse10.7.1workspace\hibernate\WebRoot\WEB-INF\lib\hibernate-entitymanager.jar;F:\myeclipse10.7.1workspace\hibernate\WebRoot\WEB-INF\lib\hibernate-validator.jar;F:\myeclipse10.7.1workspace\hibernate\WebRoot\WEB-INF\lib\hibernate3.jar;F:\myeclipse10.7.1workspace\hibernate\WebRoot\WEB-INF\lib\javassist-3.9.0.GA.jar;F:\myeclipse10.7.1workspace\hibernate\WebRoot\WEB-INF\lib\jta-1.1.jar;F:\myeclipse10.7.1workspace\hibernate\WebRoot\WEB-INF\lib\log4j-1.2.14.jar;F:\myeclipse10.7.1workspace\hibernate\WebRoot\WEB-INF\lib\slf4j-api-1.5.8.jar;F:\myeclipse10.7.1workspace\hibernate\WebRoot\WEB-INF\lib\slf4j-log4j12-1.5.8.jar;F:\myeclipse10.7.1workspace\hibernate\WebRoot\WEB-INF\lib\sqljdbc4.jar;D:\myeclipse\Common\plugins\com.genuitec.eclipse.lib.hibernate41_10.5.0.me201207241813\data\4.1\lib\optional\ehcache\slf4j-api-1.6.1.jar;D:\myeclipse\Common\plugins\com.genuitec.eclipse.lib.hibernate41_10.5.0.me201207241813\data\4.1\lib\required\antlr-2.7.7.jar;D:\myeclipse\Common\plugins\com.genuitec.eclipse.lib.hibernate41_10.5.0.me201207241813\data\4.1\lib\required\dom4j-1.6.1.jar;D:\myeclipse\Common\plugins\com.genuitec.eclipse.lib.hibernate41_10.5.0.me201207241813\data\4.1\lib\required\hibernate-commons-annotations-4.0.1.Final.jar;D:\myeclipse\Common\plugins\com.genuitec.eclipse.lib.hibernate41_10.5.0.me201207241813\data\4.1\lib\required\hibernate-core-4.1.4.Final.jar;D:\myeclipse\Common\plugins\com.genuitec.eclipse.lib.hibernate41_10.5.0.me201207241813\data\4.1\lib\required\hibernate-jpa-2.0-api-1.0.1.Final.jar;D:\myeclipse\Common\plugins\com.genuitec.eclipse.lib.hibernate41_10.5.0.me201207241813\data\4.1\lib\required\javassist-3.15.0-GA.jar;D:\myeclipse\Common\plugins\com.genuitec.eclipse.lib.hibernate41_10.5.0.me201207241813\data\4.1\lib\required\jboss-logging-3.1.0.GA.jar;D:\myeclipse\Common\plugins\com.genuitec.eclipse.lib.hibernate41_10.5.0.me201207241813\data\4.1\lib\required\jboss-transaction-api_1.1_spec-1.0.0.Final.jar;D:\myeclipse\Common\plugins\com.genuitec.eclipse.lib.hibernate41_10.5.0.me201207241813\data\4.1\lib\jpa\hibernate-entitymanager-4.1.4.Final.jar;D:\myeclipse\Common\plugins\org.junit_4.8.2.v4_8_2_v20110321-1705\junit.jar;D:\myeclipse\Common\plugins\org.hamcrest.core_1.1.0.v20090501071000.jar;/D:/myeclipse/MyEclipse 10/configuration/org.eclipse.osgi/bundles/704/1/.cp/;/D:/myeclipse/MyEclipse 10/configuration/org.eclipse.osgi/bundles/702/1/.cp/;/D:/myeclipse/MyEclipse 10/configuration/org.eclipse.osgi/bundles/703/1/.cp/, format_sql=true, hibernate.bytecode.use_reflection_optimizer=false, hibernate.show_sql=true, java.vm.specification.version=1.0, java.home=D:\myeclipse\Common\binary\com.sun.java.jdk.win32.x86_64_1.6.0.013\jre, sun.arch.data.model=64, hibernate.connection.url=jdbc:sqlserver://localhost:1433;databaseName=userInfo, hibernate.dialect=org.hibernate.dialect.SQLServerDialect, user.language=zh, java.specification.vendor=Sun Microsystems Inc., awt.toolkit=sun.awt.windows.WToolkit, java.vm.info=mixed mode, java.version=1.6.0_13, java.ext.dirs=D:\myeclipse\Common\binary\com.sun.java.jdk.win32.x86_64_1.6.0.013\jre\lib\ext;C:\Windows\Sun\Java\lib\ext, sun.boot.class.path=D:\myeclipse\Common\binary\com.sun.java.jdk.win32.x86_64_1.6.0.013\jre\lib\resources.jar;D:\myeclipse\Common\binary\com.sun.java.jdk.win32.x86_64_1.6.0.013\jre\lib\rt.jar;D:\myeclipse\Common\binary\com.sun.java.jdk.win32.x86_64_1.6.0.013\jre\lib\sunrsasign.jar;D:\myeclipse\Common\binary\com.sun.java.jdk.win32.x86_64_1.6.0.013\jre\lib\jsse.jar;D:\myeclipse\Common\binary\com.sun.java.jdk.win32.x86_64_1.6.0.013\jre\lib\jce.jar;D:\myeclipse\Common\binary\com.sun.java.jdk.win32.x86_64_1.6.0.013\jre\lib\charsets.jar;D:\myeclipse\Common\binary\com.sun.java.jdk.win32.x86_64_1.6.0.013\jre\classes;D:\myeclipse\Common\plugins\com.genuitec.eclipse.j2eedt.core_10.5.0.me201207171805\data\libraryset\EE_5\javaee.jar;D:\myeclipse\Common\plugins\com.genuitec.eclipse.j2eedt.core_10.5.0.me201207171805\data\libraryset\EE_5\jsf-impl.jar;D:\myeclipse\Common\plugins\com.genuitec.eclipse.j2eedt.core_10.5.0.me201207171805\data\libraryset\EE_5\jsf-api.jar;D:\myeclipse\Common\plugins\com.genuitec.eclipse.j2eedt.core_10.5.0.me201207171805\data\libraryset\EE_5\jstl-1.2.jar, java.vendor=Sun Microsystems Inc., file.separator=\, java.vendor.url.bug=http://java.sun.com/cgi-bin/bugreport.cgi, sun.io.unicode.encoding=UnicodeLittle, sun.cpu.endian=little, sun.desktop=windows, sun.cpu.isalist=amd64}
 org.hibernate.cfg.Configuration.doConfigure(Configuration.java:1590)2017-08-08 21:05:40Preparing to build session factory with filters : {}
 org.hibernate.cfg.Configuration.buildSessionFactory(Configuration.java:1332)2017-08-08 21:05:40processing extends queue
 org.hibernate.cfg.Configuration.secondPassCompile(Configuration.java:1167)2017-08-08 21:05:40processing collection mappings
 org.hibernate.cfg.Configuration.secondPassCompile(Configuration.java:1171)2017-08-08 21:05:40processing native query and ResultSetMapping mappings
 org.hibernate.cfg.Configuration.secondPassCompile(Configuration.java:1182)2017-08-08 21:05:40processing association property references
 org.hibernate.cfg.Configuration.secondPassCompile(Configuration.java:1190)2017-08-08 21:05:40processing foreign key constraints
 org.hibernate.cfg.Configuration.secondPassCompile(Configuration.java:1212)2017-08-08 21:05:40Using Hibernate built-in connection pool (not for production use!)
 org.hibernate.connection.DriverManagerConnectionProvider.configure(DriverManagerConnectionProvider.java:64)2017-08-08 21:05:40Hibernate connection pool size: 20
 org.hibernate.connection.DriverManagerConnectionProvider.configure(DriverManagerConnectionProvider.java:65)2017-08-08 21:05:40autocommit mode: false
 org.hibernate.connection.DriverManagerConnectionProvider.configure(DriverManagerConnectionProvider.java:68)2017-08-08 21:05:41using driver: com.microsoft.sqlserver.jdbc.SQLServerDriver at URL: jdbc:sqlserver://localhost:1433;databaseName=userInfo
 org.hibernate.connection.DriverManagerConnectionProvider.configure(DriverManagerConnectionProvider.java:103)2017-08-08 21:05:41connection properties: {user=sa, password=caijie}
 org.hibernate.connection.DriverManagerConnectionProvider.configure(DriverManagerConnectionProvider.java:106)2017-08-08 21:05:41opening new JDBC connection
 org.hibernate.connection.DriverManagerConnectionProvider.getConnection(DriverManagerConnectionProvider.java:132)2017-08-08 21:05:41created connection to: jdbc:sqlserver://localhost:1433;databaseName=userInfo, Isolation Level: 2
 org.hibernate.connection.DriverManagerConnectionProvider.getConnection(DriverManagerConnectionProvider.java:138)2017-08-08 21:05:41RDBMS: Microsoft SQL Server, version: 10.00.1600
 org.hibernate.cfg.SettingsFactory.buildSettings(SettingsFactory.java:114)2017-08-08 21:05:41JDBC driver: Microsoft JDBC Driver 4.0 for SQL Server, version: 4.0.2206.100
 org.hibernate.cfg.SettingsFactory.buildSettings(SettingsFactory.java:115)2017-08-08 21:05:41Using dialect: org.hibernate.dialect.SQLServerDialect
 org.hibernate.dialect.Dialect.<init>(Dialect.java:175)2017-08-08 21:05:41Using default transaction strategy (direct JDBC transactions)
 org.hibernate.transaction.TransactionFactoryFactory.buildTransactionFactory(TransactionFactoryFactory.java:59)2017-08-08 21:05:41No TransactionManagerLookup configured (in JTA environment, use of read-write or transactional second-level cache is not recommended)
 org.hibernate.transaction.TransactionManagerLookupFactory.getTransactionManagerLookup(TransactionManagerLookupFactory.java:80)2017-08-08 21:05:41Automatic flush during beforeCompletion(): disabled
 org.hibernate.cfg.SettingsFactory.buildSettings(SettingsFactory.java:161)2017-08-08 21:05:41Automatic session close at end of transaction: disabled
 org.hibernate.cfg.SettingsFactory.buildSettings(SettingsFactory.java:165)2017-08-08 21:05:41Scrollable result sets: enabled
 org.hibernate.cfg.SettingsFactory.buildSettings(SettingsFactory.java:180)2017-08-08 21:05:41Wrap result sets: disabled
 org.hibernate.cfg.SettingsFactory.buildSettings(SettingsFactory.java:184)2017-08-08 21:05:41JDBC3 getGeneratedKeys(): enabled
 org.hibernate.cfg.SettingsFactory.buildSettings(SettingsFactory.java:188)2017-08-08 21:05:41Connection release mode: auto
 org.hibernate.cfg.SettingsFactory.buildSettings(SettingsFactory.java:196)2017-08-08 21:05:41Default batch fetch size: 1
 org.hibernate.cfg.SettingsFactory.buildSettings(SettingsFactory.java:223)2017-08-08 21:05:41Generate SQL with comments: disabled
 org.hibernate.cfg.SettingsFactory.buildSettings(SettingsFactory.java:227)2017-08-08 21:05:41Order SQL updates by primary key: disabled
 org.hibernate.cfg.SettingsFactory.buildSettings(SettingsFactory.java:231)2017-08-08 21:05:41Order SQL inserts for batching: disabled
 org.hibernate.cfg.SettingsFactory.buildSettings(SettingsFactory.java:235)2017-08-08 21:05:41Query translator: org.hibernate.hql.ast.ASTQueryTranslatorFactory
 org.hibernate.cfg.SettingsFactory.createQueryTranslatorFactory(SettingsFactory.java:397)2017-08-08 21:05:41Using ASTQueryTranslatorFactory
 org.hibernate.hql.ast.ASTQueryTranslatorFactory.<init>(ASTQueryTranslatorFactory.java:47)2017-08-08 21:05:41Query language substitutions: {}
 org.hibernate.cfg.SettingsFactory.buildSettings(SettingsFactory.java:243)2017-08-08 21:05:41JPA-QL strict compliance: disabled
 org.hibernate.cfg.SettingsFactory.buildSettings(SettingsFactory.java:248)2017-08-08 21:05:41Second-level cache: enabled
 org.hibernate.cfg.SettingsFactory.buildSettings(SettingsFactory.java:253)2017-08-08 21:05:41Query cache: disabled
 org.hibernate.cfg.SettingsFactory.buildSettings(SettingsFactory.java:257)2017-08-08 21:05:41Cache region factory : org.hibernate.cache.impl.NoCachingRegionFactory
 org.hibernate.cfg.SettingsFactory.createRegionFactory(SettingsFactory.java:382)2017-08-08 21:05:41Optimize cache for minimal puts: disabled
 org.hibernate.cfg.SettingsFactory.buildSettings(SettingsFactory.java:267)2017-08-08 21:05:41Structured second-level cache entries: disabled
 org.hibernate.cfg.SettingsFactory.buildSettings(SettingsFactory.java:276)2017-08-08 21:05:41Echoing all SQL to stdout
 org.hibernate.cfg.SettingsFactory.buildSettings(SettingsFactory.java:296)2017-08-08 21:05:41Statistics: disabled
 org.hibernate.cfg.SettingsFactory.buildSettings(SettingsFactory.java:305)2017-08-08 21:05:41Deleted entity synthetic identifier rollback: disabled
 org.hibernate.cfg.SettingsFactory.buildSettings(SettingsFactory.java:309)2017-08-08 21:05:41Default entity-mode: pojo
 org.hibernate.cfg.SettingsFactory.buildSettings(SettingsFactory.java:324)2017-08-08 21:05:41Named query checking : enabled
 org.hibernate.cfg.SettingsFactory.buildSettings(SettingsFactory.java:328)2017-08-08 21:05:41building session factory
 org.hibernate.impl.SessionFactoryImpl.<init>(SessionFactoryImpl.java:193)2017-08-08 21:05:41Session factory constructed with filter configurations : {}
 org.hibernate.impl.SessionFactoryImpl.<init>(SessionFactoryImpl.java:211)2017-08-08 21:05:41instantiating session factory with properties: {java.runtime.name=Java(TM) SE Runtime Environment, hibernate.connection.password=caijie, sun.boot.library.path=D:\myeclipse\Common\binary\com.sun.java.jdk.win32.x86_64_1.6.0.013\jre\bin, java.vm.version=11.3-b02, hibernate.connection.username=sa, java.vm.vendor=Sun Microsystems Inc., java.vendor.url=http://java.sun.com/, path.separator=;, java.vm.name=Java HotSpot(TM) 64-Bit Server VM, file.encoding.pkg=sun.io, user.country=CN, sun.java.launcher=SUN_STANDARD, sun.os.patch.level=Service Pack 1, java.vm.specification.name=Java Virtual Machine Specification, user.dir=F:\myeclipse10.7.1workspace\hibernate, java.runtime.version=1.6.0_13-b03, java.awt.graphicsenv=sun.awt.Win32GraphicsEnvironment, java.endorsed.dirs=D:\myeclipse\Common\binary\com.sun.java.jdk.win32.x86_64_1.6.0.013\jre\lib\endorsed, os.arch=amd64, java.io.tmpdir=C:\Windows\TEMP\, line.separator=
, java.vm.specification.vendor=Sun Microsystems Inc., user.variant=, os.name=Windows Vista, sun.jnu.encoding=GBK, java.library.path=D:\myeclipse\Common\binary\com.sun.java.jdk.win32.x86_64_1.6.0.013\bin;.;C:\Windows\Sun\Java\bin;C:\Windows\system32;C:\Windows;C:\ProgramData\Oracle\Java\javapath;C:\Windows\system32;C:\Windows;C:\Windows\System32\Wbem;C:\Windows\System32\WindowsPowerShell\v1.0\;F:\JDK\bin;F:\SQL2008\100\Tools\Binn\;F:\SQLservice\100\Tools\Binn\;F:\SQLservice\100\DTS\Binn\;F:\SQL2008\100\Tools\Binn\VSShell\Common7\IDE\;F:\SQL2008\100\DTS\Binn\;F:\mysql\mysql5.6.31\bin, java.specification.name=Java Platform API Specification, java.class.version=50.0, sun.management.compiler=HotSpot 64-Bit Server Compiler, os.version=6.1, user.home=C:\Users\Administrator, user.timezone=Asia/Shanghai, java.awt.printerjob=sun.awt.windows.WPrinterJob, file.encoding=UTF-8, java.specification.version=1.6, hibernate.format_sql=true, hibernate.connection.driver_class=com.microsoft.sqlserver.jdbc.SQLServerDriver, show_sql=true, java.class.path=F:\myeclipse10.7.1workspace\hibernate\WebRoot\WEB-INF\classes;F:\myeclipse10.7.1workspace\hibernate\WebRoot\WEB-INF\lib\antlr-2.7.6.jar;F:\myeclipse10.7.1workspace\hibernate\WebRoot\WEB-INF\lib\cglib-2.2.jar;F:\myeclipse10.7.1workspace\hibernate\WebRoot\WEB-INF\lib\commons-collections-3.1.jar;F:\myeclipse10.7.1workspace\hibernate\WebRoot\WEB-INF\lib\dom4j-1.6.1.jar;F:\myeclipse10.7.1workspace\hibernate\WebRoot\WEB-INF\lib\ehcache-1.2.3.jar;F:\myeclipse10.7.1workspace\hibernate\WebRoot\WEB-INF\lib\ejb3-persistence.jar;F:\myeclipse10.7.1workspace\hibernate\WebRoot\WEB-INF\lib\hibernate-annotations.jar;F:\myeclipse10.7.1workspace\hibernate\WebRoot\WEB-INF\lib\hibernate-commons-annotations.jar;F:\myeclipse10.7.1workspace\hibernate\WebRoot\WEB-INF\lib\hibernate-entitymanager.jar;F:\myeclipse10.7.1workspace\hibernate\WebRoot\WEB-INF\lib\hibernate-validator.jar;F:\myeclipse10.7.1workspace\hibernate\WebRoot\WEB-INF\lib\hibernate3.jar;F:\myeclipse10.7.1workspace\hibernate\WebRoot\WEB-INF\lib\javassist-3.9.0.GA.jar;F:\myeclipse10.7.1workspace\hibernate\WebRoot\WEB-INF\lib\jta-1.1.jar;F:\myeclipse10.7.1workspace\hibernate\WebRoot\WEB-INF\lib\log4j-1.2.14.jar;F:\myeclipse10.7.1workspace\hibernate\WebRoot\WEB-INF\lib\slf4j-api-1.5.8.jar;F:\myeclipse10.7.1workspace\hibernate\WebRoot\WEB-INF\lib\slf4j-log4j12-1.5.8.jar;F:\myeclipse10.7.1workspace\hibernate\WebRoot\WEB-INF\lib\sqljdbc4.jar;D:\myeclipse\Common\plugins\com.genuitec.eclipse.lib.hibernate41_10.5.0.me201207241813\data\4.1\lib\optional\ehcache\slf4j-api-1.6.1.jar;D:\myeclipse\Common\plugins\com.genuitec.eclipse.lib.hibernate41_10.5.0.me201207241813\data\4.1\lib\required\antlr-2.7.7.jar;D:\myeclipse\Common\plugins\com.genuitec.eclipse.lib.hibernate41_10.5.0.me201207241813\data\4.1\lib\required\dom4j-1.6.1.jar;D:\myeclipse\Common\plugins\com.genuitec.eclipse.lib.hibernate41_10.5.0.me201207241813\data\4.1\lib\required\hibernate-commons-annotations-4.0.1.Final.jar;D:\myeclipse\Common\plugins\com.genuitec.eclipse.lib.hibernate41_10.5.0.me201207241813\data\4.1\lib\required\hibernate-core-4.1.4.Final.jar;D:\myeclipse\Common\plugins\com.genuitec.eclipse.lib.hibernate41_10.5.0.me201207241813\data\4.1\lib\required\hibernate-jpa-2.0-api-1.0.1.Final.jar;D:\myeclipse\Common\plugins\com.genuitec.eclipse.lib.hibernate41_10.5.0.me201207241813\data\4.1\lib\required\javassist-3.15.0-GA.jar;D:\myeclipse\Common\plugins\com.genuitec.eclipse.lib.hibernate41_10.5.0.me201207241813\data\4.1\lib\required\jboss-logging-3.1.0.GA.jar;D:\myeclipse\Common\plugins\com.genuitec.eclipse.lib.hibernate41_10.5.0.me201207241813\data\4.1\lib\required\jboss-transaction-api_1.1_spec-1.0.0.Final.jar;D:\myeclipse\Common\plugins\com.genuitec.eclipse.lib.hibernate41_10.5.0.me201207241813\data\4.1\lib\jpa\hibernate-entitymanager-4.1.4.Final.jar;D:\myeclipse\Common\plugins\org.junit_4.8.2.v4_8_2_v20110321-1705\junit.jar;D:\myeclipse\Common\plugins\org.hamcrest.core_1.1.0.v20090501071000.jar;/D:/myeclipse/MyEclipse 10/configuration/org.eclipse.osgi/bundles/704/1/.cp/;/D:/myeclipse/MyEclipse 10/configuration/org.eclipse.osgi/bundles/702/1/.cp/;/D:/myeclipse/MyEclipse 10/configuration/org.eclipse.osgi/bundles/703/1/.cp/, user.name=Administrator, hibernate.bytecode.use_reflection_optimizer=false, format_sql=true, hibernate.show_sql=true, java.vm.specification.version=1.0, sun.arch.data.model=64, java.home=D:\myeclipse\Common\binary\com.sun.java.jdk.win32.x86_64_1.6.0.013\jre, hibernate.dialect=org.hibernate.dialect.SQLServerDialect, hibernate.connection.url=jdbc:sqlserver://localhost:1433;databaseName=userInfo, java.specification.vendor=Sun Microsystems Inc., user.language=zh, awt.toolkit=sun.awt.windows.WToolkit, java.vm.info=mixed mode, java.version=1.6.0_13, java.ext.dirs=D:\myeclipse\Common\binary\com.sun.java.jdk.win32.x86_64_1.6.0.013\jre\lib\ext;C:\Windows\Sun\Java\lib\ext, sun.boot.class.path=D:\myeclipse\Common\binary\com.sun.java.jdk.win32.x86_64_1.6.0.013\jre\lib\resources.jar;D:\myeclipse\Common\binary\com.sun.java.jdk.win32.x86_64_1.6.0.013\jre\lib\rt.jar;D:\myeclipse\Common\binary\com.sun.java.jdk.win32.x86_64_1.6.0.013\jre\lib\sunrsasign.jar;D:\myeclipse\Common\binary\com.sun.java.jdk.win32.x86_64_1.6.0.013\jre\lib\jsse.jar;D:\myeclipse\Common\binary\com.sun.java.jdk.win32.x86_64_1.6.0.013\jre\lib\jce.jar;D:\myeclipse\Common\binary\com.sun.java.jdk.win32.x86_64_1.6.0.013\jre\lib\charsets.jar;D:\myeclipse\Common\binary\com.sun.java.jdk.win32.x86_64_1.6.0.013\jre\classes;D:\myeclipse\Common\plugins\com.genuitec.eclipse.j2eedt.core_10.5.0.me201207171805\data\libraryset\EE_5\javaee.jar;D:\myeclipse\Common\plugins\com.genuitec.eclipse.j2eedt.core_10.5.0.me201207171805\data\libraryset\EE_5\jsf-impl.jar;D:\myeclipse\Common\plugins\com.genuitec.eclipse.j2eedt.core_10.5.0.me201207171805\data\libraryset\EE_5\jsf-api.jar;D:\myeclipse\Common\plugins\com.genuitec.eclipse.j2eedt.core_10.5.0.me201207171805\data\libraryset\EE_5\jstl-1.2.jar, java.vendor=Sun Microsystems Inc., file.separator=\, java.vendor.url.bug=http://java.sun.com/cgi-bin/bugreport.cgi, sun.cpu.endian=little, sun.io.unicode.encoding=UnicodeLittle, sun.desktop=windows, sun.cpu.isalist=amd64}
 org.hibernate.impl.SessionFactoryImpl.<init>(SessionFactoryImpl.java:215)2017-08-08 21:05:41Static SQL for entity: com.xtkj.pojo.User
 org.hibernate.persister.entity.AbstractEntityPersister.logStaticSQL(AbstractEntityPersister.java:2756)2017-08-08 21:05:41 Version select: select TId from user1 where TId =?
 org.hibernate.persister.entity.AbstractEntityPersister.logStaticSQL(AbstractEntityPersister.java:2761)2017-08-08 21:05:41 Snapshot select: select user_.TId, user_.account as account0_, user_.pwd as pwd0_ from user1 user_ where user_.TId=?
 org.hibernate.persister.entity.AbstractEntityPersister.logStaticSQL(AbstractEntityPersister.java:2764)2017-08-08 21:05:41 Insert 0: insert into user1 (account, pwd, TId) values (?, ?, ?)
 org.hibernate.persister.entity.AbstractEntityPersister.logStaticSQL(AbstractEntityPersister.java:2767)2017-08-08 21:05:41 Update 0: update user1 set account=?, pwd=? where TId=?
 org.hibernate.persister.entity.AbstractEntityPersister.logStaticSQL(AbstractEntityPersister.java:2768)2017-08-08 21:05:41 Delete 0: delete from user1 where TId=?
 org.hibernate.persister.entity.AbstractEntityPersister.logStaticSQL(AbstractEntityPersister.java:2769)2017-08-08 21:05:41 Identity insert: insert into user1 (account, pwd) values (?, ?)
 org.hibernate.persister.entity.AbstractEntityPersister.logStaticSQL(AbstractEntityPersister.java:2773)2017-08-08 21:05:41Static select for entity com.xtkj.pojo.User: select user0_.TId as TId0_0_, user0_.account as account0_0_, user0_.pwd as pwd0_0_ from user1 user0_ where user0_.TId=?
 org.hibernate.loader.entity.EntityLoader.<init>(EntityLoader.java:102)2017-08-08 21:05:41Static select for entity com.xtkj.pojo.User: select user0_.TId as TId0_0_, user0_.account as account0_0_, user0_.pwd as pwd0_0_ from user1 user0_ where user0_.TId=?
 org.hibernate.loader.entity.EntityLoader.<init>(EntityLoader.java:102)2017-08-08 21:05:41Static select for entity com.xtkj.pojo.User: select user0_.TId as TId0_0_, user0_.account as account0_0_, user0_.pwd as pwd0_0_ from user1 user0_ with (updlock, rowlock) where user0_.TId=?
 org.hibernate.loader.entity.EntityLoader.<init>(EntityLoader.java:102)2017-08-08 21:05:41Static select for entity com.xtkj.pojo.User: select user0_.TId as TId0_0_, user0_.account as account0_0_, user0_.pwd as pwd0_0_ from user1 user0_ with (updlock, rowlock) where user0_.TId=?
 org.hibernate.loader.entity.EntityLoader.<init>(EntityLoader.java:102)2017-08-08 21:05:41Static select for entity com.xtkj.pojo.User: select user0_.TId as TId0_0_, user0_.account as account0_0_, user0_.pwd as pwd0_0_ from user1 user0_ with (updlock, rowlock) where user0_.TId=?
 org.hibernate.loader.entity.EntityLoader.<init>(EntityLoader.java:102)2017-08-08 21:05:41Static select for action ACTION_MERGE on entity com.xtkj.pojo.User: select user0_.TId as TId0_0_, user0_.account as account0_0_, user0_.pwd as pwd0_0_ from user1 user0_ where user0_.TId=?
 org.hibernate.loader.entity.CascadeEntityLoader.<init>(CascadeEntityLoader.java:57)2017-08-08 21:05:41Static select for action ACTION_REFRESH on entity com.xtkj.pojo.User: select user0_.TId as TId0_0_, user0_.account as account0_0_, user0_.pwd as pwd0_0_ from user1 user0_ where user0_.TId=?
 org.hibernate.loader.entity.CascadeEntityLoader.<init>(CascadeEntityLoader.java:57)2017-08-08 21:05:41initializing class SessionFactoryObjectFactory
 org.hibernate.impl.SessionFactoryObjectFactory.<clinit>(SessionFactoryObjectFactory.java:62)2017-08-08 21:05:41registered: 402882145dc1f36a015dc1f36abf0000 (unnamed)
 org.hibernate.impl.SessionFactoryObjectFactory.addInstance(SessionFactoryObjectFactory.java:99)2017-08-08 21:05:41Not binding factory to JNDI, no JNDI name configured
 org.hibernate.impl.SessionFactoryObjectFactory.addInstance(SessionFactoryObjectFactory.java:105)2017-08-08 21:05:41instantiated session factory
 org.hibernate.impl.SessionFactoryImpl.<init>(SessionFactoryImpl.java:350)2017-08-08 21:05:41Checking 0 named HQL queries
 org.hibernate.impl.SessionFactoryImpl.checkNamedQueries(SessionFactoryImpl.java:474)2017-08-08 21:05:41Checking 0 named SQL queries
 org.hibernate.impl.SessionFactoryImpl.checkNamedQueries(SessionFactoryImpl.java:494)2017-08-08 21:05:41opened session at timestamp: 15021975415
 org.hibernate.impl.SessionImpl.<init>(SessionImpl.java:248)2017-08-08 21:05:41begin
 org.hibernate.transaction.JDBCTransaction.begin(JDBCTransaction.java:82)2017-08-08 21:05:41opening JDBC connection
 org.hibernate.jdbc.ConnectionManager.openConnection(ConnectionManager.java:444)2017-08-08 21:05:41current autocommit status: false
 org.hibernate.transaction.JDBCTransaction.begin(JDBCTransaction.java:87)2017-08-08 21:05:41executing identity-insert immediately
 org.hibernate.event.def.AbstractSaveEventListener.performSaveOrReplicate(AbstractSaveEventListener.java:320)2017-08-08 21:05:41about to open PreparedStatement (open PreparedStatements: 0, globally: 0)
 org.hibernate.jdbc.AbstractBatcher.logOpenPreparedStatement(AbstractBatcher.java:410)2017-08-08 21:05:41
    insert 
    into
        user1
        (account, pwd) 
    values
        (?, ?)
 org.hibernate.jdbc.util.SQLStatementLogger.logStatement(SQLStatementLogger.java:111)2017-08-08 21:05:41Natively generated identity: 7
 org.hibernate.id.IdentifierGeneratorFactory.getGeneratedIdentity(IdentifierGeneratorFactory.java:95)2017-08-08 21:05:41about to close PreparedStatement (open PreparedStatements: 1, globally: 1)
 org.hibernate.jdbc.AbstractBatcher.logClosePreparedStatement(AbstractBatcher.java:418)2017-08-08 21:05:41commit
 org.hibernate.transaction.JDBCTransaction.commit(JDBCTransaction.java:134)2017-08-08 21:05:41processing flush-time cascades
 org.hibernate.event.def.AbstractFlushingEventListener.prepareEntityFlushes(AbstractFlushingEventListener.java:134)2017-08-08 21:05:41dirty checking collections
 org.hibernate.event.def.AbstractFlushingEventListener.prepareCollectionFlushes(AbstractFlushingEventListener.java:177)2017-08-08 21:05:41Flushed: 0 insertions, 0 updates, 0 deletions to 1 objects
 org.hibernate.event.def.AbstractFlushingEventListener.flushEverythingToExecutions(AbstractFlushingEventListener.java:108)2017-08-08 21:05:41Flushed: 0 (re)creations, 0 updates, 0 removals to 0 collections
 org.hibernate.event.def.AbstractFlushingEventListener.flushEverythingToExecutions(AbstractFlushingEventListener.java:114)2017-08-08 21:05:41listing entities:
 org.hibernate.pretty.Printer.toString(Printer.java:106)2017-08-08 21:05:41com.xtkj.pojo.User{pwd=8888, account=demo, TId=7}
 org.hibernate.pretty.Printer.toString(Printer.java:113)2017-08-08 21:05:41committed JDBC Connection
 org.hibernate.transaction.JDBCTransaction.commit(JDBCTransaction.java:147)2017-08-08 21:05:41aggressively releasing JDBC connection
 org.hibernate.jdbc.ConnectionManager.aggressiveRelease(ConnectionManager.java:427)2017-08-08 21:05:41releasing JDBC connection [ (open PreparedStatements: 0, globally: 0) (open ResultSets: 0, globally: 0)]
 org.hibernate.jdbc.ConnectionManager.closeConnection(ConnectionManager.java:464)2017-08-08 21:05:45hibernate.dialect=org.hibernate.dialect.SQLServerDialect
 org.hibernate.cfg.Configuration.addProperties(Configuration.java:1435)2017-08-08 21:05:45hibernate.connection.username=sa
 org.hibernate.cfg.Configuration.addProperties(Configuration.java:1435)2017-08-08 21:05:45hibernate.connection.password=caijie
 org.hibernate.cfg.Configuration.addProperties(Configuration.java:1435)2017-08-08 21:05:45hibernate.connection.driver_class=com.microsoft.sqlserver.jdbc.SQLServerDriver
 org.hibernate.cfg.Configuration.addProperties(Configuration.java:1435)2017-08-08 21:05:45hibernate.connection.url=jdbc:sqlserver://localhost:1433;databaseName=userInfo
 org.hibernate.cfg.Configuration.addProperties(Configuration.java:1435)2017-08-08 21:05:45show_sql=true
 org.hibernate.cfg.Configuration.addProperties(Configuration.java:1435)2017-08-08 21:05:45format_sql=true
 org.hibernate.cfg.Configuration.addProperties(Configuration.java:1435)2017-08-08 21:05:45null<-org.dom4j.tree.DefaultAttribute@426295eb [Attribute: name resource value "com/xtkj/pojo/User.hbm.xml"]
 org.hibernate.cfg.Configuration.parseMappingElement(Configuration.java:1634)2017-08-08 21:05:45Reading mappings from resource : com/xtkj/pojo/User.hbm.xml
 org.hibernate.cfg.Configuration.addResource(Configuration.java:600)2017-08-08 21:05:45trying to resolve system-id [http://hibernate.sourceforge.net/hibernate-mapping-3.0.dtd]
 org.hibernate.util.DTDEntityResolver.resolveEntity(DTDEntityResolver.java:64)2017-08-08 21:05:45recognized hibernate namespace; attempting to resolve on classpath under org/hibernate/
 org.hibernate.util.DTDEntityResolver.resolveEntity(DTDEntityResolver.java:66)2017-08-08 21:05:45located [http://hibernate.sourceforge.net/hibernate-mapping-3.0.dtd] in classpath
 org.hibernate.util.DTDEntityResolver.resolveEntity(DTDEntityResolver.java:76)2017-08-08 21:05:45Mapping class: com.xtkj.pojo.User -> user1
 org.hibernate.cfg.HbmBinder.bindRootPersistentClassCommonValues(HbmBinder.java:322)2017-08-08 21:05:45Mapped property: TId -> TId
 org.hibernate.cfg.HbmBinder.bindProperty(HbmBinder.java:1289)2017-08-08 21:05:45Mapped property: account -> account
 org.hibernate.cfg.HbmBinder.bindProperty(HbmBinder.java:1289)2017-08-08 21:05:45Mapped property: pwd -> pwd
 org.hibernate.cfg.HbmBinder.bindProperty(HbmBinder.java:1289)2017-08-08 21:05:45Configured SessionFactory: null
 org.hibernate.cfg.Configuration.doConfigure(Configuration.java:1589)2017-08-08 21:05:45properties: {hibernate.connection.password=caijie, java.runtime.name=Java(TM) SE Runtime Environment, sun.boot.library.path=D:\myeclipse\Common\binary\com.sun.java.jdk.win32.x86_64_1.6.0.013\jre\bin, java.vm.version=11.3-b02, hibernate.connection.username=sa, java.vm.vendor=Sun Microsystems Inc., java.vendor.url=http://java.sun.com/, path.separator=;, java.vm.name=Java HotSpot(TM) 64-Bit Server VM, file.encoding.pkg=sun.io, user.country=CN, sun.java.launcher=SUN_STANDARD, sun.os.patch.level=Service Pack 1, java.vm.specification.name=Java Virtual Machine Specification, user.dir=F:\myeclipse10.7.1workspace\hibernate, java.runtime.version=1.6.0_13-b03, java.awt.graphicsenv=sun.awt.Win32GraphicsEnvironment, java.endorsed.dirs=D:\myeclipse\Common\binary\com.sun.java.jdk.win32.x86_64_1.6.0.013\jre\lib\endorsed, os.arch=amd64, java.io.tmpdir=C:\Windows\TEMP\, line.separator=
, java.vm.specification.vendor=Sun Microsystems Inc., user.variant=, os.name=Windows Vista, sun.jnu.encoding=GBK, java.library.path=D:\myeclipse\Common\binary\com.sun.java.jdk.win32.x86_64_1.6.0.013\bin;.;C:\Windows\Sun\Java\bin;C:\Windows\system32;C:\Windows;C:\ProgramData\Oracle\Java\javapath;C:\Windows\system32;C:\Windows;C:\Windows\System32\Wbem;C:\Windows\System32\WindowsPowerShell\v1.0\;F:\JDK\bin;F:\SQL2008\100\Tools\Binn\;F:\SQLservice\100\Tools\Binn\;F:\SQLservice\100\DTS\Binn\;F:\SQL2008\100\Tools\Binn\VSShell\Common7\IDE\;F:\SQL2008\100\DTS\Binn\;F:\mysql\mysql5.6.31\bin, java.specification.name=Java Platform API Specification, java.class.version=50.0, sun.management.compiler=HotSpot 64-Bit Server Compiler, os.version=6.1, user.home=C:\Users\Administrator, user.timezone=Asia/Shanghai, java.awt.printerjob=sun.awt.windows.WPrinterJob, file.encoding=UTF-8, java.specification.version=1.6, hibernate.format_sql=true, hibernate.connection.driver_class=com.microsoft.sqlserver.jdbc.SQLServerDriver, show_sql=true, user.name=Administrator, java.class.path=F:\myeclipse10.7.1workspace\hibernate\WebRoot\WEB-INF\classes;F:\myeclipse10.7.1workspace\hibernate\WebRoot\WEB-INF\lib\antlr-2.7.6.jar;F:\myeclipse10.7.1workspace\hibernate\WebRoot\WEB-INF\lib\cglib-2.2.jar;F:\myeclipse10.7.1workspace\hibernate\WebRoot\WEB-INF\lib\commons-collections-3.1.jar;F:\myeclipse10.7.1workspace\hibernate\WebRoot\WEB-INF\lib\dom4j-1.6.1.jar;F:\myeclipse10.7.1workspace\hibernate\WebRoot\WEB-INF\lib\ehcache-1.2.3.jar;F:\myeclipse10.7.1workspace\hibernate\WebRoot\WEB-INF\lib\ejb3-persistence.jar;F:\myeclipse10.7.1workspace\hibernate\WebRoot\WEB-INF\lib\hibernate-annotations.jar;F:\myeclipse10.7.1workspace\hibernate\WebRoot\WEB-INF\lib\hibernate-commons-annotations.jar;F:\myeclipse10.7.1workspace\hibernate\WebRoot\WEB-INF\lib\hibernate-entitymanager.jar;F:\myeclipse10.7.1workspace\hibernate\WebRoot\WEB-INF\lib\hibernate-validator.jar;F:\myeclipse10.7.1workspace\hibernate\WebRoot\WEB-INF\lib\hibernate3.jar;F:\myeclipse10.7.1workspace\hibernate\WebRoot\WEB-INF\lib\javassist-3.9.0.GA.jar;F:\myeclipse10.7.1workspace\hibernate\WebRoot\WEB-INF\lib\jta-1.1.jar;F:\myeclipse10.7.1workspace\hibernate\WebRoot\WEB-INF\lib\log4j-1.2.14.jar;F:\myeclipse10.7.1workspace\hibernate\WebRoot\WEB-INF\lib\slf4j-api-1.5.8.jar;F:\myeclipse10.7.1workspace\hibernate\WebRoot\WEB-INF\lib\slf4j-log4j12-1.5.8.jar;F:\myeclipse10.7.1workspace\hibernate\WebRoot\WEB-INF\lib\sqljdbc4.jar;D:\myeclipse\Common\plugins\com.genuitec.eclipse.lib.hibernate41_10.5.0.me201207241813\data\4.1\lib\optional\ehcache\slf4j-api-1.6.1.jar;D:\myeclipse\Common\plugins\com.genuitec.eclipse.lib.hibernate41_10.5.0.me201207241813\data\4.1\lib\required\antlr-2.7.7.jar;D:\myeclipse\Common\plugins\com.genuitec.eclipse.lib.hibernate41_10.5.0.me201207241813\data\4.1\lib\required\dom4j-1.6.1.jar;D:\myeclipse\Common\plugins\com.genuitec.eclipse.lib.hibernate41_10.5.0.me201207241813\data\4.1\lib\required\hibernate-commons-annotations-4.0.1.Final.jar;D:\myeclipse\Common\plugins\com.genuitec.eclipse.lib.hibernate41_10.5.0.me201207241813\data\4.1\lib\required\hibernate-core-4.1.4.Final.jar;D:\myeclipse\Common\plugins\com.genuitec.eclipse.lib.hibernate41_10.5.0.me201207241813\data\4.1\lib\required\hibernate-jpa-2.0-api-1.0.1.Final.jar;D:\myeclipse\Common\plugins\com.genuitec.eclipse.lib.hibernate41_10.5.0.me201207241813\data\4.1\lib\required\javassist-3.15.0-GA.jar;D:\myeclipse\Common\plugins\com.genuitec.eclipse.lib.hibernate41_10.5.0.me201207241813\data\4.1\lib\required\jboss-logging-3.1.0.GA.jar;D:\myeclipse\Common\plugins\com.genuitec.eclipse.lib.hibernate41_10.5.0.me201207241813\data\4.1\lib\required\jboss-transaction-api_1.1_spec-1.0.0.Final.jar;D:\myeclipse\Common\plugins\com.genuitec.eclipse.lib.hibernate41_10.5.0.me201207241813\data\4.1\lib\jpa\hibernate-entitymanager-4.1.4.Final.jar;D:\myeclipse\Common\plugins\org.junit_4.8.2.v4_8_2_v20110321-1705\junit.jar;D:\myeclipse\Common\plugins\org.hamcrest.core_1.1.0.v20090501071000.jar;/D:/myeclipse/MyEclipse 10/configuration/org.eclipse.osgi/bundles/704/1/.cp/;/D:/myeclipse/MyEclipse 10/configuration/org.eclipse.osgi/bundles/702/1/.cp/;/D:/myeclipse/MyEclipse 10/configuration/org.eclipse.osgi/bundles/703/1/.cp/, format_sql=true, hibernate.bytecode.use_reflection_optimizer=false, hibernate.show_sql=true, java.vm.specification.version=1.0, java.home=D:\myeclipse\Common\binary\com.sun.java.jdk.win32.x86_64_1.6.0.013\jre, sun.arch.data.model=64, hibernate.connection.url=jdbc:sqlserver://localhost:1433;databaseName=userInfo, hibernate.dialect=org.hibernate.dialect.SQLServerDialect, user.language=zh, java.specification.vendor=Sun Microsystems Inc., awt.toolkit=sun.awt.windows.WToolkit, java.vm.info=mixed mode, java.version=1.6.0_13, java.ext.dirs=D:\myeclipse\Common\binary\com.sun.java.jdk.win32.x86_64_1.6.0.013\jre\lib\ext;C:\Windows\Sun\Java\lib\ext, sun.boot.class.path=D:\myeclipse\Common\binary\com.sun.java.jdk.win32.x86_64_1.6.0.013\jre\lib\resources.jar;D:\myeclipse\Common\binary\com.sun.java.jdk.win32.x86_64_1.6.0.013\jre\lib\rt.jar;D:\myeclipse\Common\binary\com.sun.java.jdk.win32.x86_64_1.6.0.013\jre\lib\sunrsasign.jar;D:\myeclipse\Common\binary\com.sun.java.jdk.win32.x86_64_1.6.0.013\jre\lib\jsse.jar;D:\myeclipse\Common\binary\com.sun.java.jdk.win32.x86_64_1.6.0.013\jre\lib\jce.jar;D:\myeclipse\Common\binary\com.sun.java.jdk.win32.x86_64_1.6.0.013\jre\lib\charsets.jar;D:\myeclipse\Common\binary\com.sun.java.jdk.win32.x86_64_1.6.0.013\jre\classes;D:\myeclipse\Common\plugins\com.genuitec.eclipse.j2eedt.core_10.5.0.me201207171805\data\libraryset\EE_5\javaee.jar;D:\myeclipse\Common\plugins\com.genuitec.eclipse.j2eedt.core_10.5.0.me201207171805\data\libraryset\EE_5\jsf-impl.jar;D:\myeclipse\Common\plugins\com.genuitec.eclipse.j2eedt.core_10.5.0.me201207171805\data\libraryset\EE_5\jsf-api.jar;D:\myeclipse\Common\plugins\com.genuitec.eclipse.j2eedt.core_10.5.0.me201207171805\data\libraryset\EE_5\jstl-1.2.jar, java.vendor=Sun Microsystems Inc., file.separator=\, java.vendor.url.bug=http://java.sun.com/cgi-bin/bugreport.cgi, sun.io.unicode.encoding=UnicodeLittle, sun.cpu.endian=little, sun.desktop=windows, sun.cpu.isalist=amd64}
 org.hibernate.cfg.Configuration.doConfigure(Configuration.java:1590)2017-08-08 21:05:45Preparing to build session factory with filters : {}
 org.hibernate.cfg.Configuration.buildSessionFactory(Configuration.java:1332)2017-08-08 21:05:45processing extends queue
 org.hibernate.cfg.Configuration.secondPassCompile(Configuration.java:1167)2017-08-08 21:05:45processing collection mappings
 org.hibernate.cfg.Configuration.secondPassCompile(Configuration.java:1171)2017-08-08 21:05:45processing native query and ResultSetMapping mappings
 org.hibernate.cfg.Configuration.secondPassCompile(Configuration.java:1182)2017-08-08 21:05:45processing association property references
 org.hibernate.cfg.Configuration.secondPassCompile(Configuration.java:1190)2017-08-08 21:05:45processing foreign key constraints
 org.hibernate.cfg.Configuration.secondPassCompile(Configuration.java:1212)2017-08-08 21:05:45Using Hibernate built-in connection pool (not for production use!)
 org.hibernate.connection.DriverManagerConnectionProvider.configure(DriverManagerConnectionProvider.java:64)2017-08-08 21:05:45Hibernate connection pool size: 20
 org.hibernate.connection.DriverManagerConnectionProvider.configure(DriverManagerConnectionProvider.java:65)2017-08-08 21:05:45autocommit mode: false
 org.hibernate.connection.DriverManagerConnectionProvider.configure(DriverManagerConnectionProvider.java:68)2017-08-08 21:05:45using driver: com.microsoft.sqlserver.jdbc.SQLServerDriver at URL: jdbc:sqlserver://localhost:1433;databaseName=userInfo
 org.hibernate.connection.DriverManagerConnectionProvider.configure(DriverManagerConnectionProvider.java:103)2017-08-08 21:05:45connection properties: {user=sa, password=caijie}
 org.hibernate.connection.DriverManagerConnectionProvider.configure(DriverManagerConnectionProvider.java:106)2017-08-08 21:05:45opening new JDBC connection
 org.hibernate.connection.DriverManagerConnectionProvider.getConnection(DriverManagerConnectionProvider.java:132)2017-08-08 21:05:45created connection to: jdbc:sqlserver://localhost:1433;databaseName=userInfo, Isolation Level: 2
 org.hibernate.connection.DriverManagerConnectionProvider.getConnection(DriverManagerConnectionProvider.java:138)2017-08-08 21:05:45RDBMS: Microsoft SQL Server, version: 10.00.1600
 org.hibernate.cfg.SettingsFactory.buildSettings(SettingsFactory.java:114)2017-08-08 21:05:45JDBC driver: Microsoft JDBC Driver 4.0 for SQL Server, version: 4.0.2206.100
 org.hibernate.cfg.SettingsFactory.buildSettings(SettingsFactory.java:115)2017-08-08 21:05:45Using dialect: org.hibernate.dialect.SQLServerDialect
 org.hibernate.dialect.Dialect.<init>(Dialect.java:175)2017-08-08 21:05:45Using default transaction strategy (direct JDBC transactions)
 org.hibernate.transaction.TransactionFactoryFactory.buildTransactionFactory(TransactionFactoryFactory.java:59)2017-08-08 21:05:45No TransactionManagerLookup configured (in JTA environment, use of read-write or transactional second-level cache is not recommended)
 org.hibernate.transaction.TransactionManagerLookupFactory.getTransactionManagerLookup(TransactionManagerLookupFactory.java:80)2017-08-08 21:05:45Automatic flush during beforeCompletion(): disabled
 org.hibernate.cfg.SettingsFactory.buildSettings(SettingsFactory.java:161)2017-08-08 21:05:45Automatic session close at end of transaction: disabled
 org.hibernate.cfg.SettingsFactory.buildSettings(SettingsFactory.java:165)2017-08-08 21:05:45Scrollable result sets: enabled
 org.hibernate.cfg.SettingsFactory.buildSettings(SettingsFactory.java:180)2017-08-08 21:05:45Wrap result sets: disabled
 org.hibernate.cfg.SettingsFactory.buildSettings(SettingsFactory.java:184)2017-08-08 21:05:45JDBC3 getGeneratedKeys(): enabled
 org.hibernate.cfg.SettingsFactory.buildSettings(SettingsFactory.java:188)2017-08-08 21:05:45Connection release mode: auto
 org.hibernate.cfg.SettingsFactory.buildSettings(SettingsFactory.java:196)2017-08-08 21:05:45Default batch fetch size: 1
 org.hibernate.cfg.SettingsFactory.buildSettings(SettingsFactory.java:223)2017-08-08 21:05:45Generate SQL with comments: disabled
 org.hibernate.cfg.SettingsFactory.buildSettings(SettingsFactory.java:227)2017-08-08 21:05:45Order SQL updates by primary key: disabled
 org.hibernate.cfg.SettingsFactory.buildSettings(SettingsFactory.java:231)2017-08-08 21:05:45Order SQL inserts for batching: disabled
 org.hibernate.cfg.SettingsFactory.buildSettings(SettingsFactory.java:235)2017-08-08 21:05:45Query translator: org.hibernate.hql.ast.ASTQueryTranslatorFactory
 org.hibernate.cfg.SettingsFactory.createQueryTranslatorFactory(SettingsFactory.java:397)2017-08-08 21:05:45Using ASTQueryTranslatorFactory
 org.hibernate.hql.ast.ASTQueryTranslatorFactory.<init>(ASTQueryTranslatorFactory.java:47)2017-08-08 21:05:45Query language substitutions: {}
 org.hibernate.cfg.SettingsFactory.buildSettings(SettingsFactory.java:243)2017-08-08 21:05:45JPA-QL strict compliance: disabled
 org.hibernate.cfg.SettingsFactory.buildSettings(SettingsFactory.java:248)2017-08-08 21:05:45Second-level cache: enabled
 org.hibernate.cfg.SettingsFactory.buildSettings(SettingsFactory.java:253)2017-08-08 21:05:45Query cache: disabled
 org.hibernate.cfg.SettingsFactory.buildSettings(SettingsFactory.java:257)2017-08-08 21:05:45Cache region factory : org.hibernate.cache.impl.NoCachingRegionFactory
 org.hibernate.cfg.SettingsFactory.createRegionFactory(SettingsFactory.java:382)2017-08-08 21:05:45Optimize cache for minimal puts: disabled
 org.hibernate.cfg.SettingsFactory.buildSettings(SettingsFactory.java:267)2017-08-08 21:05:45Structured second-level cache entries: disabled
 org.hibernate.cfg.SettingsFactory.buildSettings(SettingsFactory.java:276)2017-08-08 21:05:45Echoing all SQL to stdout
 org.hibernate.cfg.SettingsFactory.buildSettings(SettingsFactory.java:296)2017-08-08 21:05:45Statistics: disabled
 org.hibernate.cfg.SettingsFactory.buildSettings(SettingsFactory.java:305)2017-08-08 21:05:45Deleted entity synthetic identifier rollback: disabled
 org.hibernate.cfg.SettingsFactory.buildSettings(SettingsFactory.java:309)2017-08-08 21:05:45Default entity-mode: pojo
 org.hibernate.cfg.SettingsFactory.buildSettings(SettingsFactory.java:324)2017-08-08 21:05:45Named query checking : enabled
 org.hibernate.cfg.SettingsFactory.buildSettings(SettingsFactory.java:328)2017-08-08 21:05:45building session factory
 org.hibernate.impl.SessionFactoryImpl.<init>(SessionFactoryImpl.java:193)2017-08-08 21:05:45Session factory constructed with filter configurations : {}
 org.hibernate.impl.SessionFactoryImpl.<init>(SessionFactoryImpl.java:211)2017-08-08 21:05:45instantiating session factory with properties: {java.runtime.name=Java(TM) SE Runtime Environment, hibernate.connection.password=caijie, sun.boot.library.path=D:\myeclipse\Common\binary\com.sun.java.jdk.win32.x86_64_1.6.0.013\jre\bin, java.vm.version=11.3-b02, hibernate.connection.username=sa, java.vm.vendor=Sun Microsystems Inc., java.vendor.url=http://java.sun.com/, path.separator=;, java.vm.name=Java HotSpot(TM) 64-Bit Server VM, file.encoding.pkg=sun.io, user.country=CN, sun.java.launcher=SUN_STANDARD, sun.os.patch.level=Service Pack 1, java.vm.specification.name=Java Virtual Machine Specification, user.dir=F:\myeclipse10.7.1workspace\hibernate, java.runtime.version=1.6.0_13-b03, java.awt.graphicsenv=sun.awt.Win32GraphicsEnvironment, java.endorsed.dirs=D:\myeclipse\Common\binary\com.sun.java.jdk.win32.x86_64_1.6.0.013\jre\lib\endorsed, os.arch=amd64, java.io.tmpdir=C:\Windows\TEMP\, line.separator=
, java.vm.specification.vendor=Sun Microsystems Inc., user.variant=, os.name=Windows Vista, sun.jnu.encoding=GBK, java.library.path=D:\myeclipse\Common\binary\com.sun.java.jdk.win32.x86_64_1.6.0.013\bin;.;C:\Windows\Sun\Java\bin;C:\Windows\system32;C:\Windows;C:\ProgramData\Oracle\Java\javapath;C:\Windows\system32;C:\Windows;C:\Windows\System32\Wbem;C:\Windows\System32\WindowsPowerShell\v1.0\;F:\JDK\bin;F:\SQL2008\100\Tools\Binn\;F:\SQLservice\100\Tools\Binn\;F:\SQLservice\100\DTS\Binn\;F:\SQL2008\100\Tools\Binn\VSShell\Common7\IDE\;F:\SQL2008\100\DTS\Binn\;F:\mysql\mysql5.6.31\bin, java.specification.name=Java Platform API Specification, java.class.version=50.0, sun.management.compiler=HotSpot 64-Bit Server Compiler, os.version=6.1, user.home=C:\Users\Administrator, user.timezone=Asia/Shanghai, java.awt.printerjob=sun.awt.windows.WPrinterJob, file.encoding=UTF-8, java.specification.version=1.6, hibernate.format_sql=true, hibernate.connection.driver_class=com.microsoft.sqlserver.jdbc.SQLServerDriver, show_sql=true, java.class.path=F:\myeclipse10.7.1workspace\hibernate\WebRoot\WEB-INF\classes;F:\myeclipse10.7.1workspace\hibernate\WebRoot\WEB-INF\lib\antlr-2.7.6.jar;F:\myeclipse10.7.1workspace\hibernate\WebRoot\WEB-INF\lib\cglib-2.2.jar;F:\myeclipse10.7.1workspace\hibernate\WebRoot\WEB-INF\lib\commons-collections-3.1.jar;F:\myeclipse10.7.1workspace\hibernate\WebRoot\WEB-INF\lib\dom4j-1.6.1.jar;F:\myeclipse10.7.1workspace\hibernate\WebRoot\WEB-INF\lib\ehcache-1.2.3.jar;F:\myeclipse10.7.1workspace\hibernate\WebRoot\WEB-INF\lib\ejb3-persistence.jar;F:\myeclipse10.7.1workspace\hibernate\WebRoot\WEB-INF\lib\hibernate-annotations.jar;F:\myeclipse10.7.1workspace\hibernate\WebRoot\WEB-INF\lib\hibernate-commons-annotations.jar;F:\myeclipse10.7.1workspace\hibernate\WebRoot\WEB-INF\lib\hibernate-entitymanager.jar;F:\myeclipse10.7.1workspace\hibernate\WebRoot\WEB-INF\lib\hibernate-validator.jar;F:\myeclipse10.7.1workspace\hibernate\WebRoot\WEB-INF\lib\hibernate3.jar;F:\myeclipse10.7.1workspace\hibernate\WebRoot\WEB-INF\lib\javassist-3.9.0.GA.jar;F:\myeclipse10.7.1workspace\hibernate\WebRoot\WEB-INF\lib\jta-1.1.jar;F:\myeclipse10.7.1workspace\hibernate\WebRoot\WEB-INF\lib\log4j-1.2.14.jar;F:\myeclipse10.7.1workspace\hibernate\WebRoot\WEB-INF\lib\slf4j-api-1.5.8.jar;F:\myeclipse10.7.1workspace\hibernate\WebRoot\WEB-INF\lib\slf4j-log4j12-1.5.8.jar;F:\myeclipse10.7.1workspace\hibernate\WebRoot\WEB-INF\lib\sqljdbc4.jar;D:\myeclipse\Common\plugins\com.genuitec.eclipse.lib.hibernate41_10.5.0.me201207241813\data\4.1\lib\optional\ehcache\slf4j-api-1.6.1.jar;D:\myeclipse\Common\plugins\com.genuitec.eclipse.lib.hibernate41_10.5.0.me201207241813\data\4.1\lib\required\antlr-2.7.7.jar;D:\myeclipse\Common\plugins\com.genuitec.eclipse.lib.hibernate41_10.5.0.me201207241813\data\4.1\lib\required\dom4j-1.6.1.jar;D:\myeclipse\Common\plugins\com.genuitec.eclipse.lib.hibernate41_10.5.0.me201207241813\data\4.1\lib\required\hibernate-commons-annotations-4.0.1.Final.jar;D:\myeclipse\Common\plugins\com.genuitec.eclipse.lib.hibernate41_10.5.0.me201207241813\data\4.1\lib\required\hibernate-core-4.1.4.Final.jar;D:\myeclipse\Common\plugins\com.genuitec.eclipse.lib.hibernate41_10.5.0.me201207241813\data\4.1\lib\required\hibernate-jpa-2.0-api-1.0.1.Final.jar;D:\myeclipse\Common\plugins\com.genuitec.eclipse.lib.hibernate41_10.5.0.me201207241813\data\4.1\lib\required\javassist-3.15.0-GA.jar;D:\myeclipse\Common\plugins\com.genuitec.eclipse.lib.hibernate41_10.5.0.me201207241813\data\4.1\lib\required\jboss-logging-3.1.0.GA.jar;D:\myeclipse\Common\plugins\com.genuitec.eclipse.lib.hibernate41_10.5.0.me201207241813\data\4.1\lib\required\jboss-transaction-api_1.1_spec-1.0.0.Final.jar;D:\myeclipse\Common\plugins\com.genuitec.eclipse.lib.hibernate41_10.5.0.me201207241813\data\4.1\lib\jpa\hibernate-entitymanager-4.1.4.Final.jar;D:\myeclipse\Common\plugins\org.junit_4.8.2.v4_8_2_v20110321-1705\junit.jar;D:\myeclipse\Common\plugins\org.hamcrest.core_1.1.0.v20090501071000.jar;/D:/myeclipse/MyEclipse 10/configuration/org.eclipse.osgi/bundles/704/1/.cp/;/D:/myeclipse/MyEclipse 10/configuration/org.eclipse.osgi/bundles/702/1/.cp/;/D:/myeclipse/MyEclipse 10/configuration/org.eclipse.osgi/bundles/703/1/.cp/, user.name=Administrator, hibernate.bytecode.use_reflection_optimizer=false, format_sql=true, hibernate.show_sql=true, java.vm.specification.version=1.0, sun.arch.data.model=64, java.home=D:\myeclipse\Common\binary\com.sun.java.jdk.win32.x86_64_1.6.0.013\jre, hibernate.dialect=org.hibernate.dialect.SQLServerDialect, hibernate.connection.url=jdbc:sqlserver://localhost:1433;databaseName=userInfo, java.specification.vendor=Sun Microsystems Inc., user.language=zh, awt.toolkit=sun.awt.windows.WToolkit, java.vm.info=mixed mode, java.version=1.6.0_13, java.ext.dirs=D:\myeclipse\Common\binary\com.sun.java.jdk.win32.x86_64_1.6.0.013\jre\lib\ext;C:\Windows\Sun\Java\lib\ext, sun.boot.class.path=D:\myeclipse\Common\binary\com.sun.java.jdk.win32.x86_64_1.6.0.013\jre\lib\resources.jar;D:\myeclipse\Common\binary\com.sun.java.jdk.win32.x86_64_1.6.0.013\jre\lib\rt.jar;D:\myeclipse\Common\binary\com.sun.java.jdk.win32.x86_64_1.6.0.013\jre\lib\sunrsasign.jar;D:\myeclipse\Common\binary\com.sun.java.jdk.win32.x86_64_1.6.0.013\jre\lib\jsse.jar;D:\myeclipse\Common\binary\com.sun.java.jdk.win32.x86_64_1.6.0.013\jre\lib\jce.jar;D:\myeclipse\Common\binary\com.sun.java.jdk.win32.x86_64_1.6.0.013\jre\lib\charsets.jar;D:\myeclipse\Common\binary\com.sun.java.jdk.win32.x86_64_1.6.0.013\jre\classes;D:\myeclipse\Common\plugins\com.genuitec.eclipse.j2eedt.core_10.5.0.me201207171805\data\libraryset\EE_5\javaee.jar;D:\myeclipse\Common\plugins\com.genuitec.eclipse.j2eedt.core_10.5.0.me201207171805\data\libraryset\EE_5\jsf-impl.jar;D:\myeclipse\Common\plugins\com.genuitec.eclipse.j2eedt.core_10.5.0.me201207171805\data\libraryset\EE_5\jsf-api.jar;D:\myeclipse\Common\plugins\com.genuitec.eclipse.j2eedt.core_10.5.0.me201207171805\data\libraryset\EE_5\jstl-1.2.jar, java.vendor=Sun Microsystems Inc., file.separator=\, java.vendor.url.bug=http://java.sun.com/cgi-bin/bugreport.cgi, sun.cpu.endian=little, sun.io.unicode.encoding=UnicodeLittle, sun.desktop=windows, sun.cpu.isalist=amd64}
 org.hibernate.impl.SessionFactoryImpl.<init>(SessionFactoryImpl.java:215)2017-08-08 21:05:46Static SQL for entity: com.xtkj.pojo.User
 org.hibernate.persister.entity.AbstractEntityPersister.logStaticSQL(AbstractEntityPersister.java:2756)2017-08-08 21:05:46 Version select: select TId from user1 where TId =?
 org.hibernate.persister.entity.AbstractEntityPersister.logStaticSQL(AbstractEntityPersister.java:2761)2017-08-08 21:05:46 Snapshot select: select user_.TId, user_.account as account0_, user_.pwd as pwd0_ from user1 user_ where user_.TId=?
 org.hibernate.persister.entity.AbstractEntityPersister.logStaticSQL(AbstractEntityPersister.java:2764)2017-08-08 21:05:46 Insert 0: insert into user1 (account, pwd, TId) values (?, ?, ?)
 org.hibernate.persister.entity.AbstractEntityPersister.logStaticSQL(AbstractEntityPersister.java:2767)2017-08-08 21:05:46 Update 0: update user1 set account=?, pwd=? where TId=?
 org.hibernate.persister.entity.AbstractEntityPersister.logStaticSQL(AbstractEntityPersister.java:2768)2017-08-08 21:05:46 Delete 0: delete from user1 where TId=?
 org.hibernate.persister.entity.AbstractEntityPersister.logStaticSQL(AbstractEntityPersister.java:2769)2017-08-08 21:05:46 Identity insert: insert into user1 (account, pwd) values (?, ?)
 org.hibernate.persister.entity.AbstractEntityPersister.logStaticSQL(AbstractEntityPersister.java:2773)2017-08-08 21:05:46Static select for entity com.xtkj.pojo.User: select user0_.TId as TId0_0_, user0_.account as account0_0_, user0_.pwd as pwd0_0_ from user1 user0_ where user0_.TId=?
 org.hibernate.loader.entity.EntityLoader.<init>(EntityLoader.java:102)2017-08-08 21:05:46Static select for entity com.xtkj.pojo.User: select user0_.TId as TId0_0_, user0_.account as account0_0_, user0_.pwd as pwd0_0_ from user1 user0_ where user0_.TId=?
 org.hibernate.loader.entity.EntityLoader.<init>(EntityLoader.java:102)2017-08-08 21:05:46Static select for entity com.xtkj.pojo.User: select user0_.TId as TId0_0_, user0_.account as account0_0_, user0_.pwd as pwd0_0_ from user1 user0_ with (updlock, rowlock) where user0_.TId=?
 org.hibernate.loader.entity.EntityLoader.<init>(EntityLoader.java:102)2017-08-08 21:05:46Static select for entity com.xtkj.pojo.User: select user0_.TId as TId0_0_, user0_.account as account0_0_, user0_.pwd as pwd0_0_ from user1 user0_ with (updlock, rowlock) where user0_.TId=?
 org.hibernate.loader.entity.EntityLoader.<init>(EntityLoader.java:102)2017-08-08 21:05:46Static select for entity com.xtkj.pojo.User: select user0_.TId as TId0_0_, user0_.account as account0_0_, user0_.pwd as pwd0_0_ from user1 user0_ with (updlock, rowlock) where user0_.TId=?
 org.hibernate.loader.entity.EntityLoader.<init>(EntityLoader.java:102)2017-08-08 21:05:46Static select for action ACTION_MERGE on entity com.xtkj.pojo.User: select user0_.TId as TId0_0_, user0_.account as account0_0_, user0_.pwd as pwd0_0_ from user1 user0_ where user0_.TId=?
 org.hibernate.loader.entity.CascadeEntityLoader.<init>(CascadeEntityLoader.java:57)2017-08-08 21:05:46Static select for action ACTION_REFRESH on entity com.xtkj.pojo.User: select user0_.TId as TId0_0_, user0_.account as account0_0_, user0_.pwd as pwd0_0_ from user1 user0_ where user0_.TId=?
 org.hibernate.loader.entity.CascadeEntityLoader.<init>(CascadeEntityLoader.java:57)2017-08-08 21:05:46initializing class SessionFactoryObjectFactory
 org.hibernate.impl.SessionFactoryObjectFactory.<clinit>(SessionFactoryObjectFactory.java:62)2017-08-08 21:05:46registered: 402882145dc1f37b015dc1f37c580000 (unnamed)
 org.hibernate.impl.SessionFactoryObjectFactory.addInstance(SessionFactoryObjectFactory.java:99)2017-08-08 21:05:46Not binding factory to JNDI, no JNDI name configured
 org.hibernate.impl.SessionFactoryObjectFactory.addInstance(SessionFactoryObjectFactory.java:105)2017-08-08 21:05:46instantiated session factory
 org.hibernate.impl.SessionFactoryImpl.<init>(SessionFactoryImpl.java:350)2017-08-08 21:05:46Checking 0 named HQL queries
 org.hibernate.impl.SessionFactoryImpl.checkNamedQueries(SessionFactoryImpl.java:474)2017-08-08 21:05:46Checking 0 named SQL queries
 org.hibernate.impl.SessionFactoryImpl.checkNamedQueries(SessionFactoryImpl.java:494)2017-08-08 21:05:46opened session at timestamp: 15021975460
 org.hibernate.impl.SessionImpl.<init>(SessionImpl.java:248)2017-08-08 21:05:46begin
 org.hibernate.transaction.JDBCTransaction.begin(JDBCTransaction.java:82)2017-08-08 21:05:46opening JDBC connection
 org.hibernate.jdbc.ConnectionManager.openConnection(ConnectionManager.java:444)2017-08-08 21:05:46current autocommit status: false
 org.hibernate.transaction.JDBCTransaction.begin(JDBCTransaction.java:87)2017-08-08 21:05:46executing identity-insert immediately
 org.hibernate.event.def.AbstractSaveEventListener.performSaveOrReplicate(AbstractSaveEventListener.java:320)2017-08-08 21:05:46about to open PreparedStatement (open PreparedStatements: 0, globally: 0)
 org.hibernate.jdbc.AbstractBatcher.logOpenPreparedStatement(AbstractBatcher.java:410)2017-08-08 21:05:46
    insert 
    into
        user1
        (account, pwd) 
    values
        (?, ?)
 org.hibernate.jdbc.util.SQLStatementLogger.logStatement(SQLStatementLogger.java:111)2017-08-08 21:05:46Natively generated identity: 8
 org.hibernate.id.IdentifierGeneratorFactory.getGeneratedIdentity(IdentifierGeneratorFactory.java:95)2017-08-08 21:05:46about to close PreparedStatement (open PreparedStatements: 1, globally: 1)
 org.hibernate.jdbc.AbstractBatcher.logClosePreparedStatement(AbstractBatcher.java:418)2017-08-08 21:05:46commit
 org.hibernate.transaction.JDBCTransaction.commit(JDBCTransaction.java:134)2017-08-08 21:05:46processing flush-time cascades
 org.hibernate.event.def.AbstractFlushingEventListener.prepareEntityFlushes(AbstractFlushingEventListener.java:134)2017-08-08 21:05:46dirty checking collections
 org.hibernate.event.def.AbstractFlushingEventListener.prepareCollectionFlushes(AbstractFlushingEventListener.java:177)2017-08-08 21:05:46Flushed: 0 insertions, 0 updates, 0 deletions to 1 objects
 org.hibernate.event.def.AbstractFlushingEventListener.flushEverythingToExecutions(AbstractFlushingEventListener.java:108)2017-08-08 21:05:46Flushed: 0 (re)creations, 0 updates, 0 removals to 0 collections
 org.hibernate.event.def.AbstractFlushingEventListener.flushEverythingToExecutions(AbstractFlushingEventListener.java:114)2017-08-08 21:05:46listing entities:
 org.hibernate.pretty.Printer.toString(Printer.java:106)2017-08-08 21:05:46com.xtkj.pojo.User{pwd=8888, account=demo, TId=8}
 org.hibernate.pretty.Printer.toString(Printer.java:113)2017-08-08 21:05:46committed JDBC Connection
 org.hibernate.transaction.JDBCTransaction.commit(JDBCTransaction.java:147)2017-08-08 21:05:46aggressively releasing JDBC connection
 org.hibernate.jdbc.ConnectionManager.aggressiveRelease(ConnectionManager.java:427)2017-08-08 21:05:46releasing JDBC connection [ (open PreparedStatements: 0, globally: 0) (open ResultSets: 0, globally: 0)]
 org.hibernate.jdbc.ConnectionManager.closeConnection(ConnectionManager.java:464)2017-08-08 22:14:18Hibernate 3.3.2.GA
 org.hibernate.cfg.Environment.<clinit>(Environment.java:560)2017-08-08 22:14:18hibernate.properties not found
 org.hibernate.cfg.Environment.<clinit>(Environment.java:593)2017-08-08 22:14:18Bytecode provider name : javassist
 org.hibernate.cfg.Environment.buildBytecodeProvider(Environment.java:771)2017-08-08 22:14:18using JDK 1.4 java.sql.Timestamp handling
 org.hibernate.cfg.Environment.<clinit>(Environment.java:652)2017-08-08 22:14:18configuring from resource: /hibernate.cfg.xml
 org.hibernate.cfg.Configuration.configure(Configuration.java:1474)2017-08-08 22:14:18Configuration resource: /hibernate.cfg.xml
 org.hibernate.cfg.Configuration.getConfigurationInputStream(Configuration.java:1451)2017-08-08 22:14:18trying to resolve system-id [http://www.hibernate.org/dtd/hibernate-configuration-3.0.dtd]
 org.hibernate.util.DTDEntityResolver.resolveEntity(DTDEntityResolver.java:64)2017-08-08 22:14:20dialect=org.hibernate.dialect.SQLServerDialect
 org.hibernate.cfg.Configuration.addProperties(Configuration.java:1435)2017-08-08 22:14:20connection.url=jdbc:sqlserver://localhost:1433;databaseName=userInfo
 org.hibernate.cfg.Configuration.addProperties(Configuration.java:1435)2017-08-08 22:14:20connection.username=sa
 org.hibernate.cfg.Configuration.addProperties(Configuration.java:1435)2017-08-08 22:14:20connection.password=caijie
 org.hibernate.cfg.Configuration.addProperties(Configuration.java:1435)2017-08-08 22:14:20connection.driver_class=com.microsoft.sqlserver.jdbc.SQLServerDriver
 org.hibernate.cfg.Configuration.addProperties(Configuration.java:1435)2017-08-08 22:14:20myeclipse.connection.profile=SQLServer1
 org.hibernate.cfg.Configuration.addProperties(Configuration.java:1435)2017-08-08 22:14:20null<-org.dom4j.tree.DefaultAttribute@5ff3ce5c [Attribute: name resource value "com/xtkj/pojo2/Student.hbm.xml"]
 org.hibernate.cfg.Configuration.parseMappingElement(Configuration.java:1634)2017-08-08 22:14:20Reading mappings from resource : com/xtkj/pojo2/Student.hbm.xml
 org.hibernate.cfg.Configuration.addResource(Configuration.java:600)2017-08-08 22:14:20trying to resolve system-id [http://www.hibernate.org/dtd/hibernate-mapping-3.0.dtd%20]
 org.hibernate.util.DTDEntityResolver.resolveEntity(DTDEntityResolver.java:64)2017-08-08 22:14:22configuring from resource: /hibernate.cfg.xml
 org.hibernate.cfg.Configuration.configure(Configuration.java:1474)2017-08-08 22:14:22Configuration resource: /hibernate.cfg.xml
 org.hibernate.cfg.Configuration.getConfigurationInputStream(Configuration.java:1451)2017-08-08 22:14:22trying to resolve system-id [http://www.hibernate.org/dtd/hibernate-configuration-3.0.dtd]
 org.hibernate.util.DTDEntityResolver.resolveEntity(DTDEntityResolver.java:64)2017-08-08 22:14:23dialect=org.hibernate.dialect.SQLServerDialect
 org.hibernate.cfg.Configuration.addProperties(Configuration.java:1435)2017-08-08 22:14:23connection.url=jdbc:sqlserver://localhost:1433;databaseName=userInfo
 org.hibernate.cfg.Configuration.addProperties(Configuration.java:1435)2017-08-08 22:14:23connection.username=sa
 org.hibernate.cfg.Configuration.addProperties(Configuration.java:1435)2017-08-08 22:14:23connection.password=caijie
 org.hibernate.cfg.Configuration.addProperties(Configuration.java:1435)2017-08-08 22:14:23connection.driver_class=com.microsoft.sqlserver.jdbc.SQLServerDriver
 org.hibernate.cfg.Configuration.addProperties(Configuration.java:1435)2017-08-08 22:14:23myeclipse.connection.profile=SQLServer1
 org.hibernate.cfg.Configuration.addProperties(Configuration.java:1435)2017-08-08 22:14:23null<-org.dom4j.tree.DefaultAttribute@f5e0873 [Attribute: name resource value "com/xtkj/pojo2/Student.hbm.xml"]
 org.hibernate.cfg.Configuration.parseMappingElement(Configuration.java:1634)2017-08-08 22:14:23Reading mappings from resource : com/xtkj/pojo2/Student.hbm.xml
 org.hibernate.cfg.Configuration.addResource(Configuration.java:600)2017-08-08 22:14:23trying to resolve system-id [http://www.hibernate.org/dtd/hibernate-mapping-3.0.dtd%20]
 org.hibernate.util.DTDEntityResolver.resolveEntity(DTDEntityResolver.java:64)